Archive member included to satisfy reference by file (symbol)

C:/ST/STM32CubeIDE_1.9.0/STM32CubeIDE/plugins/com.st.stm32cube.ide.mcu.externaltools.gnu-tools-for-stm32.12.3.rel1.win32_1.0.200.202406191623/tools/bin/../lib/gcc/arm-none-eabi/12.3.1/../../../../arm-none-eabi/lib/thumb/v6-m/nofp\libc_nano.a(libc_a-atoi.o)
                              ./Core/Src/settings.o (atoi)
C:/ST/STM32CubeIDE_1.9.0/STM32CubeIDE/plugins/com.st.stm32cube.ide.mcu.externaltools.gnu-tools-for-stm32.12.3.rel1.win32_1.0.200.202406191623/tools/bin/../lib/gcc/arm-none-eabi/12.3.1/../../../../arm-none-eabi/lib/thumb/v6-m/nofp\libc_nano.a(libc_a-exit.o)
                              C:/ST/STM32CubeIDE_1.9.0/STM32CubeIDE/plugins/com.st.stm32cube.ide.mcu.externaltools.gnu-tools-for-stm32.12.3.rel1.win32_1.0.200.202406191623/tools/bin/../lib/gcc/arm-none-eabi/12.3.1/../../../../arm-none-eabi/lib/thumb/v6-m/nofp/crt0.o (exit)
C:/ST/STM32CubeIDE_1.9.0/STM32CubeIDE/plugins/com.st.stm32cube.ide.mcu.externaltools.gnu-tools-for-stm32.12.3.rel1.win32_1.0.200.202406191623/tools/bin/../lib/gcc/arm-none-eabi/12.3.1/../../../../arm-none-eabi/lib/thumb/v6-m/nofp\libc_nano.a(libc_a-strtol.o)
                              C:/ST/STM32CubeIDE_1.9.0/STM32CubeIDE/plugins/com.st.stm32cube.ide.mcu.externaltools.gnu-tools-for-stm32.12.3.rel1.win32_1.0.200.202406191623/tools/bin/../lib/gcc/arm-none-eabi/12.3.1/../../../../arm-none-eabi/lib/thumb/v6-m/nofp\libc_nano.a(libc_a-atoi.o) (_strtol_r)
C:/ST/STM32CubeIDE_1.9.0/STM32CubeIDE/plugins/com.st.stm32cube.ide.mcu.externaltools.gnu-tools-for-stm32.12.3.rel1.win32_1.0.200.202406191623/tools/bin/../lib/gcc/arm-none-eabi/12.3.1/../../../../arm-none-eabi/lib/thumb/v6-m/nofp\libc_nano.a(libc_a-ctype_.o)
                              C:/ST/STM32CubeIDE_1.9.0/STM32CubeIDE/plugins/com.st.stm32cube.ide.mcu.externaltools.gnu-tools-for-stm32.12.3.rel1.win32_1.0.200.202406191623/tools/bin/../lib/gcc/arm-none-eabi/12.3.1/../../../../arm-none-eabi/lib/thumb/v6-m/nofp\libc_nano.a(libc_a-strtol.o) (_ctype_)
C:/ST/STM32CubeIDE_1.9.0/STM32CubeIDE/plugins/com.st.stm32cube.ide.mcu.externaltools.gnu-tools-for-stm32.12.3.rel1.win32_1.0.200.202406191623/tools/bin/../lib/gcc/arm-none-eabi/12.3.1/../../../../arm-none-eabi/lib/thumb/v6-m/nofp\libc_nano.a(libc_a-findfp.o)
                              C:/ST/STM32CubeIDE_1.9.0/STM32CubeIDE/plugins/com.st.stm32cube.ide.mcu.externaltools.gnu-tools-for-stm32.12.3.rel1.win32_1.0.200.202406191623/tools/bin/../lib/gcc/arm-none-eabi/12.3.1/../../../../arm-none-eabi/lib/thumb/v6-m/nofp\libc_nano.a(libc_a-exit.o) (__stdio_exit_handler)
C:/ST/STM32CubeIDE_1.9.0/STM32CubeIDE/plugins/com.st.stm32cube.ide.mcu.externaltools.gnu-tools-for-stm32.12.3.rel1.win32_1.0.200.202406191623/tools/bin/../lib/gcc/arm-none-eabi/12.3.1/../../../../arm-none-eabi/lib/thumb/v6-m/nofp\libc_nano.a(libc_a-fwalk.o)
                              C:/ST/STM32CubeIDE_1.9.0/STM32CubeIDE/plugins/com.st.stm32cube.ide.mcu.externaltools.gnu-tools-for-stm32.12.3.rel1.win32_1.0.200.202406191623/tools/bin/../lib/gcc/arm-none-eabi/12.3.1/../../../../arm-none-eabi/lib/thumb/v6-m/nofp\libc_nano.a(libc_a-findfp.o) (_fwalk_sglue)
C:/ST/STM32CubeIDE_1.9.0/STM32CubeIDE/plugins/com.st.stm32cube.ide.mcu.externaltools.gnu-tools-for-stm32.12.3.rel1.win32_1.0.200.202406191623/tools/bin/../lib/gcc/arm-none-eabi/12.3.1/../../../../arm-none-eabi/lib/thumb/v6-m/nofp\libc_nano.a(libc_a-sprintf.o)
                              ./Core/Src/settings.o (sprintf)
C:/ST/STM32CubeIDE_1.9.0/STM32CubeIDE/plugins/com.st.stm32cube.ide.mcu.externaltools.gnu-tools-for-stm32.12.3.rel1.win32_1.0.200.202406191623/tools/bin/../lib/gcc/arm-none-eabi/12.3.1/../../../../arm-none-eabi/lib/thumb/v6-m/nofp\libc_nano.a(libc_a-stdio.o)
                              C:/ST/STM32CubeIDE_1.9.0/STM32CubeIDE/plugins/com.st.stm32cube.ide.mcu.externaltools.gnu-tools-for-stm32.12.3.rel1.win32_1.0.200.202406191623/tools/bin/../lib/gcc/arm-none-eabi/12.3.1/../../../../arm-none-eabi/lib/thumb/v6-m/nofp\libc_nano.a(libc_a-findfp.o) (__sread)
C:/ST/STM32CubeIDE_1.9.0/STM32CubeIDE/plugins/com.st.stm32cube.ide.mcu.externaltools.gnu-tools-for-stm32.12.3.rel1.win32_1.0.200.202406191623/tools/bin/../lib/gcc/arm-none-eabi/12.3.1/../../../../arm-none-eabi/lib/thumb/v6-m/nofp\libc_nano.a(libc_a-memset.o)
                              C:/ST/STM32CubeIDE_1.9.0/STM32CubeIDE/plugins/com.st.stm32cube.ide.mcu.externaltools.gnu-tools-for-stm32.12.3.rel1.win32_1.0.200.202406191623/tools/bin/../lib/gcc/arm-none-eabi/12.3.1/../../../../arm-none-eabi/lib/thumb/v6-m/nofp/crt0.o (memset)
C:/ST/STM32CubeIDE_1.9.0/STM32CubeIDE/plugins/com.st.stm32cube.ide.mcu.externaltools.gnu-tools-for-stm32.12.3.rel1.win32_1.0.200.202406191623/tools/bin/../lib/gcc/arm-none-eabi/12.3.1/../../../../arm-none-eabi/lib/thumb/v6-m/nofp\libc_nano.a(libc_a-strtok.o)
                              ./Core/Src/settings.o (strtok)
[...]
Memory Configuration

Name             Origin             Length             Attributes
RAM              0x20000000         0x00004000         xrw
FLASH            0x08000000         0x00020000         xr
*default*        0x00000000         0xffffffff

Linker script and memory map

LOAD C:/ST/STM32CubeIDE_1.9.0/STM32CubeIDE/plugins/com.st.stm32cube.ide.mcu.externaltools.gnu-tools-for-stm32.12.3.rel1.win32_1.0.200.202406191623/tools/bin/../lib/gcc/arm-none-eabi/12.3.1/thumb/v6-m/nofp/crti.o
LOAD C:/ST/STM32CubeIDE_1.9.0/STM32CubeIDE/plugins/com.st.stm32cube.ide.mcu.externaltools.gnu-tools-for-stm32.12.3.rel1.win32_1.0.200.202406191623/tools/bin/../lib/gcc/arm-none-eabi/12.3.1/thumb/v6-m/nofp/crtbegin.o
LOAD C:/ST/STM32CubeIDE_1.9.0/STM32CubeIDE/plugins/com.st.stm32cube.ide.mcu.externaltools.gnu-tools-for-stm32.12.3.rel1.win32_1.0.200.202406191623/tools/bin/../lib/gcc/arm-none-eabi/12.3.1/../../../../arm-none-eabi/lib/thumb/v6-m/nofp/crt0.o
LOAD ./Core/Src/battery.o
LOAD ./Core/Src/main.o
LOAD ./Core/Src/motor.o
LOAD ./Core/Src/reciever.o
LOAD ./Core/Src/servo.o
LOAD ./Core/Src/settings.o
LOAD ./Core/Src/stm32f0xx_hal_msp.o
LOAD ./Core/Src/stm32f0xx_it.o
LOAD ./Core/Src/syscalls.o
LOAD ./Core/Src/sysmem.o
LOAD ./Core/Src/system_stm32f0xx.o
LOAD ./Core/Startup/startup_stm32f070cbtx.o
LOAD ./Drivers/STM32F0xx_HAL_Driver/Src/stm32f0xx_hal.o
LOAD ./Drivers/STM32F0xx_HAL_Driver/Src/stm32f0xx_hal_adc.o
LOAD ./Drivers/STM32F0xx_HAL_Driver/Src/stm32f0xx_hal_adc_ex.o
LOAD ./Drivers/STM32F0xx_HAL_Driver/Src/stm32f0xx_hal_cortex.o
LOAD ./Drivers/STM32F0xx_HAL_Driver/Src/stm32f0xx_hal_dma.o
LOAD ./Drivers/STM32F0xx_HAL_Driver/Src/stm32f0xx_hal_exti.o
LOAD ./Drivers/STM32F0xx_HAL_Driver/Src/stm32f0xx_hal_flash.o
LOAD ./Drivers/STM32F0xx_HAL_Driver/Src/stm32f0xx_hal_flash_ex.o
LOAD ./Drivers/STM32F0xx_HAL_Driver/Src/stm32f0xx_hal_gpio.o
LOAD ./Drivers/STM32F0xx_HAL_Driver/Src/stm32f0xx_hal_i2c.o
LOAD ./Drivers/STM32F0xx_HAL_Driver/Src/stm32f0xx_hal_i2c_ex.o
LOAD ./Drivers/STM32F0xx_HAL_Driver/Src/stm32f0xx_hal_pcd.o
LOAD ./Drivers/STM32F0xx_HAL_Driver/Src/stm32f0xx_hal_pcd_ex.o
LOAD ./Drivers/STM32F0xx_HAL_Driver/Src/stm32f0xx_hal_pwr.o
LOAD ./Drivers/STM32F0xx_HAL_Driver/Src/stm32f0xx_hal_pwr_ex.o
LOAD ./Drivers/STM32F0xx_HAL_Driver/Src/stm32f0xx_hal_rcc.o
LOAD ./Drivers/STM32F0xx_HAL_Driver/Src/stm32f0xx_hal_rcc_ex.o
LOAD ./Drivers/STM32F0xx_HAL_Driver/Src/stm32f0xx_hal_tim.o
LOAD ./Drivers/STM32F0xx_HAL_Driver/Src/stm32f0xx_hal_tim_ex.o
LOAD ./Drivers/STM32F0xx_HAL_Driver/Src/stm32f0xx_ll_usb.o
LOAD ./Middlewares/ST/STM32_USB_Device_Library/Class/CDC/Src/usbd_cdc.o
LOAD ./Middlewares/ST/STM32_USB_Device_Library/Core/Src/usbd_core.o
LOAD ./Middlewares/ST/STM32_USB_Device_Library/Core/Src/usbd_ctlreq.o
LOAD ./Middlewares/ST/STM32_USB_Device_Library/Core/Src/usbd_ioreq.o
LOAD ./USB_DEVICE/App/usb_device.o
LOAD ./USB_DEVICE/App/usbd_cdc_if.o
LOAD ./USB_DEVICE/App/usbd_desc.o
LOAD ./USB_DEVICE/Target/usbd_conf.o
START GROUP
LOAD C:/ST/STM32CubeIDE_1.9.0/STM32CubeIDE/plugins/com.st.stm32cube.ide.mcu.externaltools.gnu-tools-for-stm32.12.3.rel1.win32_1.0.200.202406191623/tools/bin/../lib/gcc/arm-none-eabi/12.3.1/../../../../arm-none-eabi/lib/thumb/v6-m/nofp\libc_nano.a
LOAD C:/ST/STM32CubeIDE_1.9.0/STM32CubeIDE/plugins/com.st.stm32cube.ide.mcu.externaltools.gnu-tools-for-stm32.12.3.rel1.win32_1.0.200.202406191623/tools/bin/../lib/gcc/arm-none-eabi/12.3.1/../../../../arm-none-eabi/lib/thumb/v6-m/nofp\libm.a
END GROUP
START GROUP
LOAD C:/ST/STM32CubeIDE_1.9.0/STM32CubeIDE/plugins/com.st.stm32cube.ide.mcu.externaltools.gnu-tools-for-stm32.12.3.rel1.win32_1.0.200.202406191623/tools/bin/../lib/gcc/arm-none-eabi/12.3.1/thumb/v6-m/nofp\libgcc.a
LOAD C:/ST/STM32CubeIDE_1.9.0/STM32CubeIDE/plugins/com.st.stm32cube.ide.mcu.externaltools.gnu-tools-for-stm32.12.3.rel1.win32_1.0.200.202406191623/tools/bin/../lib/gcc/arm-none-eabi/12.3.1/../../../../arm-none-eabi/lib/thumb/v6-m/nofp\libc_nano.a
END GROUP
START GROUP
LOAD C:/ST/STM32CubeIDE_1.9.0/STM32CubeIDE/plugins/com.st.stm32cube.ide.mcu.externaltools.gnu-tools-for-stm32.12.3.rel1.win32_1.0.200.202406191623/tools/bin/../lib/gcc/arm-none-eabi/12.3.1/thumb/v6-m/nofp\libgcc.a
LOAD C:/ST/STM32CubeIDE_1.9.0/STM32CubeIDE/plugins/com.st.stm32cube.ide.mcu.externaltools.gnu-tools-for-stm32.12.3.rel1.win32_1.0.200.202406191623/tools/bin/../lib/gcc/arm-none-eabi/12.3.1/../../../../arm-none-eabi/lib/thumb/v6-m/nofp\libc_nano.a
LOAD C:/ST/STM32CubeIDE_1.9.0/STM32CubeIDE/plugins/com.st.stm32cube.ide.mcu.externaltools.gnu-tools-for-stm32.12.3.rel1.win32_1.0.200.202406191623/tools/bin/../lib/gcc/arm-none-eabi/12.3.1/../../../../arm-none-eabi/lib/thumb/v6-m/nofp\libnosys.a
END GROUP
START GROUP
LOAD C:/ST/STM32CubeIDE_1.9.0/STM32CubeIDE/plugins/com.st.stm32cube.ide.mcu.externaltools.gnu-tools-for-stm32.12.3.rel1.win32_1.0.200.202406191623/tools/bin/../lib/gcc/arm-none-eabi/12.3.1/thumb/v6-m/nofp\libgcc.a
LOAD C:/ST/STM32CubeIDE_1.9.0/STM32CubeIDE/plugins/com.st.stm32cube.ide.mcu.externaltools.gnu-tools-for-stm32.12.3.rel1.win32_1.0.200.202406191623/tools/bin/../lib/gcc/arm-none-eabi/12.3.1/../../../../arm-none-eabi/lib/thumb/v6-m/nofp\libc_nano.a
LOAD C:/ST/STM32CubeIDE_1.9.0/STM32CubeIDE/plugins/com.st.stm32cube.ide.mcu.externaltools.gnu-tools-for-stm32.12.3.rel1.win32_1.0.200.202406191623/tools/bin/../lib/gcc/arm-none-eabi/12.3.1/../../../../arm-none-eabi/lib/thumb/v6-m/nofp\libnosys.a
END GROUP
LOAD C:/ST/STM32CubeIDE_1.9.0/STM32CubeIDE/plugins/com.st.stm32cube.ide.mcu.externaltools.gnu-tools-for-stm32.12.3.rel1.win32_1.0.200.202406191623/tools/bin/../lib/gcc/arm-none-eabi/12.3.1/thumb/v6-m/nofp/crtend.o
LOAD C:/ST/STM32CubeIDE_1.9.0/STM32CubeIDE/plugins/com.st.stm32cube.ide.mcu.externaltools.gnu-tools-for-stm32.12.3.rel1.win32_1.0.200.202406191623/tools/bin/../lib/gcc/arm-none-eabi/12.3.1/thumb/v6-m/nofp/crtn.o
                0x20004000                        _estack = (ORIGIN (RAM) + LENGTH (RAM))
                0x00000200                        _Min_Heap_Size = 0x200
                0x00000400                        _Min_Stack_Size = 0x400

.isr_vector     0x08000000       0xc0
                0x08000000                        . = ALIGN (0x4)
 *(.isr_vector)
 .isr_vector    0x08000000       0xc0 ./Core/Startup/startup_stm32f070cbtx.o
                0x08000000                g_pfnVectors
                0x080000c0                        . = ALIGN (0x4)

.text           0x080000c0     0x8a7c
                0x080000c0                        . = ALIGN (0x4)
 *(.text)
 .text          0x080000c0       0x48 C:/ST/STM32CubeIDE_1.9.0/STM32CubeIDE/plugins/com.st.stm32cube.ide.mcu.externaltools.gnu-tools-for-stm32.12.3.rel1.win32_1.0.200.202406191623/tools/bin/../lib/gcc/arm-none-eabi/12.3.1/thumb/v6-m/nofp/crtbegin.o
 .text          0x08000108        0xe C:/ST/STM32CubeIDE_1.9.0/STM32CubeIDE/plugins/com.st.stm32cube.ide.mcu.externaltools.gnu-tools-for-stm32.12.3.rel1.win32_1.0.200.202406191623/tools/bin/../lib/gcc/arm-none-eabi/12.3.1/../../../../arm-none-eabi/lib/thumb/v6-m/nofp\libc_nano.a(libc_a-strlen.o)
                0x08000108                strlen
 *fill*         0x08000116        0x2 
 .text          0x08000118       0x14 C:/ST/STM32CubeIDE_1.9.0/STM32CubeIDE/plugins/com.st.stm32cube.ide.mcu.externaltools.gnu-tools-for-stm32.12.3.rel1.win32_1.0.200.202406191623/tools/bin/../lib/gcc/arm-none-eabi/12.3.1/thumb/v6-m/nofp\libgcc.a(_thumb1_case_shi.o)
                0x08000118                __gnu_thumb1_case_shi
 .text          0x0800012c      0x114 C:/ST/STM32CubeIDE_1.9.0/STM32CubeIDE/plugins/com.st.stm32cube.ide.mcu.externaltools.gnu-tools-for-stm32.12.3.rel1.win32_1.0.200.202406191623/tools/bin/../lib/gcc/arm-none-eabi/12.3.1/thumb/v6-m/nofp\libgcc.a(_udivsi3.o)
                0x0800012c                __aeabi_uidiv
                0x0800012c                __udivsi3
                0x08000238                __aeabi_uidivmod
 .text          0x08000240      0x1d4 C:/ST/STM32CubeIDE_1.9.0/STM32CubeIDE/plugins/com.st.stm32cube.ide.mcu.externaltools.gnu-tools-for-stm32.12.3.rel1.win32_1.0.200.202406191623/tools/bin/../lib/gcc/arm-none-eabi/12.3.1/thumb/v6-m/nofp\libgcc.a(_divsi3.o)
                0x08000240                __divsi3
                0x08000240                __aeabi_idiv
                0x0800040c                __aeabi_idivmod
 .text          0x08000414        0x4 C:/ST/STM32CubeIDE_1.9.0/STM32CubeIDE/plugins/com.st.stm32cube.ide.mcu.externaltools.gnu-tools-for-stm32.12.3.rel1.win32_1.0.200.202406191623/tools/bin/../lib/gcc/arm-none-eabi/12.3.1/thumb/v6-m/nofp\libgcc.a(_dvmd_tls.o)
                0x08000414                __aeabi_idiv0
                0x08000414                __aeabi_ldiv0
 *(.text*)
 .text.initBattery
                0x08000418       0x24 ./Core/Src/battery.o
                0x08000418                initBattery
 .text.getBatteryConfiguration
                0x0800043c       0x68 ./Core/Src/battery.o
                0x0800043c                getBatteryConfiguration
 .text.getBattVoltage
                0x080004a4       0x3c ./Core/Src/battery.o
                0x080004a4                getBattVoltage
 .text.SystemClock_Config
                0x080004e0       0x90 ./Core/Src/main.o
                0x080004e0                SystemClock_Config
 .text.startup.main
                0x08000570      0x850 ./Core/Src/main.o
                0x08000570                main
 .text.map      0x08000dc0       0x1c ./Core/Src/main.o
                0x08000dc0                map
 .text.Error_Handler
                0x08000ddc        0x4 ./Core/Src/main.o
                0x08000ddc                Error_Handler
 .text.initMotors
                0x08000de0       0x24 ./Core/Src/motor.o
                0x08000de0                initMotors
 .text.setTankMotor
                0x08000e04      0x150 ./Core/Src/motor.o
                0x08000e04                setTankMotor
 .text.setMotorSpeedBidirectional
                0x08000f54       0xa4 ./Core/Src/motor.o
                0x08000f54                setMotorSpeedBidirectional
 .text.setMotorSpeedUnidirectional
                0x08000ff8       0x98 ./Core/Src/motor.o
                0x08000ff8                setMotorSpeedUnidirectional
 .text.calculateSpeedWithDeadZoneDouble
                0x08001090       0x14 ./Core/Src/motor.o
                0x08001090                calculateSpeedWithDeadZoneDouble
 .text.makeSound
                0x080010a4       0xbc ./Core/Src/motor.o
                0x080010a4                makeSound
 .text.disableMotor
                0x08001160       0x40 ./Core/Src/motor.o
                0x08001160                disableMotor
 .text.enableMotor
                0x080011a0       0x40 ./Core/Src/motor.o
                0x080011a0                enableMotor
 .text.getChannelValuePercentage
                0x080011e0       0x38 ./Core/Src/reciever.o
                0x080011e0                getChannelValuePercentage
 .text.initReciever
                0x08001218        0x8 ./Core/Src/reciever.o
                0x08001218                initReciever
 .text.HAL_GPIO_EXTI_Callback
                0x08001220      0x158 ./Core/Src/reciever.o
                0x08001220                HAL_GPIO_EXTI_Callback
 .text.tankMix  0x08001378       0x54 ./Core/Src/reciever.o
                0x08001378                tankMix
 .text.setServoAngle
                0x080013cc       0x88 ./Core/Src/servo.o
                0x080013cc                setServoAngle
 .text.setServoIsEnable
                0x08001454       0x18 ./Core/Src/servo.o
                0x08001454                setServoIsEnable
 .text.decodeCommand
                0x0800146c       0xa4 ./Core/Src/settings.o
                0x0800146c                decodeCommand
 .text.serialPrintString
                0x08001510       0x14 ./Core/Src/settings.o
                0x08001510                serialPrintString
 .text.storeSettingsToEeprom
                0x08001524      0x180 ./Core/Src/settings.o
                0x08001524                storeSettingsToEeprom
 .text.readSettingsFromEeprom
                0x080016a4      0x180 ./Core/Src/settings.o
                0x080016a4                readSettingsFromEeprom
 .text.loadSettingsFromEeprom
                0x08001824        0x8 ./Core/Src/settings.o
                0x08001824                loadSettingsFromEeprom
 .text.read_byte_eeprom
                0x0800182c       0x2c ./Core/Src/settings.o
                0x0800182c                read_byte_eeprom
 .text.write_byte_eeprom
                0x08001858       0x34 ./Core/Src/settings.o
                0x08001858                write_byte_eeprom
 .text.serialPrintStatus
                0x0800188c      0x10c ./Core/Src/settings.o
                0x0800188c                serialPrintStatus
 .text.serialPrintSettings
                0x08001998      0x19c ./Core/Src/settings.o
                0x08001998                serialPrintSettings
 .text.modifySettingsWithCommand
                0x08001b34      0x510 ./Core/Src/settings.o
                0x08001b34                modifySettingsWithCommand
 .text.HAL_MspInit
                0x08002044       0x30 ./Core/Src/stm32f0xx_hal_msp.o
                0x08002044                HAL_MspInit
 .text.HAL_ADC_MspInit
                0x08002074       0x60 ./Core/Src/stm32f0xx_hal_msp.o
                0x08002074                HAL_ADC_MspInit
 .text.HAL_I2C_MspInit
                0x080020d4       0x70 ./Core/Src/stm32f0xx_hal_msp.o
                0x080020d4                HAL_I2C_MspInit
 .text.HAL_TIM_Base_MspInit
                0x08002144       0x8c ./Core/Src/stm32f0xx_hal_msp.o
                0x08002144                HAL_TIM_Base_MspInit
 .text.HAL_TIM_MspPostInit
                0x080021d0       0xac ./Core/Src/stm32f0xx_hal_msp.o
                0x080021d0                HAL_TIM_MspPostInit
 .text.NMI_Handler
                0x0800227c        0x4 ./Core/Src/stm32f0xx_it.o
                0x0800227c                NMI_Handler
 .text.HardFault_Handler
                0x08002280        0x4 ./Core/Src/stm32f0xx_it.o
                0x08002280                HardFault_Handler
 .text.SVC_Handler
                0x08002284        0x4 ./Core/Src/stm32f0xx_it.o
                0x08002284                SVC_Handler
 .text.PendSV_Handler
                0x08002288        0x4 ./Core/Src/stm32f0xx_it.o
                0x08002288                PendSV_Handler
 .text.SysTick_Handler
                0x0800228c        0x8 ./Core/Src/stm32f0xx_it.o
                0x0800228c                SysTick_Handler
 .text.EXTI0_1_IRQHandler
                0x08002294       0x10 ./Core/Src/stm32f0xx_it.o
                0x08002294                EXTI0_1_IRQHandler
 .text.EXTI2_3_IRQHandler
                0x080022a4       0x10 ./Core/Src/stm32f0xx_it.o
                0x080022a4                EXTI2_3_IRQHandler
 .text.USB_IRQHandler
                0x080022b4       0x10 ./Core/Src/stm32f0xx_it.o
                0x080022b4                USB_IRQHandler
 .text._getpid  0x080022c4        0x4 ./Core/Src/syscalls.o
                0x080022c4                _getpid
 .text._kill    0x080022c8       0x10 ./Core/Src/syscalls.o
                0x080022c8                _kill
 .text._exit    0x080022d8        0xc ./Core/Src/syscalls.o
                0x080022d8                _exit
 .text._read    0x080022e4       0x1c ./Core/Src/syscalls.o
                0x080022e4                _read
 .text._write   0x08002300       0x1c ./Core/Src/syscalls.o
                0x08002300                _write
 .text._close   0x0800231c        0x8 ./Core/Src/syscalls.o
                0x0800231c                _close
 .text._fstat   0x08002324        0xc ./Core/Src/syscalls.o
                0x08002324                _fstat
 .text._isatty  0x08002330        0x4 ./Core/Src/syscalls.o
                0x08002330                _isatty
 .text._lseek   0x08002334        0x4 ./Core/Src/syscalls.o
                0x08002334                _lseek
 .text._sbrk    0x08002338       0x44 ./Core/Src/sysmem.o
                0x08002338                _sbrk
 .text.SystemInit
                0x0800237c        0x4 ./Core/Src/system_stm32f0xx.o
                0x0800237c                SystemInit
 .text.Reset_Handler
                0x08002380       0x50 ./Core/Startup/startup_stm32f070cbtx.o
                0x08002380                Reset_Handler
 .text.Default_Handler
                0x080023d0        0x2 ./Core/Startup/startup_stm32f070cbtx.o
                0x080023d0                TIM1_CC_IRQHandler
                0x080023d0                TIM6_IRQHandler
                0x080023d0                I2C1_IRQHandler
                0x080023d0                SPI1_IRQHandler
                0x080023d0                USART3_4_IRQHandler
                0x080023d0                ADC1_IRQHandler
                0x080023d0                I2C2_IRQHandler
                0x080023d0                TIM17_IRQHandler
                0x080023d0                RTC_IRQHandler
                0x080023d0                TIM16_IRQHandler
                0x080023d0                TIM3_IRQHandler
                0x080023d0                EXTI4_15_IRQHandler
                0x080023d0                RCC_IRQHandler
                0x080023d0                DMA1_Channel1_IRQHandler
                0x080023d0                Default_Handler
                0x080023d0                TIM14_IRQHandler
                0x080023d0                DMA1_Channel4_5_IRQHandler
                0x080023d0                TIM7_IRQHandler
                0x080023d0                TIM15_IRQHandler
                0x080023d0                SPI2_IRQHandler
                0x080023d0                WWDG_IRQHandler
                0x080023d0                DMA1_Channel2_3_IRQHandler
                0x080023d0                USART2_IRQHandler
                0x080023d0                FLASH_IRQHandler
                0x080023d0                USART1_IRQHandler
                0x080023d0                TIM1_BRK_UP_TRG_COM_IRQHandler
 *fill*         0x080023d2        0x2 
 .text.HAL_InitTick
                0x080023d4       0x4c ./Drivers/STM32F0xx_HAL_Driver/Src/stm32f0xx_hal.o
                0x080023d4                HAL_InitTick
 .text.HAL_Init
                0x08002420       0x20 ./Drivers/STM32F0xx_HAL_Driver/Src/stm32f0xx_hal.o
                0x08002420                HAL_Init
 .text.HAL_IncTick
                0x08002440       0x18 ./Drivers/STM32F0xx_HAL_Driver/Src/stm32f0xx_hal.o
                0x08002440                HAL_IncTick
 .text.HAL_GetTick
                0x08002458        0xc ./Drivers/STM32F0xx_HAL_Driver/Src/stm32f0xx_hal.o
                0x08002458                HAL_GetTick
 .text.HAL_Delay
                0x08002464       0x24 ./Drivers/STM32F0xx_HAL_Driver/Src/stm32f0xx_hal.o
                0x08002464                HAL_Delay
 .text.ADC_Disable
                0x08002488       0x88 ./Drivers/STM32F0xx_HAL_Driver/Src/stm32f0xx_hal_adc.o
 .text.ADC_ConversionStop
                0x08002510       0x64 ./Drivers/STM32F0xx_HAL_Driver/Src/stm32f0xx_hal_adc.o
 .text.ADC_Enable.constprop.0
                0x08002574       0xb4 ./Drivers/STM32F0xx_HAL_Driver/Src/stm32f0xx_hal_adc.o
 .text.HAL_ADC_Init
                0x08002628      0x148 ./Drivers/STM32F0xx_HAL_Driver/Src/stm32f0xx_hal_adc.o
                0x08002628                HAL_ADC_Init
 .text.HAL_ADC_Start
                0x08002770       0x58 ./Drivers/STM32F0xx_HAL_Driver/Src/stm32f0xx_hal_adc.o
                0x08002770                HAL_ADC_Start
 .text.HAL_ADC_Stop
                0x080027c8       0x40 ./Drivers/STM32F0xx_HAL_Driver/Src/stm32f0xx_hal_adc.o
                0x080027c8                HAL_ADC_Stop
 .text.HAL_ADC_GetValue
                0x08002808        0x8 ./Drivers/STM32F0xx_HAL_Driver/Src/stm32f0xx_hal_adc.o
                0x08002808                HAL_ADC_GetValue
 .text.HAL_ADC_ConfigChannel
                0x08002810      0x100 ./Drivers/STM32F0xx_HAL_Driver/Src/stm32f0xx_hal_adc.o
                0x08002810                HAL_ADC_ConfigChannel
 .text.HAL_NVIC_SetPriority
                0x08002910       0x54 ./Drivers/STM32F0xx_HAL_Driver/Src/stm32f0xx_hal_cortex.o
                0x08002910                HAL_NVIC_SetPriority
 .text.HAL_NVIC_EnableIRQ
                0x08002964       0x18 ./Drivers/STM32F0xx_HAL_Driver/Src/stm32f0xx_hal_cortex.o
                0x08002964                HAL_NVIC_EnableIRQ
 .text.HAL_SYSTICK_Config
                0x0800297c       0x34 ./Drivers/STM32F0xx_HAL_Driver/Src/stm32f0xx_hal_cortex.o
                0x0800297c                HAL_SYSTICK_Config
 .text.HAL_GPIO_Init
                0x080029b0      0x204 ./Drivers/STM32F0xx_HAL_Driver/Src/stm32f0xx_hal_gpio.o
                0x080029b0                HAL_GPIO_Init
 .text.HAL_GPIO_ReadPin
                0x08002bb4        0xc ./Drivers/STM32F0xx_HAL_Driver/Src/stm32f0xx_hal_gpio.o
                0x08002bb4                HAL_GPIO_ReadPin
 .text.HAL_GPIO_WritePin
                0x08002bc0        0xc ./Drivers/STM32F0xx_HAL_Driver/Src/stm32f0xx_hal_gpio.o
                0x08002bc0                HAL_GPIO_WritePin
 .text.HAL_GPIO_TogglePin
                0x08002bcc       0x10 ./Drivers/STM32F0xx_HAL_Driver/Src/stm32f0xx_hal_gpio.o
                0x08002bcc                HAL_GPIO_TogglePin
 .text.HAL_GPIO_EXTI_IRQHandler
                0x08002bdc       0x18 ./Drivers/STM32F0xx_HAL_Driver/Src/stm32f0xx_hal_gpio.o
                0x08002bdc                HAL_GPIO_EXTI_IRQHandler
 .text.I2C_WaitOnFlagUntilTimeout.constprop.0
                0x08002bf4      0x16c ./Drivers/STM32F0xx_HAL_Driver/Src/stm32f0xx_hal_i2c.o
 .text.I2C_WaitOnTXISFlagUntilTimeout
                0x08002d60      0x1e0 ./Drivers/STM32F0xx_HAL_Driver/Src/stm32f0xx_hal_i2c.o
 .text.I2C_WaitOnFlagUntilTimeout
                0x08002f40      0x1f0 ./Drivers/STM32F0xx_HAL_Driver/Src/stm32f0xx_hal_i2c.o
 .text.I2C_WaitOnSTOPFlagUntilTimeout
                0x08003130      0x1a4 ./Drivers/STM32F0xx_HAL_Driver/Src/stm32f0xx_hal_i2c.o
 .text.HAL_I2C_Init
                0x080032d4       0xc0 ./Drivers/STM32F0xx_HAL_Driver/Src/stm32f0xx_hal_i2c.o
                0x080032d4                HAL_I2C_Init
 .text.HAL_I2C_Mem_Write
                0x08003394      0x1f0 ./Drivers/STM32F0xx_HAL_Driver/Src/stm32f0xx_hal_i2c.o
                0x08003394                HAL_I2C_Mem_Write
 .text.HAL_I2C_Mem_Read
                0x08003584      0x1fc ./Drivers/STM32F0xx_HAL_Driver/Src/stm32f0xx_hal_i2c.o
                0x08003584                HAL_I2C_Mem_Read
 .text.HAL_I2CEx_ConfigAnalogFilter
                0x08003780       0x4c ./Drivers/STM32F0xx_HAL_Driver/Src/stm32f0xx_hal_i2c_ex.o
                0x08003780                HAL_I2CEx_ConfigAnalogFilter
 .text.HAL_I2CEx_ConfigDigitalFilter
                0x080037cc       0x5c ./Drivers/STM32F0xx_HAL_Driver/Src/stm32f0xx_hal_i2c_ex.o
                0x080037cc                HAL_I2CEx_ConfigDigitalFilter
 .text.HAL_PCD_Init
                0x08003828      0x218 ./Drivers/STM32F0xx_HAL_Driver/Src/stm32f0xx_hal_pcd.o
                0x08003828                HAL_PCD_Init
 .text.HAL_PCD_Start
                0x08003a40       0x2c ./Drivers/STM32F0xx_HAL_Driver/Src/stm32f0xx_hal_pcd.o
                0x08003a40                HAL_PCD_Start
 .text.HAL_PCD_IRQHandler
                0x08003a6c      0xb40 ./Drivers/STM32F0xx_HAL_Driver/Src/stm32f0xx_hal_pcd.o
                0x08003a6c                HAL_PCD_IRQHandler
 .text.HAL_PCD_SetAddress
                0x080045ac       0x28 ./Drivers/STM32F0xx_HAL_Driver/Src/stm32f0xx_hal_pcd.o
                0x080045ac                HAL_PCD_SetAddress
 .text.HAL_PCD_EP_Open
                0x080045d4       0x64 ./Drivers/STM32F0xx_HAL_Driver/Src/stm32f0xx_hal_pcd.o
                0x080045d4                HAL_PCD_EP_Open
 .text.HAL_PCD_EP_Close
                0x08004638       0x60 ./Drivers/STM32F0xx_HAL_Driver/Src/stm32f0xx_hal_pcd.o
                0x08004638                HAL_PCD_EP_Close
 .text.HAL_PCD_EP_Receive
                0x08004698       0x3c ./Drivers/STM32F0xx_HAL_Driver/Src/stm32f0xx_hal_pcd.o
                0x08004698                HAL_PCD_EP_Receive
 .text.HAL_PCD_EP_GetRxCount
                0x080046d4       0x14 ./Drivers/STM32F0xx_HAL_Driver/Src/stm32f0xx_hal_pcd.o
                0x080046d4                HAL_PCD_EP_GetRxCount
 .text.HAL_PCD_EP_Transmit
                0x080046e8       0x34 ./Drivers/STM32F0xx_HAL_Driver/Src/stm32f0xx_hal_pcd.o
                0x080046e8                HAL_PCD_EP_Transmit
 .text.HAL_PCD_EP_SetStall
                0x0800471c       0x78 ./Drivers/STM32F0xx_HAL_Driver/Src/stm32f0xx_hal_pcd.o
                0x0800471c                HAL_PCD_EP_SetStall
 .text.HAL_PCD_EP_ClrStall
                0x08004794       0x74 ./Drivers/STM32F0xx_HAL_Driver/Src/stm32f0xx_hal_pcd.o
                0x08004794                HAL_PCD_EP_ClrStall
 .text.HAL_PCDEx_PMAConfig
                0x08004808       0x3c ./Drivers/STM32F0xx_HAL_Driver/Src/stm32f0xx_hal_pcd_ex.o
                0x08004808                HAL_PCDEx_PMAConfig
 .text.HAL_PCDEx_ActivateLPM
                0x08004844       0x28 ./Drivers/STM32F0xx_HAL_Driver/Src/stm32f0xx_hal_pcd_ex.o
                0x08004844                HAL_PCDEx_ActivateLPM
 .text.HAL_PCDEx_LPM_Callback
                0x0800486c        0x4 ./Drivers/STM32F0xx_HAL_Driver/Src/stm32f0xx_hal_pcd_ex.o
                0x0800486c                HAL_PCDEx_LPM_Callback
 .text.HAL_RCC_OscConfig
                0x08004870      0x4c8 ./Drivers/STM32F0xx_HAL_Driver/Src/stm32f0xx_hal_rcc.o
                0x08004870                HAL_RCC_OscConfig
 .text.HAL_RCC_ClockConfig
                0x08004d38      0x14c ./Drivers/STM32F0xx_HAL_Driver/Src/stm32f0xx_hal_rcc.o
                0x08004d38                HAL_RCC_ClockConfig
 .text.HAL_RCCEx_PeriphCLKConfig
                0x08004e84      0x140 ./Drivers/STM32F0xx_HAL_Driver/Src/stm32f0xx_hal_rcc_ex.o
                0x08004e84                HAL_RCCEx_PeriphCLKConfig
 .text.TIM_OC1_SetConfig
                0x08004fc4       0x70 ./Drivers/STM32F0xx_HAL_Driver/Src/stm32f0xx_hal_tim.o
 .text.HAL_TIM_Base_Init
                0x08005034      0x104 ./Drivers/STM32F0xx_HAL_Driver/Src/stm32f0xx_hal_tim.o
                0x08005034                HAL_TIM_Base_Init
 .text.HAL_TIM_Base_Start
                0x08005138       0x54 ./Drivers/STM32F0xx_HAL_Driver/Src/stm32f0xx_hal_tim.o
                0x08005138                HAL_TIM_Base_Start
 .text.HAL_TIM_PWM_MspInit
                0x0800518c        0x4 ./Drivers/STM32F0xx_HAL_Driver/Src/stm32f0xx_hal_tim.o
                0x0800518c                HAL_TIM_PWM_MspInit
 .text.HAL_TIM_PWM_Init
                0x08005190      0x104 ./Drivers/STM32F0xx_HAL_Driver/Src/stm32f0xx_hal_tim.o
                0x08005190                HAL_TIM_PWM_Init
 .text.HAL_TIM_PWM_Start
                0x08005294       0xb0 ./Drivers/STM32F0xx_HAL_Driver/Src/stm32f0xx_hal_tim.o
                0x08005294                HAL_TIM_PWM_Start
 .text.HAL_TIM_PWM_ConfigChannel
                0x08005344      0x20c ./Drivers/STM32F0xx_HAL_Driver/Src/stm32f0xx_hal_tim.o
                0x08005344                HAL_TIM_PWM_ConfigChannel
 .text.HAL_TIM_ConfigClockSource
                0x08005550      0x16c ./Drivers/STM32F0xx_HAL_Driver/Src/stm32f0xx_hal_tim.o
                0x08005550                HAL_TIM_ConfigClockSource
 .text.HAL_TIMEx_PWMN_Start
                0x080056bc       0x90 ./Drivers/STM32F0xx_HAL_Driver/Src/stm32f0xx_hal_tim_ex.o
                0x080056bc                HAL_TIMEx_PWMN_Start
 .text.HAL_TIMEx_PWMN_Stop
                0x0800574c       0x84 ./Drivers/STM32F0xx_HAL_Driver/Src/stm32f0xx_hal_tim_ex.o
                0x0800574c                HAL_TIMEx_PWMN_Stop
 .text.HAL_TIMEx_MasterConfigSynchronization
                0x080057d0       0x5c ./Drivers/STM32F0xx_HAL_Driver/Src/stm32f0xx_hal_tim_ex.o
                0x080057d0                HAL_TIMEx_MasterConfigSynchronization
 .text.HAL_TIMEx_ConfigBreakDeadTime
                0x0800582c       0x64 ./Drivers/STM32F0xx_HAL_Driver/Src/stm32f0xx_hal_tim_ex.o
                0x0800582c                HAL_TIMEx_ConfigBreakDeadTime
 .text.USB_EnableGlobalInt
                0x08005890       0x14 ./Drivers/STM32F0xx_HAL_Driver/Src/stm32f0xx_ll_usb.o
                0x08005890                USB_EnableGlobalInt
 .text.USB_DisableGlobalInt
                0x080058a4       0x14 ./Drivers/STM32F0xx_HAL_Driver/Src/stm32f0xx_ll_usb.o
                0x080058a4                USB_DisableGlobalInt
 .text.USB_DevInit
                0x080058b8       0x1c ./Drivers/STM32F0xx_HAL_Driver/Src/stm32f0xx_ll_usb.o
                0x080058b8                USB_DevInit
 .text.USB_ActivateEndpoint
                0x080058d4      0x2bc ./Drivers/STM32F0xx_HAL_Driver/Src/stm32f0xx_ll_usb.o
                0x080058d4                USB_ActivateEndpoint
 .text.USB_DeactivateEndpoint
                0x08005b90      0x10c ./Drivers/STM32F0xx_HAL_Driver/Src/stm32f0xx_ll_usb.o
                0x08005b90                USB_DeactivateEndpoint
 .text.USB_EPStartXfer
                0x08005c9c      0x5f0 ./Drivers/STM32F0xx_HAL_Driver/Src/stm32f0xx_ll_usb.o
                0x08005c9c                USB_EPStartXfer
 .text.USB_EPSetStall
                0x0800628c       0x44 ./Drivers/STM32F0xx_HAL_Driver/Src/stm32f0xx_ll_usb.o
                0x0800628c                USB_EPSetStall
 .text.USB_EPClearStall
                0x080062d0       0x84 ./Drivers/STM32F0xx_HAL_Driver/Src/stm32f0xx_ll_usb.o
                0x080062d0                USB_EPClearStall
 .text.USB_SetDevAddress
                0x08006354       0x10 ./Drivers/STM32F0xx_HAL_Driver/Src/stm32f0xx_ll_usb.o
                0x08006354                USB_SetDevAddress
 .text.USB_DevConnect
                0x08006364       0x10 ./Drivers/STM32F0xx_HAL_Driver/Src/stm32f0xx_ll_usb.o
                0x08006364                USB_DevConnect
 .text.USB_ReadInterrupts
                0x08006374        0x8 ./Drivers/STM32F0xx_HAL_Driver/Src/stm32f0xx_ll_usb.o
                0x08006374                USB_ReadInterrupts
 .text.USB_WritePMA
                0x0800637c       0x30 ./Drivers/STM32F0xx_HAL_Driver/Src/stm32f0xx_ll_usb.o
                0x0800637c                USB_WritePMA
 .text.USB_ReadPMA
                0x080063ac       0x3c ./Drivers/STM32F0xx_HAL_Driver/Src/stm32f0xx_ll_usb.o
                0x080063ac                USB_ReadPMA
 .text.USBD_CDC_EP0_RxReady
                0x080063e8       0x34 ./Middlewares/ST/STM32_USB_Device_Library/Class/CDC/Src/usbd_cdc.o
 .text.USBD_CDC_GetFSCfgDesc
                0x0800641c        0xc ./Middlewares/ST/STM32_USB_Device_Library/Class/CDC/Src/usbd_cdc.o
 .text.USBD_CDC_GetHSCfgDesc
                0x08006428        0xc ./Middlewares/ST/STM32_USB_Device_Library/Class/CDC/Src/usbd_cdc.o
 .text.USBD_CDC_GetOtherSpeedCfgDesc
                0x08006434        0xc ./Middlewares/ST/STM32_USB_Device_Library/Class/CDC/Src/usbd_cdc.o
 .text.USBD_CDC_GetDeviceQualifierDescriptor
                0x08006440        0xc ./Middlewares/ST/STM32_USB_Device_Library/Class/CDC/Src/usbd_cdc.o
                0x08006440                USBD_CDC_GetDeviceQualifierDescriptor
 .text.USBD_CDC_DataOut
                0x0800644c       0x34 ./Middlewares/ST/STM32_USB_Device_Library/Class/CDC/Src/usbd_cdc.o
 .text.USBD_CDC_DataIn
                0x08006480       0x50 ./Middlewares/ST/STM32_USB_Device_Library/Class/CDC/Src/usbd_cdc.o
 .text.USBD_CDC_Setup
                0x080064d0       0xd8 ./Middlewares/ST/STM32_USB_Device_Library/Class/CDC/Src/usbd_cdc.o
 .text.USBD_CDC_DeInit
                0x080065a8       0x48 ./Middlewares/ST/STM32_USB_Device_Library/Class/CDC/Src/usbd_cdc.o
 .text.USBD_CDC_Init
                0x080065f0       0xb4 ./Middlewares/ST/STM32_USB_Device_Library/Class/CDC/Src/usbd_cdc.o
 .text.USBD_CDC_RegisterInterface
                0x080066a4       0x14 ./Middlewares/ST/STM32_USB_Device_Library/Class/CDC/Src/usbd_cdc.o
                0x080066a4                USBD_CDC_RegisterInterface
 .text.USBD_CDC_SetTxBuffer
                0x080066b8       0x18 ./Middlewares/ST/STM32_USB_Device_Library/Class/CDC/Src/usbd_cdc.o
                0x080066b8                USBD_CDC_SetTxBuffer
 .text.USBD_CDC_SetRxBuffer
                0x080066d0       0x10 ./Middlewares/ST/STM32_USB_Device_Library/Class/CDC/Src/usbd_cdc.o
                0x080066d0                USBD_CDC_SetRxBuffer
 .text.USBD_CDC_TransmitPacket
                0x080066e0       0x3c ./Middlewares/ST/STM32_USB_Device_Library/Class/CDC/Src/usbd_cdc.o
                0x080066e0                USBD_CDC_TransmitPacket
 .text.USBD_CDC_ReceivePacket
                0x0800671c       0x34 ./Middlewares/ST/STM32_USB_Device_Library/Class/CDC/Src/usbd_cdc.o
                0x0800671c                USBD_CDC_ReceivePacket
 .text.USBD_Init
                0x08006750       0x34 ./Middlewares/ST/STM32_USB_Device_Library/Core/Src/usbd_core.o
                0x08006750                USBD_Init
 .text.USBD_RegisterClass
                0x08006784       0x14 ./Middlewares/ST/STM32_USB_Device_Library/Core/Src/usbd_core.o
                0x08006784                USBD_RegisterClass
 .text.USBD_Start
                0x08006798        0xc ./Middlewares/ST/STM32_USB_Device_Library/Core/Src/usbd_core.o
                0x08006798                USBD_Start
 .text.USBD_SetClassConfig
                0x080067a4       0x1c ./Middlewares/ST/STM32_USB_Device_Library/Core/Src/usbd_core.o
                0x080067a4                USBD_SetClassConfig
 .text.USBD_ClrClassConfig
                0x080067c0       0x10 ./Middlewares/ST/STM32_USB_Device_Library/Core/Src/usbd_core.o
                0x080067c0                USBD_ClrClassConfig
 .text.USBD_LL_SetupStage
                0x080067d0       0x64 ./Middlewares/ST/STM32_USB_Device_Library/Core/Src/usbd_core.o
                0x080067d0                USBD_LL_SetupStage
 .text.USBD_LL_DataOutStage
                0x08006834       0x98 ./Middlewares/ST/STM32_USB_Device_Library/Core/Src/usbd_core.o
                0x08006834                USBD_LL_DataOutStage
 .text.USBD_LL_DataInStage
                0x080068cc       0xcc ./Middlewares/ST/STM32_USB_Device_Library/Core/Src/usbd_core.o
                0x080068cc                USBD_LL_DataInStage
 .text.USBD_LL_Reset
                0x08006998       0x60 ./Middlewares/ST/STM32_USB_Device_Library/Core/Src/usbd_core.o
                0x08006998                USBD_LL_Reset
 .text.USBD_LL_SetSpeed
                0x080069f8        0x8 ./Middlewares/ST/STM32_USB_Device_Library/Core/Src/usbd_core.o
                0x080069f8                USBD_LL_SetSpeed
 .text.USBD_LL_Suspend
                0x08006a00       0x18 ./Middlewares/ST/STM32_USB_Device_Library/Core/Src/usbd_core.o
                0x08006a00                USBD_LL_Suspend
 .text.USBD_LL_Resume
                0x08006a18       0x18 ./Middlewares/ST/STM32_USB_Device_Library/Core/Src/usbd_core.o
                0x08006a18                USBD_LL_Resume
 .text.USBD_LL_SOF
                0x08006a30       0x20 ./Middlewares/ST/STM32_USB_Device_Library/Core/Src/usbd_core.o
                0x08006a30                USBD_LL_SOF
 .text.USBD_StdDevReq
                0x08006a50      0x2e8 ./Middlewares/ST/STM32_USB_Device_Library/Core/Src/usbd_ctlreq.o
                0x08006a50                USBD_StdDevReq
 .text.USBD_StdItfReq
                0x08006d38       0x5c ./Middlewares/ST/STM32_USB_Device_Library/Core/Src/usbd_ctlreq.o
                0x08006d38                USBD_StdItfReq
 .text.USBD_StdEPReq
                0x08006d94      0x14c ./Middlewares/ST/STM32_USB_Device_Library/Core/Src/usbd_ctlreq.o
                0x08006d94                USBD_StdEPReq
 .text.USBD_ParseSetupRequest
                0x08006ee0       0x28 ./Middlewares/ST/STM32_USB_Device_Library/Core/Src/usbd_ctlreq.o
                0x08006ee0                USBD_ParseSetupRequest
 .text.USBD_CtlError
                0x08006f08       0x14 ./Middlewares/ST/STM32_USB_Device_Library/Core/Src/usbd_ctlreq.o
                0x08006f08                USBD_CtlError
 .text.USBD_GetString
                0x08006f1c       0x50 ./Middlewares/ST/STM32_USB_Device_Library/Core/Src/usbd_ctlreq.o
                0x08006f1c                USBD_GetString
 .text.USBD_CtlSendData
                0x08006f6c       0x1c ./Middlewares/ST/STM32_USB_Device_Library/Core/Src/usbd_ioreq.o
                0x08006f6c                USBD_CtlSendData
 .text.USBD_CtlContinueSendData
                0x08006f88       0x10 ./Middlewares/ST/STM32_USB_Device_Library/Core/Src/usbd_ioreq.o
                0x08006f88                USBD_CtlContinueSendData
 .text.USBD_CtlPrepareRx
                0x08006f98       0x24 ./Middlewares/ST/STM32_USB_Device_Library/Core/Src/usbd_ioreq.o
                0x08006f98                USBD_CtlPrepareRx
 .text.USBD_CtlContinueRx
                0x08006fbc       0x10 ./Middlewares/ST/STM32_USB_Device_Library/Core/Src/usbd_ioreq.o
                0x08006fbc                USBD_CtlContinueRx
 .text.USBD_CtlSendStatus
                0x08006fcc       0x18 ./Middlewares/ST/STM32_USB_Device_Library/Core/Src/usbd_ioreq.o
                0x08006fcc                USBD_CtlSendStatus
 .text.USBD_CtlReceiveStatus
                0x08006fe4       0x18 ./Middlewares/ST/STM32_USB_Device_Library/Core/Src/usbd_ioreq.o
                0x08006fe4                USBD_CtlReceiveStatus
 .text.MX_USB_DEVICE_Init
                0x08006ffc       0x7c ./USB_DEVICE/App/usb_device.o
                0x08006ffc                MX_USB_DEVICE_Init
 .text.CDC_DeInit_FS
                0x08007078        0x4 ./USB_DEVICE/App/usbd_cdc_if.o
 .text.CDC_Control_FS
                0x0800707c        0x4 ./USB_DEVICE/App/usbd_cdc_if.o
 .text.CDC_Receive_FS
                0x08007080       0x50 ./USB_DEVICE/App/usbd_cdc_if.o
 .text.CDC_Init_FS
                0x080070d0       0x28 ./USB_DEVICE/App/usbd_cdc_if.o
 .text.CDC_Transmit_FS
                0x080070f8       0x2c ./USB_DEVICE/App/usbd_cdc_if.o
                0x080070f8                CDC_Transmit_FS
 .text.USBD_FS_DeviceDescriptor
                0x08007124        0xc ./USB_DEVICE/App/usbd_desc.o
                0x08007124                USBD_FS_DeviceDescriptor
 .text.USBD_FS_LangIDStrDescriptor
                0x08007130        0xc ./USB_DEVICE/App/usbd_desc.o
                0x08007130                USBD_FS_LangIDStrDescriptor
 .text.USBD_FS_ManufacturerStrDescriptor
                0x0800713c       0x1c ./USB_DEVICE/App/usbd_desc.o
                0x0800713c                USBD_FS_ManufacturerStrDescriptor
 .text.USBD_FS_ProductStrDescriptor
                0x08007158       0x1c ./USB_DEVICE/App/usbd_desc.o
                0x08007158                USBD_FS_ProductStrDescriptor
 .text.USBD_FS_ConfigStrDescriptor
                0x08007174       0x1c ./USB_DEVICE/App/usbd_desc.o
                0x08007174                USBD_FS_ConfigStrDescriptor
 .text.USBD_FS_InterfaceStrDescriptor
                0x08007190       0x1c ./USB_DEVICE/App/usbd_desc.o
                0x08007190                USBD_FS_InterfaceStrDescriptor
 .text.USBD_FS_SerialStrDescriptor
                0x080071ac      0x160 ./USB_DEVICE/App/usbd_desc.o
                0x080071ac                USBD_FS_SerialStrDescriptor
 .text.HAL_PCD_MspInit
                0x0800730c       0x40 ./USB_DEVICE/Target/usbd_conf.o
                0x0800730c                HAL_PCD_MspInit
 .text.HAL_PCD_SetupStageCallback
                0x0800734c       0x14 ./USB_DEVICE/Target/usbd_conf.o
                0x0800734c                HAL_PCD_SetupStageCallback
 .text.HAL_PCD_DataOutStageCallback
                0x08007360       0x1c ./USB_DEVICE/Target/usbd_conf.o
                0x08007360                HAL_PCD_DataOutStageCallback
 .text.HAL_PCD_DataInStageCallback
                0x0800737c       0x18 ./USB_DEVICE/Target/usbd_conf.o
                0x0800737c                HAL_PCD_DataInStageCallback
 .text.HAL_PCD_SOFCallback
                0x08007394       0x10 ./USB_DEVICE/Target/usbd_conf.o
                0x08007394                HAL_PCD_SOFCallback
 .text.HAL_PCD_ResetCallback
                0x080073a4       0x24 ./USB_DEVICE/Target/usbd_conf.o
                0x080073a4                HAL_PCD_ResetCallback
 .text.HAL_PCD_SuspendCallback
                0x080073c8       0x24 ./USB_DEVICE/Target/usbd_conf.o
                0x080073c8                HAL_PCD_SuspendCallback
 .text.HAL_PCD_ResumeCallback
                0x080073ec       0x2c ./USB_DEVICE/Target/usbd_conf.o
                0x080073ec                HAL_PCD_ResumeCallback
 .text.USBD_LL_Init
                0x08007418       0x84 ./USB_DEVICE/Target/usbd_conf.o
                0x08007418                USBD_LL_Init
 .text.USBD_LL_Start
                0x0800749c       0x1c ./USB_DEVICE/Target/usbd_conf.o
                0x0800749c                USBD_LL_Start
 .text.USBD_LL_OpenEP
                0x080074b8       0x20 ./USB_DEVICE/Target/usbd_conf.o
                0x080074b8                USBD_LL_OpenEP
 .text.USBD_LL_CloseEP
                0x080074d8       0x1c ./USB_DEVICE/Target/usbd_conf.o
                0x080074d8                USBD_LL_CloseEP
 .text.USBD_LL_StallEP
                0x080074f4       0x1c ./USB_DEVICE/Target/usbd_conf.o
                0x080074f4                USBD_LL_StallEP
 .text.USBD_LL_ClearStallEP
                0x08007510       0x1c ./USB_DEVICE/Target/usbd_conf.o
                0x08007510                USBD_LL_ClearStallEP
 .text.USBD_LL_IsStallEP
                0x0800752c       0x2c ./USB_DEVICE/Target/usbd_conf.o
                0x0800752c                USBD_LL_IsStallEP
 .text.USBD_LL_SetUSBAddress
                0x08007558       0x1c ./USB_DEVICE/Target/usbd_conf.o
                0x08007558                USBD_LL_SetUSBAddress
 .text.USBD_LL_Transmit
                0x08007574       0x1c ./USB_DEVICE/Target/usbd_conf.o
                0x08007574                USBD_LL_Transmit
 .text.USBD_LL_PrepareReceive
                0x08007590       0x1c ./USB_DEVICE/Target/usbd_conf.o
                0x08007590                USBD_LL_PrepareReceive
 .text.USBD_LL_GetRxDataSize
                0x080075ac       0x10 ./USB_DEVICE/Target/usbd_conf.o
                0x080075ac                USBD_LL_GetRxDataSize
 .text.USBD_static_malloc
                0x080075bc        0x8 ./USB_DEVICE/Target/usbd_conf.o
                0x080075bc                USBD_static_malloc
 .text.USBD_static_free
                0x080075c4        0x4 ./USB_DEVICE/Target/usbd_conf.o
                0x080075c4                USBD_static_free
 .text.atoi     0x080075c8        0xc C:/ST/STM32CubeIDE_1.9.0/STM32CubeIDE/plugins/com.st.stm32cube.ide.mcu.externaltools.gnu-tools-for-stm32.12.3.rel1.win32_1.0.200.202406191623/tools/bin/../lib/gcc/arm-none-eabi/12.3.1/../../../../arm-none-eabi/lib/thumb/v6-m/nofp\libc_nano.a(libc_a-atoi.o)
                0x080075c8                atoi
 .text._strtol_l.constprop.0
                0x080075d4      0x114 C:/ST/STM32CubeIDE_1.9.0/STM32CubeIDE/plugins/com.st.stm32cube.ide.mcu.externaltools.gnu-tools-for-stm32.12.3.rel1.win32_1.0.200.202406191623/tools/bin/../lib/gcc/arm-none-eabi/12.3.1/../../../../arm-none-eabi/lib/thumb/v6-m/nofp\libc_nano.a(libc_a-strtol.o)
 .text.strtol   0x080076e8       0x18 C:/ST/STM32CubeIDE_1.9.0/STM32CubeIDE/plugins/com.st.stm32cube.ide.mcu.externaltools.gnu-tools-for-stm32.12.3.rel1.win32_1.0.200.202406191623/tools/bin/../lib/gcc/arm-none-eabi/12.3.1/../../../../arm-none-eabi/lib/thumb/v6-m/nofp\libc_nano.a(libc_a-strtol.o)
                0x080076e8                strtol
 .text.std      0x08007700       0x6c C:/ST/STM32CubeIDE_1.9.0/STM32CubeIDE/plugins/com.st.stm32cube.ide.mcu.externaltools.gnu-tools-for-stm32.12.3.rel1.win32_1.0.200.202406191623/tools/bin/../lib/gcc/arm-none-eabi/12.3.1/../../../../arm-none-eabi/lib/thumb/v6-m/nofp\libc_nano.a(libc_a-findfp.o)
 .text.stdio_exit_handler
                0x0800776c       0x1c C:/ST/STM32CubeIDE_1.9.0/STM32CubeIDE/plugins/com.st.stm32cube.ide.mcu.externaltools.gnu-tools-for-stm32.12.3.rel1.win32_1.0.200.202406191623/tools/bin/../lib/gcc/arm-none-eabi/12.3.1/../../../../arm-none-eabi/lib/thumb/v6-m/nofp\libc_nano.a(libc_a-findfp.o)
 .text.cleanup_stdio
                0x08007788       0x3c C:/ST/STM32CubeIDE_1.9.0/STM32CubeIDE/plugins/com.st.stm32cube.ide.mcu.externaltools.gnu-tools-for-stm32.12.3.rel1.win32_1.0.200.202406191623/tools/bin/../lib/gcc/arm-none-eabi/12.3.1/../../../../arm-none-eabi/lib/thumb/v6-m/nofp\libc_nano.a(libc_a-findfp.o)
 .text.global_stdio_init.part.0
                0x080077c4       0x3c C:/ST/STM32CubeIDE_1.9.0/STM32CubeIDE/plugins/com.st.stm32cube.ide.mcu.externaltools.gnu-tools-for-stm32.12.3.rel1.win32_1.0.200.202406191623/tools/bin/../lib/gcc/arm-none-eabi/12.3.1/../../../../arm-none-eabi/lib/thumb/v6-m/nofp\libc_nano.a(libc_a-findfp.o)
 .text.__sfp_lock_acquire
                0x08007800       0x10 C:/ST/STM32CubeIDE_1.9.0/STM32CubeIDE/plugins/com.st.stm32cube.ide.mcu.externaltools.gnu-tools-for-stm32.12.3.rel1.win32_1.0.200.202406191623/tools/bin/../lib/gcc/arm-none-eabi/12.3.1/../../../../arm-none-eabi/lib/thumb/v6-m/nofp\libc_nano.a(libc_a-findfp.o)
                0x08007800                __sfp_lock_acquire
 .text.__sfp_lock_release
                0x08007810       0x10 C:/ST/STM32CubeIDE_1.9.0/STM32CubeIDE/plugins/com.st.stm32cube.ide.mcu.externaltools.gnu-tools-for-stm32.12.3.rel1.win32_1.0.200.202406191623/tools/bin/../lib/gcc/arm-none-eabi/12.3.1/../../../../arm-none-eabi/lib/thumb/v6-m/nofp\libc_nano.a(libc_a-findfp.o)
                0x08007810                __sfp_lock_release
 .text.__sinit  0x08007820       0x30 C:/ST/STM32CubeIDE_1.9.0/STM32CubeIDE/plugins/com.st.stm32cube.ide.mcu.externaltools.gnu-tools-for-stm32.12.3.rel1.win32_1.0.200.202406191623/tools/bin/../lib/gcc/arm-none-eabi/12.3.1/../../../../arm-none-eabi/lib/thumb/v6-m/nofp\libc_nano.a(libc_a-findfp.o)
                0x08007820                __sinit
 .text._fwalk_sglue
                0x08007850       0x38 C:/ST/STM32CubeIDE_1.9.0/STM32CubeIDE/plugins/com.st.stm32cube.ide.mcu.externaltools.gnu-tools-for-stm32.12.3.rel1.win32_1.0.200.202406191623/tools/bin/../lib/gcc/arm-none-eabi/12.3.1/../../../../arm-none-eabi/lib/thumb/v6-m/nofp\libc_nano.a(libc_a-fwalk.o)
                0x08007850                _fwalk_sglue
 .text.sprintf  0x08007888       0x40 C:/ST/STM32CubeIDE_1.9.0/STM32CubeIDE/plugins/com.st.stm32cube.ide.mcu.externaltools.gnu-tools-for-stm32.12.3.rel1.win32_1.0.200.202406191623/tools/bin/../lib/gcc/arm-none-eabi/12.3.1/../../../../arm-none-eabi/lib/thumb/v6-m/nofp\libc_nano.a(libc_a-sprintf.o)
                0x08007888                siprintf
                0x08007888                sprintf
 .text.__sread  0x080078c8       0x28 C:/ST/STM32CubeIDE_1.9.0/STM32CubeIDE/plugins/com.st.stm32cube.ide.mcu.externaltools.gnu-tools-for-stm32.12.3.rel1.win32_1.0.200.202406191623/tools/bin/../lib/gcc/arm-none-eabi/12.3.1/../../../../arm-none-eabi/lib/thumb/v6-m/nofp\libc_nano.a(libc_a-stdio.o)
                0x080078c8                __sread
 .text.__swrite
                0x080078f0       0x38 C:/ST/STM32CubeIDE_1.9.0/STM32CubeIDE/plugins/com.st.stm32cube.ide.mcu.externaltools.gnu-tools-for-stm32.12.3.rel1.win32_1.0.200.202406191623/tools/bin/../lib/gcc/arm-none-eabi/12.3.1/../../../../arm-none-eabi/lib/thumb/v6-m/nofp\libc_nano.a(libc_a-stdio.o)
                0x080078f0                __swrite
 .text.__sseek  0x08007928       0x2c C:/ST/STM32CubeIDE_1.9.0/STM32CubeIDE/plugins/com.st.stm32cube.ide.mcu.externaltools.gnu-tools-for-stm32.12.3.rel1.win32_1.0.200.202406191623/tools/bin/../lib/gcc/arm-none-eabi/12.3.1/../../../../arm-none-eabi/lib/thumb/v6-m/nofp\libc_nano.a(libc_a-stdio.o)
                0x08007928                __sseek
 .text.__sclose
                0x08007954        0xc C:/ST/STM32CubeIDE_1.9.0/STM32CubeIDE/plugins/com.st.stm32cube.ide.mcu.externaltools.gnu-tools-for-stm32.12.3.rel1.win32_1.0.200.202406191623/tools/bin/../lib/gcc/arm-none-eabi/12.3.1/../../../../arm-none-eabi/lib/thumb/v6-m/nofp\libc_nano.a(libc_a-stdio.o)
                0x08007954                __sclose
 .text.memset   0x08007960       0x10 C:/ST/STM32CubeIDE_1.9.0/STM32CubeIDE/plugins/com.st.stm32cube.ide.mcu.externaltools.gnu-tools-for-stm32.12.3.rel1.win32_1.0.200.202406191623/tools/bin/../lib/gcc/arm-none-eabi/12.3.1/../../../../arm-none-eabi/lib/thumb/v6-m/nofp\libc_nano.a(libc_a-memset.o)
                0x08007960                memset
 .text.strtok   0x08007970       0x68 C:/ST/STM32CubeIDE_1.9.0/STM32CubeIDE/plugins/com.st.stm32cube.ide.mcu.externaltools.gnu-tools-for-stm32.12.3.rel1.win32_1.0.200.202406191623/tools/bin/../lib/gcc/arm-none-eabi/12.3.1/../../../../arm-none-eabi/lib/thumb/v6-m/nofp\libc_nano.a(libc_a-strtok.o)
                0x08007970                strtok
 .text.__strtok_r
                0x080079d8       0x58 C:/ST/STM32CubeIDE_1.9.0/STM32CubeIDE/plugins/com.st.stm32cube.ide.mcu.externaltools.gnu-tools-for-stm32.12.3.rel1.win32_1.0.200.202406191623/tools/bin/../lib/gcc/arm-none-eabi/12.3.1/../../../../arm-none-eabi/lib/thumb/v6-m/nofp\libc_nano.a(libc_a-strtok_r.o)
                0x080079d8                __strtok_r
 .text._close_r
                0x08007a30       0x24 C:/ST/STM32CubeIDE_1.9.0/STM32CubeIDE/plugins/com.st.stm32cube.ide.mcu.externaltools.gnu-tools-for-stm32.12.3.rel1.win32_1.0.200.202406191623/tools/bin/../lib/gcc/arm-none-eabi/12.3.1/../../../../arm-none-eabi/lib/thumb/v6-m/nofp\libc_nano.a(libc_a-closer.o)
                0x08007a30                _close_r
 .text._lseek_r
                0x08007a54       0x28 C:/ST/STM32CubeIDE_1.9.0/STM32CubeIDE/plugins/com.st.stm32cube.ide.mcu.externaltools.gnu-tools-for-stm32.12.3.rel1.win32_1.0.200.202406191623/tools/bin/../lib/gcc/arm-none-eabi/12.3.1/../../../../arm-none-eabi/lib/thumb/v6-m/nofp\libc_nano.a(libc_a-lseekr.o)
                0x08007a54                _lseek_r
 .text._read_r  0x08007a7c       0x28 C:/ST/STM32CubeIDE_1.9.0/STM32CubeIDE/plugins/com.st.stm32cube.ide.mcu.externaltools.gnu-tools-for-stm32.12.3.rel1.win32_1.0.200.202406191623/tools/bin/../lib/gcc/arm-none-eabi/12.3.1/../../../../arm-none-eabi/lib/thumb/v6-m/nofp\libc_nano.a(libc_a-readr.o)
                0x08007a7c                _read_r
 .text._write_r
                0x08007aa4       0x28 C:/ST/STM32CubeIDE_1.9.0/STM32CubeIDE/plugins/com.st.stm32cube.ide.mcu.externaltools.gnu-tools-for-stm32.12.3.rel1.win32_1.0.200.202406191623/tools/bin/../lib/gcc/arm-none-eabi/12.3.1/../../../../arm-none-eabi/lib/thumb/v6-m/nofp\libc_nano.a(libc_a-writer.o)
                0x08007aa4                _write_r
 .text.__errno  0x08007acc        0xc C:/ST/STM32CubeIDE_1.9.0/STM32CubeIDE/plugins/com.st.stm32cube.ide.mcu.externaltools.gnu-tools-for-stm32.12.3.rel1.win32_1.0.200.202406191623/tools/bin/../lib/gcc/arm-none-eabi/12.3.1/../../../../arm-none-eabi/lib/thumb/v6-m/nofp\libc_nano.a(libc_a-errno.o)
                0x08007acc                __errno
 .text.__libc_init_array
                0x08007ad8       0x48 C:/ST/STM32CubeIDE_1.9.0/STM32CubeIDE/plugins/com.st.stm32cube.ide.mcu.externaltools.gnu-tools-for-stm32.12.3.rel1.win32_1.0.200.202406191623/tools/bin/../lib/gcc/arm-none-eabi/12.3.1/../../../../arm-none-eabi/lib/thumb/v6-m/nofp\libc_nano.a(libc_a-init.o)
                0x08007ad8                __libc_init_array
 .text.__retarget_lock_init_recursive
                0x08007b20        0x2 C:/ST/STM32CubeIDE_1.9.0/STM32CubeIDE/plugins/com.st.stm32cube.ide.mcu.externaltools.gnu-tools-for-stm32.12.3.rel1.win32_1.0.200.202406191623/tools/bin/../lib/gcc/arm-none-eabi/12.3.1/../../../../arm-none-eabi/lib/thumb/v6-m/nofp\libc_nano.a(libc_a-lock.o)
                0x08007b20                __retarget_lock_init_recursive
 .text.__retarget_lock_acquire_recursive
                0x08007b22        0x2 C:/ST/STM32CubeIDE_1.9.0/STM32CubeIDE/plugins/com.st.stm32cube.ide.mcu.externaltools.gnu-tools-for-stm32.12.3.rel1.win32_1.0.200.202406191623/tools/bin/../lib/gcc/arm-none-eabi/12.3.1/../../../../arm-none-eabi/lib/thumb/v6-m/nofp\libc_nano.a(libc_a-lock.o)
                0x08007b22                __retarget_lock_acquire_recursive
 .text.__retarget_lock_release_recursive
                0x08007b24        0x2 C:/ST/STM32CubeIDE_1.9.0/STM32CubeIDE/plugins/com.st.stm32cube.ide.mcu.externaltools.gnu-tools-for-stm32.12.3.rel1.win32_1.0.200.202406191623/tools/bin/../lib/gcc/arm-none-eabi/12.3.1/../../../../arm-none-eabi/lib/thumb/v6-m/nofp\libc_nano.a(libc_a-lock.o)
                0x08007b24                __retarget_lock_release_recursive
 .text.strcpy   0x08007b26       0x10 C:/ST/STM32CubeIDE_1.9.0/STM32CubeIDE/plugins/com.st.stm32cube.ide.mcu.externaltools.gnu-tools-for-stm32.12.3.rel1.win32_1.0.200.202406191623/tools/bin/../lib/gcc/arm-none-eabi/12.3.1/../../../../arm-none-eabi/lib/thumb/v6-m/nofp\libc_nano.a(libc_a-strcpy.o)
                0x08007b26                strcpy
 .text.memcpy   0x08007b36       0x12 C:/ST/STM32CubeIDE_1.9.0/STM32CubeIDE/plugins/com.st.stm32cube.ide.mcu.externaltools.gnu-tools-for-stm32.12.3.rel1.win32_1.0.200.202406191623/tools/bin/../lib/gcc/arm-none-eabi/12.3.1/../../../../arm-none-eabi/lib/thumb/v6-m/nofp\libc_nano.a(libc_a-memcpy-stub.o)
                0x08007b36                memcpy
 .text.__assert_func
                0x08007b48       0x3c C:/ST/STM32CubeIDE_1.9.0/STM32CubeIDE/plugins/com.st.stm32cube.ide.mcu.externaltools.gnu-tools-for-stm32.12.3.rel1.win32_1.0.200.202406191623/tools/bin/../lib/gcc/arm-none-eabi/12.3.1/../../../../arm-none-eabi/lib/thumb/v6-m/nofp\libc_nano.a(libc_a-assert.o)
                0x08007b48                __assert_func
 .text._free_r  0x08007b84       0x94 C:/ST/STM32CubeIDE_1.9.0/STM32CubeIDE/plugins/com.st.stm32cube.ide.mcu.externaltools.gnu-tools-for-stm32.12.3.rel1.win32_1.0.200.202406191623/tools/bin/../lib/gcc/arm-none-eabi/12.3.1/../../../../arm-none-eabi/lib/thumb/v6-m/nofp\libc_nano.a(libc_a-freer.o)
                0x08007b84                _free_r
 .text.malloc   0x08007c18       0x14 C:/ST/STM32CubeIDE_1.9.0/STM32CubeIDE/plugins/com.st.stm32cube.ide.mcu.externaltools.gnu-tools-for-stm32.12.3.rel1.win32_1.0.200.202406191623/tools/bin/../lib/gcc/arm-none-eabi/12.3.1/../../../../arm-none-eabi/lib/thumb/v6-m/nofp\libc_nano.a(libc_a-malloc.o)
                0x08007c18                malloc
 .text.sbrk_aligned
                0x08007c2c       0x44 C:/ST/STM32CubeIDE_1.9.0/STM32CubeIDE/plugins/com.st.stm32cube.ide.mcu.externaltools.gnu-tools-for-stm32.12.3.rel1.win32_1.0.200.202406191623/tools/bin/../lib/gcc/arm-none-eabi/12.3.1/../../../../arm-none-eabi/lib/thumb/v6-m/nofp\libc_nano.a(libc_a-mallocr.o)
 .text._malloc_r
                0x08007c70      0x100 C:/ST/STM32CubeIDE_1.9.0/STM32CubeIDE/plugins/com.st.stm32cube.ide.mcu.externaltools.gnu-tools-for-stm32.12.3.rel1.win32_1.0.200.202406191623/tools/bin/../lib/gcc/arm-none-eabi/12.3.1/../../../../arm-none-eabi/lib/thumb/v6-m/nofp\libc_nano.a(libc_a-mallocr.o)
                0x08007c70                _malloc_r
 .text.__malloc_lock
                0x08007d70       0x10 C:/ST/STM32CubeIDE_1.9.0/STM32CubeIDE/plugins/com.st.stm32cube.ide.mcu.externaltools.gnu-tools-for-stm32.12.3.rel1.win32_1.0.200.202406191623/tools/bin/../lib/gcc/arm-none-eabi/12.3.1/../../../../arm-none-eabi/lib/thumb/v6-m/nofp\libc_nano.a(libc_a-mlock.o)
                0x08007d70                __malloc_lock
 .text.__malloc_unlock
                0x08007d80       0x10 C:/ST/STM32CubeIDE_1.9.0/STM32CubeIDE/plugins/com.st.stm32cube.ide.mcu.externaltools.gnu-tools-for-stm32.12.3.rel1.win32_1.0.200.202406191623/tools/bin/../lib/gcc/arm-none-eabi/12.3.1/../../../../arm-none-eabi/lib/thumb/v6-m/nofp\libc_nano.a(libc_a-mlock.o)
                0x08007d80                __malloc_unlock
 .text.__ssputs_r
                0x08007d90       0xc0 C:/ST/STM32CubeIDE_1.9.0/STM32CubeIDE/plugins/com.st.stm32cube.ide.mcu.externaltools.gnu-tools-for-stm32.12.3.rel1.win32_1.0.200.202406191623/tools/bin/../lib/gcc/arm-none-eabi/12.3.1/../../../../arm-none-eabi/lib/thumb/v6-m/nofp\libc_nano.a(libc_a-nano-svfprintf.o)
                0x08007d90                __ssputs_r
 .text._svfprintf_r
                0x08007e50      0x1fc C:/ST/STM32CubeIDE_1.9.0/STM32CubeIDE/plugins/com.st.stm32cube.ide.mcu.externaltools.gnu-tools-for-stm32.12.3.rel1.win32_1.0.200.202406191623/tools/bin/../lib/gcc/arm-none-eabi/12.3.1/../../../../arm-none-eabi/lib/thumb/v6-m/nofp\libc_nano.a(libc_a-nano-svfprintf.o)
                0x08007e50                _svfiprintf_r
                0x08007e50                _svfprintf_r
 .text._printf_common
                0x0800804c       0xde C:/ST/STM32CubeIDE_1.9.0/STM32CubeIDE/plugins/com.st.stm32cube.ide.mcu.externaltools.gnu-tools-for-stm32.12.3.rel1.win32_1.0.200.202406191623/tools/bin/../lib/gcc/arm-none-eabi/12.3.1/../../../../arm-none-eabi/lib/thumb/v6-m/nofp\libc_nano.a(libc_a-nano-vfprintf_i.o)
                0x0800804c                _printf_common
 *fill*         0x0800812a        0x2 
 .text._printf_i
                0x0800812c      0x21c C:/ST/STM32CubeIDE_1.9.0/STM32CubeIDE/plugins/com.st.stm32cube.ide.mcu.externaltools.gnu-tools-for-stm32.12.3.rel1.win32_1.0.200.202406191623/tools/bin/../lib/gcc/arm-none-eabi/12.3.1/../../../../arm-none-eabi/lib/thumb/v6-m/nofp\libc_nano.a(libc_a-nano-vfprintf_i.o)
                0x0800812c                _printf_i
 .text.__sflush_r
                0x08008348      0x10c C:/ST/STM32CubeIDE_1.9.0/STM32CubeIDE/plugins/com.st.stm32cube.ide.mcu.externaltools.gnu-tools-for-stm32.12.3.rel1.win32_1.0.200.202406191623/tools/bin/../lib/gcc/arm-none-eabi/12.3.1/../../../../arm-none-eabi/lib/thumb/v6-m/nofp\libc_nano.a(libc_a-fflush.o)
                0x08008348                __sflush_r
 .text._fflush_r
                0x08008454       0x56 C:/ST/STM32CubeIDE_1.9.0/STM32CubeIDE/plugins/com.st.stm32cube.ide.mcu.externaltools.gnu-tools-for-stm32.12.3.rel1.win32_1.0.200.202406191623/tools/bin/../lib/gcc/arm-none-eabi/12.3.1/../../../../arm-none-eabi/lib/thumb/v6-m/nofp\libc_nano.a(libc_a-fflush.o)
                0x08008454                _fflush_r
 *fill*         0x080084aa        0x2 
 .text.fprintf  0x080084ac       0x20 C:/ST/STM32CubeIDE_1.9.0/STM32CubeIDE/plugins/com.st.stm32cube.ide.mcu.externaltools.gnu-tools-for-stm32.12.3.rel1.win32_1.0.200.202406191623/tools/bin/../lib/gcc/arm-none-eabi/12.3.1/../../../../arm-none-eabi/lib/thumb/v6-m/nofp\libc_nano.a(libc_a-fprintf.o)
                0x080084ac                fiprintf
                0x080084ac                fprintf
 .text.memmove  0x080084cc       0x26 C:/ST/STM32CubeIDE_1.9.0/STM32CubeIDE/plugins/com.st.stm32cube.ide.mcu.externaltools.gnu-tools-for-stm32.12.3.rel1.win32_1.0.200.202406191623/tools/bin/../lib/gcc/arm-none-eabi/12.3.1/../../../../arm-none-eabi/lib/thumb/v6-m/nofp\libc_nano.a(libc_a-memmove.o)
                0x080084cc                memmove
 *fill*         0x080084f2        0x2 
 .text._sbrk_r  0x080084f4       0x24 C:/ST/STM32CubeIDE_1.9.0/STM32CubeIDE/plugins/com.st.stm32cube.ide.mcu.externaltools.gnu-tools-for-stm32.12.3.rel1.win32_1.0.200.202406191623/tools/bin/../lib/gcc/arm-none-eabi/12.3.1/../../../../arm-none-eabi/lib/thumb/v6-m/nofp\libc_nano.a(libc_a-sbrkr.o)
                0x080084f4                _sbrk_r
 .text.memchr   0x08008518       0x16 C:/ST/STM32CubeIDE_1.9.0/STM32CubeIDE/plugins/com.st.stm32cube.ide.mcu.externaltools.gnu-tools-for-stm32.12.3.rel1.win32_1.0.200.202406191623/tools/bin/../lib/gcc/arm-none-eabi/12.3.1/../../../../arm-none-eabi/lib/thumb/v6-m/nofp\libc_nano.a(libc_a-memchr-stub.o)
                0x08008518                memchr
 .text.abort    0x0800852e        0xe C:/ST/STM32CubeIDE_1.9.0/STM32CubeIDE/plugins/com.st.stm32cube.ide.mcu.externaltools.gnu-tools-for-stm32.12.3.rel1.win32_1.0.200.202406191623/tools/bin/../lib/gcc/arm-none-eabi/12.3.1/../../../../arm-none-eabi/lib/thumb/v6-m/nofp\libc_nano.a(libc_a-abort.o)
                0x0800852e                abort
 .text._realloc_r
                0x0800853c       0x5e C:/ST/STM32CubeIDE_1.9.0/STM32CubeIDE/plugins/com.st.stm32cube.ide.mcu.externaltools.gnu-tools-for-stm32.12.3.rel1.win32_1.0.200.202406191623/tools/bin/../lib/gcc/arm-none-eabi/12.3.1/../../../../arm-none-eabi/lib/thumb/v6-m/nofp\libc_nano.a(libc_a-reallocr.o)
                0x0800853c                _realloc_r
 .text.__sfputc_r
                0x0800859a       0x2a C:/ST/STM32CubeIDE_1.9.0/STM32CubeIDE/plugins/com.st.stm32cube.ide.mcu.externaltools.gnu-tools-for-stm32.12.3.rel1.win32_1.0.200.202406191623/tools/bin/../lib/gcc/arm-none-eabi/12.3.1/../../../../arm-none-eabi/lib/thumb/v6-m/nofp\libc_nano.a(libc_a-nano-vfprintf.o)
 .text.__sfputs_r
                0x080085c4       0x24 C:/ST/STM32CubeIDE_1.9.0/STM32CubeIDE/plugins/com.st.stm32cube.ide.mcu.externaltools.gnu-tools-for-stm32.12.3.rel1.win32_1.0.200.202406191623/tools/bin/../lib/gcc/arm-none-eabi/12.3.1/../../../../arm-none-eabi/lib/thumb/v6-m/nofp\libc_nano.a(libc_a-nano-vfprintf.o)
                0x080085c4                __sfputs_r
 .text._vfprintf_r
                0x080085e8      0x238 C:/ST/STM32CubeIDE_1.9.0/STM32CubeIDE/plugins/com.st.stm32cube.ide.mcu.externaltools.gnu-tools-for-stm32.12.3.rel1.win32_1.0.200.202406191623/tools/bin/../lib/gcc/arm-none-eabi/12.3.1/../../../../arm-none-eabi/lib/thumb/v6-m/nofp\libc_nano.a(libc_a-nano-vfprintf.o)
                0x080085e8                _vfprintf_r
                0x080085e8                _vfiprintf_r
 .text.__swbuf_r
                0x08008820       0x84 C:/ST/STM32CubeIDE_1.9.0/STM32CubeIDE/plugins/com.st.stm32cube.ide.mcu.externaltools.gnu-tools-for-stm32.12.3.rel1.win32_1.0.200.202406191623/tools/bin/../lib/gcc/arm-none-eabi/12.3.1/../../../../arm-none-eabi/lib/thumb/v6-m/nofp\libc_nano.a(libc_a-wbuf.o)
                0x08008820                __swbuf_r
 .text.__swsetup_r
                0x080088a4       0xbc C:/ST/STM32CubeIDE_1.9.0/STM32CubeIDE/plugins/com.st.stm32cube.ide.mcu.externaltools.gnu-tools-for-stm32.12.3.rel1.win32_1.0.200.202406191623/tools/bin/../lib/gcc/arm-none-eabi/12.3.1/../../../../arm-none-eabi/lib/thumb/v6-m/nofp\libc_nano.a(libc_a-wsetup.o)
                0x080088a4                __swsetup_r
 .text._raise_r
                0x08008960       0x52 C:/ST/STM32CubeIDE_1.9.0/STM32CubeIDE/plugins/com.st.stm32cube.ide.mcu.externaltools.gnu-tools-for-stm32.12.3.rel1.win32_1.0.200.202406191623/tools/bin/../lib/gcc/arm-none-eabi/12.3.1/../../../../arm-none-eabi/lib/thumb/v6-m/nofp\libc_nano.a(libc_a-signal.o)
                0x08008960                _raise_r
 *fill*         0x080089b2        0x2 
 .text.raise    0x080089b4       0x14 C:/ST/STM32CubeIDE_1.9.0/STM32CubeIDE/plugins/com.st.stm32cube.ide.mcu.externaltools.gnu-tools-for-stm32.12.3.rel1.win32_1.0.200.202406191623/tools/bin/../lib/gcc/arm-none-eabi/12.3.1/../../../../arm-none-eabi/lib/thumb/v6-m/nofp\libc_nano.a(libc_a-signal.o)
                0x080089b4                raise
 .text._kill_r  0x080089c8       0x24 C:/ST/STM32CubeIDE_1.9.0/STM32CubeIDE/plugins/com.st.stm32cube.ide.mcu.externaltools.gnu-tools-for-stm32.12.3.rel1.win32_1.0.200.202406191623/tools/bin/../lib/gcc/arm-none-eabi/12.3.1/../../../../arm-none-eabi/lib/thumb/v6-m/nofp\libc_nano.a(libc_a-signalr.o)
                0x080089c8                _kill_r
 .text._getpid_r
                0x080089ec        0x8 C:/ST/STM32CubeIDE_1.9.0/STM32CubeIDE/plugins/com.st.stm32cube.ide.mcu.externaltools.gnu-tools-for-stm32.12.3.rel1.win32_1.0.200.202406191623/tools/bin/../lib/gcc/arm-none-eabi/12.3.1/../../../../arm-none-eabi/lib/thumb/v6-m/nofp\libc_nano.a(libc_a-signalr.o)
                0x080089ec                _getpid_r
 .text._malloc_usable_size_r
                0x080089f4       0x10 C:/ST/STM32CubeIDE_1.9.0/STM32CubeIDE/plugins/com.st.stm32cube.ide.mcu.externaltools.gnu-tools-for-stm32.12.3.rel1.win32_1.0.200.202406191623/tools/bin/../lib/gcc/arm-none-eabi/12.3.1/../../../../arm-none-eabi/lib/thumb/v6-m/nofp\libc_nano.a(libc_a-msizer.o)
                0x080089f4                _malloc_usable_size_r
 .text.__swhatbuf_r
                0x08008a04       0x54 C:/ST/STM32CubeIDE_1.9.0/STM32CubeIDE/plugins/com.st.stm32cube.ide.mcu.externaltools.gnu-tools-for-stm32.12.3.rel1.win32_1.0.200.202406191623/tools/bin/../lib/gcc/arm-none-eabi/12.3.1/../../../../arm-none-eabi/lib/thumb/v6-m/nofp\libc_nano.a(libc_a-makebuf.o)
                0x08008a04                __swhatbuf_r
 .text.__smakebuf_r
                0x08008a58       0x82 C:/ST/STM32CubeIDE_1.9.0/STM32CubeIDE/plugins/com.st.stm32cube.ide.mcu.externaltools.gnu-tools-for-stm32.12.3.rel1.win32_1.0.200.202406191623/tools/bin/../lib/gcc/arm-none-eabi/12.3.1/../../../../arm-none-eabi/lib/thumb/v6-m/nofp\libc_nano.a(libc_a-makebuf.o)
                0x08008a58                __smakebuf_r
 *fill*         0x08008ada        0x2 
 .text._fstat_r
                0x08008adc       0x24 C:/ST/STM32CubeIDE_1.9.0/STM32CubeIDE/plugins/com.st.stm32cube.ide.mcu.externaltools.gnu-tools-for-stm32.12.3.rel1.win32_1.0.200.202406191623/tools/bin/../lib/gcc/arm-none-eabi/12.3.1/../../../../arm-none-eabi/lib/thumb/v6-m/nofp\libc_nano.a(libc_a-fstatr.o)
                0x08008adc                _fstat_r
 .text._isatty_r
                0x08008b00       0x24 C:/ST/STM32CubeIDE_1.9.0/STM32CubeIDE/plugins/com.st.stm32cube.ide.mcu.externaltools.gnu-tools-for-stm32.12.3.rel1.win32_1.0.200.202406191623/tools/bin/../lib/gcc/arm-none-eabi/12.3.1/../../../../arm-none-eabi/lib/thumb/v6-m/nofp\libc_nano.a(libc_a-isattyr.o)
                0x08008b00                _isatty_r
 *(.glue_7)
 .glue_7        0x08008b24        0x0 linker stubs
 *(.glue_7t)
 .glue_7t       0x08008b24        0x0 linker stubs
 *(.eh_frame)
 .eh_frame      0x08008b24        0x0 C:/ST/STM32CubeIDE_1.9.0/STM32CubeIDE/plugins/com.st.stm32cube.ide.mcu.externaltools.gnu-tools-for-stm32.12.3.rel1.win32_1.0.200.202406191623/tools/bin/../lib/gcc/arm-none-eabi/12.3.1/thumb/v6-m/nofp/crtbegin.o
 *(.init)
 .init          0x08008b24        0x4 C:/ST/STM32CubeIDE_1.9.0/STM32CubeIDE/plugins/com.st.stm32cube.ide.mcu.externaltools.gnu-tools-for-stm32.12.3.rel1.win32_1.0.200.202406191623/tools/bin/../lib/gcc/arm-none-eabi/12.3.1/thumb/v6-m/nofp/crti.o
                0x08008b24                _init
 .init          0x08008b28        0x8 C:/ST/STM32CubeIDE_1.9.0/STM32CubeIDE/plugins/com.st.stm32cube.ide.mcu.externaltools.gnu-tools-for-stm32.12.3.rel1.win32_1.0.200.202406191623/tools/bin/../lib/gcc/arm-none-eabi/12.3.1/thumb/v6-m/nofp/crtn.o
 *(.fini)
 .fini          0x08008b30        0x4 C:/ST/STM32CubeIDE_1.9.0/STM32CubeIDE/plugins/com.st.stm32cube.ide.mcu.externaltools.gnu-tools-for-stm32.12.3.rel1.win32_1.0.200.202406191623/tools/bin/../lib/gcc/arm-none-eabi/12.3.1/thumb/v6-m/nofp/crti.o
                0x08008b30                _fini
 .fini          0x08008b34        0x8 C:/ST/STM32CubeIDE_1.9.0/STM32CubeIDE/plugins/com.st.stm32cube.ide.mcu.externaltools.gnu-tools-for-stm32.12.3.rel1.win32_1.0.200.202406191623/tools/bin/../lib/gcc/arm-none-eabi/12.3.1/thumb/v6-m/nofp/crtn.o
                0x08008b3c                        . = ALIGN (0x4)
                0x08008b3c                        _etext = .

.vfp11_veneer   0x08008b3c        0x0
 .vfp11_veneer  0x08008b3c        0x0 linker stubs

.v4_bx          0x08008b3c        0x0
 .v4_bx         0x08008b3c        0x0 linker stubs

.iplt           0x08008b3c        0x0
 .iplt          0x08008b3c        0x0 C:/ST/STM32CubeIDE_1.9.0/STM32CubeIDE/plugins/com.st.stm32cube.ide.mcu.externaltools.gnu-tools-for-stm32.12.3.rel1.win32_1.0.200.202406191623/tools/bin/../lib/gcc/arm-none-eabi/12.3.1/thumb/v6-m/nofp/crtbegin.o

.rodata         0x08008b3c      0x4a4
                0x08008b3c                        . = ALIGN (0x4)
 *(.rodata)
 .rodata        0x08008b3c       0x50 ./Core/Src/settings.o
 *(.rodata*)
 .rodata.main.str1.4
                0x08008b8c       0x11 ./Core/Src/main.o
 *fill*         0x08008b9d        0x3 
 .rodata.decodeCommand.str1.4
                0x08008ba0        0x2 ./Core/Src/settings.o
 *fill*         0x08008ba2        0x2 
 .rodata.serialPrintStatus.str1.4
                0x08008ba4       0x43 ./Core/Src/settings.o
 *fill*         0x08008be7        0x1 
 .rodata.serialPrintSettings.str1.4
                0x08008be8       0x6c ./Core/Src/settings.o
 .rodata.modifySettingsWithCommand.str1.4
                0x08008c54       0xd3 ./Core/Src/settings.o
 *fill*         0x08008d27        0x1 
 .rodata.AHBPrescTable
                0x08008d28       0x10 ./Core/Src/system_stm32f0xx.o
                0x08008d28                AHBPrescTable
 .rodata.aPredivFactorTable.0
                0x08008d38       0x10 ./Drivers/STM32F0xx_HAL_Driver/Src/stm32f0xx_hal_rcc.o
 .rodata.aPLLMULFactorTable.1
                0x08008d48       0x10 ./Drivers/STM32F0xx_HAL_Driver/Src/stm32f0xx_hal_rcc.o
 .rodata.USBD_StdDevReq
                0x08008d58       0x60 ./Middlewares/ST/STM32_USB_Device_Library/Core/Src/usbd_ctlreq.o
 .rodata.USBD_FS_ManufacturerStrDescriptor.str1.4
                0x08008db8       0x13 ./USB_DEVICE/App/usbd_desc.o
 *fill*         0x08008dcb        0x1 
 .rodata.USBD_FS_ProductStrDescriptor.str1.4
                0x08008dcc       0x16 ./USB_DEVICE/App/usbd_desc.o
 *fill*         0x08008de2        0x2 
 .rodata.USBD_FS_ConfigStrDescriptor.str1.4
                0x08008de4        0xb ./USB_DEVICE/App/usbd_desc.o
 *fill*         0x08008def        0x1 
 .rodata.USBD_FS_InterfaceStrDescriptor.str1.4
                0x08008df0        0xe ./USB_DEVICE/App/usbd_desc.o
 .rodata._ctype_
                0x08008dfe      0x101 C:/ST/STM32CubeIDE_1.9.0/STM32CubeIDE/plugins/com.st.stm32cube.ide.mcu.externaltools.gnu-tools-for-stm32.12.3.rel1.win32_1.0.200.202406191623/tools/bin/../lib/gcc/arm-none-eabi/12.3.1/../../../../arm-none-eabi/lib/thumb/v6-m/nofp\libc_nano.a(libc_a-ctype_.o)
                0x08008dfe                _ctype_
 .rodata.strtok.str1.1
                0x08008eff       0x71 C:/ST/STM32CubeIDE_1.9.0/STM32CubeIDE/plugins/com.st.stm32cube.ide.mcu.externaltools.gnu-tools-for-stm32.12.3.rel1.win32_1.0.200.202406191623/tools/bin/../lib/gcc/arm-none-eabi/12.3.1/../../../../arm-none-eabi/lib/thumb/v6-m/nofp\libc_nano.a(libc_a-strtok.o)
 .rodata.__assert_func.str1.1
                0x08008f70       0x3c C:/ST/STM32CubeIDE_1.9.0/STM32CubeIDE/plugins/com.st.stm32cube.ide.mcu.externaltools.gnu-tools-for-stm32.12.3.rel1.win32_1.0.200.202406191623/tools/bin/../lib/gcc/arm-none-eabi/12.3.1/../../../../arm-none-eabi/lib/thumb/v6-m/nofp\libc_nano.a(libc_a-assert.o)
                                 0x3d (size before relaxing)
 .rodata._svfprintf_r.str1.1
                0x08008fac       0x11 C:/ST/STM32CubeIDE_1.9.0/STM32CubeIDE/plugins/com.st.stm32cube.ide.mcu.externaltools.gnu-tools-for-stm32.12.3.rel1.win32_1.0.200.202406191623/tools/bin/../lib/gcc/arm-none-eabi/12.3.1/../../../../arm-none-eabi/lib/thumb/v6-m/nofp\libc_nano.a(libc_a-nano-svfprintf.o)
 .rodata._printf_i.str1.1
                0x08008fbd       0x22 C:/ST/STM32CubeIDE_1.9.0/STM32CubeIDE/plugins/com.st.stm32cube.ide.mcu.externaltools.gnu-tools-for-stm32.12.3.rel1.win32_1.0.200.202406191623/tools/bin/../lib/gcc/arm-none-eabi/12.3.1/../../../../arm-none-eabi/lib/thumb/v6-m/nofp\libc_nano.a(libc_a-nano-vfprintf_i.o)
 .rodata._vfprintf_r.str1.1
                0x08008fdf       0x11 C:/ST/STM32CubeIDE_1.9.0/STM32CubeIDE/plugins/com.st.stm32cube.ide.mcu.externaltools.gnu-tools-for-stm32.12.3.rel1.win32_1.0.200.202406191623/tools/bin/../lib/gcc/arm-none-eabi/12.3.1/../../../../arm-none-eabi/lib/thumb/v6-m/nofp\libc_nano.a(libc_a-nano-vfprintf.o)
                0x08008ff0                        . = ALIGN (0x4)
 *fill*         0x08008fdf        0x1 

.ARM.extab      0x08008fe0        0x0
                0x08008fe0                        . = ALIGN (0x4)
 *(.ARM.extab* .gnu.linkonce.armextab.*)
                0x08008fe0                        . = ALIGN (0x4)

.ARM            0x08008fe0        0x0
                0x08008fe0                        . = ALIGN (0x4)
                0x08008fe0                        __exidx_start = .
 *(.ARM.exidx*)
                0x08008fe0                        __exidx_end = .
                0x08008fe0                        . = ALIGN (0x4)

.preinit_array  0x08008fe0        0x0
                0x08008fe0                        . = ALIGN (0x4)
                0x08008fe0                        PROVIDE (__preinit_array_start = .)
 *(.preinit_array*)
                0x08008fe0                        PROVIDE (__preinit_array_end = .)
                0x08008fe0                        . = ALIGN (0x4)

.init_array     0x08008fe0        0x4
                0x08008fe0                        . = ALIGN (0x4)
                0x08008fe0                        PROVIDE (__init_array_start = .)
 *(SORT_BY_NAME(.init_array.*))
 *(.init_array*)
 .init_array    0x08008fe0        0x4 C:/ST/STM32CubeIDE_1.9.0/STM32CubeIDE/plugins/com.st.stm32cube.ide.mcu.externaltools.gnu-tools-for-stm32.12.3.rel1.win32_1.0.200.202406191623/tools/bin/../lib/gcc/arm-none-eabi/12.3.1/thumb/v6-m/nofp/crtbegin.o
                0x08008fe4                        PROVIDE (__init_array_end = .)
                0x08008fe4                        . = ALIGN (0x4)

.fini_array     0x08008fe4        0x4
                0x08008fe4                        . = ALIGN (0x4)
                [!provide]                        PROVIDE (__fini_array_start = .)
 *(SORT_BY_NAME(.fini_array.*))
 *(.fini_array*)
 .fini_array    0x08008fe4        0x4 C:/ST/STM32CubeIDE_1.9.0/STM32CubeIDE/plugins/com.st.stm32cube.ide.mcu.externaltools.gnu-tools-for-stm32.12.3.rel1.win32_1.0.200.202406191623/tools/bin/../lib/gcc/arm-none-eabi/12.3.1/thumb/v6-m/nofp/crtbegin.o
                [!provide]                        PROVIDE (__fini_array_end = .)
                0x08008fe8                        . = ALIGN (0x4)
                0x08008fe8                        _sidata = LOADADDR (.data)

.rel.dyn        0x08008fe8        0x0
 .rel.iplt      0x08008fe8        0x0 C:/ST/STM32CubeIDE_1.9.0/STM32CubeIDE/plugins/com.st.stm32cube.ide.mcu.externaltools.gnu-tools-for-stm32.12.3.rel1.win32_1.0.200.202406191623/tools/bin/../lib/gcc/arm-none-eabi/12.3.1/thumb/v6-m/nofp/crtbegin.o

.data           0x20000000      0x1ec load address 0x08008fe8
                0x20000000                        . = ALIGN (0x4)
                0x20000000                        _sdata = .
 *(.data)
 *(.data*)
 .data.recieverIsPWM
                0x20000000        0x4 ./Core/Src/main.o
                0x20000000                recieverIsPWM
 .data.cutOffVoltage
                0x20000004        0x1 ./Core/Src/main.o
                0x20000004                cutOffVoltage
 .data.limitVoltage
                0x20000005        0x1 ./Core/Src/main.o
                0x20000005                limitVoltage
 .data.noDisarm
                0x20000006        0x1 ./Core/Src/main.o
                0x20000006                noDisarm
 .data.tankMixIsON
                0x20000007        0x1 ./Core/Src/main.o
                0x20000007                tankMixIsON
 .data.mWeapon  0x20000008        0x1 ./Core/Src/main.o
                0x20000008                mWeapon
 .data.mRight   0x20000009        0x1 ./Core/Src/main.o
                0x20000009                mRight
 .data.m2Rev    0x2000000a        0x1 ./Core/Src/main.o
                0x2000000a                m2Rev
 .data.m1Rev    0x2000000b        0x1 ./Core/Src/main.o
                0x2000000b                m1Rev
 .data.armChannel
                0x2000000c        0x1 ./Core/Src/main.o
                0x2000000c                armChannel
 .data.s2Channel
                0x2000000d        0x1 ./Core/Src/main.o
                0x2000000d                s2Channel
 .data.s1Channel
                0x2000000e        0x1 ./Core/Src/main.o
                0x2000000e                s1Channel
 .data.wpChannel
                0x2000000f        0x1 ./Core/Src/main.o
                0x2000000f                wpChannel
 .data.stChannel
                0x20000010        0x1 ./Core/Src/main.o
                0x20000010                stChannel
 .data.thChannel
                0x20000011        0x1 ./Core/Src/main.o
                0x20000011                thChannel
 .data.channelToRead
                0x20000012        0x1 ./Core/Src/reciever.o
                0x20000012                channelToRead
 *fill*         0x20000013        0x1 
 .data.SystemCoreClock
                0x20000014        0x4 ./Core/Src/system_stm32f0xx.o
                0x20000014                SystemCoreClock
 .data.uwTickFreq
                0x20000018        0x1 ./Drivers/STM32F0xx_HAL_Driver/Src/stm32f0xx_hal.o
                0x20000018                uwTickFreq
 *fill*         0x20000019        0x3 
 .data.uwTickPrio
                0x2000001c        0x4 ./Drivers/STM32F0xx_HAL_Driver/Src/stm32f0xx_hal.o
                0x2000001c                uwTickPrio
 .data.USBD_CDC_OtherSpeedCfgDesc
                0x20000020       0x43 ./Middlewares/ST/STM32_USB_Device_Library/Class/CDC/Src/usbd_cdc.o
                0x20000020                USBD_CDC_OtherSpeedCfgDesc
 *fill*         0x20000063        0x1 
 .data.USBD_CDC_CfgFSDesc
                0x20000064       0x43 ./Middlewares/ST/STM32_USB_Device_Library/Class/CDC/Src/usbd_cdc.o
                0x20000064                USBD_CDC_CfgFSDesc
 *fill*         0x200000a7        0x1 
 .data.USBD_CDC_CfgHSDesc
                0x200000a8       0x43 ./Middlewares/ST/STM32_USB_Device_Library/Class/CDC/Src/usbd_cdc.o
                0x200000a8                USBD_CDC_CfgHSDesc
 *fill*         0x200000eb        0x1 
 .data.USBD_CDC
                0x200000ec       0x38 ./Middlewares/ST/STM32_USB_Device_Library/Class/CDC/Src/usbd_cdc.o
                0x200000ec                USBD_CDC
 .data.USBD_CDC_DeviceQualifierDesc
                0x20000124        0xa ./Middlewares/ST/STM32_USB_Device_Library/Class/CDC/Src/usbd_cdc.o
 *fill*         0x2000012e        0x2 
 .data.USBD_Interface_fops_FS
                0x20000130       0x10 ./USB_DEVICE/App/usbd_cdc_if.o
                0x20000130                USBD_Interface_fops_FS
 .data.USBD_StringSerial
                0x20000140       0x1a ./USB_DEVICE/App/usbd_desc.o
                0x20000140                USBD_StringSerial
 *fill*         0x2000015a        0x2 
 .data.USBD_LangIDDesc
                0x2000015c        0x4 ./USB_DEVICE/App/usbd_desc.o
                0x2000015c                USBD_LangIDDesc
 .data.USBD_FS_DeviceDesc
                0x20000160       0x12 ./USB_DEVICE/App/usbd_desc.o
                0x20000160                USBD_FS_DeviceDesc
 *fill*         0x20000172        0x2 
 .data.FS_Desc  0x20000174       0x1c ./USB_DEVICE/App/usbd_desc.o
                0x20000174                FS_Desc
 .data.__sglue  0x20000190        0xc C:/ST/STM32CubeIDE_1.9.0/STM32CubeIDE/plugins/com.st.stm32cube.ide.mcu.externaltools.gnu-tools-for-stm32.12.3.rel1.win32_1.0.200.202406191623/tools/bin/../lib/gcc/arm-none-eabi/12.3.1/../../../../arm-none-eabi/lib/thumb/v6-m/nofp\libc_nano.a(libc_a-findfp.o)
                0x20000190                __sglue
 .data._impure_ptr
                0x2000019c        0x4 C:/ST/STM32CubeIDE_1.9.0/STM32CubeIDE/plugins/com.st.stm32cube.ide.mcu.externaltools.gnu-tools-for-stm32.12.3.rel1.win32_1.0.200.202406191623/tools/bin/../lib/gcc/arm-none-eabi/12.3.1/../../../../arm-none-eabi/lib/thumb/v6-m/nofp\libc_nano.a(libc_a-impure.o)
                0x2000019c                _impure_ptr
 .data._impure_data
                0x200001a0       0x4c C:/ST/STM32CubeIDE_1.9.0/STM32CubeIDE/plugins/com.st.stm32cube.ide.mcu.externaltools.gnu-tools-for-stm32.12.3.rel1.win32_1.0.200.202406191623/tools/bin/../lib/gcc/arm-none-eabi/12.3.1/../../../../arm-none-eabi/lib/thumb/v6-m/nofp\libc_nano.a(libc_a-impure.o)
                0x200001a0                _impure_data
 *(.RamFunc)
 *(.RamFunc*)
                0x200001ec                        . = ALIGN (0x4)
                0x200001ec                        _edata = .

.igot.plt       0x200001ec        0x0 load address 0x080091d4
 .igot.plt      0x200001ec        0x0 C:/ST/STM32CubeIDE_1.9.0/STM32CubeIDE/plugins/com.st.stm32cube.ide.mcu.externaltools.gnu-tools-for-stm32.12.3.rel1.win32_1.0.200.202406191623/tools/bin/../lib/gcc/arm-none-eabi/12.3.1/thumb/v6-m/nofp/crtbegin.o
                0x200001ec                        . = ALIGN (0x4)

.bss            0x200001ec     0x1568 load address 0x080091d4
                0x200001ec                        _sbss = .
                0x200001ec                        __bss_start__ = _sbss
 *(.bss)
 .bss           0x200001ec       0x1c C:/ST/STM32CubeIDE_1.9.0/STM32CubeIDE/plugins/com.st.stm32cube.ide.mcu.externaltools.gnu-tools-for-stm32.12.3.rel1.win32_1.0.200.202406191623/tools/bin/../lib/gcc/arm-none-eabi/12.3.1/thumb/v6-m/nofp/crtbegin.o
 *(.bss*)
 .bss.recievedString
                0x20000208       0x14 ./Core/Src/main.o
                0x20000208                recievedString
 .bss.weaponDoubleDirection
                0x2000021c        0x1 ./Core/Src/main.o
                0x2000021c                weaponDoubleDirection
 .bss.mLeft     0x2000021d        0x1 ./Core/Src/main.o
                0x2000021d                mLeft
 .bss.s2Rev     0x2000021e        0x1 ./Core/Src/main.o
                0x2000021e                s2Rev
 .bss.s1Rev     0x2000021f        0x1 ./Core/Src/main.o
                0x2000021f                s1Rev
 .bss.m3Rev     0x20000220        0x1 ./Core/Src/main.o
                0x20000220                m3Rev
 .bss.armed     0x20000221        0x1 ./Core/Src/main.o
                0x20000221                armed
 .bss.batteryConfiguration
                0x20000222        0x1 ./Core/Src/main.o
                0x20000222                batteryConfiguration
 .bss.limit     0x20000223        0x1 ./Core/Src/main.o
                0x20000223                limit
 .bss.cutoff    0x20000224        0x1 ./Core/Src/main.o
                0x20000224                cutoff
 *fill*         0x20000225        0x1 
 .bss.batteryVoltage
                0x20000226        0x2 ./Core/Src/main.o
                0x20000226                batteryVoltage
 .bss.commandRecieved
                0x20000228        0x1 ./Core/Src/main.o
                0x20000228                commandRecieved
 *fill*         0x20000229        0x3 
 .bss.tank      0x2000022c        0x2 ./Core/Src/main.o
                0x2000022c                tank
 *fill*         0x2000022e        0x2 
 .bss.htim17    0x20000230       0x48 ./Core/Src/main.o
                0x20000230                htim17
 .bss.htim16    0x20000278       0x48 ./Core/Src/main.o
                0x20000278                htim16
 .bss.htim6     0x200002c0       0x48 ./Core/Src/main.o
                0x200002c0                htim6
 .bss.htim1     0x20000308       0x48 ./Core/Src/main.o
                0x20000308                htim1
 .bss.hi2c1     0x20000350       0x54 ./Core/Src/main.o
                0x20000350                hi2c1
 .bss.hadc      0x200003a4       0x40 ./Core/Src/main.o
                0x200003a4                hadc
 .bss.aligned   0x200003e4        0x1 ./Core/Src/reciever.o
                0x200003e4                aligned
 *fill*         0x200003e5        0x3 
 .bss.reciever_channels
                0x200003e8       0x12 ./Core/Src/reciever.o
                0x200003e8                reciever_channels
 .bss.usWidth   0x200003fa        0x2 ./Core/Src/reciever.o
                0x200003fa                usWidth
 .bss.buffer    0x200003fc       0x40 ./Core/Src/settings.o
                0x200003fc                buffer
 .bss.__sbrk_heap_end
                0x2000043c        0x4 ./Core/Src/sysmem.o
 .bss.uwTick    0x20000440        0x4 ./Drivers/STM32F0xx_HAL_Driver/Src/stm32f0xx_hal.o
                0x20000440                uwTick
 .bss.cfgidx.0  0x20000444        0x1 ./Middlewares/ST/STM32_USB_Device_Library/Core/Src/usbd_ctlreq.o
 *fill*         0x20000445        0x3 
 .bss.hUsbDeviceFS
                0x20000448      0x2c4 ./USB_DEVICE/App/usb_device.o
                0x20000448                hUsbDeviceFS
 .bss.UserTxBufferFS
                0x2000070c      0x400 ./USB_DEVICE/App/usbd_cdc_if.o
                0x2000070c                UserTxBufferFS
 .bss.UserRxBufferFS
                0x20000b0c      0x400 ./USB_DEVICE/App/usbd_cdc_if.o
                0x20000b0c                UserRxBufferFS
 .bss.USBD_StrDesc
                0x20000f0c      0x200 ./USB_DEVICE/App/usbd_desc.o
                0x20000f0c                USBD_StrDesc
 .bss.mem.0     0x2000110c      0x220 ./USB_DEVICE/Target/usbd_conf.o
 .bss.hpcd_USB_FS
                0x2000132c      0x2dc ./USB_DEVICE/Target/usbd_conf.o
                0x2000132c                hpcd_USB_FS
 .bss.__sf      0x20001608      0x138 C:/ST/STM32CubeIDE_1.9.0/STM32CubeIDE/plugins/com.st.stm32cube.ide.mcu.externaltools.gnu-tools-for-stm32.12.3.rel1.win32_1.0.200.202406191623/tools/bin/../lib/gcc/arm-none-eabi/12.3.1/../../../../arm-none-eabi/lib/thumb/v6-m/nofp\libc_nano.a(libc_a-findfp.o)
                0x20001608                __sf
 .bss.__stdio_exit_handler
                0x20001740        0x4 C:/ST/STM32CubeIDE_1.9.0/STM32CubeIDE/plugins/com.st.stm32cube.ide.mcu.externaltools.gnu-tools-for-stm32.12.3.rel1.win32_1.0.200.202406191623/tools/bin/../lib/gcc/arm-none-eabi/12.3.1/../../../../arm-none-eabi/lib/thumb/v6-m/nofp\libc_nano.a(libc_a-findfp.o)
                0x20001740                __stdio_exit_handler
 .bss.errno     0x20001744        0x4 C:/ST/STM32CubeIDE_1.9.0/STM32CubeIDE/plugins/com.st.stm32cube.ide.mcu.externaltools.gnu-tools-for-stm32.12.3.rel1.win32_1.0.200.202406191623/tools/bin/../lib/gcc/arm-none-eabi/12.3.1/../../../../arm-none-eabi/lib/thumb/v6-m/nofp\libc_nano.a(libc_a-reent.o)
                0x20001744                errno
 .bss.__lock___malloc_recursive_mutex
                0x20001748        0x1 C:/ST/STM32CubeIDE_1.9.0/STM32CubeIDE/plugins/com.st.stm32cube.ide.mcu.externaltools.gnu-tools-for-stm32.12.3.rel1.win32_1.0.200.202406191623/tools/bin/../lib/gcc/arm-none-eabi/12.3.1/../../../../arm-none-eabi/lib/thumb/v6-m/nofp\libc_nano.a(libc_a-lock.o)
                0x20001748                __lock___malloc_recursive_mutex
 .bss.__lock___sfp_recursive_mutex
                0x20001749        0x1 C:/ST/STM32CubeIDE_1.9.0/STM32CubeIDE/plugins/com.st.stm32cube.ide.mcu.externaltools.gnu-tools-for-stm32.12.3.rel1.win32_1.0.200.202406191623/tools/bin/../lib/gcc/arm-none-eabi/12.3.1/../../../../arm-none-eabi/lib/thumb/v6-m/nofp\libc_nano.a(libc_a-lock.o)
                0x20001749                __lock___sfp_recursive_mutex
 *fill*         0x2000174a        0x2 
 .bss.__malloc_sbrk_start
                0x2000174c        0x4 C:/ST/STM32CubeIDE_1.9.0/STM32CubeIDE/plugins/com.st.stm32cube.ide.mcu.externaltools.gnu-tools-for-stm32.12.3.rel1.win32_1.0.200.202406191623/tools/bin/../lib/gcc/arm-none-eabi/12.3.1/../../../../arm-none-eabi/lib/thumb/v6-m/nofp\libc_nano.a(libc_a-mallocr.o)
                0x2000174c                __malloc_sbrk_start
 .bss.__malloc_free_list
                0x20001750        0x4 C:/ST/STM32CubeIDE_1.9.0/STM32CubeIDE/plugins/com.st.stm32cube.ide.mcu.externaltools.gnu-tools-for-stm32.12.3.rel1.win32_1.0.200.202406191623/tools/bin/../lib/gcc/arm-none-eabi/12.3.1/../../../../arm-none-eabi/lib/thumb/v6-m/nofp\libc_nano.a(libc_a-mallocr.o)
                0x20001750                __malloc_free_list
 *(COMMON)
                0x20001754                        . = ALIGN (0x4)
                0x20001754                        _ebss = .
                0x20001754                        __bss_end__ = _ebss

._user_heap_stack
                0x20001754      0x604 load address 0x080091d4
                0x20001758                        . = ALIGN (0x8)
 *fill*         0x20001754        0x4 
                [!provide]                        PROVIDE (end = .)
                0x20001758                        PROVIDE (_end = .)
                0x20001958                        . = (. + _Min_Heap_Size)
 *fill*         0x20001758      0x200 
                0x20001d58                        . = (. + _Min_Stack_Size)
 *fill*         0x20001958      0x400 
                0x20001d58                        . = ALIGN (0x8)

/DISCARD/
 libc.a(*)
 libm.a(*)
 libgcc.a(*)

.ARM.attributes
                0x00000000       0x28
 *(.ARM.attributes)
 .ARM.attributes
                0x00000000       0x1e C:/ST/STM32CubeIDE_1.9.0/STM32CubeIDE/plugins/com.st.stm32cube.ide.mcu.externaltools.gnu-tools-for-stm32.12.3.rel1.win32_1.0.200.202406191623/tools/bin/../lib/gcc/arm-none-eabi/12.3.1/thumb/v6-m/nofp/crti.o
 .ARM.attributes
                0x0000001e       0x2c C:/ST/STM32CubeIDE_1.9.0/STM32CubeIDE/plugins/com.st.stm32cube.ide.mcu.externaltools.gnu-tools-for-stm32.12.3.rel1.win32_1.0.200.202406191623/tools/bin/../lib/gcc/arm-none-eabi/12.3.1/thumb/v6-m/nofp/crtbegin.o
 .ARM.attributes
                0x0000004a       0x2c ./Core/Src/battery.o
 .ARM.attributes
                0x00000076       0x2c ./Core/Src/main.o
 .ARM.attributes
                0x000000a2       0x2c ./Core/Src/motor.o
 .ARM.attributes
                0x000000ce       0x2c ./Core/Src/reciever.o
 .ARM.attributes
                0x000000fa       0x2c ./Core/Src/servo.o
 .ARM.attributes
                0x00000126       0x2c ./Core/Src/settings.o
 .ARM.attributes
                0x00000152       0x2c ./Core/Src/stm32f0xx_hal_msp.o
 .ARM.attributes
                0x0000017e       0x2c ./Core/Src/stm32f0xx_it.o
 .ARM.attributes
                0x000001aa       0x2c ./Core/Src/syscalls.o
 .ARM.attributes
                0x000001d6       0x2c ./Core/Src/sysmem.o
 .ARM.attributes
                0x00000202       0x2c ./Core/Src/system_stm32f0xx.o
 .ARM.attributes
                0x0000022e       0x21 ./Core/Startup/startup_stm32f070cbtx.o
 .ARM.attributes
                0x0000024f       0x2c ./Drivers/STM32F0xx_HAL_Driver/Src/stm32f0xx_hal.o
 .ARM.attributes
                0x0000027b       0x2c ./Drivers/STM32F0xx_HAL_Driver/Src/stm32f0xx_hal_adc.o
 .ARM.attributes
                0x000002a7       0x2c ./Drivers/STM32F0xx_HAL_Driver/Src/stm32f0xx_hal_cortex.o
 .ARM.attributes
                0x000002d3       0x2c ./Drivers/STM32F0xx_HAL_Driver/Src/stm32f0xx_hal_gpio.o
 .ARM.attributes
                0x000002ff       0x2c ./Drivers/STM32F0xx_HAL_Driver/Src/stm32f0xx_hal_i2c.o
 .ARM.attributes
                0x0000032b       0x2c ./Drivers/STM32F0xx_HAL_Driver/Src/stm32f0xx_hal_i2c_ex.o
 .ARM.attributes
                0x00000357       0x2c ./Drivers/STM32F0xx_HAL_Driver/Src/stm32f0xx_hal_pcd.o
 .ARM.attributes
                0x00000383       0x2c ./Drivers/STM32F0xx_HAL_Driver/Src/stm32f0xx_hal_pcd_ex.o
 .ARM.attributes
                0x000003af       0x2c ./Drivers/STM32F0xx_HAL_Driver/Src/stm32f0xx_hal_rcc.o
 .ARM.attributes
                0x000003db       0x2c ./Drivers/STM32F0xx_HAL_Driver/Src/stm32f0xx_hal_rcc_ex.o
 .ARM.attributes
                0x00000407       0x2c ./Drivers/STM32F0xx_HAL_Driver/Src/stm32f0xx_hal_tim.o
 .ARM.attributes
                0x00000433       0x2c ./Drivers/STM32F0xx_HAL_Driver/Src/stm32f0xx_hal_tim_ex.o
 .ARM.attributes
                0x0000045f       0x2c ./Drivers/STM32F0xx_HAL_Driver/Src/stm32f0xx_ll_usb.o
 .ARM.attributes
                0x0000048b       0x2c ./Middlewares/ST/STM32_USB_Device_Library/Class/CDC/Src/usbd_cdc.o
 .ARM.attributes
                0x000004b7       0x2c ./Middlewares/ST/STM32_USB_Device_Library/Core/Src/usbd_core.o
 .ARM.attributes
                0x000004e3       0x2c ./Middlewares/ST/STM32_USB_Device_Library/Core/Src/usbd_ctlreq.o
 .ARM.attributes
                0x0000050f       0x2c ./Middlewares/ST/STM32_USB_Device_Library/Core/Src/usbd_ioreq.o
 .ARM.attributes
                0x0000053b       0x2c ./USB_DEVICE/App/usb_device.o
 .ARM.attributes
                0x00000567       0x2c ./USB_DEVICE/App/usbd_cdc_if.o
 .ARM.attributes
                0x00000593       0x2c ./USB_DEVICE/App/usbd_desc.o
 .ARM.attributes
                0x000005bf       0x2c ./USB_DEVICE/Target/usbd_conf.o
 .ARM.attributes
                0x000005eb       0x2c C:/ST/STM32CubeIDE_1.9.0/STM32CubeIDE/plugins/com.st.stm32cube.ide.mcu.externaltools.gnu-tools-for-stm32.12.3.rel1.win32_1.0.200.202406191623/tools/bin/../lib/gcc/arm-none-eabi/12.3.1/../../../../arm-none-eabi/lib/thumb/v6-m/nofp\libc_nano.a(libc_a-atoi.o)
 .ARM.attributes
                0x00000617       0x2c C:/ST/STM32CubeIDE_1.9.0/STM32CubeIDE/plugins/com.st.stm32cube.ide.mcu.externaltools.gnu-tools-for-stm32.12.3.rel1.win32_1.0.200.202406191623/tools/bin/../lib/gcc/arm-none-eabi/12.3.1/../../../../arm-none-eabi/lib/thumb/v6-m/nofp\libc_nano.a(libc_a-strtol.o)
 .ARM.attributes
                0x00000643       0x2c C:/ST/STM32CubeIDE_1.9.0/STM32CubeIDE/plugins/com.st.stm32cube.ide.mcu.externaltools.gnu-tools-for-stm32.12.3.rel1.win32_1.0.200.202406191623/tools/bin/../lib/gcc/arm-none-eabi/12.3.1/../../../../arm-none-eabi/lib/thumb/v6-m/nofp\libc_nano.a(libc_a-ctype_.o)
 .ARM.attributes
                0x0000066f       0x2c C:/ST/STM32CubeIDE_1.9.0/STM32CubeIDE/plugins/com.st.stm32cube.ide.mcu.externaltools.gnu-tools-for-stm32.12.3.rel1.win32_1.0.200.202406191623/tools/bin/../lib/gcc/arm-none-eabi/12.3.1/../../../../arm-none-eabi/lib/thumb/v6-m/nofp\libc_nano.a(libc_a-findfp.o)
 .ARM.attributes
                0x0000069b       0x2c C:/ST/STM32CubeIDE_1.9.0/STM32CubeIDE/plugins/com.st.stm32cube.ide.mcu.externaltools.gnu-tools-for-stm32.12.3.rel1.win32_1.0.200.202406191623/tools/bin/../lib/gcc/arm-none-eabi/12.3.1/../../../../arm-none-eabi/lib/thumb/v6-m/nofp\libc_nano.a(libc_a-fwalk.o)
 .ARM.attributes
                0x000006c7       0x2c C:/ST/STM32CubeIDE_1.9.0/STM32CubeIDE/plugins/com.st.stm32cube.ide.mcu.externaltools.gnu-tools-for-stm32.12.3.rel1.win32_1.0.200.202406191623/tools/bin/../lib/gcc/arm-none-eabi/12.3.1/../../../../arm-none-eabi/lib/thumb/v6-m/nofp\libc_nano.a(libc_a-sprintf.o)
 .ARM.attributes
                0x000006f3       0x2c C:/ST/STM32CubeIDE_1.9.0/STM32CubeIDE/plugins/com.st.stm32cube.ide.mcu.externaltools.gnu-tools-for-stm32.12.3.rel1.win32_1.0.200.202406191623/tools/bin/../lib/gcc/arm-none-eabi/12.3.1/../../../../arm-none-eabi/lib/thumb/v6-m/nofp\libc_nano.a(libc_a-stdio.o)
 .ARM.attributes