Archive member included to satisfy reference by file (symbol)

C:/ST/STM32CubeIDE_1.9.0/STM32CubeIDE/plugins/com.st.stm32cube.ide.mcu.externaltools.gnu-tools-for-stm32.12.3.rel1.win32_1.1.0.202410251130/tools/bin/../lib/gcc/arm-none-eabi/12.3.1/../../../../arm-none-eabi/lib/thumb/v6-m/nofp\libc_nano.a(libc_a-atoi.o)
                              ./Core/Src/settings.o (atoi)
C:/ST/STM32CubeIDE_1.9.0/STM32CubeIDE/plugins/com.st.stm32cube.ide.mcu.externaltools.gnu-tools-for-stm32.12.3.rel1.win32_1.1.0.202410251130/tools/bin/../lib/gcc/arm-none-eabi/12.3.1/../../../../arm-none-eabi/lib/thumb/v6-m/nofp\libc_nano.a(libc_a-exit.o)
                              C:/ST/STM32CubeIDE_1.9.0/STM32CubeIDE/plugins/com.st.stm32cube.ide.mcu.externaltools.gnu-tools-for-stm32.12.3.rel1.win32_1.1.0.202410251130/tools/bin/../lib/gcc/arm-none-eabi/12.3.1/../../../../arm-none-eabi/lib/thumb/v6-m/nofp/crt0.o (exit)
C:/ST/STM32CubeIDE_1.9.0/STM32CubeIDE/plugins/com.st.stm32cube.ide.mcu.externaltools.gnu-tools-for-stm32.12.3.rel1.win32_1.1.0.202410251130/tools/bin/../lib/gcc/arm-none-eabi/12.3.1/../../../../arm-none-eabi/lib/thumb/v6-m/nofp\libc_nano.a(libc_a-strtol.o)
                              C:/ST/STM32CubeIDE_1.9.0/STM32CubeIDE/plugins/com.st.stm32cube.ide.mcu.externaltools.gnu-tools-for-stm32.12.3.rel1.win32_1.1.0.202410251130/tools/bin/../lib/gcc/arm-none-eabi/12.3.1/../../../../arm-none-eabi/lib/thumb/v6-m/nofp\libc_nano.a(libc_a-atoi.o) (_strtol_r)
C:/ST/STM32CubeIDE_1.9.0/STM32CubeIDE/plugins/com.st.stm32cube.ide.mcu.externaltools.gnu-tools-for-stm32.12.3.rel1.win32_1.1.0.202410251130/tools/bin/../lib/gcc/arm-none-eabi/12.3.1/../../../../arm-none-eabi/lib/thumb/v6-m/nofp\libc_nano.a(libc_a-ctype_.o)
                              C:/ST/STM32CubeIDE_1.9.0/STM32CubeIDE/plugins/com.st.stm32cube.ide.mcu.externaltools.gnu-tools-for-stm32.12.3.rel1.win32_1.1.0.202410251130/tools/bin/../lib/gcc/arm-none-eabi/12.3.1/../../../../arm-none-eabi/lib/thumb/v6-m/nofp\libc_nano.a(libc_a-strtol.o) (_ctype_)
C:/ST/STM32CubeIDE_1.9.0/STM32CubeIDE/plugins/com.st.stm32cube.ide.mcu.externaltools.gnu-tools-for-stm32.12.3.rel1.win32_1.1.0.202410251130/tools/bin/../lib/gcc/arm-none-eabi/12.3.1/../../../../arm-none-eabi/lib/thumb/v6-m/nofp\libc_nano.a(libc_a-findfp.o)
                              C:/ST/STM32CubeIDE_1.9.0/STM32CubeIDE/plugins/com.st.stm32cube.ide.mcu.externaltools.gnu-tools-for-stm32.12.3.rel1.win32_1.1.0.202410251130/tools/bin/../lib/gcc/arm-none-eabi/12.3.1/../../../../arm-none-eabi/lib/thumb/v6-m/nofp\libc_nano.a(libc_a-exit.o) (__stdio_exit_handler)
C:/ST/STM32CubeIDE_1.9.0/STM32CubeIDE/plugins/com.st.stm32cube.ide.mcu.externaltools.gnu-tools-for-stm32.12.3.rel1.win32_1.1.0.202410251130/tools/bin/../lib/gcc/arm-none-eabi/12.3.1/../../../../arm-none-eabi/lib/thumb/v6-m/nofp\libc_nano.a(libc_a-fwalk.o)
                              C:/ST/STM32CubeIDE_1.9.0/STM32CubeIDE/plugins/com.st.stm32cube.ide.mcu.externaltools.gnu-tools-for-stm32.12.3.rel1.win32_1.1.0.202410251130/tools/bin/../lib/gcc/arm-none-eabi/12.3.1/../../../../arm-none-eabi/lib/thumb/v6-m/nofp\libc_nano.a(libc_a-findfp.o) (_fwalk_sglue)
C:/ST/STM32CubeIDE_1.9.0/STM32CubeIDE/plugins/com.st.stm32cube.ide.mcu.externaltools.gnu-tools-for-stm32.12.3.rel1.win32_1.1.0.202410251130/tools/bin/../lib/gcc/arm-none-eabi/12.3.1/../../../../arm-none-eabi/lib/thumb/v6-m/nofp\libc_nano.a(libc_a-sprintf.o)
                              ./Core/Src/settings.o (sprintf)
C:/ST/STM32CubeIDE_1.9.0/STM32CubeIDE/plugins/com.st.stm32cube.ide.mcu.externaltools.gnu-tools-for-stm32.12.3.rel1.win32_1.1.0.202410251130/tools/bin/../lib/gcc/arm-none-eabi/12.3.1/../../../../arm-none-eabi/lib/thumb/v6-m/nofp\libc_nano.a(libc_a-stdio.o)
                              C:/ST/STM32CubeIDE_1.9.0/STM32CubeIDE/plugins/com.st.stm32cube.ide.mcu.externaltools.gnu-tools-for-stm32.12.3.rel1.win32_1.1.0.202410251130/tools/bin/../lib/gcc/arm-none-eabi/12.3.1/../../../../arm-none-eabi/lib/thumb/v6-m/nofp\libc_nano.a(libc_a-findfp.o) (__sread)
C:/ST/STM32CubeIDE_1.9.0/STM32CubeIDE/plugins/com.st.stm32cube.ide.mcu.externaltools.gnu-tools-for-stm32.12.3.rel1.win32_1.1.0.202410251130/tools/bin/../lib/gcc/arm-none-eabi/12.3.1/../../../../arm-none-eabi/lib/thumb/v6-m/nofp\libc_nano.a(libc_a-memset.o)
                              C:/ST/STM32CubeIDE_1.9.0/STM32CubeIDE/plugins/com.st.stm32cube.ide.mcu.externaltools.gnu-tools-for-stm32.12.3.rel1.win32_1.1.0.202410251130/tools/bin/../lib/gcc/arm-none-eabi/12.3.1/../../../../arm-none-eabi/lib/thumb/v6-m/nofp/crt0.o (memset)
C:/ST/STM32CubeIDE_1.9.0/STM32CubeIDE/plugins/com.st.stm32cube.ide.mcu.externaltools.gnu-tools-for-stm32.12.3.rel1.win32_1.1.0.202410251130/tools/bin/../lib/gcc/arm-none-eabi/12.3.1/../../../../arm-none-eabi/lib/thumb/v6-m/nofp\libc_nano.a(libc_a-strtok.o)
                              ./Core/Src/settings.o (strtok)
[...]
Memory Configuration

Name             Origin             Length             Attributes
RAM              0x20000000         0x00004000         xrw
FLASH            0x08000000         0x00020000         xr
*default*        0x00000000         0xffffffff

Linker script and memory map

LOAD C:/ST/STM32CubeIDE_1.9.0/STM32CubeIDE/plugins/com.st.stm32cube.ide.mcu.externaltools.gnu-tools-for-stm32.12.3.rel1.win32_1.1.0.202410251130/tools/bin/../lib/gcc/arm-none-eabi/12.3.1/thumb/v6-m/nofp/crti.o
LOAD C:/ST/STM32CubeIDE_1.9.0/STM32CubeIDE/plugins/com.st.stm32cube.ide.mcu.externaltools.gnu-tools-for-stm32.12.3.rel1.win32_1.1.0.202410251130/tools/bin/../lib/gcc/arm-none-eabi/12.3.1/thumb/v6-m/nofp/crtbegin.o
LOAD C:/ST/STM32CubeIDE_1.9.0/STM32CubeIDE/plugins/com.st.stm32cube.ide.mcu.externaltools.gnu-tools-for-stm32.12.3.rel1.win32_1.1.0.202410251130/tools/bin/../lib/gcc/arm-none-eabi/12.3.1/../../../../arm-none-eabi/lib/thumb/v6-m/nofp/crt0.o
LOAD ./Core/Src/DMApwm.o
LOAD ./Core/Src/battery.o
LOAD ./Core/Src/main.o
LOAD ./Core/Src/motor.o
LOAD ./Core/Src/reciever.o
LOAD ./Core/Src/servo.o
LOAD ./Core/Src/settings.o
LOAD ./Core/Src/stm32f0xx_hal_msp.o
LOAD ./Core/Src/stm32f0xx_it.o
LOAD ./Core/Src/syscalls.o
LOAD ./Core/Src/sysmem.o
LOAD ./Core/Src/system_stm32f0xx.o
LOAD ./Core/Startup/startup_stm32f070cbtx.o
LOAD ./Drivers/STM32F0xx_HAL_Driver/Src/stm32f0xx_hal.o
LOAD ./Drivers/STM32F0xx_HAL_Driver/Src/stm32f0xx_hal_adc.o
LOAD ./Drivers/STM32F0xx_HAL_Driver/Src/stm32f0xx_hal_adc_ex.o
LOAD ./Drivers/STM32F0xx_HAL_Driver/Src/stm32f0xx_hal_cortex.o
LOAD ./Drivers/STM32F0xx_HAL_Driver/Src/stm32f0xx_hal_dma.o
LOAD ./Drivers/STM32F0xx_HAL_Driver/Src/stm32f0xx_hal_exti.o
LOAD ./Drivers/STM32F0xx_HAL_Driver/Src/stm32f0xx_hal_flash.o
LOAD ./Drivers/STM32F0xx_HAL_Driver/Src/stm32f0xx_hal_flash_ex.o
LOAD ./Drivers/STM32F0xx_HAL_Driver/Src/stm32f0xx_hal_gpio.o
LOAD ./Drivers/STM32F0xx_HAL_Driver/Src/stm32f0xx_hal_i2c.o
LOAD ./Drivers/STM32F0xx_HAL_Driver/Src/stm32f0xx_hal_i2c_ex.o
LOAD ./Drivers/STM32F0xx_HAL_Driver/Src/stm32f0xx_hal_pcd.o
LOAD ./Drivers/STM32F0xx_HAL_Driver/Src/stm32f0xx_hal_pcd_ex.o
LOAD ./Drivers/STM32F0xx_HAL_Driver/Src/stm32f0xx_hal_pwr.o
LOAD ./Drivers/STM32F0xx_HAL_Driver/Src/stm32f0xx_hal_pwr_ex.o
LOAD ./Drivers/STM32F0xx_HAL_Driver/Src/stm32f0xx_hal_rcc.o
LOAD ./Drivers/STM32F0xx_HAL_Driver/Src/stm32f0xx_hal_rcc_ex.o
LOAD ./Drivers/STM32F0xx_HAL_Driver/Src/stm32f0xx_hal_tim.o
LOAD ./Drivers/STM32F0xx_HAL_Driver/Src/stm32f0xx_hal_tim_ex.o
LOAD ./Drivers/STM32F0xx_HAL_Driver/Src/stm32f0xx_ll_usb.o
LOAD ./Middlewares/ST/STM32_USB_Device_Library/Class/CDC/Src/usbd_cdc.o
LOAD ./Middlewares/ST/STM32_USB_Device_Library/Core/Src/usbd_core.o
LOAD ./Middlewares/ST/STM32_USB_Device_Library/Core/Src/usbd_ctlreq.o
LOAD ./Middlewares/ST/STM32_USB_Device_Library/Core/Src/usbd_ioreq.o
LOAD ./USB_DEVICE/App/usb_device.o
LOAD ./USB_DEVICE/App/usbd_cdc_if.o
LOAD ./USB_DEVICE/App/usbd_desc.o
LOAD ./USB_DEVICE/Target/usbd_conf.o
START GROUP
LOAD C:/ST/STM32CubeIDE_1.9.0/STM32CubeIDE/plugins/com.st.stm32cube.ide.mcu.externaltools.gnu-tools-for-stm32.12.3.rel1.win32_1.1.0.202410251130/tools/bin/../lib/gcc/arm-none-eabi/12.3.1/../../../../arm-none-eabi/lib/thumb/v6-m/nofp\libc_nano.a
LOAD C:/ST/STM32CubeIDE_1.9.0/STM32CubeIDE/plugins/com.st.stm32cube.ide.mcu.externaltools.gnu-tools-for-stm32.12.3.rel1.win32_1.1.0.202410251130/tools/bin/../lib/gcc/arm-none-eabi/12.3.1/../../../../arm-none-eabi/lib/thumb/v6-m/nofp\libm.a
END GROUP
START GROUP
LOAD C:/ST/STM32CubeIDE_1.9.0/STM32CubeIDE/plugins/com.st.stm32cube.ide.mcu.externaltools.gnu-tools-for-stm32.12.3.rel1.win32_1.1.0.202410251130/tools/bin/../lib/gcc/arm-none-eabi/12.3.1/thumb/v6-m/nofp\libgcc.a
LOAD C:/ST/STM32CubeIDE_1.9.0/STM32CubeIDE/plugins/com.st.stm32cube.ide.mcu.externaltools.gnu-tools-for-stm32.12.3.rel1.win32_1.1.0.202410251130/tools/bin/../lib/gcc/arm-none-eabi/12.3.1/../../../../arm-none-eabi/lib/thumb/v6-m/nofp\libc_nano.a
END GROUP
START GROUP
LOAD C:/ST/STM32CubeIDE_1.9.0/STM32CubeIDE/plugins/com.st.stm32cube.ide.mcu.externaltools.gnu-tools-for-stm32.12.3.rel1.win32_1.1.0.202410251130/tools/bin/../lib/gcc/arm-none-eabi/12.3.1/thumb/v6-m/nofp\libgcc.a
LOAD C:/ST/STM32CubeIDE_1.9.0/STM32CubeIDE/plugins/com.st.stm32cube.ide.mcu.externaltools.gnu-tools-for-stm32.12.3.rel1.win32_1.1.0.202410251130/tools/bin/../lib/gcc/arm-none-eabi/12.3.1/../../../../arm-none-eabi/lib/thumb/v6-m/nofp\libc_nano.a
LOAD C:/ST/STM32CubeIDE_1.9.0/STM32CubeIDE/plugins/com.st.stm32cube.ide.mcu.externaltools.gnu-tools-for-stm32.12.3.rel1.win32_1.1.0.202410251130/tools/bin/../lib/gcc/arm-none-eabi/12.3.1/../../../../arm-none-eabi/lib/thumb/v6-m/nofp\libnosys.a
END GROUP
START GROUP
LOAD C:/ST/STM32CubeIDE_1.9.0/STM32CubeIDE/plugins/com.st.stm32cube.ide.mcu.externaltools.gnu-tools-for-stm32.12.3.rel1.win32_1.1.0.202410251130/tools/bin/../lib/gcc/arm-none-eabi/12.3.1/thumb/v6-m/nofp\libgcc.a
LOAD C:/ST/STM32CubeIDE_1.9.0/STM32CubeIDE/plugins/com.st.stm32cube.ide.mcu.externaltools.gnu-tools-for-stm32.12.3.rel1.win32_1.1.0.202410251130/tools/bin/../lib/gcc/arm-none-eabi/12.3.1/../../../../arm-none-eabi/lib/thumb/v6-m/nofp\libc_nano.a
LOAD C:/ST/STM32CubeIDE_1.9.0/STM32CubeIDE/plugins/com.st.stm32cube.ide.mcu.externaltools.gnu-tools-for-stm32.12.3.rel1.win32_1.1.0.202410251130/tools/bin/../lib/gcc/arm-none-eabi/12.3.1/../../../../arm-none-eabi/lib/thumb/v6-m/nofp\libnosys.a
END GROUP
LOAD C:/ST/STM32CubeIDE_1.9.0/STM32CubeIDE/plugins/com.st.stm32cube.ide.mcu.externaltools.gnu-tools-for-stm32.12.3.rel1.win32_1.1.0.202410251130/tools/bin/../lib/gcc/arm-none-eabi/12.3.1/thumb/v6-m/nofp/crtend.o
LOAD C:/ST/STM32CubeIDE_1.9.0/STM32CubeIDE/plugins/com.st.stm32cube.ide.mcu.externaltools.gnu-tools-for-stm32.12.3.rel1.win32_1.1.0.202410251130/tools/bin/../lib/gcc/arm-none-eabi/12.3.1/thumb/v6-m/nofp/crtn.o
                0x20004000                        _estack = (ORIGIN (RAM) + LENGTH (RAM))
                0x00000200                        _Min_Heap_Size = 0x200
                0x00000400                        _Min_Stack_Size = 0x400

.isr_vector     0x08000000       0xc0
                0x08000000                        . = ALIGN (0x4)
 *(.isr_vector)
 .isr_vector    0x08000000       0xc0 ./Core/Startup/startup_stm32f070cbtx.o
                0x08000000                g_pfnVectors
                0x080000c0                        . = ALIGN (0x4)

.text           0x080000c0     0x78f4
                0x080000c0                        . = ALIGN (0x4)
 *(.text)
 .text          0x080000c0       0x48 C:/ST/STM32CubeIDE_1.9.0/STM32CubeIDE/plugins/com.st.stm32cube.ide.mcu.externaltools.gnu-tools-for-stm32.12.3.rel1.win32_1.1.0.202410251130/tools/bin/../lib/gcc/arm-none-eabi/12.3.1/thumb/v6-m/nofp/crtbegin.o
 .text          0x08000108       0x14 C:/ST/STM32CubeIDE_1.9.0/STM32CubeIDE/plugins/com.st.stm32cube.ide.mcu.externaltools.gnu-tools-for-stm32.12.3.rel1.win32_1.1.0.202410251130/tools/bin/../lib/gcc/arm-none-eabi/12.3.1/../../../../arm-none-eabi/lib/thumb/v6-m/nofp\libc_nano.a(libc_a-strcmp.o)
                0x08000108                strcmp
 .text          0x0800011c        0xe C:/ST/STM32CubeIDE_1.9.0/STM32CubeIDE/plugins/com.st.stm32cube.ide.mcu.externaltools.gnu-tools-for-stm32.12.3.rel1.win32_1.1.0.202410251130/tools/bin/../lib/gcc/arm-none-eabi/12.3.1/../../../../arm-none-eabi/lib/thumb/v6-m/nofp\libc_nano.a(libc_a-strlen.o)
                0x0800011c                strlen
 *fill*         0x0800012a        0x2 
 .text          0x0800012c       0x14 C:/ST/STM32CubeIDE_1.9.0/STM32CubeIDE/plugins/com.st.stm32cube.ide.mcu.externaltools.gnu-tools-for-stm32.12.3.rel1.win32_1.1.0.202410251130/tools/bin/../lib/gcc/arm-none-eabi/12.3.1/thumb/v6-m/nofp\libgcc.a(_thumb1_case_uqi.o)
                0x0800012c                __gnu_thumb1_case_uqi
 .text          0x08000140       0x14 C:/ST/STM32CubeIDE_1.9.0/STM32CubeIDE/plugins/com.st.stm32cube.ide.mcu.externaltools.gnu-tools-for-stm32.12.3.rel1.win32_1.1.0.202410251130/tools/bin/../lib/gcc/arm-none-eabi/12.3.1/thumb/v6-m/nofp\libgcc.a(_thumb1_case_shi.o)
                0x08000140                __gnu_thumb1_case_shi
 .text          0x08000154       0x14 C:/ST/STM32CubeIDE_1.9.0/STM32CubeIDE/plugins/com.st.stm32cube.ide.mcu.externaltools.gnu-tools-for-stm32.12.3.rel1.win32_1.1.0.202410251130/tools/bin/../lib/gcc/arm-none-eabi/12.3.1/thumb/v6-m/nofp\libgcc.a(_thumb1_case_uhi.o)
                0x08000154                __gnu_thumb1_case_uhi
 .text          0x08000168      0x114 C:/ST/STM32CubeIDE_1.9.0/STM32CubeIDE/plugins/com.st.stm32cube.ide.mcu.externaltools.gnu-tools-for-stm32.12.3.rel1.win32_1.1.0.202410251130/tools/bin/../lib/gcc/arm-none-eabi/12.3.1/thumb/v6-m/nofp\libgcc.a(_udivsi3.o)
                0x08000168                __aeabi_uidiv
                0x08000168                __udivsi3
                0x08000274                __aeabi_uidivmod
 .text          0x0800027c      0x1d4 C:/ST/STM32CubeIDE_1.9.0/STM32CubeIDE/plugins/com.st.stm32cube.ide.mcu.externaltools.gnu-tools-for-stm32.12.3.rel1.win32_1.1.0.202410251130/tools/bin/../lib/gcc/arm-none-eabi/12.3.1/thumb/v6-m/nofp\libgcc.a(_divsi3.o)
                0x0800027c                __divsi3
                0x0800027c                __aeabi_idiv
                0x08000448                __aeabi_idivmod
 .text          0x08000450        0x4 C:/ST/STM32CubeIDE_1.9.0/STM32CubeIDE/plugins/com.st.stm32cube.ide.mcu.externaltools.gnu-tools-for-stm32.12.3.rel1.win32_1.1.0.202410251130/tools/bin/../lib/gcc/arm-none-eabi/12.3.1/thumb/v6-m/nofp\libgcc.a(_dvmd_tls.o)
                0x08000450                __aeabi_idiv0
                0x08000450                __aeabi_ldiv0
 *(.text*)
 .text.setSoftPWM
                0x08000454       0x2c ./Core/Src/DMApwm.o
                0x08000454                setSoftPWM
 .text.setDMApwmDuty
                0x08000480       0x34 ./Core/Src/DMApwm.o
                0x08000480                setDMApwmDuty
 .text.zeroSoftPWM
                0x080004b4        0xe ./Core/Src/DMApwm.o
                0x080004b4                zeroSoftPWM
 *fill*         0x080004c2        0x2 
 .text.initDMApwm
                0x080004c4       0x88 ./Core/Src/DMApwm.o
                0x080004c4                initDMApwm
 .text.getADCValue
                0x0800054c       0x20 ./Core/Src/battery.o
                0x0800054c                getADCValue
 .text.initBattery
                0x0800056c       0x14 ./Core/Src/battery.o
                0x0800056c                initBattery
 .text.getBattVoltage
                0x08000580       0x20 ./Core/Src/battery.o
                0x08000580                getBattVoltage
 .text.getBatteryConfiguration
                0x080005a0       0x34 ./Core/Src/battery.o
                0x080005a0                getBatteryConfiguration
 .text.SystemClock_Config
                0x080005d4       0x8c ./Core/Src/main.o
                0x080005d4                SystemClock_Config
 .text.startup.main
                0x08000660      0x7c8 ./Core/Src/main.o
                0x08000660                main
 .text.map      0x08000e28       0x1c ./Core/Src/main.o
                0x08000e28                map
 .text.Error_Handler
                0x08000e44        0x4 ./Core/Src/main.o
                0x08000e44                Error_Handler
 .text.initMotors
                0x08000e48        0x8 ./Core/Src/motor.o
                0x08000e48                initMotors
 .text.getMotorRev
                0x08000e50       0x2c ./Core/Src/motor.o
                0x08000e50                getMotorRev
 .text.setDriverSignals
                0x08000e7c       0xac ./Core/Src/motor.o
                0x08000e7c                setDriverSignals
 .text.setDriverBrake
                0x08000f28       0x64 ./Core/Src/motor.o
                0x08000f28                setDriverBrake
 .text.calculateSpeedWithDeadZoneSingle
                0x08000f8c       0x34 ./Core/Src/motor.o
                0x08000f8c                calculateSpeedWithDeadZoneSingle
 .text.setMotorSpeedUnidirectional
                0x08000fc0       0x3c ./Core/Src/motor.o
                0x08000fc0                setMotorSpeedUnidirectional
 .text.calculateSpeedWithDeadZoneDouble
                0x08000ffc       0x1c ./Core/Src/motor.o
                0x08000ffc                calculateSpeedWithDeadZoneDouble
 .text.setMotorSpeedBidirectional
                0x08001018       0x58 ./Core/Src/motor.o
                0x08001018                setMotorSpeedBidirectional
 .text.setTankMotor
                0x08001070       0x28 ./Core/Src/motor.o
                0x08001070                setTankMotor
 .text.disableMotor
                0x08001098       0x30 ./Core/Src/motor.o
                0x08001098                disableMotor
 .text.enableMotor
                0x080010c8       0x30 ./Core/Src/motor.o
                0x080010c8                enableMotor
 .text.makeSound
                0x080010f8       0x84 ./Core/Src/motor.o
                0x080010f8                makeSound
 .text.getChannelValuePercentage
                0x0800117c       0x40 ./Core/Src/reciever.o
                0x0800117c                getChannelValuePercentage
 .text.initReciever
                0x080011bc        0x8 ./Core/Src/reciever.o
                0x080011bc                initReciever
 .text.HAL_GPIO_EXTI_Callback
                0x080011c4      0x150 ./Core/Src/reciever.o
                0x080011c4                HAL_GPIO_EXTI_Callback
 .text.tankMix  0x08001314       0x54 ./Core/Src/reciever.o
                0x08001314                tankMix
 .text.getServoRev
                0x08001368       0x20 ./Core/Src/servo.o
                0x08001368                getServoRev
 .text.setServoAngle
                0x08001388       0x74 ./Core/Src/servo.o
                0x08001388                setServoAngle
 .text.setServoIsEnable
                0x080013fc       0x18 ./Core/Src/servo.o
                0x080013fc                setServoIsEnable
 .text.remove_all_chars
                0x08001414       0x1c ./Core/Src/settings.o
                0x08001414                remove_all_chars
 .text.decodeCommand
                0x08001430       0x70 ./Core/Src/settings.o
                0x08001430                decodeCommand
 .text.serialPrintString
                0x080014a0       0x12 ./Core/Src/settings.o
                0x080014a0                serialPrintString
 *fill*         0x080014b2        0x2 
 .text.read_byte_eeprom
                0x080014b4       0x2c ./Core/Src/settings.o
                0x080014b4                read_byte_eeprom
 .text.readSettingsFromEeprom
                0x080014e0      0x12c ./Core/Src/settings.o
                0x080014e0                readSettingsFromEeprom
 .text.loadSettingsFromEeprom
                0x0800160c        0x8 ./Core/Src/settings.o
                0x0800160c                loadSettingsFromEeprom
 .text.write_byte_eeprom
                0x08001614       0x30 ./Core/Src/settings.o
                0x08001614                write_byte_eeprom
 .text.storeSettingsToEeprom
                0x08001644      0x128 ./Core/Src/settings.o
                0x08001644                storeSettingsToEeprom
 .text.serialPrintStatus
                0x0800176c       0xd0 ./Core/Src/settings.o
                0x0800176c                serialPrintStatus
 .text.serialPrintSettings
                0x0800183c      0x174 ./Core/Src/settings.o
                0x0800183c                serialPrintSettings
 .text.modifySettingsWithCommand
                0x080019b0      0x400 ./Core/Src/settings.o
                0x080019b0                modifySettingsWithCommand
 .text.HAL_MspInit
                0x08001db0       0x30 ./Core/Src/stm32f0xx_hal_msp.o
                0x08001db0                HAL_MspInit
 .text.HAL_ADC_MspInit
                0x08001de0       0x5c ./Core/Src/stm32f0xx_hal_msp.o
                0x08001de0                HAL_ADC_MspInit
 .text.HAL_I2C_MspInit
                0x08001e3c       0x6c ./Core/Src/stm32f0xx_hal_msp.o
                0x08001e3c                HAL_I2C_MspInit
 .text.HAL_TIM_Base_MspInit
                0x08001ea8      0x124 ./Core/Src/stm32f0xx_hal_msp.o
                0x08001ea8                HAL_TIM_Base_MspInit
 .text.HAL_TIM_MspPostInit
                0x08001fcc       0x74 ./Core/Src/stm32f0xx_hal_msp.o
                0x08001fcc                HAL_TIM_MspPostInit
 .text.NMI_Handler
                0x08002040        0x2 ./Core/Src/stm32f0xx_it.o
                0x08002040                NMI_Handler
 .text.HardFault_Handler
                0x08002042        0x2 ./Core/Src/stm32f0xx_it.o
                0x08002042                HardFault_Handler
 .text.SVC_Handler
                0x08002044        0x2 ./Core/Src/stm32f0xx_it.o
                0x08002044                SVC_Handler
 .text.PendSV_Handler
                0x08002046        0x2 ./Core/Src/stm32f0xx_it.o
                0x08002046                PendSV_Handler
 .text.SysTick_Handler
                0x08002048        0x8 ./Core/Src/stm32f0xx_it.o
                0x08002048                SysTick_Handler
 .text.EXTI0_1_IRQHandler
                0x08002050       0x10 ./Core/Src/stm32f0xx_it.o
                0x08002050                EXTI0_1_IRQHandler
 .text.EXTI2_3_IRQHandler
                0x08002060       0x10 ./Core/Src/stm32f0xx_it.o
                0x08002060                EXTI2_3_IRQHandler
 .text.DMA1_Channel2_3_IRQHandler
                0x08002070       0x10 ./Core/Src/stm32f0xx_it.o
                0x08002070                DMA1_Channel2_3_IRQHandler
 .text.DMA1_Channel4_5_IRQHandler
                0x08002080       0x10 ./Core/Src/stm32f0xx_it.o
                0x08002080                DMA1_Channel4_5_IRQHandler
 .text.USB_IRQHandler
                0x08002090       0x10 ./Core/Src/stm32f0xx_it.o
                0x08002090                USB_IRQHandler
 .text._getpid  0x080020a0        0x4 ./Core/Src/syscalls.o
                0x080020a0                _getpid
 .text._kill    0x080020a4       0x10 ./Core/Src/syscalls.o
                0x080020a4                _kill
 .text._exit    0x080020b4        0xc ./Core/Src/syscalls.o
                0x080020b4                _exit
 .text._read    0x080020c0       0x1a ./Core/Src/syscalls.o
                0x080020c0                _read
 .text._write   0x080020da       0x1a ./Core/Src/syscalls.o
                0x080020da                _write
 .text._close   0x080020f4        0x6 ./Core/Src/syscalls.o
                0x080020f4                _close
 .text._fstat   0x080020fa        0xa ./Core/Src/syscalls.o
                0x080020fa                _fstat
 .text._isatty  0x08002104        0x4 ./Core/Src/syscalls.o
                0x08002104                _isatty
 .text._lseek   0x08002108        0x4 ./Core/Src/syscalls.o
                0x08002108                _lseek
 .text._sbrk    0x0800210c       0x40 ./Core/Src/sysmem.o
                0x0800210c                _sbrk
 .text.SystemInit
                0x0800214c        0x2 ./Core/Src/system_stm32f0xx.o
                0x0800214c                SystemInit
 *fill*         0x0800214e        0x2 
 .text.Reset_Handler
                0x08002150       0x50 ./Core/Startup/startup_stm32f070cbtx.o
                0x08002150                Reset_Handler
 .text.Default_Handler
                0x080021a0        0x2 ./Core/Startup/startup_stm32f070cbtx.o
                0x080021a0                TIM1_CC_IRQHandler
                0x080021a0                TIM6_IRQHandler
                0x080021a0                I2C1_IRQHandler
                0x080021a0                SPI1_IRQHandler
                0x080021a0                USART3_4_IRQHandler
                0x080021a0                ADC1_IRQHandler
                0x080021a0                I2C2_IRQHandler
                0x080021a0                TIM17_IRQHandler
                0x080021a0                RTC_IRQHandler
                0x080021a0                TIM16_IRQHandler
                0x080021a0                TIM3_IRQHandler
                0x080021a0                EXTI4_15_IRQHandler
                0x080021a0                RCC_IRQHandler
                0x080021a0                DMA1_Channel1_IRQHandler
                0x080021a0                Default_Handler
                0x080021a0                TIM14_IRQHandler
                0x080021a0                TIM7_IRQHandler
                0x080021a0                TIM15_IRQHandler
                0x080021a0                SPI2_IRQHandler
                0x080021a0                WWDG_IRQHandler
                0x080021a0                USART2_IRQHandler
                0x080021a0                FLASH_IRQHandler
                0x080021a0                USART1_IRQHandler
                0x080021a0                TIM1_BRK_UP_TRG_COM_IRQHandler
 *fill*         0x080021a2        0x2 
 .text.HAL_InitTick
                0x080021a4       0x48 ./Drivers/STM32F0xx_HAL_Driver/Src/stm32f0xx_hal.o
                0x080021a4                HAL_InitTick
 .text.HAL_Init
                0x080021ec       0x20 ./Drivers/STM32F0xx_HAL_Driver/Src/stm32f0xx_hal.o
                0x080021ec                HAL_Init
 .text.HAL_IncTick
                0x0800220c       0x18 ./Drivers/STM32F0xx_HAL_Driver/Src/stm32f0xx_hal.o
                0x0800220c                HAL_IncTick
 .text.HAL_GetTick
                0x08002224        0xc ./Drivers/STM32F0xx_HAL_Driver/Src/stm32f0xx_hal.o
                0x08002224                HAL_GetTick
 .text.HAL_Delay
                0x08002230       0x24 ./Drivers/STM32F0xx_HAL_Driver/Src/stm32f0xx_hal.o
                0x08002230                HAL_Delay
 .text.ADC_ConversionStop
                0x08002254       0x5a ./Drivers/STM32F0xx_HAL_Driver/Src/stm32f0xx_hal_adc.o
 .text.ADC_Disable
                0x080022ae       0x78 ./Drivers/STM32F0xx_HAL_Driver/Src/stm32f0xx_hal_adc.o
 *fill*         0x08002326        0x2 
 .text.ADC_Enable.constprop.0
                0x08002328       0xa0 ./Drivers/STM32F0xx_HAL_Driver/Src/stm32f0xx_hal_adc.o
 .text.HAL_ADC_Init
                0x080023c8      0x144 ./Drivers/STM32F0xx_HAL_Driver/Src/stm32f0xx_hal_adc.o
                0x080023c8                HAL_ADC_Init
 .text.HAL_ADC_Start
                0x0800250c       0x58 ./Drivers/STM32F0xx_HAL_Driver/Src/stm32f0xx_hal_adc.o
                0x0800250c                HAL_ADC_Start
 .text.HAL_ADC_Stop
                0x08002564       0x3c ./Drivers/STM32F0xx_HAL_Driver/Src/stm32f0xx_hal_adc.o
                0x08002564                HAL_ADC_Stop
 .text.HAL_ADC_GetValue
                0x080025a0        0x6 ./Drivers/STM32F0xx_HAL_Driver/Src/stm32f0xx_hal_adc.o
                0x080025a0                HAL_ADC_GetValue
 *fill*         0x080025a6        0x2 
 .text.HAL_ADC_ConfigChannel
                0x080025a8       0xe0 ./Drivers/STM32F0xx_HAL_Driver/Src/stm32f0xx_hal_adc.o
                0x080025a8                HAL_ADC_ConfigChannel
 .text.HAL_NVIC_SetPriority
                0x08002688       0x54 ./Drivers/STM32F0xx_HAL_Driver/Src/stm32f0xx_hal_cortex.o
                0x08002688                HAL_NVIC_SetPriority
 .text.HAL_NVIC_EnableIRQ
                0x080026dc       0x18 ./Drivers/STM32F0xx_HAL_Driver/Src/stm32f0xx_hal_cortex.o
                0x080026dc                HAL_NVIC_EnableIRQ
 .text.HAL_SYSTICK_Config
                0x080026f4       0x34 ./Drivers/STM32F0xx_HAL_Driver/Src/stm32f0xx_hal_cortex.o
                0x080026f4                HAL_SYSTICK_Config
 .text.HAL_DMA_Init
                0x08002728       0x64 ./Drivers/STM32F0xx_HAL_Driver/Src/stm32f0xx_hal_dma.o
                0x08002728                HAL_DMA_Init
 .text.HAL_DMA_Start
                0x0800278c       0x5c ./Drivers/STM32F0xx_HAL_Driver/Src/stm32f0xx_hal_dma.o
                0x0800278c                HAL_DMA_Start
 .text.HAL_DMA_IRQHandler
                0x080027e8       0x92 ./Drivers/STM32F0xx_HAL_Driver/Src/stm32f0xx_hal_dma.o
                0x080027e8                HAL_DMA_IRQHandler
 *fill*         0x0800287a        0x2 
 .text.HAL_GPIO_Init
                0x0800287c      0x170 ./Drivers/STM32F0xx_HAL_Driver/Src/stm32f0xx_hal_gpio.o
                0x0800287c                HAL_GPIO_Init
 .text.HAL_GPIO_ReadPin
                0x080029ec        0xc ./Drivers/STM32F0xx_HAL_Driver/Src/stm32f0xx_hal_gpio.o
                0x080029ec                HAL_GPIO_ReadPin
 .text.HAL_GPIO_WritePin
                0x080029f8        0xc ./Drivers/STM32F0xx_HAL_Driver/Src/stm32f0xx_hal_gpio.o
                0x080029f8                HAL_GPIO_WritePin
 .text.HAL_GPIO_TogglePin
                0x08002a04       0x10 ./Drivers/STM32F0xx_HAL_Driver/Src/stm32f0xx_hal_gpio.o
                0x08002a04                HAL_GPIO_TogglePin
 .text.HAL_GPIO_EXTI_IRQHandler
                0x08002a14       0x18 ./Drivers/STM32F0xx_HAL_Driver/Src/stm32f0xx_hal_gpio.o
                0x08002a14                HAL_GPIO_EXTI_IRQHandler
 .text.I2C_Flush_TXDR
                0x08002a2c       0x1c ./Drivers/STM32F0xx_HAL_Driver/Src/stm32f0xx_hal_i2c.o
 .text.I2C_TransferConfig
                0x08002a48       0x2c ./Drivers/STM32F0xx_HAL_Driver/Src/stm32f0xx_hal_i2c.o
 .text.I2C_IsErrorOccurred
                0x08002a74       0xfc ./Drivers/STM32F0xx_HAL_Driver/Src/stm32f0xx_hal_i2c.o
 .text.I2C_WaitOnTXISFlagUntilTimeout
                0x08002b70       0x5c ./Drivers/STM32F0xx_HAL_Driver/Src/stm32f0xx_hal_i2c.o
 .text.I2C_WaitOnFlagUntilTimeout
                0x08002bcc       0x6e ./Drivers/STM32F0xx_HAL_Driver/Src/stm32f0xx_hal_i2c.o
 .text.I2C_WaitOnSTOPFlagUntilTimeout
                0x08002c3a       0x54 ./Drivers/STM32F0xx_HAL_Driver/Src/stm32f0xx_hal_i2c.o
 *fill*         0x08002c8e        0x2 
 .text.HAL_I2C_Init
                0x08002c90       0xbc ./Drivers/STM32F0xx_HAL_Driver/Src/stm32f0xx_hal_i2c.o
                0x08002c90                HAL_I2C_Init
 .text.HAL_I2C_Mem_Write
                0x08002d4c      0x1b4 ./Drivers/STM32F0xx_HAL_Driver/Src/stm32f0xx_hal_i2c.o
                0x08002d4c                HAL_I2C_Mem_Write
 .text.HAL_I2C_Mem_Read
                0x08002f00      0x1bc ./Drivers/STM32F0xx_HAL_Driver/Src/stm32f0xx_hal_i2c.o
                0x08002f00                HAL_I2C_Mem_Read
 .text.HAL_I2CEx_ConfigAnalogFilter
                0x080030bc       0x4c ./Drivers/STM32F0xx_HAL_Driver/Src/stm32f0xx_hal_i2c_ex.o
                0x080030bc                HAL_I2CEx_ConfigAnalogFilter
 .text.HAL_I2CEx_ConfigDigitalFilter
                0x08003108       0x48 ./Drivers/STM32F0xx_HAL_Driver/Src/stm32f0xx_hal_i2c_ex.o
                0x08003108                HAL_I2CEx_ConfigDigitalFilter
 .text.HAL_PCD_Init
                0x08003150       0x98 ./Drivers/STM32F0xx_HAL_Driver/Src/stm32f0xx_hal_pcd.o
                0x08003150                HAL_PCD_Init
 .text.HAL_PCD_Start
                0x080031e8       0x26 ./Drivers/STM32F0xx_HAL_Driver/Src/stm32f0xx_hal_pcd.o
                0x080031e8                HAL_PCD_Start
 .text.HAL_PCD_SetAddress
                0x0800320e       0x22 ./Drivers/STM32F0xx_HAL_Driver/Src/stm32f0xx_hal_pcd.o
                0x0800320e                HAL_PCD_SetAddress
 .text.HAL_PCD_IRQHandler
                0x08003230      0x9cc ./Drivers/STM32F0xx_HAL_Driver/Src/stm32f0xx_hal_pcd.o
                0x08003230                HAL_PCD_IRQHandler
 .text.HAL_PCD_EP_Open
                0x08003bfc       0x58 ./Drivers/STM32F0xx_HAL_Driver/Src/stm32f0xx_hal_pcd.o
                0x08003bfc                HAL_PCD_EP_Open
 .text.HAL_PCD_EP_Close
                0x08003c54       0x4c ./Drivers/STM32F0xx_HAL_Driver/Src/stm32f0xx_hal_pcd.o
                0x08003c54                HAL_PCD_EP_Close
 .text.HAL_PCD_EP_Receive
                0x08003ca0       0x36 ./Drivers/STM32F0xx_HAL_Driver/Src/stm32f0xx_hal_pcd.o
                0x08003ca0                HAL_PCD_EP_Receive
 .text.HAL_PCD_EP_GetRxCount
                0x08003cd6       0x10 ./Drivers/STM32F0xx_HAL_Driver/Src/stm32f0xx_hal_pcd.o
                0x08003cd6                HAL_PCD_EP_GetRxCount
 .text.HAL_PCD_EP_Transmit
                0x08003ce6       0x30 ./Drivers/STM32F0xx_HAL_Driver/Src/stm32f0xx_hal_pcd.o
                0x08003ce6                HAL_PCD_EP_Transmit
 .text.HAL_PCD_EP_SetStall
                0x08003d16       0x5c ./Drivers/STM32F0xx_HAL_Driver/Src/stm32f0xx_hal_pcd.o
                0x08003d16                HAL_PCD_EP_SetStall
 .text.HAL_PCD_EP_ClrStall
                0x08003d72       0x5c ./Drivers/STM32F0xx_HAL_Driver/Src/stm32f0xx_hal_pcd.o
                0x08003d72                HAL_PCD_EP_ClrStall
 .text.HAL_PCDEx_PMAConfig
                0x08003dce       0x30 ./Drivers/STM32F0xx_HAL_Driver/Src/stm32f0xx_hal_pcd_ex.o
                0x08003dce                HAL_PCDEx_PMAConfig
 .text.HAL_PCDEx_ActivateLPM
                0x08003dfe       0x28 ./Drivers/STM32F0xx_HAL_Driver/Src/stm32f0xx_hal_pcd_ex.o
                0x08003dfe                HAL_PCDEx_ActivateLPM
 .text.HAL_PCDEx_LPM_Callback
                0x08003e26        0x2 ./Drivers/STM32F0xx_HAL_Driver/Src/stm32f0xx_hal_pcd_ex.o
                0x08003e26                HAL_PCDEx_LPM_Callback
 .text.HAL_RCC_OscConfig
                0x08003e28      0x410 ./Drivers/STM32F0xx_HAL_Driver/Src/stm32f0xx_hal_rcc.o
                0x08003e28                HAL_RCC_OscConfig
 .text.HAL_RCC_GetSysClockFreq
                0x08004238       0x40 ./Drivers/STM32F0xx_HAL_Driver/Src/stm32f0xx_hal_rcc.o
                0x08004238                HAL_RCC_GetSysClockFreq
 .text.HAL_RCC_ClockConfig
                0x08004278      0x108 ./Drivers/STM32F0xx_HAL_Driver/Src/stm32f0xx_hal_rcc.o
                0x08004278                HAL_RCC_ClockConfig
 .text.HAL_RCCEx_PeriphCLKConfig
                0x08004380      0x120 ./Drivers/STM32F0xx_HAL_Driver/Src/stm32f0xx_hal_rcc_ex.o
                0x08004380                HAL_RCCEx_PeriphCLKConfig
 .text.TIM_OC1_SetConfig
                0x080044a0       0x88 ./Drivers/STM32F0xx_HAL_Driver/Src/stm32f0xx_hal_tim.o
 .text.TIM_OC3_SetConfig
                0x08004528       0x88 ./Drivers/STM32F0xx_HAL_Driver/Src/stm32f0xx_hal_tim.o
 .text.TIM_OC4_SetConfig
                0x080045b0       0x74 ./Drivers/STM32F0xx_HAL_Driver/Src/stm32f0xx_hal_tim.o
 .text.HAL_TIM_Base_Start
                0x08004624       0x50 ./Drivers/STM32F0xx_HAL_Driver/Src/stm32f0xx_hal_tim.o
                0x08004624                HAL_TIM_Base_Start
 .text.HAL_TIM_PWM_MspInit
                0x08004674        0x2 ./Drivers/STM32F0xx_HAL_Driver/Src/stm32f0xx_hal_tim.o
                0x08004674                HAL_TIM_PWM_MspInit
 *fill*         0x08004676        0x2 
 .text.TIM_Base_SetConfig
                0x08004678       0x9c ./Drivers/STM32F0xx_HAL_Driver/Src/stm32f0xx_hal_tim.o
                0x08004678                TIM_Base_SetConfig
 .text.HAL_TIM_Base_Init
                0x08004714       0x50 ./Drivers/STM32F0xx_HAL_Driver/Src/stm32f0xx_hal_tim.o
                0x08004714                HAL_TIM_Base_Init
 .text.HAL_TIM_PWM_Init
                0x08004764       0x50 ./Drivers/STM32F0xx_HAL_Driver/Src/stm32f0xx_hal_tim.o
                0x08004764                HAL_TIM_PWM_Init
 .text.TIM_OC2_SetConfig
                0x080047b4       0x80 ./Drivers/STM32F0xx_HAL_Driver/Src/stm32f0xx_hal_tim.o
                0x080047b4                TIM_OC2_SetConfig
 .text.HAL_TIM_PWM_ConfigChannel
                0x08004834       0xc0 ./Drivers/STM32F0xx_HAL_Driver/Src/stm32f0xx_hal_tim.o
                0x08004834                HAL_TIM_PWM_ConfigChannel
 .text.TIM_ETR_SetConfig
                0x080048f4       0x18 ./Drivers/STM32F0xx_HAL_Driver/Src/stm32f0xx_hal_tim.o
                0x080048f4                TIM_ETR_SetConfig
 .text.HAL_TIM_ConfigClockSource
                0x0800490c      0x12c ./Drivers/STM32F0xx_HAL_Driver/Src/stm32f0xx_hal_tim.o
                0x0800490c                HAL_TIM_ConfigClockSource
 .text.TIM_CCxNChannelCmd
                0x08004a38       0x1a ./Drivers/STM32F0xx_HAL_Driver/Src/stm32f0xx_hal_tim_ex.o
 *fill*         0x08004a52        0x2 
 .text.HAL_TIMEx_OCN_Start
                0x08004a54       0x78 ./Drivers/STM32F0xx_HAL_Driver/Src/stm32f0xx_hal_tim_ex.o
                0x08004a54                HAL_TIMEx_OCN_Start
 .text.HAL_TIMEx_OCN_Stop
                0x08004acc       0x6c ./Drivers/STM32F0xx_HAL_Driver/Src/stm32f0xx_hal_tim_ex.o
                0x08004acc                HAL_TIMEx_OCN_Stop
 .text.HAL_TIMEx_PWMN_Start
                0x08004b38        0x8 ./Drivers/STM32F0xx_HAL_Driver/Src/stm32f0xx_hal_tim_ex.o
                0x08004b38                HAL_TIMEx_PWMN_Start
 .text.HAL_TIMEx_PWMN_Stop
                0x08004b40        0x8 ./Drivers/STM32F0xx_HAL_Driver/Src/stm32f0xx_hal_tim_ex.o
                0x08004b40                HAL_TIMEx_PWMN_Stop
 .text.HAL_TIMEx_MasterConfigSynchronization
                0x08004b48       0x5c ./Drivers/STM32F0xx_HAL_Driver/Src/stm32f0xx_hal_tim_ex.o
                0x08004b48                HAL_TIMEx_MasterConfigSynchronization
 .text.HAL_TIMEx_ConfigBreakDeadTime
                0x08004ba4       0x64 ./Drivers/STM32F0xx_HAL_Driver/Src/stm32f0xx_hal_tim_ex.o
                0x08004ba4                HAL_TIMEx_ConfigBreakDeadTime
 .text.USB_EnableGlobalInt
                0x08004c08       0x14 ./Drivers/STM32F0xx_HAL_Driver/Src/stm32f0xx_ll_usb.o
                0x08004c08                USB_EnableGlobalInt
 .text.USB_DisableGlobalInt
                0x08004c1c       0x14 ./Drivers/STM32F0xx_HAL_Driver/Src/stm32f0xx_ll_usb.o
                0x08004c1c                USB_DisableGlobalInt
 .text.USB_DevInit
                0x08004c30       0x1a ./Drivers/STM32F0xx_HAL_Driver/Src/stm32f0xx_ll_usb.o
                0x08004c30                USB_DevInit
 *fill*         0x08004c4a        0x2 
 .text.USB_ActivateEndpoint
                0x08004c4c      0x220 ./Drivers/STM32F0xx_HAL_Driver/Src/stm32f0xx_ll_usb.o
                0x08004c4c                USB_ActivateEndpoint
 .text.USB_DeactivateEndpoint
                0x08004e6c       0xf4 ./Drivers/STM32F0xx_HAL_Driver/Src/stm32f0xx_ll_usb.o
                0x08004e6c                USB_DeactivateEndpoint
 .text.USB_EPSetStall
                0x08004f60       0x40 ./Drivers/STM32F0xx_HAL_Driver/Src/stm32f0xx_ll_usb.o
                0x08004f60                USB_EPSetStall
 .text.USB_EPClearStall
                0x08004fa0       0x74 ./Drivers/STM32F0xx_HAL_Driver/Src/stm32f0xx_ll_usb.o
                0x08004fa0                USB_EPClearStall
 .text.USB_SetDevAddress
                0x08005014        0xe ./Drivers/STM32F0xx_HAL_Driver/Src/stm32f0xx_ll_usb.o
                0x08005014                USB_SetDevAddress
 .text.USB_DevConnect
                0x08005022       0x10 ./Drivers/STM32F0xx_HAL_Driver/Src/stm32f0xx_ll_usb.o
                0x08005022                USB_DevConnect
 .text.USB_ReadInterrupts
                0x08005032        0x8 ./Drivers/STM32F0xx_HAL_Driver/Src/stm32f0xx_ll_usb.o
                0x08005032                USB_ReadInterrupts
 .text.USB_WritePMA
                0x0800503a       0x2a ./Drivers/STM32F0xx_HAL_Driver/Src/stm32f0xx_ll_usb.o
                0x0800503a                USB_WritePMA
 .text.USB_EPStartXfer
                0x08005064      0x464 ./Drivers/STM32F0xx_HAL_Driver/Src/stm32f0xx_ll_usb.o
                0x08005064                USB_EPStartXfer
 .text.USB_ReadPMA
                0x080054c8       0x36 ./Drivers/STM32F0xx_HAL_Driver/Src/stm32f0xx_ll_usb.o
                0x080054c8                USB_ReadPMA
 *fill*         0x080054fe        0x2 
 .text.USBD_CDC_EP0_RxReady
                0x08005500       0x34 ./Middlewares/ST/STM32_USB_Device_Library/Class/CDC/Src/usbd_cdc.o
 .text.USBD_CDC_GetFSCfgDesc
                0x08005534        0xc ./Middlewares/ST/STM32_USB_Device_Library/Class/CDC/Src/usbd_cdc.o
 .text.USBD_CDC_GetHSCfgDesc
                0x08005540        0xc ./Middlewares/ST/STM32_USB_Device_Library/Class/CDC/Src/usbd_cdc.o
 .text.USBD_CDC_GetOtherSpeedCfgDesc
                0x0800554c        0xc ./Middlewares/ST/STM32_USB_Device_Library/Class/CDC/Src/usbd_cdc.o
 .text.USBD_CDC_GetDeviceQualifierDescriptor
                0x08005558        0xc ./Middlewares/ST/STM32_USB_Device_Library/Class/CDC/Src/usbd_cdc.o
                0x08005558                USBD_CDC_GetDeviceQualifierDescriptor
 .text.USBD_CDC_DataOut
                0x08005564       0x34 ./Middlewares/ST/STM32_USB_Device_Library/Class/CDC/Src/usbd_cdc.o
 .text.USBD_CDC_DataIn
                0x08005598       0x4c ./Middlewares/ST/STM32_USB_Device_Library/Class/CDC/Src/usbd_cdc.o
 .text.USBD_CDC_Setup
                0x080055e4       0xbc ./Middlewares/ST/STM32_USB_Device_Library/Class/CDC/Src/usbd_cdc.o
 .text.USBD_CDC_DeInit
                0x080056a0       0x46 ./Middlewares/ST/STM32_USB_Device_Library/Class/CDC/Src/usbd_cdc.o
 .text.USBD_CDC_Init
                0x080056e6       0x96 ./Middlewares/ST/STM32_USB_Device_Library/Class/CDC/Src/usbd_cdc.o
 .text.USBD_CDC_RegisterInterface
                0x0800577c       0x12 ./Middlewares/ST/STM32_USB_Device_Library/Class/CDC/Src/usbd_cdc.o
                0x0800577c                USBD_CDC_RegisterInterface
 .text.USBD_CDC_SetTxBuffer
                0x0800578e       0x16 ./Middlewares/ST/STM32_USB_Device_Library/Class/CDC/Src/usbd_cdc.o
                0x0800578e                USBD_CDC_SetTxBuffer
 .text.USBD_CDC_SetRxBuffer
                0x080057a4        0xe ./Middlewares/ST/STM32_USB_Device_Library/Class/CDC/Src/usbd_cdc.o
                0x080057a4                USBD_CDC_SetRxBuffer
 .text.USBD_CDC_TransmitPacket
                0x080057b2       0x38 ./Middlewares/ST/STM32_USB_Device_Library/Class/CDC/Src/usbd_cdc.o
                0x080057b2                USBD_CDC_TransmitPacket
 .text.USBD_CDC_ReceivePacket
                0x080057ea       0x2e ./Middlewares/ST/STM32_USB_Device_Library/Class/CDC/Src/usbd_cdc.o
                0x080057ea                USBD_CDC_ReceivePacket
 .text.USBD_Init
                0x08005818       0x34 ./Middlewares/ST/STM32_USB_Device_Library/Core/Src/usbd_core.o
                0x08005818                USBD_Init
 .text.USBD_RegisterClass
                0x0800584c       0x12 ./Middlewares/ST/STM32_USB_Device_Library/Core/Src/usbd_core.o
                0x0800584c                USBD_RegisterClass
 .text.USBD_Start
                0x0800585e        0xa ./Middlewares/ST/STM32_USB_Device_Library/Core/Src/usbd_core.o
                0x0800585e                USBD_Start
 .text.USBD_SetClassConfig
                0x08005868       0x1c ./Middlewares/ST/STM32_USB_Device_Library/Core/Src/usbd_core.o
                0x08005868                USBD_SetClassConfig
 .text.USBD_ClrClassConfig
                0x08005884       0x10 ./Middlewares/ST/STM32_USB_Device_Library/Core/Src/usbd_core.o
                0x08005884                USBD_ClrClassConfig
 .text.USBD_LL_SetupStage
                0x08005894       0x64 ./Middlewares/ST/STM32_USB_Device_Library/Core/Src/usbd_core.o
                0x08005894                USBD_LL_SetupStage
 .text.USBD_LL_DataOutStage
                0x080058f8       0x86 ./Middlewares/ST/STM32_USB_Device_Library/Core/Src/usbd_core.o
                0x080058f8                USBD_LL_DataOutStage
 .text.USBD_LL_DataInStage
                0x0800597e       0xc8 ./Middlewares/ST/STM32_USB_Device_Library/Core/Src/usbd_core.o
                0x0800597e                USBD_LL_DataInStage
 .text.USBD_LL_Reset
                0x08005a46       0x54 ./Middlewares/ST/STM32_USB_Device_Library/Core/Src/usbd_core.o
                0x08005a46                USBD_LL_Reset
 .text.USBD_LL_SetSpeed
                0x08005a9a        0x6 ./Middlewares/ST/STM32_USB_Device_Library/Core/Src/usbd_core.o
                0x08005a9a                USBD_LL_SetSpeed
 .text.USBD_LL_Suspend
                0x08005aa0       0x18 ./Middlewares/ST/STM32_USB_Device_Library/Core/Src/usbd_core.o
                0x08005aa0                USBD_LL_Suspend
 .text.USBD_LL_Resume
                0x08005ab8       0x18 ./Middlewares/ST/STM32_USB_Device_Library/Core/Src/usbd_core.o
                0x08005ab8                USBD_LL_Resume
 .text.USBD_LL_SOF
                0x08005ad0       0x1e ./Middlewares/ST/STM32_USB_Device_Library/Core/Src/usbd_core.o
                0x08005ad0                USBD_LL_SOF
 .text.USBD_CtlError.constprop.0
                0x08005aee       0x14 ./Middlewares/ST/STM32_USB_Device_Library/Core/Src/usbd_ctlreq.o
 *fill*         0x08005b02        0x2 
 .text.USBD_StdDevReq
                0x08005b04      0x26c ./Middlewares/ST/STM32_USB_Device_Library/Core/Src/usbd_ctlreq.o
                0x08005b04                USBD_StdDevReq
 .text.USBD_StdItfReq
                0x08005d70       0x50 ./Middlewares/ST/STM32_USB_Device_Library/Core/Src/usbd_ctlreq.o
                0x08005d70                USBD_StdItfReq
 .text.USBD_StdEPReq
                0x08005dc0      0x124 ./Middlewares/ST/STM32_USB_Device_Library/Core/Src/usbd_ctlreq.o
                0x08005dc0                USBD_StdEPReq
 .text.USBD_ParseSetupRequest
                0x08005ee4       0x28 ./Middlewares/ST/STM32_USB_Device_Library/Core/Src/usbd_ctlreq.o
                0x08005ee4                USBD_ParseSetupRequest
 .text.USBD_CtlError
                0x08005f0c       0x14 ./Middlewares/ST/STM32_USB_Device_Library/Core/Src/usbd_ctlreq.o
                0x08005f0c                USBD_CtlError
 .text.USBD_GetString
                0x08005f20       0x3a ./Middlewares/ST/STM32_USB_Device_Library/Core/Src/usbd_ctlreq.o
                0x08005f20                USBD_GetString
 .text.USBD_CtlSendData
                0x08005f5a       0x1c ./Middlewares/ST/STM32_USB_Device_Library/Core/Src/usbd_ioreq.o
                0x08005f5a                USBD_CtlSendData
 .text.USBD_CtlContinueSendData
                0x08005f76       0x10 ./Middlewares/ST/STM32_USB_Device_Library/Core/Src/usbd_ioreq.o
                0x08005f76                USBD_CtlContinueSendData
 .text.USBD_CtlPrepareRx
                0x08005f86       0x20 ./Middlewares/ST/STM32_USB_Device_Library/Core/Src/usbd_ioreq.o
                0x08005f86                USBD_CtlPrepareRx
 .text.USBD_CtlContinueRx
                0x08005fa6       0x10 ./Middlewares/ST/STM32_USB_Device_Library/Core/Src/usbd_ioreq.o
                0x08005fa6                USBD_CtlContinueRx
 .text.USBD_CtlSendStatus
                0x08005fb6       0x18 ./Middlewares/ST/STM32_USB_Device_Library/Core/Src/usbd_ioreq.o
                0x08005fb6                USBD_CtlSendStatus
 .text.USBD_CtlReceiveStatus
                0x08005fce       0x18 ./Middlewares/ST/STM32_USB_Device_Library/Core/Src/usbd_ioreq.o
                0x08005fce                USBD_CtlReceiveStatus
 *fill*         0x08005fe6        0x2 
 .text.MX_USB_DEVICE_Init
                0x08005fe8       0x58 ./USB_DEVICE/App/usb_device.o
                0x08005fe8                MX_USB_DEVICE_Init
 .text.CDC_DeInit_FS
                0x08006040        0x4 ./USB_DEVICE/App/usbd_cdc_if.o
 .text.CDC_Control_FS
                0x08006044        0x4 ./USB_DEVICE/App/usbd_cdc_if.o
 .text.CDC_Receive_FS
                0x08006048       0x50 ./USB_DEVICE/App/usbd_cdc_if.o
 .text.CDC_Init_FS
                0x08006098       0x28 ./USB_DEVICE/App/usbd_cdc_if.o
 .text.CDC_Transmit_FS
                0x080060c0       0x2c ./USB_DEVICE/App/usbd_cdc_if.o
                0x080060c0                CDC_Transmit_FS
 .text.USBD_FS_DeviceDescriptor
                0x080060ec        0xc ./USB_DEVICE/App/usbd_desc.o
                0x080060ec                USBD_FS_DeviceDescriptor
 .text.USBD_FS_LangIDStrDescriptor
                0x080060f8        0xc ./USB_DEVICE/App/usbd_desc.o
                0x080060f8                USBD_FS_LangIDStrDescriptor
 .text.IntToUnicode
                0x08006104       0x26 ./USB_DEVICE/App/usbd_desc.o
 *fill*         0x0800612a        0x2 
 .text.USBD_FS_SerialStrDescriptor
                0x0800612c       0x48 ./USB_DEVICE/App/usbd_desc.o
                0x0800612c                USBD_FS_SerialStrDescriptor
 .text.USBD_FS_ManufacturerStrDescriptor
                0x08006174       0x1c ./USB_DEVICE/App/usbd_desc.o
                0x08006174                USBD_FS_ManufacturerStrDescriptor
 .text.USBD_FS_ProductStrDescriptor
                0x08006190       0x1c ./USB_DEVICE/App/usbd_desc.o
                0x08006190                USBD_FS_ProductStrDescriptor
 .text.USBD_FS_ConfigStrDescriptor
                0x080061ac       0x1c ./USB_DEVICE/App/usbd_desc.o
                0x080061ac                USBD_FS_ConfigStrDescriptor
 .text.USBD_FS_InterfaceStrDescriptor
                0x080061c8       0x1c ./USB_DEVICE/App/usbd_desc.o
                0x080061c8                USBD_FS_InterfaceStrDescriptor
 .text.USBD_Get_USB_Status
                0x080061e4        0xe ./USB_DEVICE/Target/usbd_conf.o
 *fill*         0x080061f2        0x2 
 .text.HAL_PCD_MspInit
                0x080061f4       0x38 ./USB_DEVICE/Target/usbd_conf.o
                0x080061f4                HAL_PCD_MspInit
 .text.HAL_PCD_SetupStageCallback
                0x0800622c       0x12 ./USB_DEVICE/Target/usbd_conf.o
                0x0800622c                HAL_PCD_SetupStageCallback
 .text.HAL_PCD_DataOutStageCallback
                0x0800623e       0x18 ./USB_DEVICE/Target/usbd_conf.o
                0x0800623e                HAL_PCD_DataOutStageCallback
 .text.HAL_PCD_DataInStageCallback
                0x08006256       0x16 ./USB_DEVICE/Target/usbd_conf.o
                0x08006256                HAL_PCD_DataInStageCallback
 .text.HAL_PCD_SOFCallback
                0x0800626c        0xe ./USB_DEVICE/Target/usbd_conf.o
                0x0800626c                HAL_PCD_SOFCallback
 .text.HAL_PCD_ResetCallback
                0x0800627a       0x22 ./USB_DEVICE/Target/usbd_conf.o
                0x0800627a                HAL_PCD_ResetCallback
 .text.HAL_PCD_SuspendCallback
                0x0800629c       0x24 ./USB_DEVICE/Target/usbd_conf.o
                0x0800629c                HAL_PCD_SuspendCallback
 .text.HAL_PCD_ResumeCallback
                0x080062c0       0x28 ./USB_DEVICE/Target/usbd_conf.o
                0x080062c0                HAL_PCD_ResumeCallback
 .text.USBD_LL_Init
                0x080062e8       0x80 ./USB_DEVICE/Target/usbd_conf.o
                0x080062e8                USBD_LL_Init
 .text.USBD_LL_Start
                0x08006368       0x12 ./USB_DEVICE/Target/usbd_conf.o
                0x08006368                USBD_LL_Start
 .text.USBD_LL_OpenEP
                0x0800637a       0x18 ./USB_DEVICE/Target/usbd_conf.o
                0x0800637a                USBD_LL_OpenEP
 .text.USBD_LL_CloseEP
                0x08006392       0x12 ./USB_DEVICE/Target/usbd_conf.o
                0x08006392                USBD_LL_CloseEP
 .text.USBD_LL_StallEP
                0x080063a4       0x12 ./USB_DEVICE/Target/usbd_conf.o
                0x080063a4                USBD_LL_StallEP
 .text.USBD_LL_ClearStallEP
                0x080063b6       0x12 ./USB_DEVICE/Target/usbd_conf.o
                0x080063b6                USBD_LL_ClearStallEP
 .text.USBD_LL_IsStallEP
                0x080063c8       0x26 ./USB_DEVICE/Target/usbd_conf.o
                0x080063c8                USBD_LL_IsStallEP
 .text.USBD_LL_SetUSBAddress
                0x080063ee       0x12 ./USB_DEVICE/Target/usbd_conf.o
                0x080063ee                USBD_LL_SetUSBAddress
 .text.USBD_LL_Transmit
                0x08006400       0x12 ./USB_DEVICE/Target/usbd_conf.o
                0x08006400                USBD_LL_Transmit
 .text.USBD_LL_PrepareReceive
                0x08006412       0x12 ./USB_DEVICE/Target/usbd_conf.o
                0x08006412                USBD_LL_PrepareReceive
 .text.USBD_LL_GetRxDataSize
                0x08006424        0xe ./USB_DEVICE/Target/usbd_conf.o
                0x08006424                USBD_LL_GetRxDataSize
 *fill*         0x08006432        0x2 
 .text.USBD_static_malloc
                0x08006434        0x8 ./USB_DEVICE/Target/usbd_conf.o
                0x08006434                USBD_static_malloc
 .text.USBD_static_free
                0x0800643c        0x2 ./USB_DEVICE/Target/usbd_conf.o
                0x0800643c                USBD_static_free
 .text.atoi     0x0800643e        0xc C:/ST/STM32CubeIDE_1.9.0/STM32CubeIDE/plugins/com.st.stm32cube.ide.mcu.externaltools.gnu-tools-for-stm32.12.3.rel1.win32_1.1.0.202410251130/tools/bin/../lib/gcc/arm-none-eabi/12.3.1/../../../../arm-none-eabi/lib/thumb/v6-m/nofp\libc_nano.a(libc_a-atoi.o)
                0x0800643e                atoi
 *fill*         0x0800644a        0x2 
 .text._strtol_l.constprop.0
                0x0800644c      0x114 C:/ST/STM32CubeIDE_1.9.0/STM32CubeIDE/plugins/com.st.stm32cube.ide.mcu.externaltools.gnu-tools-for-stm32.12.3.rel1.win32_1.1.0.202410251130/tools/bin/../lib/gcc/arm-none-eabi/12.3.1/../../../../arm-none-eabi/lib/thumb/v6-m/nofp\libc_nano.a(libc_a-strtol.o)
 .text.strtol   0x08006560       0x18 C:/ST/STM32CubeIDE_1.9.0/STM32CubeIDE/plugins/com.st.stm32cube.ide.mcu.externaltools.gnu-tools-for-stm32.12.3.rel1.win32_1.1.0.202410251130/tools/bin/../lib/gcc/arm-none-eabi/12.3.1/../../../../arm-none-eabi/lib/thumb/v6-m/nofp\libc_nano.a(libc_a-strtol.o)
                0x08006560                strtol
 .text.std      0x08006578       0x6c C:/ST/STM32CubeIDE_1.9.0/STM32CubeIDE/plugins/com.st.stm32cube.ide.mcu.externaltools.gnu-tools-for-stm32.12.3.rel1.win32_1.1.0.202410251130/tools/bin/../lib/gcc/arm-none-eabi/12.3.1/../../../../arm-none-eabi/lib/thumb/v6-m/nofp\libc_nano.a(libc_a-findfp.o)
 .text.stdio_exit_handler
                0x080065e4       0x1c C:/ST/STM32CubeIDE_1.9.0/STM32CubeIDE/plugins/com.st.stm32cube.ide.mcu.externaltools.gnu-tools-for-stm32.12.3.rel1.win32_1.1.0.202410251130/tools/bin/../lib/gcc/arm-none-eabi/12.3.1/../../../../arm-none-eabi/lib/thumb/v6-m/nofp\libc_nano.a(libc_a-findfp.o)
 .text.cleanup_stdio
                0x08006600       0x3c C:/ST/STM32CubeIDE_1.9.0/STM32CubeIDE/plugins/com.st.stm32cube.ide.mcu.externaltools.gnu-tools-for-stm32.12.3.rel1.win32_1.1.0.202410251130/tools/bin/../lib/gcc/arm-none-eabi/12.3.1/../../../../arm-none-eabi/lib/thumb/v6-m/nofp\libc_nano.a(libc_a-findfp.o)
 .text.global_stdio_init.part.0
                0x0800663c       0x3c C:/ST/STM32CubeIDE_1.9.0/STM32CubeIDE/plugins/com.st.stm32cube.ide.mcu.externaltools.gnu-tools-for-stm32.12.3.rel1.win32_1.1.0.202410251130/tools/bin/../lib/gcc/arm-none-eabi/12.3.1/../../../../arm-none-eabi/lib/thumb/v6-m/nofp\libc_nano.a(libc_a-findfp.o)
 .text.__sfp_lock_acquire
                0x08006678       0x10 C:/ST/STM32CubeIDE_1.9.0/STM32CubeIDE/plugins/com.st.stm32cube.ide.mcu.externaltools.gnu-tools-for-stm32.12.3.rel1.win32_1.1.0.202410251130/tools/bin/../lib/gcc/arm-none-eabi/12.3.1/../../../../arm-none-eabi/lib/thumb/v6-m/nofp\libc_nano.a(libc_a-findfp.o)
                0x08006678                __sfp_lock_acquire
 .text.__sfp_lock_release
                0x08006688       0x10 C:/ST/STM32CubeIDE_1.9.0/STM32CubeIDE/plugins/com.st.stm32cube.ide.mcu.externaltools.gnu-tools-for-stm32.12.3.rel1.win32_1.1.0.202410251130/tools/bin/../lib/gcc/arm-none-eabi/12.3.1/../../../../arm-none-eabi/lib/thumb/v6-m/nofp\libc_nano.a(libc_a-findfp.o)
                0x08006688                __sfp_lock_release
 .text.__sinit  0x08006698       0x30 C:/ST/STM32CubeIDE_1.9.0/STM32CubeIDE/plugins/com.st.stm32cube.ide.mcu.externaltools.gnu-tools-for-stm32.12.3.rel1.win32_1.1.0.202410251130/tools/bin/../lib/gcc/arm-none-eabi/12.3.1/../../../../arm-none-eabi/lib/thumb/v6-m/nofp\libc_nano.a(libc_a-findfp.o)
                0x08006698                __sinit
 .text._fwalk_sglue
                0x080066c8       0x38 C:/ST/STM32CubeIDE_1.9.0/STM32CubeIDE/plugins/com.st.stm32cube.ide.mcu.externaltools.gnu-tools-for-stm32.12.3.rel1.win32_1.1.0.202410251130/tools/bin/../lib/gcc/arm-none-eabi/12.3.1/../../../../arm-none-eabi/lib/thumb/v6-m/nofp\libc_nano.a(libc_a-fwalk.o)
                0x080066c8                _fwalk_sglue
 .text.sprintf  0x08006700       0x40 C:/ST/STM32CubeIDE_1.9.0/STM32CubeIDE/plugins/com.st.stm32cube.ide.mcu.externaltools.gnu-tools-for-stm32.12.3.rel1.win32_1.1.0.202410251130/tools/bin/../lib/gcc/arm-none-eabi/12.3.1/../../../../arm-none-eabi/lib/thumb/v6-m/nofp\libc_nano.a(libc_a-sprintf.o)
                0x08006700                siprintf
                0x08006700                sprintf
 .text.__sread  0x08006740       0x28 C:/ST/STM32CubeIDE_1.9.0/STM32CubeIDE/plugins/com.st.stm32cube.ide.mcu.externaltools.gnu-tools-for-stm32.12.3.rel1.win32_1.1.0.202410251130/tools/bin/../lib/gcc/arm-none-eabi/12.3.1/../../../../arm-none-eabi/lib/thumb/v6-m/nofp\libc_nano.a(libc_a-stdio.o)
                0x08006740                __sread
 .text.__swrite
                0x08006768       0x38 C:/ST/STM32CubeIDE_1.9.0/STM32CubeIDE/plugins/com.st.stm32cube.ide.mcu.externaltools.gnu-tools-for-stm32.12.3.rel1.win32_1.1.0.202410251130/tools/bin/../lib/gcc/arm-none-eabi/12.3.1/../../../../arm-none-eabi/lib/thumb/v6-m/nofp\libc_nano.a(libc_a-stdio.o)
                0x08006768                __swrite
 .text.__sseek  0x080067a0       0x2c C:/ST/STM32CubeIDE_1.9.0/STM32CubeIDE/plugins/com.st.stm32cube.ide.mcu.externaltools.gnu-tools-for-stm32.12.3.rel1.win32_1.1.0.202410251130/tools/bin/../lib/gcc/arm-none-eabi/12.3.1/../../../../arm-none-eabi/lib/thumb/v6-m/nofp\libc_nano.a(libc_a-stdio.o)
                0x080067a0                __sseek
 .text.__sclose
                0x080067cc        0xc C:/ST/STM32CubeIDE_1.9.0/STM32CubeIDE/plugins/com.st.stm32cube.ide.mcu.externaltools.gnu-tools-for-stm32.12.3.rel1.win32_1.1.0.202410251130/tools/bin/../lib/gcc/arm-none-eabi/12.3.1/../../../../arm-none-eabi/lib/thumb/v6-m/nofp\libc_nano.a(libc_a-stdio.o)
                0x080067cc                __sclose
 .text.memset   0x080067d8       0x10 C:/ST/STM32CubeIDE_1.9.0/STM32CubeIDE/plugins/com.st.stm32cube.ide.mcu.externaltools.gnu-tools-for-stm32.12.3.rel1.win32_1.1.0.202410251130/tools/bin/../lib/gcc/arm-none-eabi/12.3.1/../../../../arm-none-eabi/lib/thumb/v6-m/nofp\libc_nano.a(libc_a-memset.o)
                0x080067d8                memset
 .text.strtok   0x080067e8       0x68 C:/ST/STM32CubeIDE_1.9.0/STM32CubeIDE/plugins/com.st.stm32cube.ide.mcu.externaltools.gnu-tools-for-stm32.12.3.rel1.win32_1.1.0.202410251130/tools/bin/../lib/gcc/arm-none-eabi/12.3.1/../../../../arm-none-eabi/lib/thumb/v6-m/nofp\libc_nano.a(libc_a-strtok.o)
                0x080067e8                strtok
 .text.__strtok_r
                0x08006850       0x58 C:/ST/STM32CubeIDE_1.9.0/STM32CubeIDE/plugins/com.st.stm32cube.ide.mcu.externaltools.gnu-tools-for-stm32.12.3.rel1.win32_1.1.0.202410251130/tools/bin/../lib/gcc/arm-none-eabi/12.3.1/../../../../arm-none-eabi/lib/thumb/v6-m/nofp\libc_nano.a(libc_a-strtok_r.o)
                0x08006850                __strtok_r
 .text._close_r
                0x080068a8       0x24 C:/ST/STM32CubeIDE_1.9.0/STM32CubeIDE/plugins/com.st.stm32cube.ide.mcu.externaltools.gnu-tools-for-stm32.12.3.rel1.win32_1.1.0.202410251130/tools/bin/../lib/gcc/arm-none-eabi/12.3.1/../../../../arm-none-eabi/lib/thumb/v6-m/nofp\libc_nano.a(libc_a-closer.o)
                0x080068a8                _close_r
 .text._lseek_r
                0x080068cc       0x28 C:/ST/STM32CubeIDE_1.9.0/STM32CubeIDE/plugins/com.st.stm32cube.ide.mcu.externaltools.gnu-tools-for-stm32.12.3.rel1.win32_1.1.0.202410251130/tools/bin/../lib/gcc/arm-none-eabi/12.3.1/../../../../arm-none-eabi/lib/thumb/v6-m/nofp\libc_nano.a(libc_a-lseekr.o)
                0x080068cc                _lseek_r
 .text._read_r  0x080068f4       0x28 C:/ST/STM32CubeIDE_1.9.0/STM32CubeIDE/plugins/com.st.stm32cube.ide.mcu.externaltools.gnu-tools-for-stm32.12.3.rel1.win32_1.1.0.202410251130/tools/bin/../lib/gcc/arm-none-eabi/12.3.1/../../../../arm-none-eabi/lib/thumb/v6-m/nofp\libc_nano.a(libc_a-readr.o)
                0x080068f4                _read_r
 .text._write_r
                0x0800691c       0x28 C:/ST/STM32CubeIDE_1.9.0/STM32CubeIDE/plugins/com.st.stm32cube.ide.mcu.externaltools.gnu-tools-for-stm32.12.3.rel1.win32_1.1.0.202410251130/tools/bin/../lib/gcc/arm-none-eabi/12.3.1/../../../../arm-none-eabi/lib/thumb/v6-m/nofp\libc_nano.a(libc_a-writer.o)
                0x0800691c                _write_r
 .text.__errno  0x08006944        0xc C:/ST/STM32CubeIDE_1.9.0/STM32CubeIDE/plugins/com.st.stm32cube.ide.mcu.externaltools.gnu-tools-for-stm32.12.3.rel1.win32_1.1.0.202410251130/tools/bin/../lib/gcc/arm-none-eabi/12.3.1/../../../../arm-none-eabi/lib/thumb/v6-m/nofp\libc_nano.a(libc_a-errno.o)
                0x08006944                __errno
 .text.__libc_init_array
                0x08006950       0x48 C:/ST/STM32CubeIDE_1.9.0/STM32CubeIDE/plugins/com.st.stm32cube.ide.mcu.externaltools.gnu-tools-for-stm32.12.3.rel1.win32_1.1.0.202410251130/tools/bin/../lib/gcc/arm-none-eabi/12.3.1/../../../../arm-none-eabi/lib/thumb/v6-m/nofp\libc_nano.a(libc_a-init.o)
                0x08006950                __libc_init_array
 .text.__retarget_lock_init_recursive
                0x08006998        0x2 C:/ST/STM32CubeIDE_1.9.0/STM32CubeIDE/plugins/com.st.stm32cube.ide.mcu.externaltools.gnu-tools-for-stm32.12.3.rel1.win32_1.1.0.202410251130/tools/bin/../lib/gcc/arm-none-eabi/12.3.1/../../../../arm-none-eabi/lib/thumb/v6-m/nofp\libc_nano.a(libc_a-lock.o)
                0x08006998                __retarget_lock_init_recursive
 .text.__retarget_lock_acquire_recursive
                0x0800699a        0x2 C:/ST/STM32CubeIDE_1.9.0/STM32CubeIDE/plugins/com.st.stm32cube.ide.mcu.externaltools.gnu-tools-for-stm32.12.3.rel1.win32_1.1.0.202410251130/tools/bin/../lib/gcc/arm-none-eabi/12.3.1/../../../../arm-none-eabi/lib/thumb/v6-m/nofp\libc_nano.a(libc_a-lock.o)
                0x0800699a                __retarget_lock_acquire_recursive
 .text.__retarget_lock_release_recursive
                0x0800699c        0x2 C:/ST/STM32CubeIDE_1.9.0/STM32CubeIDE/plugins/com.st.stm32cube.ide.mcu.externaltools.gnu-tools-for-stm32.12.3.rel1.win32_1.1.0.202410251130/tools/bin/../lib/gcc/arm-none-eabi/12.3.1/../../../../arm-none-eabi/lib/thumb/v6-m/nofp\libc_nano.a(libc_a-lock.o)
                0x0800699c                __retarget_lock_release_recursive
 .text.strcpy   0x0800699e       0x10 C:/ST/STM32CubeIDE_1.9.0/STM32CubeIDE/plugins/com.st.stm32cube.ide.mcu.externaltools.gnu-tools-for-stm32.12.3.rel1.win32_1.1.0.202410251130/tools/bin/../lib/gcc/arm-none-eabi/12.3.1/../../../../arm-none-eabi/lib/thumb/v6-m/nofp\libc_nano.a(libc_a-strcpy.o)
                0x0800699e                strcpy
 .text.memcpy   0x080069ae       0x12 C:/ST/STM32CubeIDE_1.9.0/STM32CubeIDE/plugins/com.st.stm32cube.ide.mcu.externaltools.gnu-tools-for-stm32.12.3.rel1.win32_1.1.0.202410251130/tools/bin/../lib/gcc/arm-none-eabi/12.3.1/../../../../arm-none-eabi/lib/thumb/v6-m/nofp\libc_nano.a(libc_a-memcpy-stub.o)
                0x080069ae                memcpy
 .text.__assert_func
                0x080069c0       0x3c C:/ST/STM32CubeIDE_1.9.0/STM32CubeIDE/plugins/com.st.stm32cube.ide.mcu.externaltools.gnu-tools-for-stm32.12.3.rel1.win32_1.1.0.202410251130/tools/bin/../lib/gcc/arm-none-eabi/12.3.1/../../../../arm-none-eabi/lib/thumb/v6-m/nofp\libc_nano.a(libc_a-assert.o)
                0x080069c0                __assert_func
 .text._free_r  0x080069fc       0x94 C:/ST/STM32CubeIDE_1.9.0/STM32CubeIDE/plugins/com.st.stm32cube.ide.mcu.externaltools.gnu-tools-for-stm32.12.3.rel1.win32_1.1.0.202410251130/tools/bin/../lib/gcc/arm-none-eabi/12.3.1/../../../../arm-none-eabi/lib/thumb/v6-m/nofp\libc_nano.a(libc_a-freer.o)
                0x080069fc                _free_r
 .text.malloc   0x08006a90       0x14 C:/ST/STM32CubeIDE_1.9.0/STM32CubeIDE/plugins/com.st.stm32cube.ide.mcu.externaltools.gnu-tools-for-stm32.12.3.rel1.win32_1.1.0.202410251130/tools/bin/../lib/gcc/arm-none-eabi/12.3.1/../../../../arm-none-eabi/lib/thumb/v6-m/nofp\libc_nano.a(libc_a-malloc.o)
                0x08006a90                malloc
 .text.sbrk_aligned
                0x08006aa4       0x44 C:/ST/STM32CubeIDE_1.9.0/STM32CubeIDE/plugins/com.st.stm32cube.ide.mcu.externaltools.gnu-tools-for-stm32.12.3.rel1.win32_1.1.0.202410251130/tools/bin/../lib/gcc/arm-none-eabi/12.3.1/../../../../arm-none-eabi/lib/thumb/v6-m/nofp\libc_nano.a(libc_a-mallocr.o)
 .text._malloc_r
                0x08006ae8      0x100 C:/ST/STM32CubeIDE_1.9.0/STM32CubeIDE/plugins/com.st.stm32cube.ide.mcu.externaltools.gnu-tools-for-stm32.12.3.rel1.win32_1.1.0.202410251130/tools/bin/../lib/gcc/arm-none-eabi/12.3.1/../../../../arm-none-eabi/lib/thumb/v6-m/nofp\libc_nano.a(libc_a-mallocr.o)
                0x08006ae8                _malloc_r
 .text.__malloc_lock
                0x08006be8       0x10 C:/ST/STM32CubeIDE_1.9.0/STM32CubeIDE/plugins/com.st.stm32cube.ide.mcu.externaltools.gnu-tools-for-stm32.12.3.rel1.win32_1.1.0.202410251130/tools/bin/../lib/gcc/arm-none-eabi/12.3.1/../../../../arm-none-eabi/lib/thumb/v6-m/nofp\libc_nano.a(libc_a-mlock.o)
                0x08006be8                __malloc_lock
 .text.__malloc_unlock
                0x08006bf8       0x10 C:/ST/STM32CubeIDE_1.9.0/STM32CubeIDE/plugins/com.st.stm32cube.ide.mcu.externaltools.gnu-tools-for-stm32.12.3.rel1.win32_1.1.0.202410251130/tools/bin/../lib/gcc/arm-none-eabi/12.3.1/../../../../arm-none-eabi/lib/thumb/v6-m/nofp\libc_nano.a(libc_a-mlock.o)
                0x08006bf8                __malloc_unlock
 .text.__ssputs_r
                0x08006c08       0xc0 C:/ST/STM32CubeIDE_1.9.0/STM32CubeIDE/plugins/com.st.stm32cube.ide.mcu.externaltools.gnu-tools-for-stm32.12.3.rel1.win32_1.1.0.202410251130/tools/bin/../lib/gcc/arm-none-eabi/12.3.1/../../../../arm-none-eabi/lib/thumb/v6-m/nofp\libc_nano.a(libc_a-nano-svfprintf.o)
                0x08006c08                __ssputs_r
 .text._svfprintf_r
                0x08006cc8      0x1fc C:/ST/STM32CubeIDE_1.9.0/STM32CubeIDE/plugins/com.st.stm32cube.ide.mcu.externaltools.gnu-tools-for-stm32.12.3.rel1.win32_1.1.0.202410251130/tools/bin/../lib/gcc/arm-none-eabi/12.3.1/../../../../arm-none-eabi/lib/thumb/v6-m/nofp\libc_nano.a(libc_a-nano-svfprintf.o)
                0x08006cc8                _svfiprintf_r
                0x08006cc8                _svfprintf_r
 .text._printf_common
                0x08006ec4       0xde C:/ST/STM32CubeIDE_1.9.0/STM32CubeIDE/plugins/com.st.stm32cube.ide.mcu.externaltools.gnu-tools-for-stm32.12.3.rel1.win32_1.1.0.202410251130/tools/bin/../lib/gcc/arm-none-eabi/12.3.1/../../../../arm-none-eabi/lib/thumb/v6-m/nofp\libc_nano.a(libc_a-nano-vfprintf_i.o)
                0x08006ec4                _printf_common
 *fill*         0x08006fa2        0x2 
 .text._printf_i
                0x08006fa4      0x21c C:/ST/STM32CubeIDE_1.9.0/STM32CubeIDE/plugins/com.st.stm32cube.ide.mcu.externaltools.gnu-tools-for-stm32.12.3.rel1.win32_1.1.0.202410251130/tools/bin/../lib/gcc/arm-none-eabi/12.3.1/../../../../arm-none-eabi/lib/thumb/v6-m/nofp\libc_nano.a(libc_a-nano-vfprintf_i.o)
                0x08006fa4                _printf_i
 .text.__sflush_r
                0x080071c0      0x10c C:/ST/STM32CubeIDE_1.9.0/STM32CubeIDE/plugins/com.st.stm32cube.ide.mcu.externaltools.gnu-tools-for-stm32.12.3.rel1.win32_1.1.0.202410251130/tools/bin/../lib/gcc/arm-none-eabi/12.3.1/../../../../arm-none-eabi/lib/thumb/v6-m/nofp\libc_nano.a(libc_a-fflush.o)
                0x080071c0                __sflush_r
 .text._fflush_r
                0x080072cc       0x56 C:/ST/STM32CubeIDE_1.9.0/STM32CubeIDE/plugins/com.st.stm32cube.ide.mcu.externaltools.gnu-tools-for-stm32.12.3.rel1.win32_1.1.0.202410251130/tools/bin/../lib/gcc/arm-none-eabi/12.3.1/../../../../arm-none-eabi/lib/thumb/v6-m/nofp\libc_nano.a(libc_a-fflush.o)
                0x080072cc                _fflush_r
 *fill*         0x08007322        0x2 
 .text.fprintf  0x08007324       0x20 C:/ST/STM32CubeIDE_1.9.0/STM32CubeIDE/plugins/com.st.stm32cube.ide.mcu.externaltools.gnu-tools-for-stm32.12.3.rel1.win32_1.1.0.202410251130/tools/bin/../lib/gcc/arm-none-eabi/12.3.1/../../../../arm-none-eabi/lib/thumb/v6-m/nofp\libc_nano.a(libc_a-fprintf.o)
                0x08007324                fiprintf
                0x08007324                fprintf
 .text.memmove  0x08007344       0x26 C:/ST/STM32CubeIDE_1.9.0/STM32CubeIDE/plugins/com.st.stm32cube.ide.mcu.externaltools.gnu-tools-for-stm32.12.3.rel1.win32_1.1.0.202410251130/tools/bin/../lib/gcc/arm-none-eabi/12.3.1/../../../../arm-none-eabi/lib/thumb/v6-m/nofp\libc_nano.a(libc_a-memmove.o)
                0x08007344                memmove
 *fill*         0x0800736a        0x2 
 .text._sbrk_r  0x0800736c       0x24 C:/ST/STM32CubeIDE_1.9.0/STM32CubeIDE/plugins/com.st.stm32cube.ide.mcu.externaltools.gnu-tools-for-stm32.12.3.rel1.win32_1.1.0.202410251130/tools/bin/../lib/gcc/arm-none-eabi/12.3.1/../../../../arm-none-eabi/lib/thumb/v6-m/nofp\libc_nano.a(libc_a-sbrkr.o)
                0x0800736c                _sbrk_r
 .text.memchr   0x08007390       0x16 C:/ST/STM32CubeIDE_1.9.0/STM32CubeIDE/plugins/com.st.stm32cube.ide.mcu.externaltools.gnu-tools-for-stm32.12.3.rel1.win32_1.1.0.202410251130/tools/bin/../lib/gcc/arm-none-eabi/12.3.1/../../../../arm-none-eabi/lib/thumb/v6-m/nofp\libc_nano.a(libc_a-memchr-stub.o)
                0x08007390                memchr
 .text.abort    0x080073a6        0xe C:/ST/STM32CubeIDE_1.9.0/STM32CubeIDE/plugins/com.st.stm32cube.ide.mcu.externaltools.gnu-tools-for-stm32.12.3.rel1.win32_1.1.0.202410251130/tools/bin/../lib/gcc/arm-none-eabi/12.3.1/../../../../arm-none-eabi/lib/thumb/v6-m/nofp\libc_nano.a(libc_a-abort.o)
                0x080073a6                abort
 .text._realloc_r
                0x080073b4       0x5e C:/ST/STM32CubeIDE_1.9.0/STM32CubeIDE/plugins/com.st.stm32cube.ide.mcu.externaltools.gnu-tools-for-stm32.12.3.rel1.win32_1.1.0.202410251130/tools/bin/../lib/gcc/arm-none-eabi/12.3.1/../../../../arm-none-eabi/lib/thumb/v6-m/nofp\libc_nano.a(libc_a-reallocr.o)
                0x080073b4                _realloc_r
 .text.__sfputc_r
                0x08007412       0x2a C:/ST/STM32CubeIDE_1.9.0/STM32CubeIDE/plugins/com.st.stm32cube.ide.mcu.externaltools.gnu-tools-for-stm32.12.3.rel1.win32_1.1.0.202410251130/tools/bin/../lib/gcc/arm-none-eabi/12.3.1/../../../../arm-none-eabi/lib/thumb/v6-m/nofp\libc_nano.a(libc_a-nano-vfprintf.o)
 .text.__sfputs_r
                0x0800743c       0x24 C:/ST/STM32CubeIDE_1.9.0/STM32CubeIDE/plugins/com.st.stm32cube.ide.mcu.externaltools.gnu-tools-for-stm32.12.3.rel1.win32_1.1.0.202410251130/tools/bin/../lib/gcc/arm-none-eabi/12.3.1/../../../../arm-none-eabi/lib/thumb/v6-m/nofp\libc_nano.a(libc_a-nano-vfprintf.o)
                0x0800743c                __sfputs_r
 .text._vfprintf_r
                0x08007460      0x238 C:/ST/STM32CubeIDE_1.9.0/STM32CubeIDE/plugins/com.st.stm32cube.ide.mcu.externaltools.gnu-tools-for-stm32.12.3.rel1.win32_1.1.0.202410251130/tools/bin/../lib/gcc/arm-none-eabi/12.3.1/../../../../arm-none-eabi/lib/thumb/v6-m/nofp\libc_nano.a(libc_a-nano-vfprintf.o)
                0x08007460                _vfprintf_r
                0x08007460                _vfiprintf_r
 .text.__swbuf_r
                0x08007698       0x84 C:/ST/STM32CubeIDE_1.9.0/STM32CubeIDE/plugins/com.st.stm32cube.ide.mcu.externaltools.gnu-tools-for-stm32.12.3.rel1.win32_1.1.0.202410251130/tools/bin/../lib/gcc/arm-none-eabi/12.3.1/../../../../arm-none-eabi/lib/thumb/v6-m/nofp\libc_nano.a(libc_a-wbuf.o)
                0x08007698                __swbuf_r
 .text.__swsetup_r
                0x0800771c       0xbc C:/ST/STM32CubeIDE_1.9.0/STM32CubeIDE/plugins/com.st.stm32cube.ide.mcu.externaltools.gnu-tools-for-stm32.12.3.rel1.win32_1.1.0.202410251130/tools/bin/../lib/gcc/arm-none-eabi/12.3.1/../../../../arm-none-eabi/lib/thumb/v6-m/nofp\libc_nano.a(libc_a-wsetup.o)
                0x0800771c                __swsetup_r
 .text._raise_r
                0x080077d8       0x52 C:/ST/STM32CubeIDE_1.9.0/STM32CubeIDE/plugins/com.st.stm32cube.ide.mcu.externaltools.gnu-tools-for-stm32.12.3.rel1.win32_1.1.0.202410251130/tools/bin/../lib/gcc/arm-none-eabi/12.3.1/../../../../arm-none-eabi/lib/thumb/v6-m/nofp\libc_nano.a(libc_a-signal.o)
                0x080077d8                _raise_r
 *fill*         0x0800782a        0x2 
 .text.raise    0x0800782c       0x14 C:/ST/STM32CubeIDE_1.9.0/STM32CubeIDE/plugins/com.st.stm32cube.ide.mcu.externaltools.gnu-tools-for-stm32.12.3.rel1.win32_1.1.0.202410251130/tools/bin/../lib/gcc/arm-none-eabi/12.3.1/../../../../arm-none-eabi/lib/thumb/v6-m/nofp\libc_nano.a(libc_a-signal.o)
                0x0800782c                raise
 .text._kill_r  0x08007840       0x24 C:/ST/STM32CubeIDE_1.9.0/STM32CubeIDE/plugins/com.st.stm32cube.ide.mcu.externaltools.gnu-tools-for-stm32.12.3.rel1.win32_1.1.0.202410251130/tools/bin/../lib/gcc/arm-none-eabi/12.3.1/../../../../arm-none-eabi/lib/thumb/v6-m/nofp\libc_nano.a(libc_a-signalr.o)
                0x08007840                _kill_r
 .text._getpid_r
                0x08007864        0x8 C:/ST/STM32CubeIDE_1.9.0/STM32CubeIDE/plugins/com.st.stm32cube.ide.mcu.externaltools.gnu-tools-for-stm32.12.3.rel1.win32_1.1.0.202410251130/tools/bin/../lib/gcc/arm-none-eabi/12.3.1/../../../../arm-none-eabi/lib/thumb/v6-m/nofp\libc_nano.a(libc_a-signalr.o)
                0x08007864                _getpid_r
 .text._malloc_usable_size_r
                0x0800786c       0x10 C:/ST/STM32CubeIDE_1.9.0/STM32CubeIDE/plugins/com.st.stm32cube.ide.mcu.externaltools.gnu-tools-for-stm32.12.3.rel1.win32_1.1.0.202410251130/tools/bin/../lib/gcc/arm-none-eabi/12.3.1/../../../../arm-none-eabi/lib/thumb/v6-m/nofp\libc_nano.a(libc_a-msizer.o)
                0x0800786c                _malloc_usable_size_r
 .text.__swhatbuf_r
                0x0800787c       0x54 C:/ST/STM32CubeIDE_1.9.0/STM32CubeIDE/plugins/com.st.stm32cube.ide.mcu.externaltools.gnu-tools-for-stm32.12.3.rel1.win32_1.1.0.202410251130/tools/bin/../lib/gcc/arm-none-eabi/12.3.1/../../../../arm-none-eabi/lib/thumb/v6-m/nofp\libc_nano.a(libc_a-makebuf.o)
                0x0800787c                __swhatbuf_r
 .text.__smakebuf_r
                0x080078d0       0x82 C:/ST/STM32CubeIDE_1.9.0/STM32CubeIDE/plugins/com.st.stm32cube.ide.mcu.externaltools.gnu-tools-for-stm32.12.3.rel1.win32_1.1.0.202410251130/tools/bin/../lib/gcc/arm-none-eabi/12.3.1/../../../../arm-none-eabi/lib/thumb/v6-m/nofp\libc_nano.a(libc_a-makebuf.o)
                0x080078d0                __smakebuf_r
 *fill*         0x08007952        0x2 
 .text._fstat_r
                0x08007954       0x24 C:/ST/STM32CubeIDE_1.9.0/STM32CubeIDE/plugins/com.st.stm32cube.ide.mcu.externaltools.gnu-tools-for-stm32.12.3.rel1.win32_1.1.0.202410251130/tools/bin/../lib/gcc/arm-none-eabi/12.3.1/../../../../arm-none-eabi/lib/thumb/v6-m/nofp\libc_nano.a(libc_a-fstatr.o)
                0x08007954                _fstat_r
 .text._isatty_r
                0x08007978       0x24 C:/ST/STM32CubeIDE_1.9.0/STM32CubeIDE/plugins/com.st.stm32cube.ide.mcu.externaltools.gnu-tools-for-stm32.12.3.rel1.win32_1.1.0.202410251130/tools/bin/../lib/gcc/arm-none-eabi/12.3.1/../../../../arm-none-eabi/lib/thumb/v6-m/nofp\libc_nano.a(libc_a-isattyr.o)
                0x08007978                _isatty_r
 *(.glue_7)
 .glue_7        0x0800799c        0x0 linker stubs
 *(.glue_7t)
 .glue_7t       0x0800799c        0x0 linker stubs
 *(.eh_frame)
 .eh_frame      0x0800799c        0x0 C:/ST/STM32CubeIDE_1.9.0/STM32CubeIDE/plugins/com.st.stm32cube.ide.mcu.externaltools.gnu-tools-for-stm32.12.3.rel1.win32_1.1.0.202410251130/tools/bin/../lib/gcc/arm-none-eabi/12.3.1/thumb/v6-m/nofp/crtbegin.o
 *(.init)
 .init          0x0800799c        0x4 C:/ST/STM32CubeIDE_1.9.0/STM32CubeIDE/plugins/com.st.stm32cube.ide.mcu.externaltools.gnu-tools-for-stm32.12.3.rel1.win32_1.1.0.202410251130/tools/bin/../lib/gcc/arm-none-eabi/12.3.1/thumb/v6-m/nofp/crti.o
                0x0800799c                _init
 .init          0x080079a0        0x8 C:/ST/STM32CubeIDE_1.9.0/STM32CubeIDE/plugins/com.st.stm32cube.ide.mcu.externaltools.gnu-tools-for-stm32.12.3.rel1.win32_1.1.0.202410251130/tools/bin/../lib/gcc/arm-none-eabi/12.3.1/thumb/v6-m/nofp/crtn.o
 *(.fini)
 .fini          0x080079a8        0x4 C:/ST/STM32CubeIDE_1.9.0/STM32CubeIDE/plugins/com.st.stm32cube.ide.mcu.externaltools.gnu-tools-for-stm32.12.3.rel1.win32_1.1.0.202410251130/tools/bin/../lib/gcc/arm-none-eabi/12.3.1/thumb/v6-m/nofp/crti.o
                0x080079a8                _fini
 .fini          0x080079ac        0x8 C:/ST/STM32CubeIDE_1.9.0/STM32CubeIDE/plugins/com.st.stm32cube.ide.mcu.externaltools.gnu-tools-for-stm32.12.3.rel1.win32_1.1.0.202410251130/tools/bin/../lib/gcc/arm-none-eabi/12.3.1/thumb/v6-m/nofp/crtn.o
                0x080079b4                        . = ALIGN (0x4)
                0x080079b4                        _etext = .

.vfp11_veneer   0x080079b4        0x0
 .vfp11_veneer  0x080079b4        0x0 linker stubs

.v4_bx          0x080079b4        0x0
 .v4_bx         0x080079b4        0x0 linker stubs

.iplt           0x080079b4        0x0
 .iplt          0x080079b4        0x0 C:/ST/STM32CubeIDE_1.9.0/STM32CubeIDE/plugins/com.st.stm32cube.ide.mcu.externaltools.gnu-tools-for-stm32.12.3.rel1.win32_1.1.0.202410251130/tools/bin/../lib/gcc/arm-none-eabi/12.3.1/thumb/v6-m/nofp/crtbegin.o

.rodata         0x080079b4      0x3f4
                0x080079b4                        . = ALIGN (0x4)
 *(.rodata)
 .rodata        0x080079b4       0x50 ./Core/Src/settings.o
 *(.rodata*)
 .rodata.main.str1.1
                0x08007a04        0xe ./Core/Src/main.o
 .rodata.speed_steps
                0x08007a12        0x2 ./Core/Src/main.o
                0x08007a12                speed_steps
 .rodata.decodeCommand.str1.1
                0x08007a14        0x2 ./Core/Src/settings.o
 .rodata.serialPrintStatus.str1.1
                0x08007a16       0x34 ./Core/Src/settings.o
                                 0x3f (size before relaxing)
 .rodata.serialPrintSettings.str1.1
                0x08007a4a       0x67 ./Core/Src/settings.o
 .rodata.modifySettingsWithCommand.str1.1
                0x08007ab1       0xa1 ./Core/Src/settings.o
 .rodata.AHBPrescTable
                0x08007b52       0x10 ./Core/Src/system_stm32f0xx.o
                0x08007b52                AHBPrescTable
 .rodata.aPredivFactorTable.0
                0x08007b62       0x10 ./Drivers/STM32F0xx_HAL_Driver/Src/stm32f0xx_hal_rcc.o
 .rodata.aPLLMULFactorTable.1
                0x08007b72       0x10 ./Drivers/STM32F0xx_HAL_Driver/Src/stm32f0xx_hal_rcc.o
 .rodata.USBD_FS_ManufacturerStrDescriptor.str1.1
                0x08007b82       0x13 ./USB_DEVICE/App/usbd_desc.o
 .rodata.USBD_FS_ProductStrDescriptor.str1.1
                0x08007b95       0x16 ./USB_DEVICE/App/usbd_desc.o
 .rodata.USBD_FS_ConfigStrDescriptor.str1.1
                0x08007bab        0xb ./USB_DEVICE/App/usbd_desc.o
 .rodata.USBD_FS_InterfaceStrDescriptor.str1.1
                0x08007bb6        0xe ./USB_DEVICE/App/usbd_desc.o
 .rodata._ctype_
                0x08007bc4      0x101 C:/ST/STM32CubeIDE_1.9.0/STM32CubeIDE/plugins/com.st.stm32cube.ide.mcu.externaltools.gnu-tools-for-stm32.12.3.rel1.win32_1.1.0.202410251130/tools/bin/../lib/gcc/arm-none-eabi/12.3.1/../../../../arm-none-eabi/lib/thumb/v6-m/nofp\libc_nano.a(libc_a-ctype_.o)
                0x08007bc4                _ctype_
 .rodata.strtok.str1.1
                0x08007cc5       0x71 C:/ST/STM32CubeIDE_1.9.0/STM32CubeIDE/plugins/com.st.stm32cube.ide.mcu.externaltools.gnu-tools-for-stm32.12.3.rel1.win32_1.1.0.202410251130/tools/bin/../lib/gcc/arm-none-eabi/12.3.1/../../../../arm-none-eabi/lib/thumb/v6-m/nofp\libc_nano.a(libc_a-strtok.o)
 .rodata.__assert_func.str1.1
                0x08007d36       0x3c C:/ST/STM32CubeIDE_1.9.0/STM32CubeIDE/plugins/com.st.stm32cube.ide.mcu.externaltools.gnu-tools-for-stm32.12.3.rel1.win32_1.1.0.202410251130/tools/bin/../lib/gcc/arm-none-eabi/12.3.1/../../../../arm-none-eabi/lib/thumb/v6-m/nofp\libc_nano.a(libc_a-assert.o)
                                 0x3d (size before relaxing)
 .rodata._svfprintf_r.str1.1
                0x08007d72       0x11 C:/ST/STM32CubeIDE_1.9.0/STM32CubeIDE/plugins/com.st.stm32cube.ide.mcu.externaltools.gnu-tools-for-stm32.12.3.rel1.win32_1.1.0.202410251130/tools/bin/../lib/gcc/arm-none-eabi/12.3.1/../../../../arm-none-eabi/lib/thumb/v6-m/nofp\libc_nano.a(libc_a-nano-svfprintf.o)
 .rodata._printf_i.str1.1
                0x08007d83       0x22 C:/ST/STM32CubeIDE_1.9.0/STM32CubeIDE/plugins/com.st.stm32cube.ide.mcu.externaltools.gnu-tools-for-stm32.12.3.rel1.win32_1.1.0.202410251130/tools/bin/../lib/gcc/arm-none-eabi/12.3.1/../../../../arm-none-eabi/lib/thumb/v6-m/nofp\libc_nano.a(libc_a-nano-vfprintf_i.o)
 .rodata._vfprintf_r.str1.1
                0x08007da5       0x11 C:/ST/STM32CubeIDE_1.9.0/STM32CubeIDE/plugins/com.st.stm32cube.ide.mcu.externaltools.gnu-tools-for-stm32.12.3.rel1.win32_1.1.0.202410251130/tools/bin/../lib/gcc/arm-none-eabi/12.3.1/../../../../arm-none-eabi/lib/thumb/v6-m/nofp\libc_nano.a(libc_a-nano-vfprintf.o)
                0x08007db8                        . = ALIGN (0x4)
 *fill*         0x08007da5        0x3 

.ARM.extab      0x08007da8        0x0
                0x08007da8                        . = ALIGN (0x4)
 *(.ARM.extab* .gnu.linkonce.armextab.*)
                0x08007da8                        . = ALIGN (0x4)

.ARM            0x08007da8        0x0
                0x08007da8                        . = ALIGN (0x4)
                0x08007da8                        __exidx_start = .
 *(.ARM.exidx*)
                0x08007da8                        __exidx_end = .
                0x08007da8                        . = ALIGN (0x4)

.preinit_array  0x08007da8        0x0
                0x08007da8                        . = ALIGN (0x4)
                0x08007da8                        PROVIDE (__preinit_array_start = .)
 *(.preinit_array*)
                0x08007da8                        PROVIDE (__preinit_array_end = .)
                0x08007da8                        . = ALIGN (0x4)

.init_array     0x08007da8        0x4
                0x08007da8                        . = ALIGN (0x4)
                0x08007da8                        PROVIDE (__init_array_start = .)
 *(SORT_BY_NAME(.init_array.*))
 *(.init_array*)
 .init_array    0x08007da8        0x4 C:/ST/STM32CubeIDE_1.9.0/STM32CubeIDE/plugins/com.st.stm32cube.ide.mcu.externaltools.gnu-tools-for-stm32.12.3.rel1.win32_1.1.0.202410251130/tools/bin/../lib/gcc/arm-none-eabi/12.3.1/thumb/v6-m/nofp/crtbegin.o
                0x08007dac                        PROVIDE (__init_array_end = .)
                0x08007dac                        . = ALIGN (0x4)

.fini_array     0x08007dac        0x4
                0x08007dac                        . = ALIGN (0x4)
                [!provide]                        PROVIDE (__fini_array_start = .)
 *(SORT_BY_NAME(.fini_array.*))
 *(.fini_array*)
 .fini_array    0x08007dac        0x4 C:/ST/STM32CubeIDE_1.9.0/STM32CubeIDE/plugins/com.st.stm32cube.ide.mcu.externaltools.gnu-tools-for-stm32.12.3.rel1.win32_1.1.0.202410251130/tools/bin/../lib/gcc/arm-none-eabi/12.3.1/thumb/v6-m/nofp/crtbegin.o
                [!provide]                        PROVIDE (__fini_array_end = .)
                0x08007db0                        . = ALIGN (0x4)
                0x08007db0                        _sidata = LOADADDR (.data)

.rel.dyn        0x08007db0        0x0
 .rel.iplt      0x08007db0        0x0 C:/ST/STM32CubeIDE_1.9.0/STM32CubeIDE/plugins/com.st.stm32cube.ide.mcu.externaltools.gnu-tools-for-stm32.12.3.rel1.win32_1.1.0.202410251130/tools/bin/../lib/gcc/arm-none-eabi/12.3.1/thumb/v6-m/nofp/crtbegin.o

.data           0x20000000      0x1ec load address 0x08007db0
                0x20000000                        . = ALIGN (0x4)
                0x20000000                        _sdata = .
 *(.data)
 *(.data*)
 .data.recieverIsPWM
                0x20000000        0x4 ./Core/Src/main.o
                0x20000000                recieverIsPWM
 .data.cutOffVoltage
                0x20000004        0x1 ./Core/Src/main.o
                0x20000004                cutOffVoltage
 .data.limitVoltage
                0x20000005        0x1 ./Core/Src/main.o
                0x20000005                limitVoltage
 .data.noDisarm
                0x20000006        0x1 ./Core/Src/main.o
                0x20000006                noDisarm
 .data.tankMixIsON
                0x20000007        0x1 ./Core/Src/main.o
                0x20000007                tankMixIsON
 .data.mWeapon  0x20000008        0x1 ./Core/Src/main.o
                0x20000008                mWeapon
 .data.mRight   0x20000009        0x1 ./Core/Src/main.o
                0x20000009                mRight
 .data.m2Rev    0x2000000a        0x1 ./Core/Src/main.o
                0x2000000a                m2Rev
 .data.m1Rev    0x2000000b        0x1 ./Core/Src/main.o
                0x2000000b                m1Rev
 .data.armChannel
                0x2000000c        0x1 ./Core/Src/main.o
                0x2000000c                armChannel
 .data.s2Channel
                0x2000000d        0x1 ./Core/Src/main.o
                0x2000000d                s2Channel
 .data.s1Channel
                0x2000000e        0x1 ./Core/Src/main.o
                0x2000000e                s1Channel
 .data.wpChannel
                0x2000000f        0x1 ./Core/Src/main.o
                0x2000000f                wpChannel
 .data.stChannel
                0x20000010        0x1 ./Core/Src/main.o
                0x20000010                stChannel
 .data.thChannel
                0x20000011        0x1 ./Core/Src/main.o
                0x20000011                thChannel
 .data.channelToRead
                0x20000012        0x1 ./Core/Src/reciever.o
                0x20000012                channelToRead
 *fill*         0x20000013        0x1 
 .data.SystemCoreClock
                0x20000014        0x4 ./Core/Src/system_stm32f0xx.o
                0x20000014                SystemCoreClock
 .data.uwTickFreq
                0x20000018        0x1 ./Drivers/STM32F0xx_HAL_Driver/Src/stm32f0xx_hal.o
                0x20000018                uwTickFreq
 *fill*         0x20000019        0x3 
 .data.uwTickPrio
                0x2000001c        0x4 ./Drivers/STM32F0xx_HAL_Driver/Src/stm32f0xx_hal.o
                0x2000001c                uwTickPrio
 .data.USBD_CDC_OtherSpeedCfgDesc
                0x20000020       0x43 ./Middlewares/ST/STM32_USB_Device_Library/Class/CDC/Src/usbd_cdc.o
                0x20000020                USBD_CDC_OtherSpeedCfgDesc
 *fill*         0x20000063        0x1 
 .data.USBD_CDC_CfgFSDesc
                0x20000064       0x43 ./Middlewares/ST/STM32_USB_Device_Library/Class/CDC/Src/usbd_cdc.o
                0x20000064                USBD_CDC_CfgFSDesc
 *fill*         0x200000a7        0x1 
 .data.USBD_CDC_CfgHSDesc
                0x200000a8       0x43 ./Middlewares/ST/STM32_USB_Device_Library/Class/CDC/Src/usbd_cdc.o
                0x200000a8                USBD_CDC_CfgHSDesc
 *fill*         0x200000eb        0x1 
 .data.USBD_CDC
                0x200000ec       0x38 ./Middlewares/ST/STM32_USB_Device_Library/Class/CDC/Src/usbd_cdc.o
                0x200000ec                USBD_CDC
 .data.USBD_CDC_DeviceQualifierDesc
                0x20000124        0xa ./Middlewares/ST/STM32_USB_Device_Library/Class/CDC/Src/usbd_cdc.o
 *fill*         0x2000012e        0x2 
 .data.USBD_Interface_fops_FS
                0x20000130       0x10 ./USB_DEVICE/App/usbd_cdc_if.o
                0x20000130                USBD_Interface_fops_FS
 .data.USBD_StringSerial
                0x20000140       0x1a ./USB_DEVICE/App/usbd_desc.o
                0x20000140                USBD_StringSerial
 *fill*         0x2000015a        0x2 
 .data.USBD_LangIDDesc
                0x2000015c        0x4 ./USB_DEVICE/App/usbd_desc.o
                0x2000015c                USBD_LangIDDesc
 .data.USBD_FS_DeviceDesc
                0x20000160       0x12 ./USB_DEVICE/App/usbd_desc.o
                0x20000160                USBD_FS_DeviceDesc
 *fill*         0x20000172        0x2 
 .data.FS_Desc  0x20000174       0x1c ./USB_DEVICE/App/usbd_desc.o
                0x20000174                FS_Desc
 .data.__sglue  0x20000190        0xc C:/ST/STM32CubeIDE_1.9.0/STM32CubeIDE/plugins/com.st.stm32cube.ide.mcu.externaltools.gnu-tools-for-stm32.12.3.rel1.win32_1.1.0.202410251130/tools/bin/../lib/gcc/arm-none-eabi/12.3.1/../../../../arm-none-eabi/lib/thumb/v6-m/nofp\libc_nano.a(libc_a-findfp.o)
                0x20000190                __sglue
 .data._impure_ptr
                0x2000019c        0x4 C:/ST/STM32CubeIDE_1.9.0/STM32CubeIDE/plugins/com.st.stm32cube.ide.mcu.externaltools.gnu-tools-for-stm32.12.3.rel1.win32_1.1.0.202410251130/tools/bin/../lib/gcc/arm-none-eabi/12.3.1/../../../../arm-none-eabi/lib/thumb/v6-m/nofp\libc_nano.a(libc_a-impure.o)
                0x2000019c                _impure_ptr
 .data._impure_data
                0x200001a0       0x4c C:/ST/STM32CubeIDE_1.9.0/STM32CubeIDE/plugins/com.st.stm32cube.ide.mcu.externaltools.gnu-tools-for-stm32.12.3.rel1.win32_1.1.0.202410251130/tools/bin/../lib/gcc/arm-none-eabi/12.3.1/../../../../arm-none-eabi/lib/thumb/v6-m/nofp\libc_nano.a(libc_a-impure.o)
                0x200001a0                _impure_data
 *(.RamFunc)
 *(.RamFunc*)
                0x200001ec                        . = ALIGN (0x4)
                0x200001ec                        _edata = .

.igot.plt       0x200001ec        0x0 load address 0x08007f9c
 .igot.plt      0x200001ec        0x0 C:/ST/STM32CubeIDE_1.9.0/STM32CubeIDE/plugins/com.st.stm32cube.ide.mcu.externaltools.gnu-tools-for-stm32.12.3.rel1.win32_1.1.0.202410251130/tools/bin/../lib/gcc/arm-none-eabi/12.3.1/thumb/v6-m/nofp/crtbegin.o
                0x200001ec                        . = ALIGN (0x4)

.bss            0x200001ec     0x357c load address 0x08007f9c
                0x200001ec                        _sbss = .
                0x200001ec                        __bss_start__ = _sbss
 *(.bss)
 .bss           0x200001ec       0x1c C:/ST/STM32CubeIDE_1.9.0/STM32CubeIDE/plugins/com.st.stm32cube.ide.mcu.externaltools.gnu-tools-for-stm32.12.3.rel1.win32_1.1.0.202410251130/tools/bin/../lib/gcc/arm-none-eabi/12.3.1/thumb/v6-m/nofp/crtbegin.o
 *(.bss*)
 .bss.dataB     0x20000208      0xfa0 ./Core/Src/DMApwm.o
                0x20000208                dataB
 .bss.dataA     0x200011a8      0xfa0 ./Core/Src/DMApwm.o
                0x200011a8                dataA
 .bss.recievedString
                0x20002148       0x14 ./Core/Src/main.o
                0x20002148                recievedString
 .bss.ccr3      0x2000215c        0x2 ./Core/Src/main.o
                0x2000215c                ccr3
 .bss.ccr2      0x2000215e        0x2 ./Core/Src/main.o
                0x2000215e                ccr2
 .bss.ccr1      0x20002160        0x2 ./Core/Src/main.o
                0x20002160                ccr1
 .bss.weaponDoubleDirection
                0x20002162        0x1 ./Core/Src/main.o
                0x20002162                weaponDoubleDirection
 .bss.mLeft     0x20002163        0x1 ./Core/Src/main.o
                0x20002163                mLeft
 .bss.s2Rev     0x20002164        0x1 ./Core/Src/main.o
                0x20002164                s2Rev
 .bss.s1Rev     0x20002165        0x1 ./Core/Src/main.o
                0x20002165                s1Rev
 .bss.m3Rev     0x20002166        0x1 ./Core/Src/main.o
                0x20002166                m3Rev
 .bss.armed     0x20002167        0x1 ./Core/Src/main.o
                0x20002167                armed
 .bss.batteryConfiguration
                0x20002168        0x1 ./Core/Src/main.o
                0x20002168                batteryConfiguration
 .bss.limit     0x20002169        0x1 ./Core/Src/main.o
                0x20002169                limit
 .bss.cutoff    0x2000216a        0x1 ./Core/Src/main.o
                0x2000216a                cutoff
 *fill*         0x2000216b        0x1 
 .bss.batteryVoltage
                0x2000216c        0x2 ./Core/Src/main.o
                0x2000216c                batteryVoltage
 .bss.commandRecieved
                0x2000216e        0x1 ./Core/Src/main.o
                0x2000216e                commandRecieved
 *fill*         0x2000216f        0x1 
 .bss.tank      0x20002170        0x4 ./Core/Src/main.o
                0x20002170                tank
 .bss.hdma_tim3_ch4_up
                0x20002174       0x44 ./Core/Src/main.o
                0x20002174                hdma_tim3_ch4_up
 .bss.hdma_tim1_ch3_up
                0x200021b8       0x44 ./Core/Src/main.o
                0x200021b8                hdma_tim1_ch3_up
 .bss.htim17    0x200021fc       0x48 ./Core/Src/main.o
                0x200021fc                htim17
 .bss.htim16    0x20002244       0x48 ./Core/Src/main.o
                0x20002244                htim16
 .bss.htim6     0x2000228c       0x48 ./Core/Src/main.o
                0x2000228c                htim6
 .bss.htim3     0x200022d4       0x48 ./Core/Src/main.o
                0x200022d4                htim3
 .bss.htim1     0x2000231c       0x48 ./Core/Src/main.o
                0x2000231c                htim1
 .bss.hi2c1     0x20002364       0x54 ./Core/Src/main.o
                0x20002364                hi2c1
 .bss.hadc      0x200023b8       0x40 ./Core/Src/main.o
                0x200023b8                hadc
 .bss.aligned   0x200023f8        0x1 ./Core/Src/reciever.o
                0x200023f8                aligned
 *fill*         0x200023f9        0x1 
 .bss.reciever_channels
                0x200023fa       0x12 ./Core/Src/reciever.o
                0x200023fa                reciever_channels
 .bss.usWidth   0x2000240c        0x2 ./Core/Src/reciever.o
                0x2000240c                usWidth
 .bss.buffer    0x2000240e       0x40 ./Core/Src/settings.o
                0x2000240e                buffer
 *fill*         0x2000244e        0x2 
 .bss.__sbrk_heap_end
                0x20002450        0x4 ./Core/Src/sysmem.o
 .bss.uwTick    0x20002454        0x4 ./Drivers/STM32F0xx_HAL_Driver/Src/stm32f0xx_hal.o
                0x20002454                uwTick
 .bss.cfgidx.0  0x20002458        0x1 ./Middlewares/ST/STM32_USB_Device_Library/Core/Src/usbd_ctlreq.o
 *fill*         0x20002459        0x3 
 .bss.hUsbDeviceFS
                0x2000245c      0x2c4 ./USB_DEVICE/App/usb_device.o
                0x2000245c                hUsbDeviceFS
 .bss.UserTxBufferFS
                0x20002720      0x400 ./USB_DEVICE/App/usbd_cdc_if.o
                0x20002720                UserTxBufferFS
 .bss.UserRxBufferFS
                0x20002b20      0x400 ./USB_DEVICE/App/usbd_cdc_if.o
                0x20002b20                UserRxBufferFS
 .bss.USBD_StrDesc
                0x20002f20      0x200 ./USB_DEVICE/App/usbd_desc.o
                0x20002f20                USBD_StrDesc
 .bss.mem.0     0x20003120      0x220 ./USB_DEVICE/Target/usbd_conf.o
 .bss.hpcd_USB_FS
                0x20003340      0x2dc ./USB_DEVICE/Target/usbd_conf.o
                0x20003340                hpcd_USB_FS
 .bss.__sf      0x2000361c      0x138 C:/ST/STM32CubeIDE_1.9.0/STM32CubeIDE/plugins/com.st.stm32cube.ide.mcu.externaltools.gnu-tools-for-stm32.12.3.rel1.win32_1.1.0.202410251130/tools/bin/../lib/gcc/arm-none-eabi/12.3.1/../../../../arm-none-eabi/lib/thumb/v6-m/nofp\libc_nano.a(libc_a-findfp.o)
                0x2000361c                __sf
 .bss.__stdio_exit_handler
                0x20003754        0x4 C:/ST/STM32CubeIDE_1.9.0/STM32CubeIDE/plugins/com.st.stm32cube.ide.mcu.externaltools.gnu-tools-for-stm32.12.3.rel1.win32_1.1.0.202410251130/tools/bin/../lib/gcc/arm-none-eabi/12.3.1/../../../../arm-none-eabi/lib/thumb/v6-m/nofp\libc_nano.a(libc_a-findfp.o)
                0x20003754                __stdio_exit_handler
 .bss.errno     0x20003758        0x4 C:/ST/STM32CubeIDE_1.9.0/STM32CubeIDE/plugins/com.st.stm32cube.ide.mcu.externaltools.gnu-tools-for-stm32.12.3.rel1.win32_1.1.0.202410251130/tools/bin/../lib/gcc/arm-none-eabi/12.3.1/../../../../arm-none-eabi/lib/thumb/v6-m/nofp\libc_nano.a(libc_a-reent.o)
                0x20003758                errno
 .bss.__lock___malloc_recursive_mutex
                0x2000375c        0x1 C:/ST/STM32CubeIDE_1.9.0/STM32CubeIDE/plugins/com.st.stm32cube.ide.mcu.externaltools.gnu-tools-for-stm32.12.3.rel1.win32_1.1.0.202410251130/tools/bin/../lib/gcc/arm-none-eabi/12.3.1/../../../../arm-none-eabi/lib/thumb/v6-m/nofp\libc_nano.a(libc_a-lock.o)
                0x2000375c                __lock___malloc_recursive_mutex
 .bss.__lock___sfp_recursive_mutex
                0x2000375d        0x1 C:/ST/STM32CubeIDE_1.9.0/STM32CubeIDE/plugins/com.st.stm32cube.ide.mcu.externaltools.gnu-tools-for-stm32.12.3.rel1.win32_1.1.0.202410251130/tools/bin/../lib/gcc/arm-none-eabi/12.3.1/../../../../arm-none-eabi/lib/thumb/v6-m/nofp\libc_nano.a(libc_a-lock.o)
                0x2000375d                __lock___sfp_recursive_mutex
 *fill*         0x2000375e        0x2 
 .bss.__malloc_sbrk_start
                0x20003760        0x4 C:/ST/STM32CubeIDE_1.9.0/STM32CubeIDE/plugins/com.st.stm32cube.ide.mcu.externaltools.gnu-tools-for-stm32.12.3.rel1.win32_1.1.0.202410251130/tools/bin/../lib/gcc/arm-none-eabi/12.3.1/../../../../arm-none-eabi/lib/thumb/v6-m/nofp\libc_nano.a(libc_a-mallocr.o)
                0x20003760                __malloc_sbrk_start
 .bss.__malloc_free_list
                0x20003764        0x4 C:/ST/STM32CubeIDE_1.9.0/STM32CubeIDE/plugins/com.st.stm32cube.ide.mcu.externaltools.gnu-tools-for-stm32.12.3.rel1.win32_1.1.0.202410251130/tools/bin/../lib/gcc/arm-none-eabi/12.3.1/../../../../arm-none-eabi/lib/thumb/v6-m/nofp\libc_nano.a(libc_a-mallocr.o)
                0x20003764                __malloc_free_list
 *(COMMON)
                0x20003768                        . = ALIGN (0x4)
                0x20003768                        _ebss = .
                0x20003768                        __bss_end__ = _ebss

._user_heap_stack
                0x20003768      0x600 load address 0x08007f9c
                0x20003768                        . = ALIGN (0x8)
                [!provide]                        PROVIDE (end = .)
                0x20003768                        PROVIDE (_end = .)
                0x20003968                        . = (. + _Min_Heap_Size)
 *fill*         0x20003768      0x200 
                0x20003d68                        . = (. + _Min_Stack_Size)
 *fill*         0x20003968      0x400 
                0x20003d68                        . = ALIGN (0x8)

/DISCARD/
 libc.a(*)
 libm.a(*)
 libgcc.a(*)

.ARM.attributes
                0x00000000       0x28
 *(.ARM.attributes)
 .ARM.attributes