../Core/Src/FAC_Code/mixes_functions/fac_functions.c:27:13:FAC_functions_SET_input_channels	0	static
../Core/Src/FAC_Code/mixes_functions/fac_functions.c:31:13:FAC_functions_SET_input	0	static
../Core/Src/FAC_Code/mixes_functions/fac_functions.c:35:16:FAC_functions_GET_input_channel_number	0	static
../Core/Src/FAC_Code/mixes_functions/fac_functions.c:41:7:FAC_functions_GET_output	0	static
../Core/Src/FAC_Code/mixes_functions/fac_functions.c:45:7:FAC_functions_GET_input	0	static
../Core/Src/FAC_Code/mixes_functions/fac_functions.c:49:6:FAC_functions_SET_output	0	static
../Core/Src/FAC_Code/mixes_functions/fac_functions.c:58:6:FAC_functions_update_inputs	32	static
../Core/Src/FAC_Code/mixes_functions/fac_functions.c:88:6:FAC_functions_update	8	static
../Core/Src/FAC_Code/mixes_functions/fac_functions.c:113:6:FAC_functions_init	16	static
