../Core/Src/FAC_Code/mixes_functions/fac_mixes.c:37:13:FAC_mixes_SET_current_mix	0	static
../Core/Src/FAC_Code/mixes_functions/fac_mixes.c:41:13:FAC_mixes_SET_input	0	static
../Core/Src/FAC_Code/mixes_functions/fac_mixes.c:45:13:FAC_mixes_SET_input_channel_number	0	static
../Core/Src/FAC_Code/mixes_functions/fac_mixes.c:49:13:FAC_mixes_SET_output	0	static
../Core/Src/FAC_Code/mixes_functions/fac_mixes.c:53:13:FAC_mixes_SET_input_reversed	0	static
../Core/Src/FAC_Code/mixes_functions/fac_mixes.c:57:16:FAC_mixes_GET_current_mix	0	static
../Core/Src/FAC_Code/mixes_functions/fac_mixes.c:61:16:FAC_mixes_GET_input_channel_number	0	static
../Core/Src/FAC_Code/mixes_functions/fac_mixes.c:71:7:FAC_mixes_GET_output	0	static
../Core/Src/FAC_Code/mixes_functions/fac_mixes.c:75:7:FAC_mixes_GET_input	0	static
../Core/Src/FAC_Code/mixes_functions/fac_mixes.c:84:6:FAC_mixes_update_mix_outputs	16	static
../Core/Src/FAC_Code/mixes_functions/fac_mixes.c:95:6:FAC_mixes_update_mix_inputs	32	static
../Core/Src/FAC_Code/mixes_functions/fac_mixes.c:117:6:FAC_mix_update	8	static
../Core/Src/FAC_Code/mixes_functions/fac_mixes.c:139:6:FAC_mixes_init	16	static
