../Core/Src/FAC_Code/fac_servo.c:119:10:FAC_servo_GET_position	0	static
../Core/Src/FAC_Code/fac_servo.c:123:9:FAC_servo_GET_is_enable	0	static
../Core/Src/FAC_Code/fac_servo.c:88:13:FAC_servo_apply_settings	16	static
../Core/Src/FAC_Code/fac_servo.c:127:9:FAC_servo_GET_is_reversed	0	static
../Core/Src/FAC_Code/fac_servo.c:131:10:FAC_servo_GET_servo_freq	0	static
../Core/Src/FAC_Code/fac_servo.c:139:6:FAC_servo_set_position	16	static
../Core/Src/FAC_Code/fac_servo.c:148:6:FAC_servo_enable	8	static
../Core/Src/FAC_Code/fac_servo.c:157:6:FAC_servo_disable	8	static
../Core/Src/FAC_Code/fac_servo.c:166:6:FAC_servo_is_reversed	8	static
../Core/Src/FAC_Code/fac_servo.c:175:6:FAC_servo_init	16	static
