../Core/Src/FAC_Code/fac_imu.c:27:19:FAC_IMU_GET_status	0	static
../Core/Src/FAC_Code/fac_imu.c:31:7:FAC_IMU_GET_accel_X	8	static
../Core/Src/FAC_Code/fac_imu.c:36:7:FAC_IMU_GET_accel_Y	8	static
../Core/Src/FAC_Code/fac_imu.c:41:7:FAC_IMU_GET_accel_Z	8	static
../Core/Src/FAC_Code/fac_imu.c:46:7:FAC_IMU_GET_gyro_X	8	static
../Core/Src/FAC_Code/fac_imu.c:51:7:FAC_IMU_GET_gyro_Y	8	static
../Core/Src/FAC_Code/fac_imu.c:56:7:FAC_IMU_GET_gyro_Z	8	static
../Core/Src/FAC_Code/fac_imu.c:64:6:FAC_IMU_init_accelerometer	8	static
../Core/Src/FAC_Code/fac_imu.c:74:6:FAC_IMU_init_gyroscope	8	static
../Core/Src/FAC_Code/fac_imu.c:84:6:FAC_IMU_compute_gyro_offset	16	static
../Core/Src/FAC_Code/fac_imu.c:94:19:FAC_IMU_init	8	static
