../Core/Src/motor.c:25:6:initMotors	8	static
../Core/Src/motor.c:35:9:getMotorRev	0	static
../Core/Src/motor.c:51:6:setMotorSpeedBidirectional	24	static
../Core/Src/motor.c:71:6:setMotorSpeedUnidirectional	24	static
../Core/Src/motor.c:83:6:setDriverSignals	8	static
../Core/Src/motor.c:29:6:setTankMotor	32	static
../Core/Src/motor.c:151:6:setDriverBrake	8	static
../Core/Src/motor.c:189:9:calculateSpeedWithDeadZoneSingle	8	static
../Core/Src/motor.c:200:9:calculateSpeedWithDeadZoneDouble	0	static
../Core/Src/motor.c:212:6:makeSound	16	static
../Core/Src/motor.c:254:6:disableMotor	8	static
../Core/Src/motor.c:268:6:enableMotor	8	static
