../Core/Src/Libraries/LSM6DS3.c:26:17:read_two_consecutive_registers	32	static
../Core/Src/Libraries/LSM6DS3.c:33:26:write_register	32	static
../Core/Src/Libraries/LSM6DS3.c:44:19:LSM6DS3_init	48	static
../Core/Src/Libraries/LSM6DS3.c:59:19:LSM6DS3_init_accel	8	static
../Core/Src/Libraries/LSM6DS3.c:68:19:LSM6DS3_init_gyro	8	static
../Core/Src/Libraries/LSM6DS3.c:82:6:LSM6DS3_update_accelerometer_single_value	8	static
../Core/Src/Libraries/LSM6DS3.c:77:6:LSM6DS3_update_accelerometer_all_values	8	static
../Core/Src/Libraries/LSM6DS3.c:104:6:LSM6DS3_update_gyroscope_single_value	8	static
../Core/Src/Libraries/LSM6DS3.c:100:6:LSM6DS3_update_gyroscope_all_values	8	static
../Core/Src/Libraries/LSM6DS3.c:125:6:LSM6DS3_calculate_offset	32	static
