Archive member included to satisfy reference by file (symbol)

/opt/st/stm32cubeide_1.19.0/plugins/com.st.stm32cube.ide.mcu.externaltools.gnu-tools-for-stm32.13.3.rel1.linux64_1.0.0.202410170706/tools/bin/../lib/gcc/arm-none-eabi/13.3.1/../../../../arm-none-eabi/lib/thumb/v6-m/nofp/libc_nano.a(libc_a-exit.o)
                              /opt/st/stm32cubeide_1.19.0/plugins/com.st.stm32cube.ide.mcu.externaltools.gnu-tools-for-stm32.13.3.rel1.linux64_1.0.0.202410170706/tools/bin/../lib/gcc/arm-none-eabi/13.3.1/../../../../arm-none-eabi/lib/thumb/v6-m/nofp/crt0.o (exit)
/opt/st/stm32cubeide_1.19.0/plugins/com.st.stm32cube.ide.mcu.externaltools.gnu-tools-for-stm32.13.3.rel1.linux64_1.0.0.202410170706/tools/bin/../lib/gcc/arm-none-eabi/13.3.1/../../../../arm-none-eabi/lib/thumb/v6-m/nofp/libc_nano.a(libc_a-findfp.o)
                              /opt/st/stm32cubeide_1.19.0/plugins/com.st.stm32cube.ide.mcu.externaltools.gnu-tools-for-stm32.13.3.rel1.linux64_1.0.0.202410170706/tools/bin/../lib/gcc/arm-none-eabi/13.3.1/../../../../arm-none-eabi/lib/thumb/v6-m/nofp/libc_nano.a(libc_a-exit.o) (__stdio_exit_handler)
/opt/st/stm32cubeide_1.19.0/plugins/com.st.stm32cube.ide.mcu.externaltools.gnu-tools-for-stm32.13.3.rel1.linux64_1.0.0.202410170706/tools/bin/../lib/gcc/arm-none-eabi/13.3.1/../../../../arm-none-eabi/lib/thumb/v6-m/nofp/libc_nano.a(libc_a-fwalk.o)
                              /opt/st/stm32cubeide_1.19.0/plugins/com.st.stm32cube.ide.mcu.externaltools.gnu-tools-for-stm32.13.3.rel1.linux64_1.0.0.202410170706/tools/bin/../lib/gcc/arm-none-eabi/13.3.1/../../../../arm-none-eabi/lib/thumb/v6-m/nofp/libc_nano.a(libc_a-findfp.o) (_fwalk_sglue)
/opt/st/stm32cubeide_1.19.0/plugins/com.st.stm32cube.ide.mcu.externaltools.gnu-tools-for-stm32.13.3.rel1.linux64_1.0.0.202410170706/tools/bin/../lib/gcc/arm-none-eabi/13.3.1/../../../../arm-none-eabi/lib/thumb/v6-m/nofp/libc_nano.a(libc_a-stdio.o)
                              /opt/st/stm32cubeide_1.19.0/plugins/com.st.stm32cube.ide.mcu.externaltools.gnu-tools-for-stm32.13.3.rel1.linux64_1.0.0.202410170706/tools/bin/../lib/gcc/arm-none-eabi/13.3.1/../../../../arm-none-eabi/lib/thumb/v6-m/nofp/libc_nano.a(libc_a-findfp.o) (__sread)
/opt/st/stm32cubeide_1.19.0/plugins/com.st.stm32cube.ide.mcu.externaltools.gnu-tools-for-stm32.13.3.rel1.linux64_1.0.0.202410170706/tools/bin/../lib/gcc/arm-none-eabi/13.3.1/../../../../arm-none-eabi/lib/thumb/v6-m/nofp/libc_nano.a(libc_a-memset.o)
                              /opt/st/stm32cubeide_1.19.0/plugins/com.st.stm32cube.ide.mcu.externaltools.gnu-tools-for-stm32.13.3.rel1.linux64_1.0.0.202410170706/tools/bin/../lib/gcc/arm-none-eabi/13.3.1/../../../../arm-none-eabi/lib/thumb/v6-m/nofp/crt0.o (memset)
/opt/st/stm32cubeide_1.19.0/plugins/com.st.stm32cube.ide.mcu.externaltools.gnu-tools-for-stm32.13.3.rel1.linux64_1.0.0.202410170706/tools/bin/../lib/gcc/arm-none-eabi/13.3.1/../../../../arm-none-eabi/lib/thumb/v6-m/nofp/libc_nano.a(libc_a-closer.o)
                              /opt/st/stm32cubeide_1.19.0/plugins/com.st.stm32cube.ide.mcu.externaltools.gnu-tools-for-stm32.13.3.rel1.linux64_1.0.0.202410170706/tools/bin/../lib/gcc/arm-none-eabi/13.3.1/../../../../arm-none-eabi/lib/thumb/v6-m/nofp/libc_nano.a(libc_a-stdio.o) (_close_r)
/opt/st/stm32cubeide_1.19.0/plugins/com.st.stm32cube.ide.mcu.externaltools.gnu-tools-for-stm32.13.3.rel1.linux64_1.0.0.202410170706/tools/bin/../lib/gcc/arm-none-eabi/13.3.1/../../../../arm-none-eabi/lib/thumb/v6-m/nofp/libc_nano.a(libc_a-reent.o)
                              /opt/st/stm32cubeide_1.19.0/plugins/com.st.stm32cube.ide.mcu.externaltools.gnu-tools-for-stm32.13.3.rel1.linux64_1.0.0.202410170706/tools/bin/../lib/gcc/arm-none-eabi/13.3.1/../../../../arm-none-eabi/lib/thumb/v6-m/nofp/libc_nano.a(libc_a-closer.o) (errno)
/opt/st/stm32cubeide_1.19.0/plugins/com.st.stm32cube.ide.mcu.externaltools.gnu-tools-for-stm32.13.3.rel1.linux64_1.0.0.202410170706/tools/bin/../lib/gcc/arm-none-eabi/13.3.1/../../../../arm-none-eabi/lib/thumb/v6-m/nofp/libc_nano.a(libc_a-impure.o)
                              /opt/st/stm32cubeide_1.19.0/plugins/com.st.stm32cube.ide.mcu.externaltools.gnu-tools-for-stm32.13.3.rel1.linux64_1.0.0.202410170706/tools/bin/../lib/gcc/arm-none-eabi/13.3.1/../../../../arm-none-eabi/lib/thumb/v6-m/nofp/libc_nano.a(libc_a-reent.o) (_impure_ptr)
/opt/st/stm32cubeide_1.19.0/plugins/com.st.stm32cube.ide.mcu.externaltools.gnu-tools-for-stm32.13.3.rel1.linux64_1.0.0.202410170706/tools/bin/../lib/gcc/arm-none-eabi/13.3.1/../../../../arm-none-eabi/lib/thumb/v6-m/nofp/libc_nano.a(libc_a-lseekr.o)
                              /opt/st/stm32cubeide_1.19.0/plugins/com.st.stm32cube.ide.mcu.externaltools.gnu-tools-for-stm32.13.3.rel1.linux64_1.0.0.202410170706/tools/bin/../lib/gcc/arm-none-eabi/13.3.1/../../../../arm-none-eabi/lib/thumb/v6-m/nofp/libc_nano.a(libc_a-stdio.o) (_lseek_r)
[...]
Memory Configuration

Name             Origin             Length             Attributes
RAM              0x20000000         0x00004000         xrw
FLASH            0x08000000         0x00020000         xr
*default*        0x00000000         0xffffffff

Linker script and memory map

LOAD /opt/st/stm32cubeide_1.19.0/plugins/com.st.stm32cube.ide.mcu.externaltools.gnu-tools-for-stm32.13.3.rel1.linux64_1.0.0.202410170706/tools/bin/../lib/gcc/arm-none-eabi/13.3.1/thumb/v6-m/nofp/crti.o
LOAD /opt/st/stm32cubeide_1.19.0/plugins/com.st.stm32cube.ide.mcu.externaltools.gnu-tools-for-stm32.13.3.rel1.linux64_1.0.0.202410170706/tools/bin/../lib/gcc/arm-none-eabi/13.3.1/thumb/v6-m/nofp/crtbegin.o
LOAD /opt/st/stm32cubeide_1.19.0/plugins/com.st.stm32cube.ide.mcu.externaltools.gnu-tools-for-stm32.13.3.rel1.linux64_1.0.0.202410170706/tools/bin/../lib/gcc/arm-none-eabi/13.3.1/../../../../arm-none-eabi/lib/thumb/v6-m/nofp/crt0.o
LOAD ./Core/Src/FAC_Code/fac_adc.o
LOAD ./Core/Src/FAC_Code/fac_app.o
LOAD ./Core/Src/FAC_Code/fac_battery.o
LOAD ./Core/Src/FAC_Code/fac_eeprom.o
LOAD ./Core/Src/FAC_Code/fac_mapper.o
LOAD ./Core/Src/FAC_Code/fac_motors.o
LOAD ./Core/Src/FAC_Code/fac_ppm_receiver.o
LOAD ./Core/Src/FAC_Code/fac_pwm_receiver.o
LOAD ./Core/Src/FAC_Code/fac_servo.o
LOAD ./Core/Src/FAC_Code/fac_settings.o
LOAD ./Core/Src/FAC_Code/fac_std_receiver.o
LOAD ./Core/Src/FAC_Code/mixes_functions/fac_functions.o
LOAD ./Core/Src/FAC_Code/mixes_functions/fac_mixes.o
LOAD ./Core/Src/FAC_Code/mixes_functions/fac_template_mix.o
LOAD ./Core/Src/Libraries/DMApwm.o
LOAD ./Core/Src/adc.o
LOAD ./Core/Src/dma.o
LOAD ./Core/Src/gpio.o
LOAD ./Core/Src/i2c.o
LOAD ./Core/Src/main.o
LOAD ./Core/Src/spi.o
LOAD ./Core/Src/stm32f0xx_hal_msp.o
LOAD ./Core/Src/stm32f0xx_it.o
LOAD ./Core/Src/syscalls.o
LOAD ./Core/Src/sysmem.o
LOAD ./Core/Src/system_stm32f0xx.o
LOAD ./Core/Src/tim.o
LOAD ./Core/Src/usart.o
LOAD ./Core/Startup/startup_stm32f072cbtx.o
LOAD ./Drivers/STM32F0xx_HAL_Driver/Src/stm32f0xx_hal.o
LOAD ./Drivers/STM32F0xx_HAL_Driver/Src/stm32f0xx_hal_adc.o
LOAD ./Drivers/STM32F0xx_HAL_Driver/Src/stm32f0xx_hal_adc_ex.o
LOAD ./Drivers/STM32F0xx_HAL_Driver/Src/stm32f0xx_hal_cortex.o
LOAD ./Drivers/STM32F0xx_HAL_Driver/Src/stm32f0xx_hal_dma.o
LOAD ./Drivers/STM32F0xx_HAL_Driver/Src/stm32f0xx_hal_exti.o
LOAD ./Drivers/STM32F0xx_HAL_Driver/Src/stm32f0xx_hal_flash.o
LOAD ./Drivers/STM32F0xx_HAL_Driver/Src/stm32f0xx_hal_flash_ex.o
LOAD ./Drivers/STM32F0xx_HAL_Driver/Src/stm32f0xx_hal_gpio.o
LOAD ./Drivers/STM32F0xx_HAL_Driver/Src/stm32f0xx_hal_i2c.o
LOAD ./Drivers/STM32F0xx_HAL_Driver/Src/stm32f0xx_hal_i2c_ex.o
LOAD ./Drivers/STM32F0xx_HAL_Driver/Src/stm32f0xx_hal_pcd.o
LOAD ./Drivers/STM32F0xx_HAL_Driver/Src/stm32f0xx_hal_pcd_ex.o
LOAD ./Drivers/STM32F0xx_HAL_Driver/Src/stm32f0xx_hal_pwr.o
LOAD ./Drivers/STM32F0xx_HAL_Driver/Src/stm32f0xx_hal_pwr_ex.o
LOAD ./Drivers/STM32F0xx_HAL_Driver/Src/stm32f0xx_hal_rcc.o
LOAD ./Drivers/STM32F0xx_HAL_Driver/Src/stm32f0xx_hal_rcc_ex.o
LOAD ./Drivers/STM32F0xx_HAL_Driver/Src/stm32f0xx_hal_spi.o
LOAD ./Drivers/STM32F0xx_HAL_Driver/Src/stm32f0xx_hal_spi_ex.o
LOAD ./Drivers/STM32F0xx_HAL_Driver/Src/stm32f0xx_hal_tim.o
LOAD ./Drivers/STM32F0xx_HAL_Driver/Src/stm32f0xx_hal_tim_ex.o
LOAD ./Drivers/STM32F0xx_HAL_Driver/Src/stm32f0xx_hal_uart.o
LOAD ./Drivers/STM32F0xx_HAL_Driver/Src/stm32f0xx_hal_uart_ex.o
LOAD ./Drivers/STM32F0xx_HAL_Driver/Src/stm32f0xx_ll_usb.o
LOAD ./Middlewares/ST/STM32_USB_Device_Library/Class/CDC/Src/usbd_cdc.o
LOAD ./Middlewares/ST/STM32_USB_Device_Library/Core/Src/usbd_core.o
LOAD ./Middlewares/ST/STM32_USB_Device_Library/Core/Src/usbd_ctlreq.o
LOAD ./Middlewares/ST/STM32_USB_Device_Library/Core/Src/usbd_ioreq.o
LOAD ./USB_DEVICE/App/usb_device.o
LOAD ./USB_DEVICE/App/usbd_cdc_if.o
LOAD ./USB_DEVICE/App/usbd_desc.o
LOAD ./USB_DEVICE/Target/usbd_conf.o
START GROUP
LOAD /opt/st/stm32cubeide_1.19.0/plugins/com.st.stm32cube.ide.mcu.externaltools.gnu-tools-for-stm32.13.3.rel1.linux64_1.0.0.202410170706/tools/bin/../lib/gcc/arm-none-eabi/13.3.1/../../../../arm-none-eabi/lib/thumb/v6-m/nofp/libc_nano.a
LOAD /opt/st/stm32cubeide_1.19.0/plugins/com.st.stm32cube.ide.mcu.externaltools.gnu-tools-for-stm32.13.3.rel1.linux64_1.0.0.202410170706/tools/bin/../lib/gcc/arm-none-eabi/13.3.1/../../../../arm-none-eabi/lib/thumb/v6-m/nofp/libm.a
END GROUP
START GROUP
LOAD /opt/st/stm32cubeide_1.19.0/plugins/com.st.stm32cube.ide.mcu.externaltools.gnu-tools-for-stm32.13.3.rel1.linux64_1.0.0.202410170706/tools/bin/../lib/gcc/arm-none-eabi/13.3.1/thumb/v6-m/nofp/libgcc.a
LOAD /opt/st/stm32cubeide_1.19.0/plugins/com.st.stm32cube.ide.mcu.externaltools.gnu-tools-for-stm32.13.3.rel1.linux64_1.0.0.202410170706/tools/bin/../lib/gcc/arm-none-eabi/13.3.1/../../../../arm-none-eabi/lib/thumb/v6-m/nofp/libc_nano.a
END GROUP
START GROUP
LOAD /opt/st/stm32cubeide_1.19.0/plugins/com.st.stm32cube.ide.mcu.externaltools.gnu-tools-for-stm32.13.3.rel1.linux64_1.0.0.202410170706/tools/bin/../lib/gcc/arm-none-eabi/13.3.1/thumb/v6-m/nofp/libgcc.a
LOAD /opt/st/stm32cubeide_1.19.0/plugins/com.st.stm32cube.ide.mcu.externaltools.gnu-tools-for-stm32.13.3.rel1.linux64_1.0.0.202410170706/tools/bin/../lib/gcc/arm-none-eabi/13.3.1/../../../../arm-none-eabi/lib/thumb/v6-m/nofp/libc_nano.a
LOAD /opt/st/stm32cubeide_1.19.0/plugins/com.st.stm32cube.ide.mcu.externaltools.gnu-tools-for-stm32.13.3.rel1.linux64_1.0.0.202410170706/tools/bin/../lib/gcc/arm-none-eabi/13.3.1/../../../../arm-none-eabi/lib/thumb/v6-m/nofp/libnosys.a
END GROUP
START GROUP
LOAD /opt/st/stm32cubeide_1.19.0/plugins/com.st.stm32cube.ide.mcu.externaltools.gnu-tools-for-stm32.13.3.rel1.linux64_1.0.0.202410170706/tools/bin/../lib/gcc/arm-none-eabi/13.3.1/thumb/v6-m/nofp/libgcc.a
LOAD /opt/st/stm32cubeide_1.19.0/plugins/com.st.stm32cube.ide.mcu.externaltools.gnu-tools-for-stm32.13.3.rel1.linux64_1.0.0.202410170706/tools/bin/../lib/gcc/arm-none-eabi/13.3.1/../../../../arm-none-eabi/lib/thumb/v6-m/nofp/libc_nano.a
LOAD /opt/st/stm32cubeide_1.19.0/plugins/com.st.stm32cube.ide.mcu.externaltools.gnu-tools-for-stm32.13.3.rel1.linux64_1.0.0.202410170706/tools/bin/../lib/gcc/arm-none-eabi/13.3.1/../../../../arm-none-eabi/lib/thumb/v6-m/nofp/libnosys.a
END GROUP
LOAD /opt/st/stm32cubeide_1.19.0/plugins/com.st.stm32cube.ide.mcu.externaltools.gnu-tools-for-stm32.13.3.rel1.linux64_1.0.0.202410170706/tools/bin/../lib/gcc/arm-none-eabi/13.3.1/thumb/v6-m/nofp/crtend.o
LOAD /opt/st/stm32cubeide_1.19.0/plugins/com.st.stm32cube.ide.mcu.externaltools.gnu-tools-for-stm32.13.3.rel1.linux64_1.0.0.202410170706/tools/bin/../lib/gcc/arm-none-eabi/13.3.1/thumb/v6-m/nofp/crtn.o
                0x20004000                        _estack = (ORIGIN (RAM) + LENGTH (RAM))
                0x00000200                        _Min_Heap_Size = 0x200
                0x00000400                        _Min_Stack_Size = 0x400

.isr_vector     0x08000000       0xc0
                0x08000000                        . = ALIGN (0x4)
 *(.isr_vector)
 .isr_vector    0x08000000       0xc0 ./Core/Startup/startup_stm32f072cbtx.o
                0x08000000                g_pfnVectors
                0x080000c0                        . = ALIGN (0x4)

.text           0x080000c0     0x6908
                0x080000c0                        . = ALIGN (0x4)
 *(.text)
 .text          0x080000c0       0x48 /opt/st/stm32cubeide_1.19.0/plugins/com.st.stm32cube.ide.mcu.externaltools.gnu-tools-for-stm32.13.3.rel1.linux64_1.0.0.202410170706/tools/bin/../lib/gcc/arm-none-eabi/13.3.1/thumb/v6-m/nofp/crtbegin.o
 .text          0x08000108        0xe /opt/st/stm32cubeide_1.19.0/plugins/com.st.stm32cube.ide.mcu.externaltools.gnu-tools-for-stm32.13.3.rel1.linux64_1.0.0.202410170706/tools/bin/../lib/gcc/arm-none-eabi/13.3.1/../../../../arm-none-eabi/lib/thumb/v6-m/nofp/libc_nano.a(libc_a-strlen.o)
                0x08000108                strlen
 *fill*         0x08000116        0x2 
 .text          0x08000118      0x114 /opt/st/stm32cubeide_1.19.0/plugins/com.st.stm32cube.ide.mcu.externaltools.gnu-tools-for-stm32.13.3.rel1.linux64_1.0.0.202410170706/tools/bin/../lib/gcc/arm-none-eabi/13.3.1/thumb/v6-m/nofp/libgcc.a(_udivsi3.o)
                0x08000118                __udivsi3
                0x08000118                __aeabi_uidiv
                0x08000224                __aeabi_uidivmod
 .text          0x0800022c      0x1d4 /opt/st/stm32cubeide_1.19.0/plugins/com.st.stm32cube.ide.mcu.externaltools.gnu-tools-for-stm32.13.3.rel1.linux64_1.0.0.202410170706/tools/bin/../lib/gcc/arm-none-eabi/13.3.1/thumb/v6-m/nofp/libgcc.a(_divsi3.o)
                0x0800022c                __aeabi_idiv
                0x0800022c                __divsi3
                0x080003f8                __aeabi_idivmod
 .text          0x08000400        0x4 /opt/st/stm32cubeide_1.19.0/plugins/com.st.stm32cube.ide.mcu.externaltools.gnu-tools-for-stm32.13.3.rel1.linux64_1.0.0.202410170706/tools/bin/../lib/gcc/arm-none-eabi/13.3.1/thumb/v6-m/nofp/libgcc.a(_dvmd_tls.o)
                0x08000400                __aeabi_ldiv0
                0x08000400                __aeabi_idiv0
 .text          0x08000404       0x40 /opt/st/stm32cubeide_1.19.0/plugins/com.st.stm32cube.ide.mcu.externaltools.gnu-tools-for-stm32.13.3.rel1.linux64_1.0.0.202410170706/tools/bin/../lib/gcc/arm-none-eabi/13.3.1/thumb/v6-m/nofp/libgcc.a(_aeabi_uldivmod.o)
                0x08000404                __aeabi_uldivmod
 .text          0x08000444       0x5c /opt/st/stm32cubeide_1.19.0/plugins/com.st.stm32cube.ide.mcu.externaltools.gnu-tools-for-stm32.13.3.rel1.linux64_1.0.0.202410170706/tools/bin/../lib/gcc/arm-none-eabi/13.3.1/thumb/v6-m/nofp/libgcc.a(_muldi3.o)
                0x08000444                __aeabi_lmul
                0x08000444                __muldi3
 .text          0x080004a0      0x198 /opt/st/stm32cubeide_1.19.0/plugins/com.st.stm32cube.ide.mcu.externaltools.gnu-tools-for-stm32.13.3.rel1.linux64_1.0.0.202410170706/tools/bin/../lib/gcc/arm-none-eabi/13.3.1/thumb/v6-m/nofp/libgcc.a(_udivmoddi4.o)
                0x080004a0                __udivmoddi4
 .text          0x08000638       0x3c /opt/st/stm32cubeide_1.19.0/plugins/com.st.stm32cube.ide.mcu.externaltools.gnu-tools-for-stm32.13.3.rel1.linux64_1.0.0.202410170706/tools/bin/../lib/gcc/arm-none-eabi/13.3.1/thumb/v6-m/nofp/libgcc.a(_clzsi2.o)
                0x08000638                __clzsi2
 .text          0x08000674       0x18 /opt/st/stm32cubeide_1.19.0/plugins/com.st.stm32cube.ide.mcu.externaltools.gnu-tools-for-stm32.13.3.rel1.linux64_1.0.0.202410170706/tools/bin/../lib/gcc/arm-none-eabi/13.3.1/thumb/v6-m/nofp/libgcc.a(_clzdi2.o)
                0x08000674                __clzdi2
 *(.text*)
 .text.FAC_adc_Init
                0x0800068c       0x6c ./Core/Src/FAC_Code/fac_adc.o
                0x0800068c                FAC_adc_Init
 .text.FAC_app_main_loop
                0x080006f8       0x38 ./Core/Src/FAC_Code/fac_app.o
                0x080006f8                FAC_app_main_loop
 .text.FAC_app_init
                0x08000730       0x1c ./Core/Src/FAC_Code/fac_app.o
                0x08000730                FAC_app_init
 .text.map_uint32
                0x0800074c       0x28 ./Core/Src/FAC_Code/fac_app.o
                0x0800074c                map_uint32
 .text.FAC_battery_init
                0x08000774       0x18 ./Core/Src/FAC_Code/fac_battery.o
                0x08000774                FAC_battery_init
 .text.FAC_motor_Init
                0x0800078c       0x68 ./Core/Src/FAC_Code/fac_motors.o
                0x0800078c                FAC_motor_Init
 .text.FAC_ppm_receiver_Callback
                0x080007f4       0x50 ./Core/Src/FAC_Code/fac_ppm_receiver.o
                0x080007f4                FAC_ppm_receiver_Callback
 .text.FAC_ppm_receiver_calculate_channels_values
                0x08000844      0x220 ./Core/Src/FAC_Code/fac_ppm_receiver.o
                0x08000844                FAC_ppm_receiver_calculate_channels_values
 .text.FAC_ppm_receiver_init
                0x08000a64       0x24 ./Core/Src/FAC_Code/fac_ppm_receiver.o
                0x08000a64                FAC_ppm_receiver_init
 .text.FAC_pwm_receiver_Callback
                0x08000a88       0x70 ./Core/Src/FAC_Code/fac_pwm_receiver.o
                0x08000a88                FAC_pwm_receiver_Callback
 .text.FAC_pwm_receiver_calculate_channel_value
                0x08000af8       0x88 ./Core/Src/FAC_Code/fac_pwm_receiver.o
                0x08000af8                FAC_pwm_receiver_calculate_channel_value
 .text.FAC_pwm_receiver_init
                0x08000b80       0x28 ./Core/Src/FAC_Code/fac_pwm_receiver.o
                0x08000b80                FAC_pwm_receiver_init
 .text.FAC_servo_enable
                0x08000ba8       0x50 ./Core/Src/FAC_Code/fac_servo.o
                0x08000ba8                FAC_servo_enable
 .text.FAC_servo_init
                0x08000bf8       0x68 ./Core/Src/FAC_Code/fac_servo.o
                0x08000bf8                FAC_servo_init
 .text.FAC_settings_SEND_what_received
                0x08000c60       0x10 ./Core/Src/FAC_Code/fac_settings.o
                0x08000c60                FAC_settings_SEND_what_received
 .text.FAC_std_receiver_GET_channel
                0x08000c70       0x30 ./Core/Src/FAC_Code/fac_std_receiver.o
                0x08000c70                FAC_std_receiver_GET_channel
 .text.FAC_std_receiver_new_channel_value
                0x08000ca0       0x2c ./Core/Src/FAC_Code/fac_std_receiver.o
                0x08000ca0                FAC_std_receiver_new_channel_value
 .text.FAC_std_reciever_init
                0x08000ccc       0x2c ./Core/Src/FAC_Code/fac_std_receiver.o
                0x08000ccc                FAC_std_reciever_init
 .text.HAL_GPIO_EXTI_Callback
                0x08000cf8       0x4c ./Core/Src/FAC_Code/fac_std_receiver.o
                0x08000cf8                HAL_GPIO_EXTI_Callback
 .text.initDMApwm
                0x08000d44       0x54 ./Core/Src/Libraries/DMApwm.o
                0x08000d44                initDMApwm
 .text.MX_ADC_Init
                0x08000d98       0x8c ./Core/Src/adc.o
                0x08000d98                MX_ADC_Init
 .text.HAL_ADC_MspInit
                0x08000e24       0x9c ./Core/Src/adc.o
                0x08000e24                HAL_ADC_MspInit
 .text.MX_DMA_Init
                0x08000ec0       0x40 ./Core/Src/dma.o
                0x08000ec0                MX_DMA_Init
 .text.MX_GPIO_Init
                0x08000f00      0x140 ./Core/Src/gpio.o
                0x08000f00                MX_GPIO_Init
 .text.MX_I2C1_Init
                0x08001040       0x74 ./Core/Src/i2c.o
                0x08001040                MX_I2C1_Init
 .text.HAL_I2C_MspInit
                0x080010b4       0x6c ./Core/Src/i2c.o
                0x080010b4                HAL_I2C_MspInit
 .text.SystemClock_Config
                0x08001120       0x84 ./Core/Src/main.o
                0x08001120                SystemClock_Config
 .text.startup.main
                0x080011a4       0x78 ./Core/Src/main.o
                0x080011a4                main
 .text.Error_Handler
                0x0800121c        0x4 ./Core/Src/main.o
                0x0800121c                Error_Handler
 .text.MX_SPI2_Init
                0x08001220       0x50 ./Core/Src/spi.o
                0x08001220                MX_SPI2_Init
 .text.HAL_SPI_MspInit
                0x08001270       0x68 ./Core/Src/spi.o
                0x08001270                HAL_SPI_MspInit
 .text.HAL_MspInit
                0x080012d8       0x30 ./Core/Src/stm32f0xx_hal_msp.o
                0x080012d8                HAL_MspInit
 .text.NMI_Handler
                0x08001308        0x4 ./Core/Src/stm32f0xx_it.o
                0x08001308                NMI_Handler
 .text.HardFault_Handler
                0x0800130c        0x4 ./Core/Src/stm32f0xx_it.o
                0x0800130c                HardFault_Handler
 .text.SVC_Handler
                0x08001310        0x4 ./Core/Src/stm32f0xx_it.o
                0x08001310                SVC_Handler
 .text.PendSV_Handler
                0x08001314        0x4 ./Core/Src/stm32f0xx_it.o
                0x08001314                PendSV_Handler
 .text.SysTick_Handler
                0x08001318        0x8 ./Core/Src/stm32f0xx_it.o
                0x08001318                SysTick_Handler
 .text.EXTI2_3_IRQHandler
                0x08001320        0xc ./Core/Src/stm32f0xx_it.o
                0x08001320                EXTI2_3_IRQHandler
 .text.EXTI4_15_IRQHandler
                0x0800132c       0x18 ./Core/Src/stm32f0xx_it.o
                0x0800132c                EXTI4_15_IRQHandler
 .text.DMA1_Channel1_IRQHandler
                0x08001344       0x10 ./Core/Src/stm32f0xx_it.o
                0x08001344                DMA1_Channel1_IRQHandler
 .text.DMA1_Channel4_5_6_7_IRQHandler
                0x08001354       0x10 ./Core/Src/stm32f0xx_it.o
                0x08001354                DMA1_Channel4_5_6_7_IRQHandler
 .text.USB_IRQHandler
                0x08001364       0x10 ./Core/Src/stm32f0xx_it.o
                0x08001364                USB_IRQHandler
 .text.SystemInit
                0x08001374        0x4 ./Core/Src/system_stm32f0xx.o
                0x08001374                SystemInit
 .text.MX_TIM1_Init
                0x08001378       0x80 ./Core/Src/tim.o
                0x08001378                MX_TIM1_Init
 .text.MX_TIM2_Init
                0x080013f8       0x7c ./Core/Src/tim.o
                0x080013f8                MX_TIM2_Init
 .text.MX_TIM3_Init
                0x08001474      0x114 ./Core/Src/tim.o
                0x08001474                MX_TIM3_Init
 .text.HAL_TIM_Base_MspInit
                0x08001588       0xb8 ./Core/Src/tim.o
                0x08001588                HAL_TIM_Base_MspInit
 .text.MX_USART1_UART_Init
                0x08001640       0x3c ./Core/Src/usart.o
                0x08001640                MX_USART1_UART_Init
 .text.HAL_UART_MspInit
                0x0800167c       0x64 ./Core/Src/usart.o
                0x0800167c                HAL_UART_MspInit
 .text.Reset_Handler
                0x080016e0       0x50 ./Core/Startup/startup_stm32f072cbtx.o
                0x080016e0                Reset_Handler
 .text.Default_Handler
                0x08001730        0x2 ./Core/Startup/startup_stm32f072cbtx.o
                0x08001730                TIM1_CC_IRQHandler
                0x08001730                TSC_IRQHandler
                0x08001730                ADC1_COMP_IRQHandler
                0x08001730                I2C1_IRQHandler
                0x08001730                RCC_CRS_IRQHandler
                0x08001730                SPI1_IRQHandler
                0x08001730                TIM6_DAC_IRQHandler
                0x08001730                USART3_4_IRQHandler
                0x08001730                I2C2_IRQHandler
                0x08001730                TIM17_IRQHandler
                0x08001730                CEC_CAN_IRQHandler
                0x08001730                RTC_IRQHandler
                0x08001730                PVD_VDDIO2_IRQHandler
                0x08001730                TIM16_IRQHandler
                0x08001730                TIM3_IRQHandler
                0x08001730                Default_Handler
                0x08001730                TIM14_IRQHandler
                0x08001730                TIM7_IRQHandler
                0x08001730                TIM15_IRQHandler
                0x08001730                EXTI0_1_IRQHandler
                0x08001730                SPI2_IRQHandler
                0x08001730                WWDG_IRQHandler
                0x08001730                TIM2_IRQHandler
                0x08001730                DMA1_Channel2_3_IRQHandler
                0x08001730                USART2_IRQHandler
                0x08001730                FLASH_IRQHandler
                0x08001730                USART1_IRQHandler
                0x08001730                TIM1_BRK_UP_TRG_COM_IRQHandler
 *fill*         0x08001732        0x2 
 .text.HAL_InitTick
                0x08001734       0x4c ./Drivers/STM32F0xx_HAL_Driver/Src/stm32f0xx_hal.o
                0x08001734                HAL_InitTick
 .text.HAL_Init
                0x08001780       0x20 ./Drivers/STM32F0xx_HAL_Driver/Src/stm32f0xx_hal.o
                0x08001780                HAL_Init
 .text.HAL_IncTick
                0x080017a0       0x18 ./Drivers/STM32F0xx_HAL_Driver/Src/stm32f0xx_hal.o
                0x080017a0                HAL_IncTick
 .text.HAL_GetTick
                0x080017b8        0xc ./Drivers/STM32F0xx_HAL_Driver/Src/stm32f0xx_hal.o
                0x080017b8                HAL_GetTick
 .text.HAL_Delay
                0x080017c4       0x24 ./Drivers/STM32F0xx_HAL_Driver/Src/stm32f0xx_hal.o
                0x080017c4                HAL_Delay
 .text.ADC_Enable.constprop.0
                0x080017e8       0xb4 ./Drivers/STM32F0xx_HAL_Driver/Src/stm32f0xx_hal_adc.o
 .text.HAL_ADC_Init
                0x0800189c      0x148 ./Drivers/STM32F0xx_HAL_Driver/Src/stm32f0xx_hal_adc.o
                0x0800189c                HAL_ADC_Init
 .text.HAL_ADC_Start_DMA
                0x080019e4       0x90 ./Drivers/STM32F0xx_HAL_Driver/Src/stm32f0xx_hal_adc.o
                0x080019e4                HAL_ADC_Start_DMA
 .text.HAL_ADC_ConvCpltCallback
                0x08001a74        0x4 ./Drivers/STM32F0xx_HAL_Driver/Src/stm32f0xx_hal_adc.o
                0x08001a74                HAL_ADC_ConvCpltCallback
 .text.ADC_DMAConvCplt
                0x08001a78       0x74 ./Drivers/STM32F0xx_HAL_Driver/Src/stm32f0xx_hal_adc.o
 .text.HAL_ADC_ConvHalfCpltCallback
                0x08001aec        0x4 ./Drivers/STM32F0xx_HAL_Driver/Src/stm32f0xx_hal_adc.o
                0x08001aec                HAL_ADC_ConvHalfCpltCallback
 .text.ADC_DMAHalfConvCplt
                0x08001af0        0xc ./Drivers/STM32F0xx_HAL_Driver/Src/stm32f0xx_hal_adc.o
 .text.HAL_ADC_ErrorCallback
                0x08001afc        0x4 ./Drivers/STM32F0xx_HAL_Driver/Src/stm32f0xx_hal_adc.o
                0x08001afc                HAL_ADC_ErrorCallback
 .text.ADC_DMAError
                0x08001b00       0x1c ./Drivers/STM32F0xx_HAL_Driver/Src/stm32f0xx_hal_adc.o
 .text.HAL_ADC_ConfigChannel
                0x08001b1c      0x124 ./Drivers/STM32F0xx_HAL_Driver/Src/stm32f0xx_hal_adc.o
                0x08001b1c                HAL_ADC_ConfigChannel
 .text.HAL_ADCEx_Calibration_Start
                0x08001c40       0xb4 ./Drivers/STM32F0xx_HAL_Driver/Src/stm32f0xx_hal_adc_ex.o
                0x08001c40                HAL_ADCEx_Calibration_Start
 .text.HAL_NVIC_SetPriority
                0x08001cf4       0x54 ./Drivers/STM32F0xx_HAL_Driver/Src/stm32f0xx_hal_cortex.o
                0x08001cf4                HAL_NVIC_SetPriority
 .text.HAL_NVIC_EnableIRQ
                0x08001d48       0x18 ./Drivers/STM32F0xx_HAL_Driver/Src/stm32f0xx_hal_cortex.o
                0x08001d48                HAL_NVIC_EnableIRQ
 .text.HAL_SYSTICK_Config
                0x08001d60       0x34 ./Drivers/STM32F0xx_HAL_Driver/Src/stm32f0xx_hal_cortex.o
                0x08001d60                HAL_SYSTICK_Config
 .text.HAL_DMA_Init
                0x08001d94       0x68 ./Drivers/STM32F0xx_HAL_Driver/Src/stm32f0xx_hal_dma.o
                0x08001d94                HAL_DMA_Init
 .text.HAL_DMA_Start
                0x08001dfc       0x58 ./Drivers/STM32F0xx_HAL_Driver/Src/stm32f0xx_hal_dma.o
                0x08001dfc                HAL_DMA_Start
 .text.HAL_DMA_Start_IT
                0x08001e54       0x7c ./Drivers/STM32F0xx_HAL_Driver/Src/stm32f0xx_hal_dma.o
                0x08001e54                HAL_DMA_Start_IT
 .text.HAL_DMA_IRQHandler
                0x08001ed0       0x9c ./Drivers/STM32F0xx_HAL_Driver/Src/stm32f0xx_hal_dma.o
                0x08001ed0                HAL_DMA_IRQHandler
 .text.HAL_GPIO_Init
                0x08001f6c      0x3b4 ./Drivers/STM32F0xx_HAL_Driver/Src/stm32f0xx_hal_gpio.o
                0x08001f6c                HAL_GPIO_Init
 .text.HAL_GPIO_ReadPin
                0x08002320        0xc ./Drivers/STM32F0xx_HAL_Driver/Src/stm32f0xx_hal_gpio.o
                0x08002320                HAL_GPIO_ReadPin
 .text.HAL_GPIO_WritePin
                0x0800232c        0xc ./Drivers/STM32F0xx_HAL_Driver/Src/stm32f0xx_hal_gpio.o
                0x0800232c                HAL_GPIO_WritePin
 .text.HAL_GPIO_TogglePin
                0x08002338       0x10 ./Drivers/STM32F0xx_HAL_Driver/Src/stm32f0xx_hal_gpio.o
                0x08002338                HAL_GPIO_TogglePin
 .text.HAL_GPIO_EXTI_IRQHandler
                0x08002348       0x18 ./Drivers/STM32F0xx_HAL_Driver/Src/stm32f0xx_hal_gpio.o
                0x08002348                HAL_GPIO_EXTI_IRQHandler
 .text.HAL_I2C_Init
                0x08002360       0xc0 ./Drivers/STM32F0xx_HAL_Driver/Src/stm32f0xx_hal_i2c.o
                0x08002360                HAL_I2C_Init
 .text.HAL_I2CEx_ConfigAnalogFilter
                0x08002420       0x4c ./Drivers/STM32F0xx_HAL_Driver/Src/stm32f0xx_hal_i2c_ex.o
                0x08002420                HAL_I2CEx_ConfigAnalogFilter
 .text.HAL_I2CEx_ConfigDigitalFilter
                0x0800246c       0x5c ./Drivers/STM32F0xx_HAL_Driver/Src/stm32f0xx_hal_i2c_ex.o
                0x0800246c                HAL_I2CEx_ConfigDigitalFilter
 .text.HAL_PCD_Init
                0x080024c8      0x218 ./Drivers/STM32F0xx_HAL_Driver/Src/stm32f0xx_hal_pcd.o
                0x080024c8                HAL_PCD_Init
 .text.HAL_PCD_Start
                0x080026e0       0x2c ./Drivers/STM32F0xx_HAL_Driver/Src/stm32f0xx_hal_pcd.o
                0x080026e0                HAL_PCD_Start
 .text.HAL_PCD_IRQHandler
                0x0800270c      0xb40 ./Drivers/STM32F0xx_HAL_Driver/Src/stm32f0xx_hal_pcd.o
                0x0800270c                HAL_PCD_IRQHandler
 .text.HAL_PCD_SetAddress
                0x0800324c       0x28 ./Drivers/STM32F0xx_HAL_Driver/Src/stm32f0xx_hal_pcd.o
                0x0800324c                HAL_PCD_SetAddress
 .text.HAL_PCD_EP_Open
                0x08003274       0x64 ./Drivers/STM32F0xx_HAL_Driver/Src/stm32f0xx_hal_pcd.o
                0x08003274                HAL_PCD_EP_Open
 .text.HAL_PCD_EP_Close
                0x080032d8       0x60 ./Drivers/STM32F0xx_HAL_Driver/Src/stm32f0xx_hal_pcd.o
                0x080032d8                HAL_PCD_EP_Close
 .text.HAL_PCD_EP_Receive
                0x08003338       0x3c ./Drivers/STM32F0xx_HAL_Driver/Src/stm32f0xx_hal_pcd.o
                0x08003338                HAL_PCD_EP_Receive
 .text.HAL_PCD_EP_GetRxCount
                0x08003374       0x14 ./Drivers/STM32F0xx_HAL_Driver/Src/stm32f0xx_hal_pcd.o
                0x08003374                HAL_PCD_EP_GetRxCount
 .text.HAL_PCD_EP_Transmit
                0x08003388       0x34 ./Drivers/STM32F0xx_HAL_Driver/Src/stm32f0xx_hal_pcd.o
                0x08003388                HAL_PCD_EP_Transmit
 .text.HAL_PCD_EP_SetStall
                0x080033bc       0x78 ./Drivers/STM32F0xx_HAL_Driver/Src/stm32f0xx_hal_pcd.o
                0x080033bc                HAL_PCD_EP_SetStall
 .text.HAL_PCD_EP_ClrStall
                0x08003434       0x74 ./Drivers/STM32F0xx_HAL_Driver/Src/stm32f0xx_hal_pcd.o
                0x08003434                HAL_PCD_EP_ClrStall
 .text.HAL_PCDEx_PMAConfig
                0x080034a8       0x3c ./Drivers/STM32F0xx_HAL_Driver/Src/stm32f0xx_hal_pcd_ex.o
                0x080034a8                HAL_PCDEx_PMAConfig
 .text.HAL_PCDEx_ActivateLPM
                0x080034e4       0x28 ./Drivers/STM32F0xx_HAL_Driver/Src/stm32f0xx_hal_pcd_ex.o
                0x080034e4                HAL_PCDEx_ActivateLPM
 .text.HAL_PCDEx_LPM_Callback
                0x0800350c        0x4 ./Drivers/STM32F0xx_HAL_Driver/Src/stm32f0xx_hal_pcd_ex.o
                0x0800350c                HAL_PCDEx_LPM_Callback
 .text.HAL_RCC_OscConfig
                0x08003510      0x56c ./Drivers/STM32F0xx_HAL_Driver/Src/stm32f0xx_hal_rcc.o
                0x08003510                HAL_RCC_OscConfig
 .text.HAL_RCC_ClockConfig
                0x08003a7c      0x19c ./Drivers/STM32F0xx_HAL_Driver/Src/stm32f0xx_hal_rcc.o
                0x08003a7c                HAL_RCC_ClockConfig
 .text.HAL_RCC_GetSysClockFreq
                0x08003c18       0x74 ./Drivers/STM32F0xx_HAL_Driver/Src/stm32f0xx_hal_rcc.o
                0x08003c18                HAL_RCC_GetSysClockFreq
 .text.HAL_RCC_GetPCLK1Freq
                0x08003c8c       0x20 ./Drivers/STM32F0xx_HAL_Driver/Src/stm32f0xx_hal_rcc.o
                0x08003c8c                HAL_RCC_GetPCLK1Freq
 .text.HAL_RCCEx_PeriphCLKConfig
                0x08003cac      0x16c ./Drivers/STM32F0xx_HAL_Driver/Src/stm32f0xx_hal_rcc_ex.o
                0x08003cac                HAL_RCCEx_PeriphCLKConfig
 .text.HAL_SPI_Init
                0x08003e18      0x14c ./Drivers/STM32F0xx_HAL_Driver/Src/stm32f0xx_hal_spi.o
                0x08003e18                HAL_SPI_Init
 .text.TIM_OC1_SetConfig
                0x08003f64       0x70 ./Drivers/STM32F0xx_HAL_Driver/Src/stm32f0xx_hal_tim.o
 .text.HAL_TIM_Base_Init
                0x08003fd4      0x110 ./Drivers/STM32F0xx_HAL_Driver/Src/stm32f0xx_hal_tim.o
                0x08003fd4                HAL_TIM_Base_Init
 .text.HAL_TIM_Base_Start
                0x080040e4       0x5c ./Drivers/STM32F0xx_HAL_Driver/Src/stm32f0xx_hal_tim.o
                0x080040e4                HAL_TIM_Base_Start
 .text.HAL_TIM_PWM_MspInit
                0x08004140        0x4 ./Drivers/STM32F0xx_HAL_Driver/Src/stm32f0xx_hal_tim.o
                0x08004140                HAL_TIM_PWM_MspInit
 .text.HAL_TIM_PWM_Init
                0x08004144      0x110 ./Drivers/STM32F0xx_HAL_Driver/Src/stm32f0xx_hal_tim.o
                0x08004144                HAL_TIM_PWM_Init
 .text.HAL_TIM_PWM_Start
                0x08004254       0xb8 ./Drivers/STM32F0xx_HAL_Driver/Src/stm32f0xx_hal_tim.o
                0x08004254                HAL_TIM_PWM_Start
 .text.HAL_TIM_PWM_ConfigChannel
                0x0800430c      0x20c ./Drivers/STM32F0xx_HAL_Driver/Src/stm32f0xx_hal_tim.o
                0x0800430c                HAL_TIM_PWM_ConfigChannel
 .text.HAL_TIM_ConfigClockSource
                0x08004518      0x160 ./Drivers/STM32F0xx_HAL_Driver/Src/stm32f0xx_hal_tim.o
                0x08004518                HAL_TIM_ConfigClockSource
 .text.HAL_TIMEx_MasterConfigSynchronization
                0x08004678       0x64 ./Drivers/STM32F0xx_HAL_Driver/Src/stm32f0xx_hal_tim_ex.o
                0x08004678                HAL_TIMEx_MasterConfigSynchronization
 .text.UART_AdvFeatureConfig
                0x080046dc       0xd0 ./Drivers/STM32F0xx_HAL_Driver/Src/stm32f0xx_hal_uart.o
                0x080046dc                UART_AdvFeatureConfig
 .text.UART_CheckIdleState
                0x080047ac      0x29c ./Drivers/STM32F0xx_HAL_Driver/Src/stm32f0xx_hal_uart.o
                0x080047ac                UART_CheckIdleState
 .text.HAL_UART_Init
                0x08004a48      0x1ac ./Drivers/STM32F0xx_HAL_Driver/Src/stm32f0xx_hal_uart.o
                0x08004a48                HAL_UART_Init
 .text.USB_EnableGlobalInt
                0x08004bf4       0x14 ./Drivers/STM32F0xx_HAL_Driver/Src/stm32f0xx_ll_usb.o
                0x08004bf4                USB_EnableGlobalInt
 .text.USB_DisableGlobalInt
                0x08004c08       0x14 ./Drivers/STM32F0xx_HAL_Driver/Src/stm32f0xx_ll_usb.o
                0x08004c08                USB_DisableGlobalInt
 .text.USB_DevInit
                0x08004c1c       0x1c ./Drivers/STM32F0xx_HAL_Driver/Src/stm32f0xx_ll_usb.o
                0x08004c1c                USB_DevInit
 .text.USB_ActivateEndpoint
                0x08004c38      0x2c0 ./Drivers/STM32F0xx_HAL_Driver/Src/stm32f0xx_ll_usb.o
                0x08004c38                USB_ActivateEndpoint
 .text.USB_DeactivateEndpoint
                0x08004ef8      0x10c ./Drivers/STM32F0xx_HAL_Driver/Src/stm32f0xx_ll_usb.o
                0x08004ef8                USB_DeactivateEndpoint
 .text.USB_EPStartXfer
                0x08005004      0x600 ./Drivers/STM32F0xx_HAL_Driver/Src/stm32f0xx_ll_usb.o
                0x08005004                USB_EPStartXfer
 .text.USB_EPSetStall
                0x08005604       0x48 ./Drivers/STM32F0xx_HAL_Driver/Src/stm32f0xx_ll_usb.o
                0x08005604                USB_EPSetStall
 .text.USB_EPClearStall
                0x0800564c       0x80 ./Drivers/STM32F0xx_HAL_Driver/Src/stm32f0xx_ll_usb.o
                0x0800564c                USB_EPClearStall
 .text.USB_SetDevAddress
                0x080056cc       0x10 ./Drivers/STM32F0xx_HAL_Driver/Src/stm32f0xx_ll_usb.o
                0x080056cc                USB_SetDevAddress
 .text.USB_DevConnect
                0x080056dc       0x10 ./Drivers/STM32F0xx_HAL_Driver/Src/stm32f0xx_ll_usb.o
                0x080056dc                USB_DevConnect
 .text.USB_ReadInterrupts
                0x080056ec        0x8 ./Drivers/STM32F0xx_HAL_Driver/Src/stm32f0xx_ll_usb.o
                0x080056ec                USB_ReadInterrupts
 .text.USB_WritePMA
                0x080056f4       0x30 ./Drivers/STM32F0xx_HAL_Driver/Src/stm32f0xx_ll_usb.o
                0x080056f4                USB_WritePMA
 .text.USB_ReadPMA
                0x08005724       0x3c ./Drivers/STM32F0xx_HAL_Driver/Src/stm32f0xx_ll_usb.o
                0x08005724                USB_ReadPMA
 .text.USBD_CDC_EP0_RxReady
                0x08005760       0x34 ./Middlewares/ST/STM32_USB_Device_Library/Class/CDC/Src/usbd_cdc.o
 .text.USBD_CDC_GetFSCfgDesc
                0x08005794        0xc ./Middlewares/ST/STM32_USB_Device_Library/Class/CDC/Src/usbd_cdc.o
 .text.USBD_CDC_GetHSCfgDesc
                0x080057a0        0xc ./Middlewares/ST/STM32_USB_Device_Library/Class/CDC/Src/usbd_cdc.o
 .text.USBD_CDC_GetOtherSpeedCfgDesc
                0x080057ac        0xc ./Middlewares/ST/STM32_USB_Device_Library/Class/CDC/Src/usbd_cdc.o
 .text.USBD_CDC_GetDeviceQualifierDescriptor
                0x080057b8        0xc ./Middlewares/ST/STM32_USB_Device_Library/Class/CDC/Src/usbd_cdc.o
                0x080057b8                USBD_CDC_GetDeviceQualifierDescriptor
 .text.USBD_CDC_DataOut
                0x080057c4       0x34 ./Middlewares/ST/STM32_USB_Device_Library/Class/CDC/Src/usbd_cdc.o
 .text.USBD_CDC_DataIn
                0x080057f8       0x50 ./Middlewares/ST/STM32_USB_Device_Library/Class/CDC/Src/usbd_cdc.o
 .text.USBD_CDC_Setup
                0x08005848       0xd8 ./Middlewares/ST/STM32_USB_Device_Library/Class/CDC/Src/usbd_cdc.o
 .text.USBD_CDC_DeInit
                0x08005920       0x48 ./Middlewares/ST/STM32_USB_Device_Library/Class/CDC/Src/usbd_cdc.o
 .text.USBD_CDC_Init
                0x08005968       0xb4 ./Middlewares/ST/STM32_USB_Device_Library/Class/CDC/Src/usbd_cdc.o
 .text.USBD_CDC_RegisterInterface
                0x08005a1c       0x14 ./Middlewares/ST/STM32_USB_Device_Library/Class/CDC/Src/usbd_cdc.o
                0x08005a1c                USBD_CDC_RegisterInterface
 .text.USBD_CDC_SetTxBuffer
                0x08005a30       0x18 ./Middlewares/ST/STM32_USB_Device_Library/Class/CDC/Src/usbd_cdc.o
                0x08005a30                USBD_CDC_SetTxBuffer
 .text.USBD_CDC_SetRxBuffer
                0x08005a48       0x10 ./Middlewares/ST/STM32_USB_Device_Library/Class/CDC/Src/usbd_cdc.o
                0x08005a48                USBD_CDC_SetRxBuffer
 .text.USBD_CDC_TransmitPacket
                0x08005a58       0x3c ./Middlewares/ST/STM32_USB_Device_Library/Class/CDC/Src/usbd_cdc.o
                0x08005a58                USBD_CDC_TransmitPacket
 .text.USBD_CDC_ReceivePacket
                0x08005a94       0x34 ./Middlewares/ST/STM32_USB_Device_Library/Class/CDC/Src/usbd_cdc.o
                0x08005a94                USBD_CDC_ReceivePacket
 .text.USBD_Init
                0x08005ac8       0x34 ./Middlewares/ST/STM32_USB_Device_Library/Core/Src/usbd_core.o
                0x08005ac8                USBD_Init
 .text.USBD_RegisterClass
                0x08005afc       0x14 ./Middlewares/ST/STM32_USB_Device_Library/Core/Src/usbd_core.o
                0x08005afc                USBD_RegisterClass
 .text.USBD_Start
                0x08005b10        0xc ./Middlewares/ST/STM32_USB_Device_Library/Core/Src/usbd_core.o
                0x08005b10                USBD_Start
 .text.USBD_SetClassConfig
                0x08005b1c       0x1c ./Middlewares/ST/STM32_USB_Device_Library/Core/Src/usbd_core.o
                0x08005b1c                USBD_SetClassConfig
 .text.USBD_ClrClassConfig
                0x08005b38       0x10 ./Middlewares/ST/STM32_USB_Device_Library/Core/Src/usbd_core.o
                0x08005b38                USBD_ClrClassConfig
 .text.USBD_LL_SetupStage
                0x08005b48       0x64 ./Middlewares/ST/STM32_USB_Device_Library/Core/Src/usbd_core.o
                0x08005b48                USBD_LL_SetupStage
 .text.USBD_LL_DataOutStage
                0x08005bac       0x98 ./Middlewares/ST/STM32_USB_Device_Library/Core/Src/usbd_core.o
                0x08005bac                USBD_LL_DataOutStage
 .text.USBD_LL_DataInStage
                0x08005c44       0xcc ./Middlewares/ST/STM32_USB_Device_Library/Core/Src/usbd_core.o
                0x08005c44                USBD_LL_DataInStage
 .text.USBD_LL_Reset
                0x08005d10       0x60 ./Middlewares/ST/STM32_USB_Device_Library/Core/Src/usbd_core.o
                0x08005d10                USBD_LL_Reset
 .text.USBD_LL_SetSpeed
                0x08005d70        0x8 ./Middlewares/ST/STM32_USB_Device_Library/Core/Src/usbd_core.o
                0x08005d70                USBD_LL_SetSpeed
 .text.USBD_LL_Suspend
                0x08005d78       0x18 ./Middlewares/ST/STM32_USB_Device_Library/Core/Src/usbd_core.o
                0x08005d78                USBD_LL_Suspend
 .text.USBD_LL_Resume
                0x08005d90       0x18 ./Middlewares/ST/STM32_USB_Device_Library/Core/Src/usbd_core.o
                0x08005d90                USBD_LL_Resume
 .text.USBD_LL_SOF
                0x08005da8       0x20 ./Middlewares/ST/STM32_USB_Device_Library/Core/Src/usbd_core.o
                0x08005da8                USBD_LL_SOF
 .text.USBD_StdDevReq
                0x08005dc8      0x2e8 ./Middlewares/ST/STM32_USB_Device_Library/Core/Src/usbd_ctlreq.o
                0x08005dc8                USBD_StdDevReq
 .text.USBD_StdItfReq
                0x080060b0       0x5c ./Middlewares/ST/STM32_USB_Device_Library/Core/Src/usbd_ctlreq.o
                0x080060b0                USBD_StdItfReq
 .text.USBD_StdEPReq
                0x0800610c      0x150 ./Middlewares/ST/STM32_USB_Device_Library/Core/Src/usbd_ctlreq.o
                0x0800610c                USBD_StdEPReq
 .text.USBD_ParseSetupRequest
                0x0800625c       0x28 ./Middlewares/ST/STM32_USB_Device_Library/Core/Src/usbd_ctlreq.o
                0x0800625c                USBD_ParseSetupRequest
 .text.USBD_CtlError
                0x08006284       0x14 ./Middlewares/ST/STM32_USB_Device_Library/Core/Src/usbd_ctlreq.o
                0x08006284                USBD_CtlError
 .text.USBD_GetString
                0x08006298       0x50 ./Middlewares/ST/STM32_USB_Device_Library/Core/Src/usbd_ctlreq.o
                0x08006298                USBD_GetString
 .text.USBD_CtlSendData
                0x080062e8       0x1c ./Middlewares/ST/STM32_USB_Device_Library/Core/Src/usbd_ioreq.o
                0x080062e8                USBD_CtlSendData
 .text.USBD_CtlContinueSendData
                0x08006304       0x10 ./Middlewares/ST/STM32_USB_Device_Library/Core/Src/usbd_ioreq.o
                0x08006304                USBD_CtlContinueSendData
 .text.USBD_CtlPrepareRx
                0x08006314       0x24 ./Middlewares/ST/STM32_USB_Device_Library/Core/Src/usbd_ioreq.o
                0x08006314                USBD_CtlPrepareRx
 .text.USBD_CtlContinueRx
                0x08006338       0x10 ./Middlewares/ST/STM32_USB_Device_Library/Core/Src/usbd_ioreq.o
                0x08006338                USBD_CtlContinueRx
 .text.USBD_CtlSendStatus
                0x08006348       0x18 ./Middlewares/ST/STM32_USB_Device_Library/Core/Src/usbd_ioreq.o
                0x08006348                USBD_CtlSendStatus
 .text.USBD_CtlReceiveStatus
                0x08006360       0x18 ./Middlewares/ST/STM32_USB_Device_Library/Core/Src/usbd_ioreq.o
                0x08006360                USBD_CtlReceiveStatus
 .text.MX_USB_DEVICE_Init
                0x08006378       0x7c ./USB_DEVICE/App/usb_device.o
                0x08006378                MX_USB_DEVICE_Init
 .text.CDC_DeInit_FS
                0x080063f4        0x4 ./USB_DEVICE/App/usbd_cdc_if.o
 .text.CDC_Control_FS
                0x080063f8        0x4 ./USB_DEVICE/App/usbd_cdc_if.o
 .text.CDC_Receive_FS
                0x080063fc       0x50 ./USB_DEVICE/App/usbd_cdc_if.o
 .text.CDC_Init_FS
                0x0800644c       0x28 ./USB_DEVICE/App/usbd_cdc_if.o
 .text.CDC_Transmit_FS
                0x08006474       0x2c ./USB_DEVICE/App/usbd_cdc_if.o
                0x08006474                CDC_Transmit_FS
 .text.USBD_FS_DeviceDescriptor
                0x080064a0        0xc ./USB_DEVICE/App/usbd_desc.o
                0x080064a0                USBD_FS_DeviceDescriptor
 .text.USBD_FS_LangIDStrDescriptor
                0x080064ac        0xc ./USB_DEVICE/App/usbd_desc.o
                0x080064ac                USBD_FS_LangIDStrDescriptor
 .text.USBD_FS_ManufacturerStrDescriptor
                0x080064b8       0x1c ./USB_DEVICE/App/usbd_desc.o
                0x080064b8                USBD_FS_ManufacturerStrDescriptor
 .text.USBD_FS_ProductStrDescriptor
                0x080064d4       0x1c ./USB_DEVICE/App/usbd_desc.o
                0x080064d4                USBD_FS_ProductStrDescriptor
 .text.USBD_FS_ConfigStrDescriptor
                0x080064f0       0x1c ./USB_DEVICE/App/usbd_desc.o
                0x080064f0                USBD_FS_ConfigStrDescriptor
 .text.USBD_FS_InterfaceStrDescriptor
                0x0800650c       0x1c ./USB_DEVICE/App/usbd_desc.o
                0x0800650c                USBD_FS_InterfaceStrDescriptor
 .text.USBD_FS_SerialStrDescriptor
                0x08006528      0x160 ./USB_DEVICE/App/usbd_desc.o
                0x08006528                USBD_FS_SerialStrDescriptor
 .text.HAL_PCD_MspInit
                0x08006688       0x40 ./USB_DEVICE/Target/usbd_conf.o
                0x08006688                HAL_PCD_MspInit
 .text.HAL_PCD_SetupStageCallback
                0x080066c8       0x14 ./USB_DEVICE/Target/usbd_conf.o
                0x080066c8                HAL_PCD_SetupStageCallback
 .text.HAL_PCD_DataOutStageCallback
                0x080066dc       0x1c ./USB_DEVICE/Target/usbd_conf.o
                0x080066dc                HAL_PCD_DataOutStageCallback
 .text.HAL_PCD_DataInStageCallback
                0x080066f8       0x18 ./USB_DEVICE/Target/usbd_conf.o
                0x080066f8                HAL_PCD_DataInStageCallback
 .text.HAL_PCD_SOFCallback
                0x08006710       0x10 ./USB_DEVICE/Target/usbd_conf.o
                0x08006710                HAL_PCD_SOFCallback
 .text.HAL_PCD_ResetCallback
                0x08006720       0x24 ./USB_DEVICE/Target/usbd_conf.o
                0x08006720                HAL_PCD_ResetCallback
 .text.HAL_PCD_SuspendCallback
                0x08006744       0x24 ./USB_DEVICE/Target/usbd_conf.o
                0x08006744                HAL_PCD_SuspendCallback
 .text.HAL_PCD_ResumeCallback
                0x08006768       0x2c ./USB_DEVICE/Target/usbd_conf.o
                0x08006768                HAL_PCD_ResumeCallback
 .text.USBD_LL_Init
                0x08006794       0x84 ./USB_DEVICE/Target/usbd_conf.o
                0x08006794                USBD_LL_Init
 .text.USBD_LL_Start
                0x08006818       0x1c ./USB_DEVICE/Target/usbd_conf.o
                0x08006818                USBD_LL_Start
 .text.USBD_LL_OpenEP
                0x08006834       0x20 ./USB_DEVICE/Target/usbd_conf.o
                0x08006834                USBD_LL_OpenEP
 .text.USBD_LL_CloseEP
                0x08006854       0x1c ./USB_DEVICE/Target/usbd_conf.o
                0x08006854                USBD_LL_CloseEP
 .text.USBD_LL_StallEP
                0x08006870       0x1c ./USB_DEVICE/Target/usbd_conf.o
                0x08006870                USBD_LL_StallEP
 .text.USBD_LL_ClearStallEP
                0x0800688c       0x1c ./USB_DEVICE/Target/usbd_conf.o
                0x0800688c                USBD_LL_ClearStallEP
 .text.USBD_LL_IsStallEP
                0x080068a8       0x2c ./USB_DEVICE/Target/usbd_conf.o
                0x080068a8                USBD_LL_IsStallEP
 .text.USBD_LL_SetUSBAddress
                0x080068d4       0x1c ./USB_DEVICE/Target/usbd_conf.o
                0x080068d4                USBD_LL_SetUSBAddress
 .text.USBD_LL_Transmit
                0x080068f0       0x1c ./USB_DEVICE/Target/usbd_conf.o
                0x080068f0                USBD_LL_Transmit
 .text.USBD_LL_PrepareReceive
                0x0800690c       0x1c ./USB_DEVICE/Target/usbd_conf.o
                0x0800690c                USBD_LL_PrepareReceive
 .text.USBD_LL_GetRxDataSize
                0x08006928       0x10 ./USB_DEVICE/Target/usbd_conf.o
                0x08006928                USBD_LL_GetRxDataSize
 .text.USBD_static_malloc
                0x08006938        0x8 ./USB_DEVICE/Target/usbd_conf.o
                0x08006938                USBD_static_malloc
 .text.USBD_static_free
                0x08006940        0x4 ./USB_DEVICE/Target/usbd_conf.o
                0x08006940                USBD_static_free
 .text.memset   0x08006944       0x10 /opt/st/stm32cubeide_1.19.0/plugins/com.st.stm32cube.ide.mcu.externaltools.gnu-tools-for-stm32.13.3.rel1.linux64_1.0.0.202410170706/tools/bin/../lib/gcc/arm-none-eabi/13.3.1/../../../../arm-none-eabi/lib/thumb/v6-m/nofp/libc_nano.a(libc_a-memset.o)
                0x08006944                memset
 .text.__libc_init_array
                0x08006954       0x48 /opt/st/stm32cubeide_1.19.0/plugins/com.st.stm32cube.ide.mcu.externaltools.gnu-tools-for-stm32.13.3.rel1.linux64_1.0.0.202410170706/tools/bin/../lib/gcc/arm-none-eabi/13.3.1/../../../../arm-none-eabi/lib/thumb/v6-m/nofp/libc_nano.a(libc_a-init.o)
                0x08006954                __libc_init_array
 .text.memcpy   0x0800699c       0x12 /opt/st/stm32cubeide_1.19.0/plugins/com.st.stm32cube.ide.mcu.externaltools.gnu-tools-for-stm32.13.3.rel1.linux64_1.0.0.202410170706/tools/bin/../lib/gcc/arm-none-eabi/13.3.1/../../../../arm-none-eabi/lib/thumb/v6-m/nofp/libc_nano.a(libc_a-memcpy-stub.o)
                0x0800699c                memcpy
 *(.glue_7)
 .glue_7        0x080069ae        0x0 linker stubs
 *(.glue_7t)
 .glue_7t       0x080069ae        0x0 linker stubs
 *(.eh_frame)
 *fill*         0x080069ae        0x2 
 .eh_frame      0x080069b0        0x0 /opt/st/stm32cubeide_1.19.0/plugins/com.st.stm32cube.ide.mcu.externaltools.gnu-tools-for-stm32.13.3.rel1.linux64_1.0.0.202410170706/tools/bin/../lib/gcc/arm-none-eabi/13.3.1/thumb/v6-m/nofp/crtbegin.o
 *(.init)
 .init          0x080069b0        0x4 /opt/st/stm32cubeide_1.19.0/plugins/com.st.stm32cube.ide.mcu.externaltools.gnu-tools-for-stm32.13.3.rel1.linux64_1.0.0.202410170706/tools/bin/../lib/gcc/arm-none-eabi/13.3.1/thumb/v6-m/nofp/crti.o
                0x080069b0                _init
 .init          0x080069b4        0x8 /opt/st/stm32cubeide_1.19.0/plugins/com.st.stm32cube.ide.mcu.externaltools.gnu-tools-for-stm32.13.3.rel1.linux64_1.0.0.202410170706/tools/bin/../lib/gcc/arm-none-eabi/13.3.1/thumb/v6-m/nofp/crtn.o
 *(.fini)
 .fini          0x080069bc        0x4 /opt/st/stm32cubeide_1.19.0/plugins/com.st.stm32cube.ide.mcu.externaltools.gnu-tools-for-stm32.13.3.rel1.linux64_1.0.0.202410170706/tools/bin/../lib/gcc/arm-none-eabi/13.3.1/thumb/v6-m/nofp/crti.o
                0x080069bc                _fini
 .fini          0x080069c0        0x8 /opt/st/stm32cubeide_1.19.0/plugins/com.st.stm32cube.ide.mcu.externaltools.gnu-tools-for-stm32.13.3.rel1.linux64_1.0.0.202410170706/tools/bin/../lib/gcc/arm-none-eabi/13.3.1/thumb/v6-m/nofp/crtn.o
                0x080069c8                        . = ALIGN (0x4)
                0x080069c8                        _etext = .

.vfp11_veneer   0x080069c8        0x0
 .vfp11_veneer  0x080069c8        0x0 linker stubs

.v4_bx          0x080069c8        0x0
 .v4_bx         0x080069c8        0x0 linker stubs

.iplt           0x080069c8        0x0
 .iplt          0x080069c8        0x0 /opt/st/stm32cubeide_1.19.0/plugins/com.st.stm32cube.ide.mcu.externaltools.gnu-tools-for-stm32.13.3.rel1.linux64_1.0.0.202410170706/tools/bin/../lib/gcc/arm-none-eabi/13.3.1/thumb/v6-m/nofp/crtbegin.o

.rodata         0x080069c8       0xc8
                0x080069c8                        . = ALIGN (0x4)
 *(.rodata)
 *(.rodata*)
 .rodata.APBPrescTable
                0x080069c8        0x8 ./Core/Src/system_stm32f0xx.o
                0x080069c8                APBPrescTable
 .rodata.AHBPrescTable
                0x080069d0       0x10 ./Core/Src/system_stm32f0xx.o
                0x080069d0                AHBPrescTable
 .rodata.aPredivFactorTable.0
                0x080069e0       0x10 ./Drivers/STM32F0xx_HAL_Driver/Src/stm32f0xx_hal_rcc.o
 .rodata.aPLLMULFactorTable.1
                0x080069f0       0x10 ./Drivers/STM32F0xx_HAL_Driver/Src/stm32f0xx_hal_rcc.o
 .rodata.USBD_StdDevReq
                0x08006a00       0x60 ./Middlewares/ST/STM32_USB_Device_Library/Core/Src/usbd_ctlreq.o
 .rodata.USBD_FS_ManufacturerStrDescriptor.str1.4
                0x08006a60       0x2e ./USB_DEVICE/App/usbd_desc.o
                                  0xb (size before relaxing)
 .rodata.USBD_FS_ProductStrDescriptor.str1.4
                0x08006a8e        0x7 ./USB_DEVICE/App/usbd_desc.o
 .rodata.USBD_FS_ConfigStrDescriptor.str1.4
                0x08006a8e        0xb ./USB_DEVICE/App/usbd_desc.o
 .rodata.USBD_FS_InterfaceStrDescriptor.str1.4
                0x08006a8e        0xe ./USB_DEVICE/App/usbd_desc.o
                0x08006a9c                        . = ALIGN (0x4)
 *fill*         0x08006a8e        0x2 

.ARM.extab      0x08006a90        0x0
                0x08006a90                        . = ALIGN (0x4)
 *(.ARM.extab* .gnu.linkonce.armextab.*)
                0x08006a90                        . = ALIGN (0x4)

.ARM            0x08006a90        0x8
                0x08006a90                        . = ALIGN (0x4)
                0x08006a90                        __exidx_start = .
 *(.ARM.exidx*)
 .ARM.exidx     0x08006a90        0x8 /opt/st/stm32cubeide_1.19.0/plugins/com.st.stm32cube.ide.mcu.externaltools.gnu-tools-for-stm32.13.3.rel1.linux64_1.0.0.202410170706/tools/bin/../lib/gcc/arm-none-eabi/13.3.1/thumb/v6-m/nofp/libgcc.a(_udivmoddi4.o)
                0x08006a98                        __exidx_end = .
                0x08006a98                        . = ALIGN (0x4)

.preinit_array  0x08006a98        0x0
                0x08006a98                        . = ALIGN (0x4)
                0x08006a98                        PROVIDE (__preinit_array_start = .)
 *(.preinit_array*)
                0x08006a98                        PROVIDE (__preinit_array_end = .)
                0x08006a98                        . = ALIGN (0x4)

.init_array     0x08006a98        0x4
                0x08006a98                        . = ALIGN (0x4)
                0x08006a98                        PROVIDE (__init_array_start = .)
 *(SORT_BY_NAME(.init_array.*))
 *(.init_array*)
 .init_array    0x08006a98        0x4 /opt/st/stm32cubeide_1.19.0/plugins/com.st.stm32cube.ide.mcu.externaltools.gnu-tools-for-stm32.13.3.rel1.linux64_1.0.0.202410170706/tools/bin/../lib/gcc/arm-none-eabi/13.3.1/thumb/v6-m/nofp/crtbegin.o
                0x08006a9c                        PROVIDE (__init_array_end = .)
                0x08006a9c                        . = ALIGN (0x4)

.fini_array     0x08006a9c        0x4
                0x08006a9c                        . = ALIGN (0x4)
                [!provide]                        PROVIDE (__fini_array_start = .)
 *(SORT_BY_NAME(.fini_array.*))
 *(.fini_array*)
 .fini_array    0x08006a9c        0x4 /opt/st/stm32cubeide_1.19.0/plugins/com.st.stm32cube.ide.mcu.externaltools.gnu-tools-for-stm32.13.3.rel1.linux64_1.0.0.202410170706/tools/bin/../lib/gcc/arm-none-eabi/13.3.1/thumb/v6-m/nofp/crtbegin.o
                [!provide]                        PROVIDE (__fini_array_end = .)
                0x08006aa0                        . = ALIGN (0x4)
                0x08006aa0                        _sidata = LOADADDR (.data)

.rel.dyn        0x08006aa0        0x0
 .rel.iplt      0x08006aa0        0x0 /opt/st/stm32cubeide_1.19.0/plugins/com.st.stm32cube.ide.mcu.externaltools.gnu-tools-for-stm32.13.3.rel1.linux64_1.0.0.202410170706/tools/bin/../lib/gcc/arm-none-eabi/13.3.1/thumb/v6-m/nofp/crtbegin.o

.data           0x20000000      0x17c load address 0x08006aa0
                0x20000000                        . = ALIGN (0x4)
                0x20000000                        _sdata = .
 *(.data)
 *(.data*)
 .data.SystemCoreClock
                0x20000000        0x4 ./Core/Src/system_stm32f0xx.o
                0x20000000                SystemCoreClock
 .data.uwTickFreq
                0x20000004        0x1 ./Drivers/STM32F0xx_HAL_Driver/Src/stm32f0xx_hal.o
                0x20000004                uwTickFreq
 *fill*         0x20000005        0x3 
 .data.uwTickPrio
                0x20000008        0x4 ./Drivers/STM32F0xx_HAL_Driver/Src/stm32f0xx_hal.o
                0x20000008                uwTickPrio
 .data.USBD_CDC_OtherSpeedCfgDesc
                0x2000000c       0x43 ./Middlewares/ST/STM32_USB_Device_Library/Class/CDC/Src/usbd_cdc.o
                0x2000000c                USBD_CDC_OtherSpeedCfgDesc
 *fill*         0x2000004f        0x1 
 .data.USBD_CDC_CfgFSDesc
                0x20000050       0x43 ./Middlewares/ST/STM32_USB_Device_Library/Class/CDC/Src/usbd_cdc.o
                0x20000050                USBD_CDC_CfgFSDesc
 *fill*         0x20000093        0x1 
 .data.USBD_CDC_CfgHSDesc
                0x20000094       0x43 ./Middlewares/ST/STM32_USB_Device_Library/Class/CDC/Src/usbd_cdc.o
                0x20000094                USBD_CDC_CfgHSDesc
 *fill*         0x200000d7        0x1 
 .data.USBD_CDC
                0x200000d8       0x38 ./Middlewares/ST/STM32_USB_Device_Library/Class/CDC/Src/usbd_cdc.o
                0x200000d8                USBD_CDC
 .data.USBD_CDC_DeviceQualifierDesc
                0x20000110        0xa ./Middlewares/ST/STM32_USB_Device_Library/Class/CDC/Src/usbd_cdc.o
 *fill*         0x2000011a        0x2 
 .data.USBD_Interface_fops_FS
                0x2000011c       0x10 ./USB_DEVICE/App/usbd_cdc_if.o
                0x2000011c                USBD_Interface_fops_FS
 .data.USBD_StringSerial
                0x2000012c       0x1a ./USB_DEVICE/App/usbd_desc.o
                0x2000012c                USBD_StringSerial
 *fill*         0x20000146        0x2 
 .data.USBD_LangIDDesc
                0x20000148        0x4 ./USB_DEVICE/App/usbd_desc.o
                0x20000148                USBD_LangIDDesc
 .data.USBD_FS_DeviceDesc
                0x2000014c       0x12 ./USB_DEVICE/App/usbd_desc.o
                0x2000014c                USBD_FS_DeviceDesc
 *fill*         0x2000015e        0x2 
 .data.FS_Desc  0x20000160       0x1c ./USB_DEVICE/App/usbd_desc.o
                0x20000160                FS_Desc
 *(.RamFunc)
 *(.RamFunc*)
                0x2000017c                        . = ALIGN (0x4)
                0x2000017c                        _edata = .

.igot.plt       0x2000017c        0x0 load address 0x08006c1c
 .igot.plt      0x2000017c        0x0 /opt/st/stm32cubeide_1.19.0/plugins/com.st.stm32cube.ide.mcu.externaltools.gnu-tools-for-stm32.13.3.rel1.linux64_1.0.0.202410170706/tools/bin/../lib/gcc/arm-none-eabi/13.3.1/thumb/v6-m/nofp/crtbegin.o
                0x2000017c                        . = ALIGN (0x4)

.bss            0x20000180     0x2574 load address 0x08006c1c
                0x20000180                        _sbss = .
                0x20000180                        __bss_start__ = _sbss
 *(.bss)
 .bss           0x20000180       0x1c /opt/st/stm32cubeide_1.19.0/plugins/com.st.stm32cube.ide.mcu.externaltools.gnu-tools-for-stm32.13.3.rel1.linux64_1.0.0.202410170706/tools/bin/../lib/gcc/arm-none-eabi/13.3.1/thumb/v6-m/nofp/crtbegin.o
 *(.bss*)
 .bss.ADC_values
                0x2000019c        0x4 ./Core/Src/FAC_Code/fac_adc.o
 .bss.adc       0x200001a0        0x8 ./Core/Src/FAC_Code/fac_adc.o
 .bss.time.0    0x200001a8        0x4 ./Core/Src/FAC_Code/fac_app.o
 .bss.newComSerialReceived
                0x200001ac        0x1 ./Core/Src/FAC_Code/fac_app.o
                0x200001ac                newComSerialReceived
 *fill*         0x200001ad        0x3 
 .bss.battery   0x200001b0        0xa ./Core/Src/FAC_Code/fac_battery.o
 *fill*         0x200001ba        0x2 
 .bss.motors    0x200001bc        0xc ./Core/Src/FAC_Code/fac_motors.o
 .bss.motor3    0x200001c8        0xa ./Core/Src/FAC_Code/fac_motors.o
 *fill*         0x200001d2        0x2 
 .bss.motor2    0x200001d4        0xa ./Core/Src/FAC_Code/fac_motors.o
 *fill*         0x200001de        0x2 
 .bss.motor1    0x200001e0        0xa ./Core/Src/FAC_Code/fac_motors.o
 *fill*         0x200001ea        0x2 
 .bss.ppmReceiver
                0x200001ec       0x18 ./Core/Src/FAC_Code/fac_ppm_receiver.o
 *fill*         0x20000204        0x4 
 .bss.pwmReceiver
                0x20000208       0x20 ./Core/Src/FAC_Code/fac_pwm_receiver.o
 .bss.servos    0x20000228        0x8 ./Core/Src/FAC_Code/fac_servo.o
 .bss.servo2    0x20000230        0xc ./Core/Src/FAC_Code/fac_servo.o
 .bss.servo1    0x2000023c        0xc ./Core/Src/FAC_Code/fac_servo.o
 .bss.comSerialBuffer
                0x20000248       0x40 ./Core/Src/FAC_Code/fac_settings.o
                0x20000248                comSerialBuffer
 .bss.receiver  0x20000288       0x12 ./Core/Src/FAC_Code/fac_std_receiver.o
                0x20000288                receiver
 *fill*         0x2000029a        0x2 
 .bss.dataA     0x2000029c      0xfa0 ./Core/Src/Libraries/DMApwm.o
 .bss.hdma_adc  0x2000123c       0x44 ./Core/Src/adc.o
                0x2000123c                hdma_adc
 .bss.hadc      0x20001280       0x40 ./Core/Src/adc.o
                0x20001280                hadc
 .bss.hi2c1     0x200012c0       0x54 ./Core/Src/i2c.o
                0x200012c0                hi2c1
 .bss.chs       0x20001314       0x10 ./Core/Src/main.o
                0x20001314                chs
 .bss.hspi2     0x20001324       0x64 ./Core/Src/spi.o
                0x20001324                hspi2
 .bss.hdma_tim1_up
                0x20001388       0x44 ./Core/Src/tim.o
                0x20001388                hdma_tim1_up
 .bss.htim3     0x200013cc       0x48 ./Core/Src/tim.o
                0x200013cc                htim3
 .bss.htim2     0x20001414       0x48 ./Core/Src/tim.o
                0x20001414                htim2
 .bss.htim1     0x2000145c       0x48 ./Core/Src/tim.o
                0x2000145c                htim1
 .bss.huart1    0x200014a4       0x88 ./Core/Src/usart.o
                0x200014a4                huart1
 .bss.uwTick    0x2000152c        0x4 ./Drivers/STM32F0xx_HAL_Driver/Src/stm32f0xx_hal.o
                0x2000152c                uwTick
 .bss.cfgidx.0  0x20001530        0x1 ./Middlewares/ST/STM32_USB_Device_Library/Core/Src/usbd_ctlreq.o
 *fill*         0x20001531        0x3 
 .bss.hUsbDeviceFS
                0x20001534      0x2c4 ./USB_DEVICE/App/usb_device.o
                0x20001534                hUsbDeviceFS
 .bss.UserTxBufferFS
                0x200017f8      0x400 ./USB_DEVICE/App/usbd_cdc_if.o
                0x200017f8                UserTxBufferFS
 .bss.UserRxBufferFS
                0x20001bf8      0x400 ./USB_DEVICE/App/usbd_cdc_if.o
                0x20001bf8                UserRxBufferFS
 .bss.USBD_StrDesc
                0x20001ff8      0x200 ./USB_DEVICE/App/usbd_desc.o
                0x20001ff8                USBD_StrDesc
 .bss.mem.0     0x200021f8      0x220 ./USB_DEVICE/Target/usbd_conf.o
 .bss.hpcd_USB_FS
                0x20002418      0x2dc ./USB_DEVICE/Target/usbd_conf.o
                0x20002418                hpcd_USB_FS
 *(COMMON)
                0x200026f4                        . = ALIGN (0x4)
                0x200026f4                        _ebss = .
                0x200026f4                        __bss_end__ = _ebss

._user_heap_stack
                0x200026f4      0x604 load address 0x08006c1c
                0x200026f8                        . = ALIGN (0x8)
 *fill*         0x200026f4        0x4 
                [!provide]                        PROVIDE (end = .)
                0x200026f8                        PROVIDE (_end = .)
                0x200028f8                        . = (. + _Min_Heap_Size)
 *fill*         0x200026f8      0x200 
                0x20002cf8                        . = (. + _Min_Stack_Size)
 *fill*         0x200028f8      0x400 
                0x20002cf8                        . = ALIGN (0x8)

/DISCARD/
 libc.a(*)
 libm.a(*)
 libgcc.a(*)

.ARM.attributes
                0x00000000       0x28
 *(.ARM.attributes)
 .ARM.attributes
                0x00000000       0x1e /opt/st/stm32cubeide_1.19.0/plugins/com.st.stm32cube.ide.mcu.externaltools.gnu-tools-for-stm32.13.3.rel1.linux64_1.0.0.202410170706/tools/bin/../lib/gcc/arm-none-eabi/13.3.1/thumb/v6-m/nofp/crti.o
 .ARM.attributes
                0x0000001e       0x2c /opt/st/stm32cubeide_1.19.0/plugins/com.st.stm32cube.ide.mcu.externaltools.gnu-tools-for-stm32.13.3.rel1.linux64_1.0.0.202410170706/tools/bin/../lib/gcc/arm-none-eabi/13.3.1/thumb/v6-m/nofp/crtbegin.o
 .ARM.attributes
                0x0000004a       0x28 ./Core/Src/FAC_Code/fac_adc.o
 .ARM.attributes
                0x00000072       0x28 ./Core/Src/FAC_Code/fac_app.o
 .ARM.attributes
                0x0000009a       0x28 ./Core/Src/FAC_Code/fac_battery.o
 .ARM.attributes
                0x000000c2       0x28 ./Core/Src/FAC_Code/fac_motors.o
 .ARM.attributes
                0x000000ea       0x28 ./Core/Src/FAC_Code/fac_ppm_receiver.o
 .ARM.attributes
                0x00000112       0x28 ./Core/Src/FAC_Code/fac_pwm_receiver.o
 .ARM.attributes
                0x0000013a       0x28 ./Core/Src/FAC_Code/fac_servo.o
 .ARM.attributes
                0x00000162       0x28 ./Core/Src/FAC_Code/fac_settings.o
 .ARM.attributes
                0x0000018a       0x28 ./Core/Src/FAC_Code/fac_std_receiver.o
 .ARM.attributes
                0x000001b2       0x28 ./Core/Src/Libraries/DMApwm.o
 .ARM.attributes
                0x000001da       0x28 ./Core/Src/adc.o
 .ARM.attributes
                0x00000202       0x28 ./Core/Src/dma.o
 .ARM.attributes
                0x0000022a       0x28 ./Core/Src/gpio.o
 .ARM.attributes
                0x00000252       0x28 ./Core/Src/i2c.o
 .ARM.attributes
                0x0000027a       0x28 ./Core/Src/main.o
 .ARM.attributes
                0x000002a2       0x28 ./Core/Src/spi.o
 .ARM.attributes
                0x000002ca       0x28 ./Core/Src/stm32f0xx_hal_msp.o
 .ARM.attributes
                0x000002f2       0x28 ./Core/Src/stm32f0xx_it.o
 .ARM.attributes
                0x0000031a       0x28 ./Core/Src/system_stm32f0xx.o
 .ARM.attributes
                0x00000342       0x28 ./Core/Src/tim.o
 .ARM.attributes
                0x0000036a       0x28 ./Core/Src/usart.o
 .ARM.attributes
                0x00000392       0x21 ./Core/Startup/startup_stm32f072cbtx.o
 .ARM.attributes
                0x000003b3       0x28 ./Drivers/STM32F0xx_HAL_Driver/Src/stm32f0xx_hal.o
 .ARM.attributes
                0x000003db       0x28 ./Drivers/STM32F0xx_HAL_Driver/Src/stm32f0xx_hal_adc.o
 .ARM.attributes
                0x00000403       0x28 ./Drivers/STM32F0xx_HAL_Driver/Src/stm32f0xx_hal_adc_ex.o
 .ARM.attributes
                0x0000042b       0x28 ./Drivers/STM32F0xx_HAL_Driver/Src/stm32f0xx_hal_cortex.o
 .ARM.attributes
                0x00000453       0x28 ./Drivers/STM32F0xx_HAL_Driver/Src/stm32f0xx_hal_dma.o
 .ARM.attributes
                0x0000047b       0x28 ./Drivers/STM32F0xx_HAL_Driver/Src/stm32f0xx_hal_gpio.o
 .ARM.attributes
                0x000004a3       0x28 ./Drivers/STM32F0xx_HAL_Driver/Src/stm32f0xx_hal_i2c.o
 .ARM.attributes
                0x000004cb       0x28 ./Drivers/STM32F0xx_HAL_Driver/Src/stm32f0xx_hal_i2c_ex.o
 .ARM.attributes
                0x000004f3       0x28 ./Drivers/STM32F0xx_HAL_Driver/Src/stm32f0xx_hal_pcd.o
 .ARM.attributes
                0x0000051b       0x28 ./Drivers/STM32F0xx_HAL_Driver/Src/stm32f0xx_hal_pcd_ex.o
 .ARM.attributes
                0x00000543       0x28 ./Drivers/STM32F0xx_HAL_Driver/Src/stm32f0xx_hal_rcc.o
 .ARM.attributes
                0x0000056b       0x28 ./Drivers/STM32F0xx_HAL_Driver/Src/stm32f0xx_hal_rcc_ex.o
 .ARM.attributes
                0x00000593       0x28 ./Drivers/STM32F0xx_HAL_Driver/Src/stm32f0xx_hal_spi.o
 .ARM.attributes
                0x000005bb       0x28 ./Drivers/STM32F0xx_HAL_Driver/Src/stm32f0xx_hal_tim.o
 .ARM.attributes
                0x000005e3       0x28 ./Drivers/STM32F0xx_HAL_Driver/Src/stm32f0xx_hal_tim_ex.o
 .ARM.attributes
                0x0000060b       0x28 ./Drivers/STM32F0xx_HAL_Driver/Src/stm32f0xx_hal_uart.o
 .ARM.attributes
                0x00000633       0x28 ./Drivers/STM32F0xx_HAL_Driver/Src/stm32f0xx_ll_usb.o
 .ARM.attributes
                0x0000065b       0x28 ./Middlewares/ST/STM32_USB_Device_Library/Class/CDC/Src/usbd_cdc.o
 .ARM.attributes
                0x00000683       0x28 ./Middlewares/ST/STM32_USB_Device_Library/Core/Src/usbd_core.o
 .ARM.attributes
                0x000006ab       0x28 ./Middlewares/ST/STM32_USB_Device_Library/Core/Src/usbd_ctlreq.o
 .ARM.attributes
                0x000006d3       0x28 ./Middlewares/ST/STM32_USB_Device_Library/Core/Src/usbd_ioreq.o
 .ARM.attributes
                0x000006fb       0x28 ./USB_DEVICE/App/usb_device.o
 .ARM.attributes
                0x00000723       0x28 ./USB_DEVICE/App/usbd_cdc_if.o
 .ARM.attributes
                0x0000074b       0x28 ./USB_DEVICE/App/usbd_desc.o
 .ARM.attributes
                0x00000773       0x28 ./USB_DEVICE/Target/usbd_conf.o
 .ARM.attributes
                0x0000079b       0x2c /opt/st/stm32cubeide_1.19.0/plugins/com.st.stm32cube.ide.mcu.externaltools.gnu-tools-for-stm32.13.3.rel1.linux64_1.0.0.202410170706/tools/bin/../lib/gcc/arm-none-eabi/13.3.1/../../../../arm-none-eabi/lib/thumb/v6-m/nofp/libc_nano.a(libc_a-memset.o)
 .ARM.attributes
                0x000007c7       0x2c /opt/st/stm32cubeide_1.19.0/plugins/com.st.stm32cube.ide.mcu.externaltools.gnu-tools-for-stm32.13.3.rel1.linux64_1.0.0.202410170706/tools/bin/../lib/gcc/arm-none-eabi/13.3.1/../../../../arm-none-eabi/lib/thumb/v6-m/nofp/libc_nano.a(libc_a-init.o)
 .ARM.attributes
                0x000007f3       0x2c /opt/st/stm32cubeide_1.19.0/plugins/com.st.stm32cube.ide.mcu.externaltools.gnu-tools-for-stm32.13.3.rel1.linux64_1.0.0.202410170706/tools/bin/../lib/gcc/arm-none-eabi/13.3.1/../../../../arm-none-eabi/lib/thumb/v6-m/nofp/libc_nano.a(libc_a-memcpy-stub.o)
 .ARM.attributes
                0x0000081f       0x1c /opt/st/stm32cubeide_1.19.0/plugins/com.st.stm32cube.ide.mcu.externaltools.gnu-tools-for-stm32.13.3.rel1.linux64_1.0.0.202410170706/tools/bin/../lib/gcc/arm-none-eabi/13.3.1/../../../../arm-none-eabi/lib/thumb/v6-m/nofp/libc_nano.a(libc_a-strlen.o)
 .ARM.attributes
                0x0000083b       0x1e /opt/st/stm32cubeide_1.19.0/plugins/com.st.stm32cube.ide.mcu.externaltools.gnu-tools-for-stm32.13.3.rel1.linux64_1.0.0.202410170706/tools/bin/../lib/gcc/arm-none-eabi/13.3.1/thumb/v6-m/nofp/libgcc.a(_udivsi3.o)
 .ARM.attributes
                0x00000859       0x1e /opt/st/stm32cubeide_1.19.0/plugins/com.st.stm32cube.ide.mcu.externaltools.gnu-tools-for-stm32.13.3.rel1.linux64_1.0.0.202410170706/tools/bin/../lib/gcc/arm-none-eabi/13.3.1/thumb/v6-m/nofp/libgcc.a(_divsi3.o)
 .ARM.attributes
                0x00000877       0x1e /opt/st/stm32cubeide_1.19.0/plugins/com.st.stm32cube.ide.mcu.externaltools.gnu-tools-for-stm32.13.3.rel1.linux64_1.0.0.202410170706/tools/bin/../lib/gcc/arm-none-eabi/13.3.1/thumb/v6-m/nofp/libgcc.a(_dvmd_tls.o)
 .ARM.attributes
                0x00000895       0x1e /opt/st/stm32cubeide_1.19.0/plugins/com.st.stm32cube.ide.mcu.externaltools.gnu-tools-for-stm32.13.3.rel1.linux64_1.0.0.202410170706/tools/bin/../lib/gcc/arm-none-eabi/13.3.1/thumb/v6-m/nofp/libgcc.a(_aeabi_uldivmod.o)
 .ARM.attributes
                0x000008b3       0x2c /opt/st/stm32cubeide_1.19.0/plugins/com.st.stm32cube.ide.mcu.externaltools.gnu-tools-for-stm32.13.3.rel1.linux64_1.0.0.202410170706/tools/bin/../lib/gcc/arm-none-eabi/13.3.1/thumb/v6-m/nofp/libgcc.a(_muldi3.o)
 .ARM.attributes
                0x000008df       0x2c /opt/st/stm32cubeide_1.19.0/plugins/com.st.stm32cube.ide.mcu.externaltools.gnu-tools-for-stm32.13.3.rel1.linux64_1.0.0.202410170706/tools/bin/../lib/gcc/arm-none-eabi/13.3.1/thumb/v6-m/nofp/libgcc.a(_udivmoddi4.o)
 .ARM.attributes
                0x0000090b       0x1e /opt/st/stm32cubeide_1.19.0/plugins/com.st.stm32cube.ide.mcu.externaltools.gnu-tools-for-stm32.13.3.rel1.linux64_1.0.0.202410170706/tools/bin/../lib/gcc/arm-none-eabi/13.3.1/thumb/v6-m/nofp/libgcc.a(_clzsi2.o)
 .ARM.attributes
                0x00000929       0x1e /opt/st/stm32cubeide_1.19.0/plugins/com.st.stm32cube.ide.mcu.externaltools.gnu-tools-for-stm32.13.3.rel1.linux64_1.0.0.202410170706/tools/bin/../lib/gcc/arm-none-eabi/13.3.1/thumb/v6-m/nofp/libgcc.a(_clzdi2.o)
 .ARM.attributes
                0x00000947       0x1e /opt/st/stm32cubeide_1.19.0/plugins/com.st.stm32cube.ide.mcu.externaltools.gnu-tools-for-stm32.13.3.rel1.linux64_1.0.0.202410170706/tools/bin/../lib/gcc/arm-none-eabi/13.3.1/thumb/v6-m/nofp/crtn.o
OUTPUT(FAC Firmware V2.elf elf32-littlearm)
LOAD linker stubs
LOAD /opt/st/stm32cubeide_1.19.0/plugins/com.st.stm32cube.ide.mcu.externaltools.gnu-tools-for-stm32.13.3.rel1.linux64_1.0.0.202410170706/tools/bin/../lib/gcc/arm-none-eabi/13.3.1/../../../../arm-none-eabi/lib/thumb/v6-m/nofp/libc.a
LOAD /opt/st/stm32cubeide_1.19.0/plugins/com.st.stm32cube.ide.mcu.externaltools.gnu-tools-for-stm32.13.3.rel1.linux64_1.0.0.202410170706/tools/bin/../lib/gcc/arm-none-eabi/13.3.1/../../../../arm-none-eabi/lib/thumb/v6-m/nofp/libm.a
LOAD /opt/st/stm32cubeide_1.19.0/plugins/com.st.stm32cube.ide.mcu.externaltools.gnu-tools-for-stm32.13.3.rel1.linux64_1.0.0.202410170706/tools/bin/../lib/gcc/arm-none-eabi/13.3.1/thumb/v6-m/nofp/libgcc.a

.debug_info     0x00000000    0x30b83
 .debug_info    0x00000000      0x6ca ./Core/Src/FAC_Code/fac_adc.o
 .debug_info    0x000006ca      0x50d ./Core/Src/FAC_Code/fac_app.o
 .debug_info    0x00000bd7      0x6c5 ./Core/Src/FAC_Code/fac_battery.o
 .debug_info    0x0000129c      0xe26 ./Core/Src/FAC_Code/fac_motors.o
 .debug_info    0x000020c2      0x9df ./Core/Src/FAC_Code/fac_ppm_receiver.o
 .debug_info    0x00002aa1      0x81e ./Core/Src/FAC_Code/fac_pwm_receiver.o
 .debug_info    0x000032bf      0xdc2 ./Core/Src/FAC_Code/fac_servo.o
 .debug_info    0x00004081      0x4da ./Core/Src/FAC_Code/fac_settings.o
 .debug_info    0x0000455b      0x494 ./Core/Src/FAC_Code/fac_std_receiver.o
 .debug_info    0x000049ef      0x90b ./Core/Src/Libraries/DMApwm.o
 .debug_info    0x000052fa      0x990 ./Core/Src/adc.o
 .debug_info    0x00005c8a      0x2ff ./Core/Src/dma.o
 .debug_info    0x00005f89      0x5e4 ./Core/Src/gpio.o
 .debug_info    0x0000656d      0x9da ./Core/Src/i2c.o
 .debug_info    0x00006f47      0x7b2 ./Core/Src/main.o
 .debug_info    0x000076f9      0x8e2 ./Core/Src/spi.o
 .debug_info    0x00007fdb      0x191 ./Core/Src/stm32f0xx_hal_msp.o
 .debug_info    0x0000816c      0x8de ./Core/Src/stm32f0xx_it.o
 .debug_info    0x00008a4a      0x271 ./Core/Src/system_stm32f0xx.o
 .debug_info    0x00008cbb      0xfa9 ./Core/Src/tim.o
 .debug_info    0x00009c64      0x9ac ./Core/Src/usart.o
 .debug_info    0x0000a610       0x30 ./Core/Startup/startup_stm32f072cbtx.o
 .debug_info    0x0000a640      0x7a6 ./Drivers/STM32F0xx_HAL_Driver/Src/stm32f0xx_hal.o
 .debug_info    0x0000ade6      0xf84 ./Drivers/STM32F0xx_HAL_Driver/Src/stm32f0xx_hal_adc.o
 .debug_info    0x0000bd6a      0x597 ./Drivers/STM32F0xx_HAL_Driver/Src/stm32f0xx_hal_adc_ex.o
 .debug_info    0x0000c301      0x82e ./Drivers/STM32F0xx_HAL_Driver/Src/stm32f0xx_hal_cortex.o
 .debug_info    0x0000cb2f      0x8a5 ./Drivers/STM32F0xx_HAL_Driver/Src/stm32f0xx_hal_dma.o
 .debug_info    0x0000d3d4      0x5e0 ./Drivers/STM32F0xx_HAL_Driver/Src/stm32f0xx_hal_gpio.o
 .debug_info    0x0000d9b4     0x6766 ./Drivers/STM32F0xx_HAL_Driver/Src/stm32f0xx_hal_i2c.o
 .debug_info    0x0001411a      0x83d ./Drivers/STM32F0xx_HAL_Driver/Src/stm32f0xx_hal_i2c_ex.o
 .debug_info    0x00014957     0x1dc8 ./Drivers/STM32F0xx_HAL_Driver/Src/stm32f0xx_hal_pcd.o
 .debug_info    0x0001671f      0x9b1 ./Drivers/STM32F0xx_HAL_Driver/Src/stm32f0xx_hal_pcd_ex.o
 .debug_info    0x000170d0      0xaf8 ./Drivers/STM32F0xx_HAL_Driver/Src/stm32f0xx_hal_rcc.o
 .debug_info    0x00017bc8      0x6ec ./Drivers/STM32F0xx_HAL_Driver/Src/stm32f0xx_hal_rcc_ex.o
 .debug_info    0x000182b4     0x2ea8 ./Drivers/STM32F0xx_HAL_Driver/Src/stm32f0xx_hal_spi.o
 .debug_info    0x0001b15c     0x4c38 ./Drivers/STM32F0xx_HAL_Driver/Src/stm32f0xx_hal_tim.o
 .debug_info    0x0001fd94     0x1b4c ./Drivers/STM32F0xx_HAL_Driver/Src/stm32f0xx_hal_tim_ex.o
 .debug_info    0x000218e0     0x6834 ./Drivers/STM32F0xx_HAL_Driver/Src/stm32f0xx_hal_uart.o
 .debug_info    0x00028114     0x1c8e ./Drivers/STM32F0xx_HAL_Driver/Src/stm32f0xx_ll_usb.o
 .debug_info    0x00029da2     0x13e2 ./Middlewares/ST/STM32_USB_Device_Library/Class/CDC/Src/usbd_cdc.o
 .debug_info    0x0002b184      0xe00 ./Middlewares/ST/STM32_USB_Device_Library/Core/Src/usbd_core.o
 .debug_info    0x0002bf84      0xeac ./Middlewares/ST/STM32_USB_Device_Library/Core/Src/usbd_ctlreq.o
 .debug_info    0x0002ce30      0x838 ./Middlewares/ST/STM32_USB_Device_Library/Core/Src/usbd_ioreq.o
 .debug_info    0x0002d668      0x6f3 ./USB_DEVICE/App/usb_device.o
 .debug_info    0x0002dd5b      0x9b8 ./USB_DEVICE/App/usbd_cdc_if.o
 .debug_info    0x0002e713      0x65f ./USB_DEVICE/App/usbd_desc.o
 .debug_info    0x0002ed72     0x1e11 ./USB_DEVICE/Target/usbd_conf.o

.debug_abbrev   0x00000000     0x7615
 .debug_abbrev  0x00000000      0x23d ./Core/Src/FAC_Code/fac_adc.o
 .debug_abbrev  0x0000023d      0x1ce ./Core/Src/FAC_Code/fac_app.o
 .debug_abbrev  0x0000040b      0x23f ./Core/Src/FAC_Code/fac_battery.o
 .debug_abbrev  0x0000064a      0x344 ./Core/Src/FAC_Code/fac_motors.o
 .debug_abbrev  0x0000098e      0x254 ./Core/Src/FAC_Code/fac_ppm_receiver.o
 .debug_abbrev  0x00000be2      0x25d ./Core/Src/FAC_Code/fac_pwm_receiver.o
 .debug_abbrev  0x00000e3f      0x33f ./Core/Src/FAC_Code/fac_servo.o
 .debug_abbrev  0x0000117e      0x1ab ./Core/Src/FAC_Code/fac_settings.o
 .debug_abbrev  0x00001329      0x287 ./Core/Src/FAC_Code/fac_std_receiver.o
 .debug_abbrev  0x000015b0      0x2b5 ./Core/Src/Libraries/DMApwm.o
 .debug_abbrev  0x00001865      0x211 ./Core/Src/adc.o
 .debug_abbrev  0x00001a76      0x119 ./Core/Src/dma.o
 .debug_abbrev  0x00001b8f      0x199 ./Core/Src/gpio.o
 .debug_abbrev  0x00001d28      0x236 ./Core/Src/i2c.o
 .debug_abbrev  0x00001f5e      0x2e2 ./Core/Src/main.o
 .debug_abbrev  0x00002240      0x208 ./Core/Src/spi.o
 .debug_abbrev  0x00002448       0xc2 ./Core/Src/stm32f0xx_hal_msp.o
 .debug_abbrev  0x0000250a      0x20e ./Core/Src/stm32f0xx_it.o
 .debug_abbrev  0x00002718      0x138 ./Core/Src/system_stm32f0xx.o
 .debug_abbrev  0x00002850      0x30d ./Core/Src/tim.o
 .debug_abbrev  0x00002b5d      0x20c ./Core/Src/usart.o
 .debug_abbrev  0x00002d69       0x24 ./Core/Startup/startup_stm32f072cbtx.o
 .debug_abbrev  0x00002d8d      0x293 ./Drivers/STM32F0xx_HAL_Driver/Src/stm32f0xx_hal.o
 .debug_abbrev  0x00003020      0x31f ./Drivers/STM32F0xx_HAL_Driver/Src/stm32f0xx_hal_adc.o
 .debug_abbrev  0x0000333f      0x190 ./Drivers/STM32F0xx_HAL_Driver/Src/stm32f0xx_hal_adc_ex.o
 .debug_abbrev  0x000034cf      0x2bf ./Drivers/STM32F0xx_HAL_Driver/Src/stm32f0xx_hal_cortex.o
 .debug_abbrev  0x0000378e      0x265 ./Drivers/STM32F0xx_HAL_Driver/Src/stm32f0xx_hal_dma.o
 .debug_abbrev  0x000039f3      0x20c ./Drivers/STM32F0xx_HAL_Driver/Src/stm32f0xx_hal_gpio.o
 .debug_abbrev  0x00003bff      0x3f8 ./Drivers/STM32F0xx_HAL_Driver/Src/stm32f0xx_hal_i2c.o
 .debug_abbrev  0x00003ff7      0x1c7 ./Drivers/STM32F0xx_HAL_Driver/Src/stm32f0xx_hal_i2c_ex.o
 .debug_abbrev  0x000041be      0x3ba ./Drivers/STM32F0xx_HAL_Driver/Src/stm32f0xx_hal_pcd.o
 .debug_abbrev  0x00004578      0x315 ./Drivers/STM32F0xx_HAL_Driver/Src/stm32f0xx_hal_pcd_ex.o
 .debug_abbrev  0x0000488d      0x326 ./Drivers/STM32F0xx_HAL_Driver/Src/stm32f0xx_hal_rcc.o
 .debug_abbrev  0x00004bb3      0x20d ./Drivers/STM32F0xx_HAL_Driver/Src/stm32f0xx_hal_rcc_ex.o
 .debug_abbrev  0x00004dc0      0x3cc ./Drivers/STM32F0xx_HAL_Driver/Src/stm32f0xx_hal_spi.o
 .debug_abbrev  0x0000518c      0x39d ./Drivers/STM32F0xx_HAL_Driver/Src/stm32f0xx_hal_tim.o
 .debug_abbrev  0x00005529      0x3a8 ./Drivers/STM32F0xx_HAL_Driver/Src/stm32f0xx_hal_tim_ex.o
 .debug_abbrev  0x000058d1      0x410 ./Drivers/STM32F0xx_HAL_Driver/Src/stm32f0xx_hal_uart.o
 .debug_abbrev  0x00005ce1      0x345 ./Drivers/STM32F0xx_HAL_Driver/Src/stm32f0xx_ll_usb.o
 .debug_abbrev  0x00006026      0x31e ./Middlewares/ST/STM32_USB_Device_Library/Class/CDC/Src/usbd_cdc.o
 .debug_abbrev  0x00006344      0x2f2 ./Middlewares/ST/STM32_USB_Device_Library/Core/Src/usbd_core.o
 .debug_abbrev  0x00006636      0x3a1 ./Middlewares/ST/STM32_USB_Device_Library/Core/Src/usbd_ctlreq.o
 .debug_abbrev  0x000069d7      0x1aa ./Middlewares/ST/STM32_USB_Device_Library/Core/Src/usbd_ioreq.o
 .debug_abbrev  0x00006b81      0x1aa ./USB_DEVICE/App/usb_device.o
 .debug_abbrev  0x00006d2b      0x296 ./USB_DEVICE/App/usbd_cdc_if.o
 .debug_abbrev  0x00006fc1      0x2b1 ./USB_DEVICE/App/usbd_desc.o
 .debug_abbrev  0x00007272      0x3a3 ./USB_DEVICE/Target/usbd_conf.o

.debug_loclists
                0x00000000    0x1d358
 .debug_loclists
                0x00000000       0x3e ./Core/Src/FAC_Code/fac_adc.o
 .debug_loclists
                0x0000003e      0x351 ./Core/Src/FAC_Code/fac_app.o
 .debug_loclists
                0x0000038f      0x2f7 ./Core/Src/FAC_Code/fac_battery.o
 .debug_loclists
                0x00000686      0xa16 ./Core/Src/FAC_Code/fac_motors.o
 .debug_loclists
                0x0000109c      0x54e ./Core/Src/FAC_Code/fac_ppm_receiver.o
 .debug_loclists
                0x000015ea      0x1b5 ./Core/Src/FAC_Code/fac_pwm_receiver.o
 .debug_loclists
                0x0000179f      0x403 ./Core/Src/FAC_Code/fac_servo.o
 .debug_loclists
                0x00001ba2       0x8e ./Core/Src/FAC_Code/fac_settings.o
 .debug_loclists
                0x00001c30      0x17b ./Core/Src/FAC_Code/fac_std_receiver.o
 .debug_loclists
                0x00001dab       0xcd ./Core/Src/Libraries/DMApwm.o
 .debug_loclists
                0x00001e78       0x6a ./Core/Src/adc.o
 .debug_loclists
                0x00001ee2       0x7b ./Core/Src/i2c.o
 .debug_loclists
                0x00001f5d       0x2c ./Core/Src/main.o
 .debug_loclists
                0x00001f89       0x6b ./Core/Src/spi.o
 .debug_loclists
                0x00001ff4       0xbd ./Core/Src/system_stm32f0xx.o
 .debug_loclists
                0x000020b1       0xbc ./Core/Src/tim.o
 .debug_loclists
                0x0000216d       0x6b ./Core/Src/usart.o
 .debug_loclists
                0x000021d8       0xd8 ./Drivers/STM32F0xx_HAL_Driver/Src/stm32f0xx_hal.o
 .debug_loclists
                0x000022b0      0x957 ./Drivers/STM32F0xx_HAL_Driver/Src/stm32f0xx_hal_adc.o
 .debug_loclists
                0x00002c07       0xf7 ./Drivers/STM32F0xx_HAL_Driver/Src/stm32f0xx_hal_adc_ex.o
 .debug_loclists
                0x00002cfe      0x245 ./Drivers/STM32F0xx_HAL_Driver/Src/stm32f0xx_hal_cortex.o
 .debug_loclists
                0x00002f43      0x6b9 ./Drivers/STM32F0xx_HAL_Driver/Src/stm32f0xx_hal_dma.o
 .debug_loclists
                0x000035fc      0x5e2 ./Drivers/STM32F0xx_HAL_Driver/Src/stm32f0xx_hal_gpio.o
 .debug_loclists
                0x00003bde     0x72a7 ./Drivers/STM32F0xx_HAL_Driver/Src/stm32f0xx_hal_i2c.o
 .debug_loclists
                0x0000ae85      0x153 ./Drivers/STM32F0xx_HAL_Driver/Src/stm32f0xx_hal_i2c_ex.o
 .debug_loclists
                0x0000afd8     0x129f ./Drivers/STM32F0xx_HAL_Driver/Src/stm32f0xx_hal_pcd.o
 .debug_loclists
                0x0000c277      0x1cf ./Drivers/STM32F0xx_HAL_Driver/Src/stm32f0xx_hal_pcd_ex.o
 .debug_loclists
                0x0000c446      0x4b5 ./Drivers/STM32F0xx_HAL_Driver/Src/stm32f0xx_hal_rcc.o
 .debug_loclists
                0x0000c8fb      0x561 ./Drivers/STM32F0xx_HAL_Driver/Src/stm32f0xx_hal_rcc_ex.o
 .debug_loclists
                0x0000ce5c     0x2b32 ./Drivers/STM32F0xx_HAL_Driver/Src/stm32f0xx_hal_spi.o
 .debug_loclists
                0x0000f98e     0x53c8 ./Drivers/STM32F0xx_HAL_Driver/Src/stm32f0xx_hal_tim.o
 .debug_loclists
                0x00014d56     0x11d1 ./Drivers/STM32F0xx_HAL_Driver/Src/stm32f0xx_hal_tim_ex.o
 .debug_loclists
                0x00015f27     0x3651 ./Drivers/STM32F0xx_HAL_Driver/Src/stm32f0xx_hal_uart.o
 .debug_loclists
                0x00019578     0x185a ./Drivers/STM32F0xx_HAL_Driver/Src/stm32f0xx_ll_usb.o
 .debug_loclists
                0x0001add2      0x4e9 ./Middlewares/ST/STM32_USB_Device_Library/Class/CDC/Src/usbd_cdc.o
 .debug_loclists
                0x0001b2bb      0x638 ./Middlewares/ST/STM32_USB_Device_Library/Core/Src/usbd_core.o
 .debug_loclists
                0x0001b8f3      0x7c2 ./Middlewares/ST/STM32_USB_Device_Library/Core/Src/usbd_ctlreq.o
 .debug_loclists
                0x0001c0b5      0x214 ./Middlewares/ST/STM32_USB_Device_Library/Core/Src/usbd_ioreq.o
 .debug_loclists
                0x0001c2c9      0x101 ./USB_DEVICE/App/usbd_cdc_if.o
 .debug_loclists
                0x0001c3ca      0x4f0 ./USB_DEVICE/App/usbd_desc.o
 .debug_loclists
                0x0001c8ba      0xa9e ./USB_DEVICE/Target/usbd_conf.o

.debug_aranges  0x00000000     0x1a30
 .debug_aranges
                0x00000000       0x38 ./Core/Src/FAC_Code/fac_adc.o
 .debug_aranges
                0x00000038       0x40 ./Core/Src/FAC_Code/fac_app.o
 .debug_aranges
                0x00000078       0x38 ./Core/Src/FAC_Code/fac_battery.o
 .debug_aranges
                0x000000b0       0x78 ./Core/Src/FAC_Code/fac_motors.o
 .debug_aranges
                0x00000128       0x30 ./Core/Src/FAC_Code/fac_ppm_receiver.o
 .debug_aranges
                0x00000158       0x30 ./Core/Src/FAC_Code/fac_pwm_receiver.o
 .debug_aranges
                0x00000188       0x60 ./Core/Src/FAC_Code/fac_servo.o
 .debug_aranges
                0x000001e8       0x40 ./Core/Src/FAC_Code/fac_settings.o
 .debug_aranges
                0x00000228       0x38 ./Core/Src/FAC_Code/fac_std_receiver.o
 .debug_aranges
                0x00000260       0x28 ./Core/Src/Libraries/DMApwm.o
 .debug_aranges
                0x00000288       0x30 ./Core/Src/adc.o
 .debug_aranges
                0x000002b8       0x20 ./Core/Src/dma.o
 .debug_aranges
                0x000002d8       0x20 ./Core/Src/gpio.o
 .debug_aranges
                0x000002f8       0x30 ./Core/Src/i2c.o
 .debug_aranges
                0x00000328       0x30 ./Core/Src/main.o
 .debug_aranges
                0x00000358       0x30 ./Core/Src/spi.o
 .debug_aranges
                0x00000388       0x20 ./Core/Src/stm32f0xx_hal_msp.o
 .debug_aranges
                0x000003a8       0x68 ./Core/Src/stm32f0xx_it.o
 .debug_aranges
                0x00000410       0x28 ./Core/Src/system_stm32f0xx.o
 .debug_aranges
                0x00000438       0x48 ./Core/Src/tim.o
 .debug_aranges
                0x00000480       0x30 ./Core/Src/usart.o
 .debug_aranges
                0x000004b0       0x28 ./Core/Startup/startup_stm32f072cbtx.o
 .debug_aranges
                0x000004d8       0xd0 ./Drivers/STM32F0xx_HAL_Driver/Src/stm32f0xx_hal.o
 .debug_aranges
                0x000005a8       0xf8 ./Drivers/STM32F0xx_HAL_Driver/Src/stm32f0xx_hal_adc.o
 .debug_aranges
                0x000006a0       0x20 ./Drivers/STM32F0xx_HAL_Driver/Src/stm32f0xx_hal_adc_ex.o
 .debug_aranges
                0x000006c0       0x78 ./Drivers/STM32F0xx_HAL_Driver/Src/stm32f0xx_hal_cortex.o
 .debug_aranges
                0x00000738       0x78 ./Drivers/STM32F0xx_HAL_Driver/Src/stm32f0xx_hal_dma.o
 .debug_aranges
                0x000007b0       0x58 ./Drivers/STM32F0xx_HAL_Driver/Src/stm32f0xx_hal_gpio.o
 .debug_aranges
                0x00000808      0x250 ./Drivers/STM32F0xx_HAL_Driver/Src/stm32f0xx_hal_i2c.o
 .debug_aranges
                0x00000a58       0x48 ./Drivers/STM32F0xx_HAL_Driver/Src/stm32f0xx_hal_i2c_ex.o
 .debug_aranges
                0x00000aa0      0x120 ./Drivers/STM32F0xx_HAL_Driver/Src/stm32f0xx_hal_pcd.o
 .debug_aranges
                0x00000bc0       0x58 ./Drivers/STM32F0xx_HAL_Driver/Src/stm32f0xx_hal_pcd_ex.o
 .debug_aranges
                0x00000c18       0x80 ./Drivers/STM32F0xx_HAL_Driver/Src/stm32f0xx_hal_rcc.o
 .debug_aranges
                0x00000c98       0x78 ./Drivers/STM32F0xx_HAL_Driver/Src/stm32f0xx_hal_rcc_ex.o
 .debug_aranges
                0x00000d10      0x1c0 ./Drivers/STM32F0xx_HAL_Driver/Src/stm32f0xx_hal_spi.o
 .debug_aranges
                0x00000ed0      0x388 ./Drivers/STM32F0xx_HAL_Driver/Src/stm32f0xx_hal_tim.o
 .debug_aranges
                0x00001258      0x160 ./Drivers/STM32F0xx_HAL_Driver/Src/stm32f0xx_hal_tim_ex.o
 .debug_aranges
                0x000013b8      0x218 ./Drivers/STM32F0xx_HAL_Driver/Src/stm32f0xx_hal_uart.o
 .debug_aranges
                0x000015d0       0xc8 ./Drivers/STM32F0xx_HAL_Driver/Src/stm32f0xx_ll_usb.o
 .debug_aranges
                0x00001698       0x90 ./Middlewares/ST/STM32_USB_Device_Library/Class/CDC/Src/usbd_cdc.o
 .debug_aranges
                0x00001728       0xb8 ./Middlewares/ST/STM32_USB_Device_Library/Core/Src/usbd_core.o
 .debug_aranges
                0x000017e0       0x48 ./Middlewares/ST/STM32_USB_Device_Library/Core/Src/usbd_ctlreq.o
 .debug_aranges
                0x00001828       0x50 ./Middlewares/ST/STM32_USB_Device_Library/Core/Src/usbd_ioreq.o
 .debug_aranges
                0x00001878       0x20 ./USB_DEVICE/App/usb_device.o
 .debug_aranges
                0x00001898       0x40 ./USB_DEVICE/App/usbd_cdc_if.o
 .debug_aranges
                0x000018d8       0x50 ./USB_DEVICE/App/usbd_desc.o
 .debug_aranges
                0x00001928      0x108 ./USB_DEVICE/Target/usbd_conf.o

.debug_rnglists
                0x00000000     0x2eaa
 .debug_rnglists
                0x00000000       0x25 ./Core/Src/FAC_Code/fac_adc.o
 .debug_rnglists
                0x00000025       0x2b ./Core/Src/FAC_Code/fac_app.o
 .debug_rnglists
                0x00000050       0xa9 ./Core/Src/FAC_Code/fac_battery.o
 .debug_rnglists
                0x000000f9      0x22f ./Core/Src/FAC_Code/fac_motors.o
 .debug_rnglists
                0x00000328       0xa0 ./Core/Src/FAC_Code/fac_ppm_receiver.o
 .debug_rnglists
                0x000003c8       0x38 ./Core/Src/FAC_Code/fac_pwm_receiver.o
 .debug_rnglists
                0x00000400      0x14f ./Core/Src/FAC_Code/fac_servo.o
 .debug_rnglists
                0x0000054f       0x2b ./Core/Src/FAC_Code/fac_settings.o
 .debug_rnglists
                0x0000057a       0x3d ./Core/Src/FAC_Code/fac_std_receiver.o
 .debug_rnglists
                0x000005b7       0x31 ./Core/Src/Libraries/DMApwm.o
 .debug_rnglists
                0x000005e8       0x42 ./Core/Src/adc.o
 .debug_rnglists
                0x0000062a       0x2b ./Core/Src/dma.o
 .debug_rnglists
                0x00000655       0x59 ./Core/Src/gpio.o
 .debug_rnglists
                0x000006ae       0x31 ./Core/Src/i2c.o
 .debug_rnglists
                0x000006df       0x2c ./Core/Src/main.o
 .debug_rnglists
                0x0000070b       0x3d ./Core/Src/spi.o
 .debug_rnglists
                0x00000748       0x2e ./Core/Src/stm32f0xx_hal_msp.o
 .debug_rnglists
                0x00000776       0x49 ./Core/Src/stm32f0xx_it.o
 .debug_rnglists
                0x000007bf       0x19 ./Core/Src/system_stm32f0xx.o
 .debug_rnglists
                0x000007d8       0x6d ./Core/Src/tim.o
 .debug_rnglists
                0x00000845       0x3d ./Core/Src/usart.o
 .debug_rnglists
                0x00000882       0x19 ./Core/Startup/startup_stm32f072cbtx.o
 .debug_rnglists
                0x0000089b       0x97 ./Drivers/STM32F0xx_HAL_Driver/Src/stm32f0xx_hal.o
 .debug_rnglists
                0x00000932       0xc0 ./Drivers/STM32F0xx_HAL_Driver/Src/stm32f0xx_hal_adc.o
 .debug_rnglists
                0x000009f2       0x14 ./Drivers/STM32F0xx_HAL_Driver/Src/stm32f0xx_hal_adc_ex.o
 .debug_rnglists
                0x00000a06       0x7f ./Drivers/STM32F0xx_HAL_Driver/Src/stm32f0xx_hal_cortex.o
 .debug_rnglists
                0x00000a85       0xa5 ./Drivers/STM32F0xx_HAL_Driver/Src/stm32f0xx_hal_dma.o
 .debug_rnglists
                0x00000b2a       0x75 ./Drivers/STM32F0xx_HAL_Driver/Src/stm32f0xx_hal_gpio.o
 .debug_rnglists
                0x00000b9f      0x87c ./Drivers/STM32F0xx_HAL_Driver/Src/stm32f0xx_hal_i2c.o
 .debug_rnglists
                0x0000141b       0x4f ./Drivers/STM32F0xx_HAL_Driver/Src/stm32f0xx_hal_i2c_ex.o
 .debug_rnglists
                0x0000146a      0x2b2 ./Drivers/STM32F0xx_HAL_Driver/Src/stm32f0xx_hal_pcd.o
 .debug_rnglists
                0x0000171c       0x3e ./Drivers/STM32F0xx_HAL_Driver/Src/stm32f0xx_hal_pcd_ex.o
 .debug_rnglists
                0x0000175a       0xb7 ./Drivers/STM32F0xx_HAL_Driver/Src/stm32f0xx_hal_rcc.o
 .debug_rnglists
                0x00001811       0x7d ./Drivers/STM32F0xx_HAL_Driver/Src/stm32f0xx_hal_rcc_ex.o
 .debug_rnglists
                0x0000188e      0x3aa ./Drivers/STM32F0xx_HAL_Driver/Src/stm32f0xx_hal_spi.o
 .debug_rnglists
                0x00001c38      0x6d9 ./Drivers/STM32F0xx_HAL_Driver/Src/stm32f0xx_hal_tim.o
 .debug_rnglists
                0x00002311      0x16d ./Drivers/STM32F0xx_HAL_Driver/Src/stm32f0xx_hal_tim_ex.o
 .debug_rnglists
                0x0000247e      0x3df ./Drivers/STM32F0xx_HAL_Driver/Src/stm32f0xx_hal_uart.o
 .debug_rnglists
                0x0000285d      0x2e6 ./Drivers/STM32F0xx_HAL_Driver/Src/stm32f0xx_ll_usb.o
 .debug_rnglists
                0x00002b43       0x69 ./Middlewares/ST/STM32_USB_Device_Library/Class/CDC/Src/usbd_cdc.o
 .debug_rnglists
                0x00002bac       0x87 ./Middlewares/ST/STM32_USB_Device_Library/Core/Src/usbd_core.o
 .debug_rnglists
                0x00002c33       0x92 ./Middlewares/ST/STM32_USB_Device_Library/Core/Src/usbd_ctlreq.o
 .debug_rnglists
                0x00002cc5       0x37 ./Middlewares/ST/STM32_USB_Device_Library/Core/Src/usbd_ioreq.o
 .debug_rnglists
                0x00002cfc       0x13 ./USB_DEVICE/App/usb_device.o
 .debug_rnglists
                0x00002d0f       0x2b ./USB_DEVICE/App/usbd_cdc_if.o
 .debug_rnglists
                0x00002d3a       0x9c ./USB_DEVICE/App/usbd_desc.o
 .debug_rnglists
                0x00002dd6       0xd4 ./USB_DEVICE/Target/usbd_conf.o

.debug_macro    0x00000000    0x20be1
 .debug_macro   0x00000000      0x237 ./Core/Src/FAC_Code/fac_adc.o
 .debug_macro   0x00000237      0xad2 ./Core/Src/FAC_Code/fac_adc.o
 .debug_macro   0x00000d09      0x145 ./Core/Src/FAC_Code/fac_adc.o
 .debug_macro   0x00000e4e       0x2e ./Core/Src/FAC_Code/fac_adc.o
 .debug_macro   0x00000e7c       0x22 ./Core/Src/FAC_Code/fac_adc.o
 .debug_macro   0x00000e9e       0x22 ./Core/Src/FAC_Code/fac_adc.o
 .debug_macro   0x00000ec0       0x8e ./Core/Src/FAC_Code/fac_adc.o
 .debug_macro   0x00000f4e       0x51 ./Core/Src/FAC_Code/fac_adc.o
 .debug_macro   0x00000f9f      0x103 ./Core/Src/FAC_Code/fac_adc.o
 .debug_macro   0x000010a2       0x6a ./Core/Src/FAC_Code/fac_adc.o
 .debug_macro   0x0000110c      0x1df ./Core/Src/FAC_Code/fac_adc.o
 .debug_macro   0x000012eb       0x1c ./Core/Src/FAC_Code/fac_adc.o
 .debug_macro   0x00001307       0x22 ./Core/Src/FAC_Code/fac_adc.o
 .debug_macro   0x00001329       0xaf ./Core/Src/FAC_Code/fac_adc.o
 .debug_macro   0x000013d8      0x391 ./Core/Src/FAC_Code/fac_adc.o
 .debug_macro   0x00001769     0xfe73 ./Core/Src/FAC_Code/fac_adc.o
 .debug_macro   0x000115dc       0x66 ./Core/Src/FAC_Code/fac_adc.o
 .debug_macro   0x00011642     0x34da ./Core/Src/FAC_Code/fac_adc.o
 .debug_macro   0x00014b1c      0x190 ./Core/Src/FAC_Code/fac_adc.o
 .debug_macro   0x00014cac       0x55 ./Core/Src/FAC_Code/fac_adc.o
 .debug_macro   0x00014d01      0x946 ./Core/Src/FAC_Code/fac_adc.o
 .debug_macro   0x00015647      0x5f3 ./Core/Src/FAC_Code/fac_adc.o
 .debug_macro   0x00015c3a      0x1ae ./Core/Src/FAC_Code/fac_adc.o
 .debug_macro   0x00015de8      0x1a7 ./Core/Src/FAC_Code/fac_adc.o
 .debug_macro   0x00015f8f      0x1a7 ./Core/Src/FAC_Code/fac_adc.o
 .debug_macro   0x00016136      0x22c ./Core/Src/FAC_Code/fac_adc.o
 .debug_macro   0x00016362       0x34 ./Core/Src/FAC_Code/fac_adc.o
 .debug_macro   0x00016396       0x43 ./Core/Src/FAC_Code/fac_adc.o
 .debug_macro   0x000163d9       0x28 ./Core/Src/FAC_Code/fac_adc.o
 .debug_macro   0x00016401      0x33d ./Core/Src/FAC_Code/fac_adc.o
 .debug_macro   0x0001673e       0xd4 ./Core/Src/FAC_Code/fac_adc.o
 .debug_macro   0x00016812       0xb0 ./Core/Src/FAC_Code/fac_adc.o
 .debug_macro   0x000168c2      0x217 ./Core/Src/FAC_Code/fac_adc.o
 .debug_macro   0x00016ad9      0x22c ./Core/Src/FAC_Code/fac_adc.o
 .debug_macro   0x00016d05       0x61 ./Core/Src/FAC_Code/fac_adc.o
 .debug_macro   0x00016d66       0xa5 ./Core/Src/FAC_Code/fac_adc.o
 .debug_macro   0x00016e0b       0x73 ./Core/Src/FAC_Code/fac_adc.o
 .debug_macro   0x00016e7e      0x22d ./Core/Src/FAC_Code/fac_adc.o
 .debug_macro   0x000170ab       0x4c ./Core/Src/FAC_Code/fac_adc.o
 .debug_macro   0x000170f7      0x16d ./Core/Src/FAC_Code/fac_adc.o
 .debug_macro   0x00017264      0x2fe ./Core/Src/FAC_Code/fac_adc.o
 .debug_macro   0x00017562      0x8f4 ./Core/Src/FAC_Code/fac_adc.o
 .debug_macro   0x00017e56       0x28 ./Core/Src/FAC_Code/fac_adc.o
 .debug_macro   0x00017e7e      0x5ba ./Core/Src/FAC_Code/fac_adc.o
 .debug_macro   0x00018438       0x44 ./Core/Src/FAC_Code/fac_adc.o
 .debug_macro   0x0001847c      0x130 ./Core/Src/FAC_Code/fac_adc.o
 .debug_macro   0x000185ac      0x106 ./Core/Src/FAC_Code/fac_adc.o
 .debug_macro   0x000186b2       0x10 ./Core/Src/FAC_Code/fac_adc.o
 .debug_macro   0x000186c2      0x277 ./Core/Src/FAC_Code/fac_app.o
 .debug_macro   0x00018939       0x2e ./Core/Src/FAC_Code/fac_app.o
 .debug_macro   0x00018967       0x10 ./Core/Src/FAC_Code/fac_app.o
 .debug_macro   0x00018977       0x16 ./Core/Src/FAC_Code/fac_app.o