Archive member included to satisfy reference by file (symbol)

/opt/st/stm32cubeide_1.19.0/plugins/com.st.stm32cube.ide.mcu.externaltools.gnu-tools-for-stm32.13.3.rel1.linux64_1.0.0.202410170706/tools/bin/../lib/gcc/arm-none-eabi/13.3.1/../../../../arm-none-eabi/lib/thumb/v6-m/nofp/libc_nano.a(libc_a-exit.o)
                              /opt/st/stm32cubeide_1.19.0/plugins/com.st.stm32cube.ide.mcu.externaltools.gnu-tools-for-stm32.13.3.rel1.linux64_1.0.0.202410170706/tools/bin/../lib/gcc/arm-none-eabi/13.3.1/../../../../arm-none-eabi/lib/thumb/v6-m/nofp/crt0.o (exit)
/opt/st/stm32cubeide_1.19.0/plugins/com.st.stm32cube.ide.mcu.externaltools.gnu-tools-for-stm32.13.3.rel1.linux64_1.0.0.202410170706/tools/bin/../lib/gcc/arm-none-eabi/13.3.1/../../../../arm-none-eabi/lib/thumb/v6-m/nofp/libc_nano.a(libc_a-findfp.o)
                              /opt/st/stm32cubeide_1.19.0/plugins/com.st.stm32cube.ide.mcu.externaltools.gnu-tools-for-stm32.13.3.rel1.linux64_1.0.0.202410170706/tools/bin/../lib/gcc/arm-none-eabi/13.3.1/../../../../arm-none-eabi/lib/thumb/v6-m/nofp/libc_nano.a(libc_a-exit.o) (__stdio_exit_handler)
/opt/st/stm32cubeide_1.19.0/plugins/com.st.stm32cube.ide.mcu.externaltools.gnu-tools-for-stm32.13.3.rel1.linux64_1.0.0.202410170706/tools/bin/../lib/gcc/arm-none-eabi/13.3.1/../../../../arm-none-eabi/lib/thumb/v6-m/nofp/libc_nano.a(libc_a-fwalk.o)
                              /opt/st/stm32cubeide_1.19.0/plugins/com.st.stm32cube.ide.mcu.externaltools.gnu-tools-for-stm32.13.3.rel1.linux64_1.0.0.202410170706/tools/bin/../lib/gcc/arm-none-eabi/13.3.1/../../../../arm-none-eabi/lib/thumb/v6-m/nofp/libc_nano.a(libc_a-findfp.o) (_fwalk_sglue)
/opt/st/stm32cubeide_1.19.0/plugins/com.st.stm32cube.ide.mcu.externaltools.gnu-tools-for-stm32.13.3.rel1.linux64_1.0.0.202410170706/tools/bin/../lib/gcc/arm-none-eabi/13.3.1/../../../../arm-none-eabi/lib/thumb/v6-m/nofp/libc_nano.a(libc_a-stdio.o)
                              /opt/st/stm32cubeide_1.19.0/plugins/com.st.stm32cube.ide.mcu.externaltools.gnu-tools-for-stm32.13.3.rel1.linux64_1.0.0.202410170706/tools/bin/../lib/gcc/arm-none-eabi/13.3.1/../../../../arm-none-eabi/lib/thumb/v6-m/nofp/libc_nano.a(libc_a-findfp.o) (__sread)
/opt/st/stm32cubeide_1.19.0/plugins/com.st.stm32cube.ide.mcu.externaltools.gnu-tools-for-stm32.13.3.rel1.linux64_1.0.0.202410170706/tools/bin/../lib/gcc/arm-none-eabi/13.3.1/../../../../arm-none-eabi/lib/thumb/v6-m/nofp/libc_nano.a(libc_a-memset.o)
                              /opt/st/stm32cubeide_1.19.0/plugins/com.st.stm32cube.ide.mcu.externaltools.gnu-tools-for-stm32.13.3.rel1.linux64_1.0.0.202410170706/tools/bin/../lib/gcc/arm-none-eabi/13.3.1/../../../../arm-none-eabi/lib/thumb/v6-m/nofp/crt0.o (memset)
/opt/st/stm32cubeide_1.19.0/plugins/com.st.stm32cube.ide.mcu.externaltools.gnu-tools-for-stm32.13.3.rel1.linux64_1.0.0.202410170706/tools/bin/../lib/gcc/arm-none-eabi/13.3.1/../../../../arm-none-eabi/lib/thumb/v6-m/nofp/libc_nano.a(libc_a-closer.o)
                              /opt/st/stm32cubeide_1.19.0/plugins/com.st.stm32cube.ide.mcu.externaltools.gnu-tools-for-stm32.13.3.rel1.linux64_1.0.0.202410170706/tools/bin/../lib/gcc/arm-none-eabi/13.3.1/../../../../arm-none-eabi/lib/thumb/v6-m/nofp/libc_nano.a(libc_a-stdio.o) (_close_r)
/opt/st/stm32cubeide_1.19.0/plugins/com.st.stm32cube.ide.mcu.externaltools.gnu-tools-for-stm32.13.3.rel1.linux64_1.0.0.202410170706/tools/bin/../lib/gcc/arm-none-eabi/13.3.1/../../../../arm-none-eabi/lib/thumb/v6-m/nofp/libc_nano.a(libc_a-reent.o)
                              /opt/st/stm32cubeide_1.19.0/plugins/com.st.stm32cube.ide.mcu.externaltools.gnu-tools-for-stm32.13.3.rel1.linux64_1.0.0.202410170706/tools/bin/../lib/gcc/arm-none-eabi/13.3.1/../../../../arm-none-eabi/lib/thumb/v6-m/nofp/libc_nano.a(libc_a-closer.o) (errno)
/opt/st/stm32cubeide_1.19.0/plugins/com.st.stm32cube.ide.mcu.externaltools.gnu-tools-for-stm32.13.3.rel1.linux64_1.0.0.202410170706/tools/bin/../lib/gcc/arm-none-eabi/13.3.1/../../../../arm-none-eabi/lib/thumb/v6-m/nofp/libc_nano.a(libc_a-impure.o)
                              /opt/st/stm32cubeide_1.19.0/plugins/com.st.stm32cube.ide.mcu.externaltools.gnu-tools-for-stm32.13.3.rel1.linux64_1.0.0.202410170706/tools/bin/../lib/gcc/arm-none-eabi/13.3.1/../../../../arm-none-eabi/lib/thumb/v6-m/nofp/libc_nano.a(libc_a-reent.o) (_impure_ptr)
/opt/st/stm32cubeide_1.19.0/plugins/com.st.stm32cube.ide.mcu.externaltools.gnu-tools-for-stm32.13.3.rel1.linux64_1.0.0.202410170706/tools/bin/../lib/gcc/arm-none-eabi/13.3.1/../../../../arm-none-eabi/lib/thumb/v6-m/nofp/libc_nano.a(libc_a-lseekr.o)
                              /opt/st/stm32cubeide_1.19.0/plugins/com.st.stm32cube.ide.mcu.externaltools.gnu-tools-for-stm32.13.3.rel1.linux64_1.0.0.202410170706/tools/bin/../lib/gcc/arm-none-eabi/13.3.1/../../../../arm-none-eabi/lib/thumb/v6-m/nofp/libc_nano.a(libc_a-stdio.o) (_lseek_r)
[...]
Memory Configuration

Name             Origin             Length             Attributes
RAM              0x20000000         0x00004000         xrw
FLASH            0x08000000         0x00020000         xr
*default*        0x00000000         0xffffffff

Linker script and memory map

LOAD /opt/st/stm32cubeide_1.19.0/plugins/com.st.stm32cube.ide.mcu.externaltools.gnu-tools-for-stm32.13.3.rel1.linux64_1.0.0.202410170706/tools/bin/../lib/gcc/arm-none-eabi/13.3.1/thumb/v6-m/nofp/crti.o
LOAD /opt/st/stm32cubeide_1.19.0/plugins/com.st.stm32cube.ide.mcu.externaltools.gnu-tools-for-stm32.13.3.rel1.linux64_1.0.0.202410170706/tools/bin/../lib/gcc/arm-none-eabi/13.3.1/thumb/v6-m/nofp/crtbegin.o
LOAD /opt/st/stm32cubeide_1.19.0/plugins/com.st.stm32cube.ide.mcu.externaltools.gnu-tools-for-stm32.13.3.rel1.linux64_1.0.0.202410170706/tools/bin/../lib/gcc/arm-none-eabi/13.3.1/../../../../arm-none-eabi/lib/thumb/v6-m/nofp/crt0.o
LOAD ./Core/Src/FAC_Code/fac_adc.o
LOAD ./Core/Src/FAC_Code/fac_app.o
LOAD ./Core/Src/FAC_Code/fac_battery.o
LOAD ./Core/Src/FAC_Code/fac_eeprom.o
LOAD ./Core/Src/FAC_Code/fac_mapper.o
LOAD ./Core/Src/FAC_Code/fac_motors.o
LOAD ./Core/Src/FAC_Code/fac_ppm_receiver.o
LOAD ./Core/Src/FAC_Code/fac_pwm_receiver.o
LOAD ./Core/Src/FAC_Code/fac_servo.o
LOAD ./Core/Src/FAC_Code/fac_settings.o
LOAD ./Core/Src/FAC_Code/fac_std_receiver.o
LOAD ./Core/Src/FAC_Code/mixes_functions/fac_functions.o
LOAD ./Core/Src/FAC_Code/mixes_functions/fac_mixes.o
LOAD ./Core/Src/FAC_Code/mixes_functions/functions/fac_direct_link_function.o
LOAD ./Core/Src/FAC_Code/mixes_functions/mixes/fac_simple_tank_mix.o
LOAD ./Core/Src/Libraries/DMApwm.o
LOAD ./Core/Src/adc.o
LOAD ./Core/Src/dma.o
LOAD ./Core/Src/gpio.o
LOAD ./Core/Src/i2c.o
LOAD ./Core/Src/main.o
LOAD ./Core/Src/spi.o
LOAD ./Core/Src/stm32f0xx_hal_msp.o
LOAD ./Core/Src/stm32f0xx_it.o
LOAD ./Core/Src/syscalls.o
LOAD ./Core/Src/sysmem.o
LOAD ./Core/Src/system_stm32f0xx.o
LOAD ./Core/Src/tim.o
LOAD ./Core/Src/usart.o
LOAD ./Core/Startup/startup_stm32f072cbtx.o
LOAD ./Drivers/STM32F0xx_HAL_Driver/Src/stm32f0xx_hal.o
LOAD ./Drivers/STM32F0xx_HAL_Driver/Src/stm32f0xx_hal_adc.o
LOAD ./Drivers/STM32F0xx_HAL_Driver/Src/stm32f0xx_hal_adc_ex.o
LOAD ./Drivers/STM32F0xx_HAL_Driver/Src/stm32f0xx_hal_cortex.o
LOAD ./Drivers/STM32F0xx_HAL_Driver/Src/stm32f0xx_hal_dma.o
LOAD ./Drivers/STM32F0xx_HAL_Driver/Src/stm32f0xx_hal_exti.o
LOAD ./Drivers/STM32F0xx_HAL_Driver/Src/stm32f0xx_hal_flash.o
LOAD ./Drivers/STM32F0xx_HAL_Driver/Src/stm32f0xx_hal_flash_ex.o
LOAD ./Drivers/STM32F0xx_HAL_Driver/Src/stm32f0xx_hal_gpio.o
LOAD ./Drivers/STM32F0xx_HAL_Driver/Src/stm32f0xx_hal_i2c.o
LOAD ./Drivers/STM32F0xx_HAL_Driver/Src/stm32f0xx_hal_i2c_ex.o
LOAD ./Drivers/STM32F0xx_HAL_Driver/Src/stm32f0xx_hal_pcd.o
LOAD ./Drivers/STM32F0xx_HAL_Driver/Src/stm32f0xx_hal_pcd_ex.o
LOAD ./Drivers/STM32F0xx_HAL_Driver/Src/stm32f0xx_hal_pwr.o
LOAD ./Drivers/STM32F0xx_HAL_Driver/Src/stm32f0xx_hal_pwr_ex.o
LOAD ./Drivers/STM32F0xx_HAL_Driver/Src/stm32f0xx_hal_rcc.o
LOAD ./Drivers/STM32F0xx_HAL_Driver/Src/stm32f0xx_hal_rcc_ex.o
LOAD ./Drivers/STM32F0xx_HAL_Driver/Src/stm32f0xx_hal_spi.o
LOAD ./Drivers/STM32F0xx_HAL_Driver/Src/stm32f0xx_hal_spi_ex.o
LOAD ./Drivers/STM32F0xx_HAL_Driver/Src/stm32f0xx_hal_tim.o
LOAD ./Drivers/STM32F0xx_HAL_Driver/Src/stm32f0xx_hal_tim_ex.o
LOAD ./Drivers/STM32F0xx_HAL_Driver/Src/stm32f0xx_hal_uart.o
LOAD ./Drivers/STM32F0xx_HAL_Driver/Src/stm32f0xx_hal_uart_ex.o
LOAD ./Drivers/STM32F0xx_HAL_Driver/Src/stm32f0xx_ll_usb.o
LOAD ./Middlewares/ST/STM32_USB_Device_Library/Class/CDC/Src/usbd_cdc.o
LOAD ./Middlewares/ST/STM32_USB_Device_Library/Core/Src/usbd_core.o
LOAD ./Middlewares/ST/STM32_USB_Device_Library/Core/Src/usbd_ctlreq.o
LOAD ./Middlewares/ST/STM32_USB_Device_Library/Core/Src/usbd_ioreq.o
LOAD ./USB_DEVICE/App/usb_device.o
LOAD ./USB_DEVICE/App/usbd_cdc_if.o
LOAD ./USB_DEVICE/App/usbd_desc.o
LOAD ./USB_DEVICE/Target/usbd_conf.o
START GROUP
LOAD /opt/st/stm32cubeide_1.19.0/plugins/com.st.stm32cube.ide.mcu.externaltools.gnu-tools-for-stm32.13.3.rel1.linux64_1.0.0.202410170706/tools/bin/../lib/gcc/arm-none-eabi/13.3.1/../../../../arm-none-eabi/lib/thumb/v6-m/nofp/libc_nano.a
LOAD /opt/st/stm32cubeide_1.19.0/plugins/com.st.stm32cube.ide.mcu.externaltools.gnu-tools-for-stm32.13.3.rel1.linux64_1.0.0.202410170706/tools/bin/../lib/gcc/arm-none-eabi/13.3.1/../../../../arm-none-eabi/lib/thumb/v6-m/nofp/libm.a
END GROUP
START GROUP
LOAD /opt/st/stm32cubeide_1.19.0/plugins/com.st.stm32cube.ide.mcu.externaltools.gnu-tools-for-stm32.13.3.rel1.linux64_1.0.0.202410170706/tools/bin/../lib/gcc/arm-none-eabi/13.3.1/thumb/v6-m/nofp/libgcc.a
LOAD /opt/st/stm32cubeide_1.19.0/plugins/com.st.stm32cube.ide.mcu.externaltools.gnu-tools-for-stm32.13.3.rel1.linux64_1.0.0.202410170706/tools/bin/../lib/gcc/arm-none-eabi/13.3.1/../../../../arm-none-eabi/lib/thumb/v6-m/nofp/libc_nano.a
END GROUP
START GROUP
LOAD /opt/st/stm32cubeide_1.19.0/plugins/com.st.stm32cube.ide.mcu.externaltools.gnu-tools-for-stm32.13.3.rel1.linux64_1.0.0.202410170706/tools/bin/../lib/gcc/arm-none-eabi/13.3.1/thumb/v6-m/nofp/libgcc.a
LOAD /opt/st/stm32cubeide_1.19.0/plugins/com.st.stm32cube.ide.mcu.externaltools.gnu-tools-for-stm32.13.3.rel1.linux64_1.0.0.202410170706/tools/bin/../lib/gcc/arm-none-eabi/13.3.1/../../../../arm-none-eabi/lib/thumb/v6-m/nofp/libc_nano.a
LOAD /opt/st/stm32cubeide_1.19.0/plugins/com.st.stm32cube.ide.mcu.externaltools.gnu-tools-for-stm32.13.3.rel1.linux64_1.0.0.202410170706/tools/bin/../lib/gcc/arm-none-eabi/13.3.1/../../../../arm-none-eabi/lib/thumb/v6-m/nofp/libnosys.a
END GROUP
START GROUP
LOAD /opt/st/stm32cubeide_1.19.0/plugins/com.st.stm32cube.ide.mcu.externaltools.gnu-tools-for-stm32.13.3.rel1.linux64_1.0.0.202410170706/tools/bin/../lib/gcc/arm-none-eabi/13.3.1/thumb/v6-m/nofp/libgcc.a
LOAD /opt/st/stm32cubeide_1.19.0/plugins/com.st.stm32cube.ide.mcu.externaltools.gnu-tools-for-stm32.13.3.rel1.linux64_1.0.0.202410170706/tools/bin/../lib/gcc/arm-none-eabi/13.3.1/../../../../arm-none-eabi/lib/thumb/v6-m/nofp/libc_nano.a
LOAD /opt/st/stm32cubeide_1.19.0/plugins/com.st.stm32cube.ide.mcu.externaltools.gnu-tools-for-stm32.13.3.rel1.linux64_1.0.0.202410170706/tools/bin/../lib/gcc/arm-none-eabi/13.3.1/../../../../arm-none-eabi/lib/thumb/v6-m/nofp/libnosys.a
END GROUP
LOAD /opt/st/stm32cubeide_1.19.0/plugins/com.st.stm32cube.ide.mcu.externaltools.gnu-tools-for-stm32.13.3.rel1.linux64_1.0.0.202410170706/tools/bin/../lib/gcc/arm-none-eabi/13.3.1/thumb/v6-m/nofp/crtend.o
LOAD /opt/st/stm32cubeide_1.19.0/plugins/com.st.stm32cube.ide.mcu.externaltools.gnu-tools-for-stm32.13.3.rel1.linux64_1.0.0.202410170706/tools/bin/../lib/gcc/arm-none-eabi/13.3.1/thumb/v6-m/nofp/crtn.o
                0x20004000                        _estack = (ORIGIN (RAM) + LENGTH (RAM))
                0x00000200                        _Min_Heap_Size = 0x200
                0x00000400                        _Min_Stack_Size = 0x400

.isr_vector     0x08000000       0xc0
                0x08000000                        . = ALIGN (0x4)
 *(.isr_vector)
 .isr_vector    0x08000000       0xc0 ./Core/Startup/startup_stm32f072cbtx.o
                0x08000000                g_pfnVectors
                0x080000c0                        . = ALIGN (0x4)

.text           0x080000c0     0x7c80
                0x080000c0                        . = ALIGN (0x4)
 *(.text)
 .text          0x080000c0       0x48 /opt/st/stm32cubeide_1.19.0/plugins/com.st.stm32cube.ide.mcu.externaltools.gnu-tools-for-stm32.13.3.rel1.linux64_1.0.0.202410170706/tools/bin/../lib/gcc/arm-none-eabi/13.3.1/thumb/v6-m/nofp/crtbegin.o
 .text          0x08000108        0xe /opt/st/stm32cubeide_1.19.0/plugins/com.st.stm32cube.ide.mcu.externaltools.gnu-tools-for-stm32.13.3.rel1.linux64_1.0.0.202410170706/tools/bin/../lib/gcc/arm-none-eabi/13.3.1/../../../../arm-none-eabi/lib/thumb/v6-m/nofp/libc_nano.a(libc_a-strlen.o)
                0x08000108                strlen
 *fill*         0x08000116        0x2 
 .text          0x08000118       0x14 /opt/st/stm32cubeide_1.19.0/plugins/com.st.stm32cube.ide.mcu.externaltools.gnu-tools-for-stm32.13.3.rel1.linux64_1.0.0.202410170706/tools/bin/../lib/gcc/arm-none-eabi/13.3.1/thumb/v6-m/nofp/libgcc.a(_thumb1_case_sqi.o)
                0x08000118                __gnu_thumb1_case_sqi
 .text          0x0800012c       0x14 /opt/st/stm32cubeide_1.19.0/plugins/com.st.stm32cube.ide.mcu.externaltools.gnu-tools-for-stm32.13.3.rel1.linux64_1.0.0.202410170706/tools/bin/../lib/gcc/arm-none-eabi/13.3.1/thumb/v6-m/nofp/libgcc.a(_thumb1_case_uqi.o)
                0x0800012c                __gnu_thumb1_case_uqi
 .text          0x08000140       0x14 /opt/st/stm32cubeide_1.19.0/plugins/com.st.stm32cube.ide.mcu.externaltools.gnu-tools-for-stm32.13.3.rel1.linux64_1.0.0.202410170706/tools/bin/../lib/gcc/arm-none-eabi/13.3.1/thumb/v6-m/nofp/libgcc.a(_thumb1_case_shi.o)
                0x08000140                __gnu_thumb1_case_shi
 .text          0x08000154      0x114 /opt/st/stm32cubeide_1.19.0/plugins/com.st.stm32cube.ide.mcu.externaltools.gnu-tools-for-stm32.13.3.rel1.linux64_1.0.0.202410170706/tools/bin/../lib/gcc/arm-none-eabi/13.3.1/thumb/v6-m/nofp/libgcc.a(_udivsi3.o)
                0x08000154                __udivsi3
                0x08000154                __aeabi_uidiv
                0x08000260                __aeabi_uidivmod
 .text          0x08000268      0x1d4 /opt/st/stm32cubeide_1.19.0/plugins/com.st.stm32cube.ide.mcu.externaltools.gnu-tools-for-stm32.13.3.rel1.linux64_1.0.0.202410170706/tools/bin/../lib/gcc/arm-none-eabi/13.3.1/thumb/v6-m/nofp/libgcc.a(_divsi3.o)
                0x08000268                __aeabi_idiv
                0x08000268                __divsi3
                0x08000434                __aeabi_idivmod
 .text          0x0800043c        0x4 /opt/st/stm32cubeide_1.19.0/plugins/com.st.stm32cube.ide.mcu.externaltools.gnu-tools-for-stm32.13.3.rel1.linux64_1.0.0.202410170706/tools/bin/../lib/gcc/arm-none-eabi/13.3.1/thumb/v6-m/nofp/libgcc.a(_dvmd_tls.o)
                0x0800043c                __aeabi_ldiv0
                0x0800043c                __aeabi_idiv0
 .text          0x08000440       0x74 /opt/st/stm32cubeide_1.19.0/plugins/com.st.stm32cube.ide.mcu.externaltools.gnu-tools-for-stm32.13.3.rel1.linux64_1.0.0.202410170706/tools/bin/../lib/gcc/arm-none-eabi/13.3.1/thumb/v6-m/nofp/libgcc.a(_arm_cmpsf2.o)
                0x08000440                __aeabi_cfrcmple
                0x08000448                __aeabi_cfcmple
                0x08000448                __aeabi_cfcmpeq
                0x08000458                __aeabi_fcmpeq
                0x08000464                __aeabi_fcmplt
                0x08000478                __aeabi_fcmple
                0x0800048c                __aeabi_fcmpgt
                0x080004a0                __aeabi_fcmpge
 .text          0x080004b4       0x48 /opt/st/stm32cubeide_1.19.0/plugins/com.st.stm32cube.ide.mcu.externaltools.gnu-tools-for-stm32.13.3.rel1.linux64_1.0.0.202410170706/tools/bin/../lib/gcc/arm-none-eabi/13.3.1/thumb/v6-m/nofp/libgcc.a(_aeabi_ldivmod.o)
                0x080004b4                __aeabi_ldivmod
 .text          0x080004fc       0x40 /opt/st/stm32cubeide_1.19.0/plugins/com.st.stm32cube.ide.mcu.externaltools.gnu-tools-for-stm32.13.3.rel1.linux64_1.0.0.202410170706/tools/bin/../lib/gcc/arm-none-eabi/13.3.1/thumb/v6-m/nofp/libgcc.a(_aeabi_uldivmod.o)
                0x080004fc                __aeabi_uldivmod
 .text          0x0800053c       0x5c /opt/st/stm32cubeide_1.19.0/plugins/com.st.stm32cube.ide.mcu.externaltools.gnu-tools-for-stm32.13.3.rel1.linux64_1.0.0.202410170706/tools/bin/../lib/gcc/arm-none-eabi/13.3.1/thumb/v6-m/nofp/libgcc.a(_muldi3.o)
                0x0800053c                __aeabi_lmul
                0x0800053c                __muldi3
 .text          0x08000598       0x30 /opt/st/stm32cubeide_1.19.0/plugins/com.st.stm32cube.ide.mcu.externaltools.gnu-tools-for-stm32.13.3.rel1.linux64_1.0.0.202410170706/tools/bin/../lib/gcc/arm-none-eabi/13.3.1/thumb/v6-m/nofp/libgcc.a(_fixunssfsi.o)
                0x08000598                __aeabi_f2uiz
                0x08000598                __fixunssfsi
 .text          0x080005c8      0x198 /opt/st/stm32cubeide_1.19.0/plugins/com.st.stm32cube.ide.mcu.externaltools.gnu-tools-for-stm32.13.3.rel1.linux64_1.0.0.202410170706/tools/bin/../lib/gcc/arm-none-eabi/13.3.1/thumb/v6-m/nofp/libgcc.a(_udivmoddi4.o)
                0x080005c8                __udivmoddi4
 .text          0x08000760       0x3c /opt/st/stm32cubeide_1.19.0/plugins/com.st.stm32cube.ide.mcu.externaltools.gnu-tools-for-stm32.13.3.rel1.linux64_1.0.0.202410170706/tools/bin/../lib/gcc/arm-none-eabi/13.3.1/thumb/v6-m/nofp/libgcc.a(bpabi.o)
                0x08000760                __gnu_ldivmod_helper
 .text          0x0800079c      0x3e4 /opt/st/stm32cubeide_1.19.0/plugins/com.st.stm32cube.ide.mcu.externaltools.gnu-tools-for-stm32.13.3.rel1.linux64_1.0.0.202410170706/tools/bin/../lib/gcc/arm-none-eabi/13.3.1/thumb/v6-m/nofp/libgcc.a(addsf3.o)
                0x0800079c                __aeabi_fadd
 .text          0x08000b80      0x22c /opt/st/stm32cubeide_1.19.0/plugins/com.st.stm32cube.ide.mcu.externaltools.gnu-tools-for-stm32.13.3.rel1.linux64_1.0.0.202410170706/tools/bin/../lib/gcc/arm-none-eabi/13.3.1/thumb/v6-m/nofp/libgcc.a(divsf3.o)
                0x08000b80                __aeabi_fdiv
 .text          0x08000dac       0x50 /opt/st/stm32cubeide_1.19.0/plugins/com.st.stm32cube.ide.mcu.externaltools.gnu-tools-for-stm32.13.3.rel1.linux64_1.0.0.202410170706/tools/bin/../lib/gcc/arm-none-eabi/13.3.1/thumb/v6-m/nofp/libgcc.a(eqsf2.o)
                0x08000dac                __nesf2
                0x08000dac                __eqsf2
 .text          0x08000dfc       0x90 /opt/st/stm32cubeide_1.19.0/plugins/com.st.stm32cube.ide.mcu.externaltools.gnu-tools-for-stm32.13.3.rel1.linux64_1.0.0.202410170706/tools/bin/../lib/gcc/arm-none-eabi/13.3.1/thumb/v6-m/nofp/libgcc.a(gesf2.o)
                0x08000dfc                __gtsf2
                0x08000dfc                __gesf2
 .text          0x08000e8c       0x90 /opt/st/stm32cubeide_1.19.0/plugins/com.st.stm32cube.ide.mcu.externaltools.gnu-tools-for-stm32.13.3.rel1.linux64_1.0.0.202410170706/tools/bin/../lib/gcc/arm-none-eabi/13.3.1/thumb/v6-m/nofp/libgcc.a(lesf2.o)
                0x08000e8c                __lesf2
                0x08000e8c                __ltsf2
 .text          0x08000f1c      0x2b4 /opt/st/stm32cubeide_1.19.0/plugins/com.st.stm32cube.ide.mcu.externaltools.gnu-tools-for-stm32.13.3.rel1.linux64_1.0.0.202410170706/tools/bin/../lib/gcc/arm-none-eabi/13.3.1/thumb/v6-m/nofp/libgcc.a(mulsf3.o)
                0x08000f1c                __aeabi_fmul
 .text          0x080011d0      0x4c8 /opt/st/stm32cubeide_1.19.0/plugins/com.st.stm32cube.ide.mcu.externaltools.gnu-tools-for-stm32.13.3.rel1.linux64_1.0.0.202410170706/tools/bin/../lib/gcc/arm-none-eabi/13.3.1/thumb/v6-m/nofp/libgcc.a(subsf3.o)
                0x080011d0                __aeabi_fsub
 .text          0x08001698       0x40 /opt/st/stm32cubeide_1.19.0/plugins/com.st.stm32cube.ide.mcu.externaltools.gnu-tools-for-stm32.13.3.rel1.linux64_1.0.0.202410170706/tools/bin/../lib/gcc/arm-none-eabi/13.3.1/thumb/v6-m/nofp/libgcc.a(fixsfsi.o)
                0x08001698                __aeabi_f2iz
 .text          0x080016d8       0x8c /opt/st/stm32cubeide_1.19.0/plugins/com.st.stm32cube.ide.mcu.externaltools.gnu-tools-for-stm32.13.3.rel1.linux64_1.0.0.202410170706/tools/bin/../lib/gcc/arm-none-eabi/13.3.1/thumb/v6-m/nofp/libgcc.a(floatunsisf.o)
                0x080016d8                __aeabi_ui2f
 .text          0x08001764       0x3c /opt/st/stm32cubeide_1.19.0/plugins/com.st.stm32cube.ide.mcu.externaltools.gnu-tools-for-stm32.13.3.rel1.linux64_1.0.0.202410170706/tools/bin/../lib/gcc/arm-none-eabi/13.3.1/thumb/v6-m/nofp/libgcc.a(_clzsi2.o)
                0x08001764                __clzsi2
 .text          0x080017a0       0x18 /opt/st/stm32cubeide_1.19.0/plugins/com.st.stm32cube.ide.mcu.externaltools.gnu-tools-for-stm32.13.3.rel1.linux64_1.0.0.202410170706/tools/bin/../lib/gcc/arm-none-eabi/13.3.1/thumb/v6-m/nofp/libgcc.a(_clzdi2.o)
                0x080017a0                __clzdi2
 .text          0x080017b8      0x1d8 /opt/st/stm32cubeide_1.19.0/plugins/com.st.stm32cube.ide.mcu.externaltools.gnu-tools-for-stm32.13.3.rel1.linux64_1.0.0.202410170706/tools/bin/../lib/gcc/arm-none-eabi/13.3.1/thumb/v6-m/nofp/libgcc.a(_divdi3.o)
                0x080017b8                __divdi3
 *(.text*)
 .text.FAC_adc_GET_resolution
                0x08001990        0xc ./Core/Src/FAC_Code/fac_adc.o
                0x08001990                FAC_adc_GET_resolution
 .text.FAC_adc_GET_Vref_in_uV
                0x0800199c        0xc ./Core/Src/FAC_Code/fac_adc.o
                0x0800199c                FAC_adc_GET_Vref_in_uV
 .text.FAC_adc_Init
                0x080019a8       0x68 ./Core/Src/FAC_Code/fac_adc.o
                0x080019a8                FAC_adc_Init
 .text.FAC_adc_get_raw_channel_value
                0x08001a10        0xc ./Core/Src/FAC_Code/fac_adc.o
                0x08001a10                FAC_adc_get_raw_channel_value
 .text.FAC_app_main_loop
                0x08001a1c       0x38 ./Core/Src/FAC_Code/fac_app.o
                0x08001a1c                FAC_app_main_loop
 .text.FAC_app_init
                0x08001a54       0x28 ./Core/Src/FAC_Code/fac_app.o
                0x08001a54                FAC_app_init
 .text.map_uint32
                0x08001a7c       0x28 ./Core/Src/FAC_Code/fac_app.o
                0x08001a7c                map_uint32
 .text.map_int32
                0x08001aa4       0x28 ./Core/Src/FAC_Code/fac_app.o
                0x08001aa4                map_int32
 .text.map_float
                0x08001acc       0x58 ./Core/Src/FAC_Code/fac_app.o
                0x08001acc                map_float
 .text.FAC_battery_calculate_voltage
                0x08001b24       0x74 ./Core/Src/FAC_Code/fac_battery.o
 .text.FAC_battery_GET_voltage
                0x08001b98       0x10 ./Core/Src/FAC_Code/fac_battery.o
                0x08001b98                FAC_battery_GET_voltage
 .text.FAC_battery_GET_type
                0x08001ba8       0x50 ./Core/Src/FAC_Code/fac_battery.o
                0x08001ba8                FAC_battery_GET_type
 .text.FAC_battery_init
                0x08001bf8       0x1c ./Core/Src/FAC_Code/fac_battery.o
                0x08001bf8                FAC_battery_init
 .text.FAC_eeprom_write_byte
                0x08001c14       0x30 ./Core/Src/FAC_Code/fac_eeprom.o
 .text.FAC_eeprom_WRITE_frist_boot_value_in_eeprom
                0x08001c44       0x14 ./Core/Src/FAC_Code/fac_eeprom.o
                0x08001c44                FAC_eeprom_WRITE_frist_boot_value_in_eeprom
 .text.FAC_eeprom_store_value
                0x08001c58       0x1c ./Core/Src/FAC_Code/fac_eeprom.o
                0x08001c58                FAC_eeprom_store_value
 .text.FAC_eeprom_read_value
                0x08001c74       0x58 ./Core/Src/FAC_Code/fac_eeprom.o
                0x08001c74                FAC_eeprom_read_value
 .text.FAC_eeprom_is_first_time
                0x08001ccc       0x38 ./Core/Src/FAC_Code/fac_eeprom.o
                0x08001ccc                FAC_eeprom_is_first_time
 .text.FAC_eeprom_init
                0x08001d04       0x18 ./Core/Src/FAC_Code/fac_eeprom.o
                0x08001d04                FAC_eeprom_init
 .text.FAC_mapper_apply_to_DCmotor
                0x08001d1c       0x64 ./Core/Src/FAC_Code/fac_mapper.o
 .text.FAC_mapper_apply_to_servo
                0x08001d80       0x58 ./Core/Src/FAC_Code/fac_mapper.o
 .text.FAC_mapper_apply_to_devices
                0x08001dd8       0xfa ./Core/Src/FAC_Code/fac_mapper.o
                0x08001dd8                FAC_mapper_apply_to_devices
 *fill*         0x08001ed2        0x2 
 .text.FAC_motor_SET_direction
                0x08001ed4       0x1c ./Core/Src/FAC_Code/fac_motors.o
 .text.FAC_set_pwm_duty
                0x08001ef0       0x10 ./Core/Src/FAC_Code/fac_motors.o
 .text.FAC_motor_SET_speed
                0x08001f00       0x24 ./Core/Src/FAC_Code/fac_motors.o
 .text.FAC_motor_GET_direction
                0x08001f24       0x10 ./Core/Src/FAC_Code/fac_motors.o
                0x08001f24                FAC_motor_GET_direction
 .text.FAC_motor_GET_speed
                0x08001f34       0x10 ./Core/Src/FAC_Code/fac_motors.o
                0x08001f34                FAC_motor_GET_speed
 .text.FAC_motor_GET_brake_en
                0x08001f44       0x10 ./Core/Src/FAC_Code/fac_motors.o
                0x08001f44                FAC_motor_GET_brake_en
 .text.FAC_motor_apply_settings
                0x08001f54       0x84 ./Core/Src/FAC_Code/fac_motors.o
 .text.FAC_motor_set_speed_direction
                0x08001fd8       0x1a ./Core/Src/FAC_Code/fac_motors.o
                0x08001fd8                FAC_motor_set_speed_direction
 *fill*         0x08001ff2        0x2 
 .text.FAC_motor_make_noise
                0x08001ff4       0x80 ./Core/Src/FAC_Code/fac_motors.o
                0x08001ff4                FAC_motor_make_noise
 .text.FAC_motor_Init
                0x08002074       0x68 ./Core/Src/FAC_Code/fac_motors.o
                0x08002074                FAC_motor_Init
 .text.FAC_ppm_receiver_Callback
                0x080020dc       0x40 ./Core/Src/FAC_Code/fac_ppm_receiver.o
                0x080020dc                FAC_ppm_receiver_Callback
 .text.FAC_ppm_receiver_calculate_channels_values
                0x0800211c       0x54 ./Core/Src/FAC_Code/fac_ppm_receiver.o
                0x0800211c                FAC_ppm_receiver_calculate_channels_values
 .text.FAC_ppm_receiver_init
                0x08002170       0x28 ./Core/Src/FAC_Code/fac_ppm_receiver.o
                0x08002170                FAC_ppm_receiver_init
 .text.FAC_pwm_receiver_Callback
                0x08002198       0x70 ./Core/Src/FAC_Code/fac_pwm_receiver.o
                0x08002198                FAC_pwm_receiver_Callback
 .text.FAC_pwm_receiver_calculate_channel_value
                0x08002208       0x7c ./Core/Src/FAC_Code/fac_pwm_receiver.o
                0x08002208                FAC_pwm_receiver_calculate_channel_value
 .text.FAC_pwm_receiver_init
                0x08002284       0x28 ./Core/Src/FAC_Code/fac_pwm_receiver.o
                0x08002284                FAC_pwm_receiver_init
 .text.FAC_servo_GET_is_enable
                0x080022ac       0x10 ./Core/Src/FAC_Code/fac_servo.o
                0x080022ac                FAC_servo_GET_is_enable
 .text.FAC_servo_apply_settings
                0x080022bc       0x5c ./Core/Src/FAC_Code/fac_servo.o
 .text.FAC_servo_GET_is_reversed
                0x08002318       0x10 ./Core/Src/FAC_Code/fac_servo.o
                0x08002318                FAC_servo_GET_is_reversed
 .text.FAC_servo_set_position
                0x08002328       0x44 ./Core/Src/FAC_Code/fac_servo.o
                0x08002328                FAC_servo_set_position
 .text.FAC_servo_enable
                0x0800236c       0x18 ./Core/Src/FAC_Code/fac_servo.o
                0x0800236c                FAC_servo_enable
 .text.FAC_servo_disable
                0x08002384       0x18 ./Core/Src/FAC_Code/fac_servo.o
                0x08002384                FAC_servo_disable
 .text.FAC_servo_init
                0x0800239c       0x6c ./Core/Src/FAC_Code/fac_servo.o
                0x0800239c                FAC_servo_init
 .text.FAC_settings_STORE_ALL_to_eeprom
                0x08002408       0x1c ./Core/Src/FAC_Code/fac_settings.o
 .text.FAC_settings_GET_value
                0x08002424       0x10 ./Core/Src/FAC_Code/fac_settings.o
                0x08002424                FAC_settings_GET_value
 .text.FAC_settings_USB_SEND_setting_value
                0x08002434       0x24 ./Core/Src/FAC_Code/fac_settings.o
                0x08002434                FAC_settings_USB_SEND_setting_value
 .text.FAC_settings_USB_SEND_setting_ranges
                0x08002458       0x2c ./Core/Src/FAC_Code/fac_settings.o
                0x08002458                FAC_settings_USB_SEND_setting_ranges
 .text.FAC_settings_command_response
                0x08002484       0xd8 ./Core/Src/FAC_Code/fac_settings.o
                0x08002484                FAC_settings_command_response
 .text.FAC_settings_init
                0x0800255c       0x44 ./Core/Src/FAC_Code/fac_settings.o
                0x0800255c                FAC_settings_init
 .text.FAC_std_receiver_GET_channel
                0x080025a0       0x30 ./Core/Src/FAC_Code/fac_std_receiver.o
                0x080025a0                FAC_std_receiver_GET_channel
 .text.FAC_std_receiver_new_channel_value
                0x080025d0       0xc0 ./Core/Src/FAC_Code/fac_std_receiver.o
                0x080025d0                FAC_std_receiver_new_channel_value
 .text.FAC_std_reciever_init
                0x08002690       0x2c ./Core/Src/FAC_Code/fac_std_receiver.o
                0x08002690                FAC_std_reciever_init
 .text.HAL_GPIO_EXTI_Callback
                0x080026bc       0x44 ./Core/Src/FAC_Code/fac_std_receiver.o
                0x080026bc                HAL_GPIO_EXTI_Callback
 .text.FAC_functions_GET_output
                0x08002700       0x10 ./Core/Src/FAC_Code/mixes_functions/fac_functions.o
                0x08002700                FAC_functions_GET_output
 .text.FAC_functions_GET_input
                0x08002710       0x10 ./Core/Src/FAC_Code/mixes_functions/fac_functions.o
                0x08002710                FAC_functions_GET_input
 .text.FAC_functions_SET_output
                0x08002720       0x10 ./Core/Src/FAC_Code/mixes_functions/fac_functions.o
                0x08002720                FAC_functions_SET_output
 .text.FAC_functions_update_inputs
                0x08002730       0x58 ./Core/Src/FAC_Code/mixes_functions/fac_functions.o
                0x08002730                FAC_functions_update_inputs
 .text.FAC_functions_update
                0x08002788        0xc ./Core/Src/FAC_Code/mixes_functions/fac_functions.o
                0x08002788                FAC_functions_update
 .text.FAC_functions_init
                0x08002794       0x28 ./Core/Src/FAC_Code/mixes_functions/fac_functions.o
                0x08002794                FAC_functions_init
 .text.FAC_mixes_GET_output
                0x080027bc       0x10 ./Core/Src/FAC_Code/mixes_functions/fac_mixes.o
                0x080027bc                FAC_mixes_GET_output
 .text.FAC_mixes_GET_input
                0x080027cc       0x10 ./Core/Src/FAC_Code/mixes_functions/fac_mixes.o
                0x080027cc                FAC_mixes_GET_input
 .text.FAC_mixes_update_mix_outputs
                0x080027dc       0x14 ./Core/Src/FAC_Code/mixes_functions/fac_mixes.o
                0x080027dc                FAC_mixes_update_mix_outputs
 .text.FAC_mixes_update_mix_inputs
                0x080027f0       0x70 ./Core/Src/FAC_Code/mixes_functions/fac_mixes.o
                0x080027f0                FAC_mixes_update_mix_inputs
 .text.FAC_mix_update
                0x08002860       0x14 ./Core/Src/FAC_Code/mixes_functions/fac_mixes.o
                0x08002860                FAC_mix_update
 .text.FAC_mixes_init
                0x08002874       0x4c ./Core/Src/FAC_Code/mixes_functions/fac_mixes.o
                0x08002874                FAC_mixes_init
 .text.FAC_direct_link_function_update
                0x080028c0       0x40 ./Core/Src/FAC_Code/mixes_functions/functions/fac_direct_link_function.o
                0x080028c0                FAC_direct_link_function_update
 .text.FAC_simple_tank_mix_update
                0x08002900       0x80 ./Core/Src/FAC_Code/mixes_functions/mixes/fac_simple_tank_mix.o
                0x08002900                FAC_simple_tank_mix_update
 .text.FAC_DMA_pwm_change_freq
                0x08002980       0x30 ./Core/Src/Libraries/DMApwm.o
                0x08002980                FAC_DMA_pwm_change_freq
 .text.initDMApwm
                0x080029b0       0x64 ./Core/Src/Libraries/DMApwm.o
                0x080029b0                initDMApwm
 .text.setDMApwmDuty
                0x08002a14       0x40 ./Core/Src/Libraries/DMApwm.o
                0x08002a14                setDMApwmDuty
 .text.MX_ADC_Init
                0x08002a54       0x84 ./Core/Src/adc.o
                0x08002a54                MX_ADC_Init
 .text.HAL_ADC_MspInit
                0x08002ad8       0x94 ./Core/Src/adc.o
                0x08002ad8                HAL_ADC_MspInit
 .text.MX_DMA_Init
                0x08002b6c       0x3c ./Core/Src/dma.o
                0x08002b6c                MX_DMA_Init
 .text.MX_GPIO_Init
                0x08002ba8      0x128 ./Core/Src/gpio.o
                0x08002ba8                MX_GPIO_Init
 .text.MX_I2C1_Init
                0x08002cd0       0x5c ./Core/Src/i2c.o
                0x08002cd0                MX_I2C1_Init
 .text.HAL_I2C_MspInit
                0x08002d2c       0x68 ./Core/Src/i2c.o
                0x08002d2c                HAL_I2C_MspInit
 .text.SystemClock_Config
                0x08002d94       0x80 ./Core/Src/main.o
                0x08002d94                SystemClock_Config
 .text.startup.main
                0x08002e14       0x6c ./Core/Src/main.o
                0x08002e14                main
 .text.Error_Handler
                0x08002e80        0x4 ./Core/Src/main.o
                0x08002e80                Error_Handler
 .text.MX_SPI2_Init
                0x08002e84       0x4c ./Core/Src/spi.o
                0x08002e84                MX_SPI2_Init
 .text.HAL_SPI_MspInit
                0x08002ed0       0x64 ./Core/Src/spi.o
                0x08002ed0                HAL_SPI_MspInit
 .text.NMI_Handler
                0x08002f34        0x2 ./Core/Src/stm32f0xx_it.o
                0x08002f34                NMI_Handler
 .text.HardFault_Handler
                0x08002f36        0x2 ./Core/Src/stm32f0xx_it.o
                0x08002f36                HardFault_Handler
 .text.SVC_Handler
                0x08002f38        0x2 ./Core/Src/stm32f0xx_it.o
                0x08002f38                SVC_Handler
 .text.PendSV_Handler
                0x08002f3a        0x2 ./Core/Src/stm32f0xx_it.o
                0x08002f3a                PendSV_Handler
 .text.SysTick_Handler
                0x08002f3c        0x8 ./Core/Src/stm32f0xx_it.o
                0x08002f3c                SysTick_Handler
 .text.EXTI2_3_IRQHandler
                0x08002f44        0xa ./Core/Src/stm32f0xx_it.o
                0x08002f44                EXTI2_3_IRQHandler
 .text.EXTI4_15_IRQHandler
                0x08002f4e       0x18 ./Core/Src/stm32f0xx_it.o
                0x08002f4e                EXTI4_15_IRQHandler
 *fill*         0x08002f66        0x2 
 .text.DMA1_Channel1_IRQHandler
                0x08002f68       0x10 ./Core/Src/stm32f0xx_it.o
                0x08002f68                DMA1_Channel1_IRQHandler
 .text.DMA1_Channel4_5_6_7_IRQHandler
                0x08002f78       0x10 ./Core/Src/stm32f0xx_it.o
                0x08002f78                DMA1_Channel4_5_6_7_IRQHandler
 .text.USB_IRQHandler
                0x08002f88       0x10 ./Core/Src/stm32f0xx_it.o
                0x08002f88                USB_IRQHandler
 .text.SystemInit
                0x08002f98        0x2 ./Core/Src/system_stm32f0xx.o
                0x08002f98                SystemInit
 *fill*         0x08002f9a        0x2 
 .text.MX_TIM1_Init
                0x08002f9c       0x7c ./Core/Src/tim.o
                0x08002f9c                MX_TIM1_Init
 .text.MX_TIM2_Init
                0x08003018       0x74 ./Core/Src/tim.o
                0x08003018                MX_TIM2_Init
 .text.HAL_TIM_Base_MspInit
                0x0800308c       0xb4 ./Core/Src/tim.o
                0x0800308c                HAL_TIM_Base_MspInit
 .text.HAL_TIM_MspPostInit
                0x08003140       0x50 ./Core/Src/tim.o
                0x08003140                HAL_TIM_MspPostInit
 .text.MX_TIM3_Init
                0x08003190       0xc8 ./Core/Src/tim.o
                0x08003190                MX_TIM3_Init
 .text.MX_USART1_UART_Init
                0x08003258       0x38 ./Core/Src/usart.o
                0x08003258                MX_USART1_UART_Init
 .text.HAL_UART_MspInit
                0x08003290       0x64 ./Core/Src/usart.o
                0x08003290                HAL_UART_MspInit
 .text.Reset_Handler
                0x080032f4       0x50 ./Core/Startup/startup_stm32f072cbtx.o
                0x080032f4                Reset_Handler
 .text.Default_Handler
                0x08003344        0x2 ./Core/Startup/startup_stm32f072cbtx.o
                0x08003344                TIM1_CC_IRQHandler
                0x08003344                TSC_IRQHandler
                0x08003344                ADC1_COMP_IRQHandler
                0x08003344                I2C1_IRQHandler
                0x08003344                RCC_CRS_IRQHandler
                0x08003344                SPI1_IRQHandler
                0x08003344                TIM6_DAC_IRQHandler
                0x08003344                USART3_4_IRQHandler
                0x08003344                I2C2_IRQHandler
                0x08003344                TIM17_IRQHandler
                0x08003344                CEC_CAN_IRQHandler
                0x08003344                RTC_IRQHandler
                0x08003344                PVD_VDDIO2_IRQHandler
                0x08003344                TIM16_IRQHandler
                0x08003344                TIM3_IRQHandler
                0x08003344                Default_Handler
                0x08003344                TIM14_IRQHandler
                0x08003344                TIM7_IRQHandler
                0x08003344                TIM15_IRQHandler
                0x08003344                EXTI0_1_IRQHandler
                0x08003344                SPI2_IRQHandler
                0x08003344                WWDG_IRQHandler
                0x08003344                TIM2_IRQHandler
                0x08003344                DMA1_Channel2_3_IRQHandler
                0x08003344                USART2_IRQHandler
                0x08003344                FLASH_IRQHandler
                0x08003344                USART1_IRQHandler
                0x08003344                TIM1_BRK_UP_TRG_COM_IRQHandler
 *fill*         0x08003346        0x2 
 .text.HAL_InitTick
                0x08003348       0x48 ./Drivers/STM32F0xx_HAL_Driver/Src/stm32f0xx_hal.o
                0x08003348                HAL_InitTick
 .text.HAL_IncTick
                0x08003390       0x18 ./Drivers/STM32F0xx_HAL_Driver/Src/stm32f0xx_hal.o
                0x08003390                HAL_IncTick
 .text.HAL_GetTick
                0x080033a8        0xc ./Drivers/STM32F0xx_HAL_Driver/Src/stm32f0xx_hal.o
                0x080033a8                HAL_GetTick
 .text.HAL_Delay
                0x080033b4       0x24 ./Drivers/STM32F0xx_HAL_Driver/Src/stm32f0xx_hal.o
                0x080033b4                HAL_Delay
 .text.ADC_Enable.constprop.0
                0x080033d8       0xa0 ./Drivers/STM32F0xx_HAL_Driver/Src/stm32f0xx_hal_adc.o
 .text.HAL_ADC_Init
                0x08003478      0x144 ./Drivers/STM32F0xx_HAL_Driver/Src/stm32f0xx_hal_adc.o
                0x08003478                HAL_ADC_Init
 .text.HAL_ADC_Start_DMA
                0x080035bc       0x94 ./Drivers/STM32F0xx_HAL_Driver/Src/stm32f0xx_hal_adc.o
                0x080035bc                HAL_ADC_Start_DMA
 .text.HAL_ADC_ConvCpltCallback
                0x08003650        0x2 ./Drivers/STM32F0xx_HAL_Driver/Src/stm32f0xx_hal_adc.o
                0x08003650                HAL_ADC_ConvCpltCallback
 *fill*         0x08003652        0x2 
 .text.ADC_DMAConvCplt
                0x08003654       0x70 ./Drivers/STM32F0xx_HAL_Driver/Src/stm32f0xx_hal_adc.o
 .text.HAL_ADC_ConvHalfCpltCallback
                0x080036c4        0x2 ./Drivers/STM32F0xx_HAL_Driver/Src/stm32f0xx_hal_adc.o
                0x080036c4                HAL_ADC_ConvHalfCpltCallback
 .text.ADC_DMAHalfConvCplt
                0x080036c6        0xa ./Drivers/STM32F0xx_HAL_Driver/Src/stm32f0xx_hal_adc.o
 .text.HAL_ADC_ErrorCallback
                0x080036d0        0x2 ./Drivers/STM32F0xx_HAL_Driver/Src/stm32f0xx_hal_adc.o
                0x080036d0                HAL_ADC_ErrorCallback
 .text.ADC_DMAError
                0x080036d2       0x1a ./Drivers/STM32F0xx_HAL_Driver/Src/stm32f0xx_hal_adc.o
 .text.HAL_ADC_ConfigChannel
                0x080036ec      0x100 ./Drivers/STM32F0xx_HAL_Driver/Src/stm32f0xx_hal_adc.o
                0x080036ec                HAL_ADC_ConfigChannel
 .text.HAL_ADCEx_Calibration_Start
                0x080037ec       0xb0 ./Drivers/STM32F0xx_HAL_Driver/Src/stm32f0xx_hal_adc_ex.o
                0x080037ec                HAL_ADCEx_Calibration_Start
 .text.HAL_NVIC_SetPriority
                0x0800389c       0x54 ./Drivers/STM32F0xx_HAL_Driver/Src/stm32f0xx_hal_cortex.o
                0x0800389c                HAL_NVIC_SetPriority
 .text.HAL_NVIC_EnableIRQ
                0x080038f0       0x18 ./Drivers/STM32F0xx_HAL_Driver/Src/stm32f0xx_hal_cortex.o
                0x080038f0                HAL_NVIC_EnableIRQ
 .text.HAL_SYSTICK_Config
                0x08003908       0x34 ./Drivers/STM32F0xx_HAL_Driver/Src/stm32f0xx_hal_cortex.o
                0x08003908                HAL_SYSTICK_Config
 .text.HAL_DMA_Init
                0x0800393c       0x64 ./Drivers/STM32F0xx_HAL_Driver/Src/stm32f0xx_hal_dma.o
                0x0800393c                HAL_DMA_Init
 .text.HAL_DMA_Start
                0x080039a0       0x5c ./Drivers/STM32F0xx_HAL_Driver/Src/stm32f0xx_hal_dma.o
                0x080039a0                HAL_DMA_Start
 .text.HAL_DMA_Start_IT
                0x080039fc       0x78 ./Drivers/STM32F0xx_HAL_Driver/Src/stm32f0xx_hal_dma.o
                0x080039fc                HAL_DMA_Start_IT
 .text.HAL_DMA_IRQHandler
                0x08003a74       0x92 ./Drivers/STM32F0xx_HAL_Driver/Src/stm32f0xx_hal_dma.o
                0x08003a74                HAL_DMA_IRQHandler
 *fill*         0x08003b06        0x2 
 .text.HAL_GPIO_Init
                0x08003b08      0x17c ./Drivers/STM32F0xx_HAL_Driver/Src/stm32f0xx_hal_gpio.o
                0x08003b08                HAL_GPIO_Init
 .text.HAL_GPIO_ReadPin
                0x08003c84        0xc ./Drivers/STM32F0xx_HAL_Driver/Src/stm32f0xx_hal_gpio.o
                0x08003c84                HAL_GPIO_ReadPin
 .text.HAL_GPIO_WritePin
                0x08003c90        0xc ./Drivers/STM32F0xx_HAL_Driver/Src/stm32f0xx_hal_gpio.o
                0x08003c90                HAL_GPIO_WritePin
 .text.HAL_GPIO_TogglePin
                0x08003c9c       0x10 ./Drivers/STM32F0xx_HAL_Driver/Src/stm32f0xx_hal_gpio.o
                0x08003c9c                HAL_GPIO_TogglePin
 .text.HAL_GPIO_EXTI_IRQHandler
                0x08003cac       0x18 ./Drivers/STM32F0xx_HAL_Driver/Src/stm32f0xx_hal_gpio.o
                0x08003cac                HAL_GPIO_EXTI_IRQHandler
 .text.I2C_Flush_TXDR
                0x08003cc4       0x1c ./Drivers/STM32F0xx_HAL_Driver/Src/stm32f0xx_hal_i2c.o
 .text.I2C_TransferConfig
                0x08003ce0       0x2c ./Drivers/STM32F0xx_HAL_Driver/Src/stm32f0xx_hal_i2c.o
 .text.I2C_IsErrorOccurred
                0x08003d0c       0xfc ./Drivers/STM32F0xx_HAL_Driver/Src/stm32f0xx_hal_i2c.o
 .text.I2C_WaitOnTXISFlagUntilTimeout
                0x08003e08       0x5c ./Drivers/STM32F0xx_HAL_Driver/Src/stm32f0xx_hal_i2c.o
 .text.I2C_WaitOnFlagUntilTimeout
                0x08003e64       0x6e ./Drivers/STM32F0xx_HAL_Driver/Src/stm32f0xx_hal_i2c.o
 .text.I2C_WaitOnSTOPFlagUntilTimeout
                0x08003ed2       0x54 ./Drivers/STM32F0xx_HAL_Driver/Src/stm32f0xx_hal_i2c.o
 *fill*         0x08003f26        0x2 
 .text.HAL_I2C_Init
                0x08003f28       0xbc ./Drivers/STM32F0xx_HAL_Driver/Src/stm32f0xx_hal_i2c.o
                0x08003f28                HAL_I2C_Init
 .text.HAL_I2C_Mem_Write
                0x08003fe4      0x1b4 ./Drivers/STM32F0xx_HAL_Driver/Src/stm32f0xx_hal_i2c.o
                0x08003fe4                HAL_I2C_Mem_Write
 .text.HAL_I2C_Mem_Read
                0x08004198      0x1bc ./Drivers/STM32F0xx_HAL_Driver/Src/stm32f0xx_hal_i2c.o
                0x08004198                HAL_I2C_Mem_Read
 .text.HAL_I2CEx_ConfigAnalogFilter
                0x08004354       0x4c ./Drivers/STM32F0xx_HAL_Driver/Src/stm32f0xx_hal_i2c_ex.o
                0x08004354                HAL_I2CEx_ConfigAnalogFilter
 .text.HAL_I2CEx_ConfigDigitalFilter
                0x080043a0       0x48 ./Drivers/STM32F0xx_HAL_Driver/Src/stm32f0xx_hal_i2c_ex.o
                0x080043a0                HAL_I2CEx_ConfigDigitalFilter
 .text.HAL_PCD_Init
                0x080043e8       0x98 ./Drivers/STM32F0xx_HAL_Driver/Src/stm32f0xx_hal_pcd.o
                0x080043e8                HAL_PCD_Init
 .text.HAL_PCD_Start
                0x08004480       0x26 ./Drivers/STM32F0xx_HAL_Driver/Src/stm32f0xx_hal_pcd.o
                0x08004480                HAL_PCD_Start
 .text.HAL_PCD_SetAddress
                0x080044a6       0x22 ./Drivers/STM32F0xx_HAL_Driver/Src/stm32f0xx_hal_pcd.o
                0x080044a6                HAL_PCD_SetAddress
 .text.HAL_PCD_IRQHandler
                0x080044c8      0x9cc ./Drivers/STM32F0xx_HAL_Driver/Src/stm32f0xx_hal_pcd.o
                0x080044c8                HAL_PCD_IRQHandler
 .text.HAL_PCD_EP_Open
                0x08004e94       0x58 ./Drivers/STM32F0xx_HAL_Driver/Src/stm32f0xx_hal_pcd.o
                0x08004e94                HAL_PCD_EP_Open
 .text.HAL_PCD_EP_Close
                0x08004eec       0x4c ./Drivers/STM32F0xx_HAL_Driver/Src/stm32f0xx_hal_pcd.o
                0x08004eec                HAL_PCD_EP_Close
 .text.HAL_PCD_EP_Receive
                0x08004f38       0x36 ./Drivers/STM32F0xx_HAL_Driver/Src/stm32f0xx_hal_pcd.o
                0x08004f38                HAL_PCD_EP_Receive
 .text.HAL_PCD_EP_GetRxCount
                0x08004f6e       0x10 ./Drivers/STM32F0xx_HAL_Driver/Src/stm32f0xx_hal_pcd.o
                0x08004f6e                HAL_PCD_EP_GetRxCount
 .text.HAL_PCD_EP_Transmit
                0x08004f7e       0x30 ./Drivers/STM32F0xx_HAL_Driver/Src/stm32f0xx_hal_pcd.o
                0x08004f7e                HAL_PCD_EP_Transmit
 .text.HAL_PCD_EP_SetStall
                0x08004fae       0x5c ./Drivers/STM32F0xx_HAL_Driver/Src/stm32f0xx_hal_pcd.o
                0x08004fae                HAL_PCD_EP_SetStall
 .text.HAL_PCD_EP_ClrStall
                0x0800500a       0x5c ./Drivers/STM32F0xx_HAL_Driver/Src/stm32f0xx_hal_pcd.o
                0x0800500a                HAL_PCD_EP_ClrStall
 .text.HAL_PCDEx_PMAConfig
                0x08005066       0x30 ./Drivers/STM32F0xx_HAL_Driver/Src/stm32f0xx_hal_pcd_ex.o
                0x08005066                HAL_PCDEx_PMAConfig
 .text.HAL_PCDEx_ActivateLPM
                0x08005096       0x28 ./Drivers/STM32F0xx_HAL_Driver/Src/stm32f0xx_hal_pcd_ex.o
                0x08005096                HAL_PCDEx_ActivateLPM
 .text.HAL_PCDEx_LPM_Callback
                0x080050be        0x2 ./Drivers/STM32F0xx_HAL_Driver/Src/stm32f0xx_hal_pcd_ex.o
                0x080050be                HAL_PCDEx_LPM_Callback
 .text.HAL_RCC_OscConfig
                0x080050c0      0x4a0 ./Drivers/STM32F0xx_HAL_Driver/Src/stm32f0xx_hal_rcc.o
                0x080050c0                HAL_RCC_OscConfig
 .text.HAL_RCC_GetSysClockFreq
                0x08005560       0x6c ./Drivers/STM32F0xx_HAL_Driver/Src/stm32f0xx_hal_rcc.o
                0x08005560                HAL_RCC_GetSysClockFreq
 .text.HAL_RCC_ClockConfig
                0x080055cc      0x114 ./Drivers/STM32F0xx_HAL_Driver/Src/stm32f0xx_hal_rcc.o
                0x080055cc                HAL_RCC_ClockConfig
 .text.HAL_RCC_GetPCLK1Freq
                0x080056e0       0x20 ./Drivers/STM32F0xx_HAL_Driver/Src/stm32f0xx_hal_rcc.o
                0x080056e0                HAL_RCC_GetPCLK1Freq
 .text.HAL_RCCEx_PeriphCLKConfig
                0x08005700      0x148 ./Drivers/STM32F0xx_HAL_Driver/Src/stm32f0xx_hal_rcc_ex.o
                0x08005700                HAL_RCCEx_PeriphCLKConfig
 .text.HAL_SPI_Init
                0x08005848       0xf0 ./Drivers/STM32F0xx_HAL_Driver/Src/stm32f0xx_hal_spi.o
                0x08005848                HAL_SPI_Init
 .text.TIM_OC1_SetConfig
                0x08005938       0x70 ./Drivers/STM32F0xx_HAL_Driver/Src/stm32f0xx_hal_tim.o
 .text.TIM_OC3_SetConfig
                0x080059a8       0x88 ./Drivers/STM32F0xx_HAL_Driver/Src/stm32f0xx_hal_tim.o
 .text.TIM_OC4_SetConfig
                0x08005a30       0x74 ./Drivers/STM32F0xx_HAL_Driver/Src/stm32f0xx_hal_tim.o
 .text.HAL_TIM_Base_Start
                0x08005aa4       0x58 ./Drivers/STM32F0xx_HAL_Driver/Src/stm32f0xx_hal_tim.o
                0x08005aa4                HAL_TIM_Base_Start
 .text.HAL_TIM_PWM_MspInit
                0x08005afc        0x2 ./Drivers/STM32F0xx_HAL_Driver/Src/stm32f0xx_hal_tim.o
                0x08005afc                HAL_TIM_PWM_MspInit
 *fill*         0x08005afe        0x2 
 .text.TIM_Base_SetConfig
                0x08005b00       0x9c ./Drivers/STM32F0xx_HAL_Driver/Src/stm32f0xx_hal_tim.o
                0x08005b00                TIM_Base_SetConfig
 .text.HAL_TIM_Base_Init
                0x08005b9c       0x50 ./Drivers/STM32F0xx_HAL_Driver/Src/stm32f0xx_hal_tim.o
                0x08005b9c                HAL_TIM_Base_Init
 .text.HAL_TIM_PWM_Init
                0x08005bec       0x50 ./Drivers/STM32F0xx_HAL_Driver/Src/stm32f0xx_hal_tim.o
                0x08005bec                HAL_TIM_PWM_Init
 .text.TIM_OC2_SetConfig
                0x08005c3c       0x80 ./Drivers/STM32F0xx_HAL_Driver/Src/stm32f0xx_hal_tim.o
                0x08005c3c                TIM_OC2_SetConfig
 .text.HAL_TIM_PWM_ConfigChannel
                0x08005cbc       0xc0 ./Drivers/STM32F0xx_HAL_Driver/Src/stm32f0xx_hal_tim.o
                0x08005cbc                HAL_TIM_PWM_ConfigChannel
 .text.TIM_ETR_SetConfig
                0x08005d7c       0x18 ./Drivers/STM32F0xx_HAL_Driver/Src/stm32f0xx_hal_tim.o
                0x08005d7c                TIM_ETR_SetConfig
 .text.HAL_TIM_ConfigClockSource
                0x08005d94      0x12c ./Drivers/STM32F0xx_HAL_Driver/Src/stm32f0xx_hal_tim.o
                0x08005d94                HAL_TIM_ConfigClockSource
 .text.TIM_CCxChannelCmd
                0x08005ec0       0x1a ./Drivers/STM32F0xx_HAL_Driver/Src/stm32f0xx_hal_tim.o
                0x08005ec0                TIM_CCxChannelCmd
 *fill*         0x08005eda        0x2 
 .text.HAL_TIM_OC_Start
                0x08005edc       0xc0 ./Drivers/STM32F0xx_HAL_Driver/Src/stm32f0xx_hal_tim.o
                0x08005edc                HAL_TIM_OC_Start
 .text.HAL_TIM_PWM_Start
                0x08005f9c        0x8 ./Drivers/STM32F0xx_HAL_Driver/Src/stm32f0xx_hal_tim.o
                0x08005f9c                HAL_TIM_PWM_Start
 .text.HAL_TIMEx_MasterConfigSynchronization
                0x08005fa4       0x64 ./Drivers/STM32F0xx_HAL_Driver/Src/stm32f0xx_hal_tim_ex.o
                0x08005fa4                HAL_TIMEx_MasterConfigSynchronization
 .text.UART_EndRxTransfer
                0x08006008       0x5c ./Drivers/STM32F0xx_HAL_Driver/Src/stm32f0xx_hal_uart.o
 .text.UART_SetConfig
                0x08006064      0x184 ./Drivers/STM32F0xx_HAL_Driver/Src/stm32f0xx_hal_uart.o
                0x08006064                UART_SetConfig
 .text.UART_AdvFeatureConfig
                0x080061e8       0xd0 ./Drivers/STM32F0xx_HAL_Driver/Src/stm32f0xx_hal_uart.o
                0x080061e8                UART_AdvFeatureConfig
 .text.UART_WaitOnFlagUntilTimeout
                0x080062b8       0x90 ./Drivers/STM32F0xx_HAL_Driver/Src/stm32f0xx_hal_uart.o
                0x080062b8                UART_WaitOnFlagUntilTimeout
 .text.UART_CheckIdleState
                0x08006348       0xc0 ./Drivers/STM32F0xx_HAL_Driver/Src/stm32f0xx_hal_uart.o
                0x08006348                UART_CheckIdleState
 .text.HAL_UART_Init
                0x08006408       0x64 ./Drivers/STM32F0xx_HAL_Driver/Src/stm32f0xx_hal_uart.o
                0x08006408                HAL_UART_Init
 .text.USB_EnableGlobalInt
                0x0800646c       0x14 ./Drivers/STM32F0xx_HAL_Driver/Src/stm32f0xx_ll_usb.o
                0x0800646c                USB_EnableGlobalInt
 .text.USB_DisableGlobalInt
                0x08006480       0x14 ./Drivers/STM32F0xx_HAL_Driver/Src/stm32f0xx_ll_usb.o
                0x08006480                USB_DisableGlobalInt
 .text.USB_DevInit
                0x08006494       0x1a ./Drivers/STM32F0xx_HAL_Driver/Src/stm32f0xx_ll_usb.o
                0x08006494                USB_DevInit
 *fill*         0x080064ae        0x2 
 .text.USB_ActivateEndpoint
                0x080064b0      0x220 ./Drivers/STM32F0xx_HAL_Driver/Src/stm32f0xx_ll_usb.o
                0x080064b0                USB_ActivateEndpoint
 .text.USB_DeactivateEndpoint
                0x080066d0       0xf4 ./Drivers/STM32F0xx_HAL_Driver/Src/stm32f0xx_ll_usb.o
                0x080066d0                USB_DeactivateEndpoint
 .text.USB_EPSetStall
                0x080067c4       0x44 ./Drivers/STM32F0xx_HAL_Driver/Src/stm32f0xx_ll_usb.o
                0x080067c4                USB_EPSetStall
 .text.USB_EPClearStall
                0x08006808       0x74 ./Drivers/STM32F0xx_HAL_Driver/Src/stm32f0xx_ll_usb.o
                0x08006808                USB_EPClearStall
 .text.USB_SetDevAddress
                0x0800687c        0xe ./Drivers/STM32F0xx_HAL_Driver/Src/stm32f0xx_ll_usb.o
                0x0800687c                USB_SetDevAddress
 .text.USB_DevConnect
                0x0800688a       0x10 ./Drivers/STM32F0xx_HAL_Driver/Src/stm32f0xx_ll_usb.o
                0x0800688a                USB_DevConnect
 .text.USB_ReadInterrupts
                0x0800689a        0x8 ./Drivers/STM32F0xx_HAL_Driver/Src/stm32f0xx_ll_usb.o
                0x0800689a                USB_ReadInterrupts
 .text.USB_WritePMA
                0x080068a2       0x2a ./Drivers/STM32F0xx_HAL_Driver/Src/stm32f0xx_ll_usb.o
                0x080068a2                USB_WritePMA
 .text.USB_EPStartXfer
                0x080068cc      0x464 ./Drivers/STM32F0xx_HAL_Driver/Src/stm32f0xx_ll_usb.o
                0x080068cc                USB_EPStartXfer
 .text.USB_ReadPMA
                0x08006d30       0x36 ./Drivers/STM32F0xx_HAL_Driver/Src/stm32f0xx_ll_usb.o
                0x08006d30                USB_ReadPMA
 *fill*         0x08006d66        0x2 
 .text.USBD_CDC_EP0_RxReady
                0x08006d68       0x34 ./Middlewares/ST/STM32_USB_Device_Library/Class/CDC/Src/usbd_cdc.o
 .text.USBD_CDC_GetFSCfgDesc
                0x08006d9c        0xc ./Middlewares/ST/STM32_USB_Device_Library/Class/CDC/Src/usbd_cdc.o
 .text.USBD_CDC_GetHSCfgDesc
                0x08006da8        0xc ./Middlewares/ST/STM32_USB_Device_Library/Class/CDC/Src/usbd_cdc.o
 .text.USBD_CDC_GetOtherSpeedCfgDesc
                0x08006db4        0xc ./Middlewares/ST/STM32_USB_Device_Library/Class/CDC/Src/usbd_cdc.o
 .text.USBD_CDC_GetDeviceQualifierDescriptor
                0x08006dc0        0xc ./Middlewares/ST/STM32_USB_Device_Library/Class/CDC/Src/usbd_cdc.o
                0x08006dc0                USBD_CDC_GetDeviceQualifierDescriptor
 .text.USBD_CDC_DataOut
                0x08006dcc       0x34 ./Middlewares/ST/STM32_USB_Device_Library/Class/CDC/Src/usbd_cdc.o
 .text.USBD_CDC_DataIn
                0x08006e00       0x4c ./Middlewares/ST/STM32_USB_Device_Library/Class/CDC/Src/usbd_cdc.o
 .text.USBD_CDC_Setup
                0x08006e4c       0xbc ./Middlewares/ST/STM32_USB_Device_Library/Class/CDC/Src/usbd_cdc.o
 .text.USBD_CDC_DeInit
                0x08006f08       0x46 ./Middlewares/ST/STM32_USB_Device_Library/Class/CDC/Src/usbd_cdc.o
 .text.USBD_CDC_Init
                0x08006f4e       0x96 ./Middlewares/ST/STM32_USB_Device_Library/Class/CDC/Src/usbd_cdc.o
 .text.USBD_CDC_RegisterInterface
                0x08006fe4       0x12 ./Middlewares/ST/STM32_USB_Device_Library/Class/CDC/Src/usbd_cdc.o
                0x08006fe4                USBD_CDC_RegisterInterface
 .text.USBD_CDC_SetTxBuffer
                0x08006ff6       0x16 ./Middlewares/ST/STM32_USB_Device_Library/Class/CDC/Src/usbd_cdc.o
                0x08006ff6                USBD_CDC_SetTxBuffer
 .text.USBD_CDC_SetRxBuffer
                0x0800700c        0xe ./Middlewares/ST/STM32_USB_Device_Library/Class/CDC/Src/usbd_cdc.o
                0x0800700c                USBD_CDC_SetRxBuffer
 .text.USBD_CDC_TransmitPacket
                0x0800701a       0x38 ./Middlewares/ST/STM32_USB_Device_Library/Class/CDC/Src/usbd_cdc.o
                0x0800701a                USBD_CDC_TransmitPacket
 .text.USBD_CDC_ReceivePacket
                0x08007052       0x2e ./Middlewares/ST/STM32_USB_Device_Library/Class/CDC/Src/usbd_cdc.o
                0x08007052                USBD_CDC_ReceivePacket
 .text.USBD_Init
                0x08007080       0x34 ./Middlewares/ST/STM32_USB_Device_Library/Core/Src/usbd_core.o
                0x08007080                USBD_Init
 .text.USBD_RegisterClass
                0x080070b4       0x12 ./Middlewares/ST/STM32_USB_Device_Library/Core/Src/usbd_core.o
                0x080070b4                USBD_RegisterClass
 .text.USBD_Start
                0x080070c6        0xa ./Middlewares/ST/STM32_USB_Device_Library/Core/Src/usbd_core.o
                0x080070c6                USBD_Start
 .text.USBD_SetClassConfig
                0x080070d0       0x1c ./Middlewares/ST/STM32_USB_Device_Library/Core/Src/usbd_core.o
                0x080070d0                USBD_SetClassConfig
 .text.USBD_ClrClassConfig
                0x080070ec       0x10 ./Middlewares/ST/STM32_USB_Device_Library/Core/Src/usbd_core.o
                0x080070ec                USBD_ClrClassConfig
 .text.USBD_LL_SetupStage
                0x080070fc       0x64 ./Middlewares/ST/STM32_USB_Device_Library/Core/Src/usbd_core.o
                0x080070fc                USBD_LL_SetupStage
 .text.USBD_LL_DataOutStage
                0x08007160       0x86 ./Middlewares/ST/STM32_USB_Device_Library/Core/Src/usbd_core.o
                0x08007160                USBD_LL_DataOutStage
 .text.USBD_LL_DataInStage
                0x080071e6       0xc8 ./Middlewares/ST/STM32_USB_Device_Library/Core/Src/usbd_core.o
                0x080071e6                USBD_LL_DataInStage
 .text.USBD_LL_Reset
                0x080072ae       0x54 ./Middlewares/ST/STM32_USB_Device_Library/Core/Src/usbd_core.o
                0x080072ae                USBD_LL_Reset
 .text.USBD_LL_SetSpeed
                0x08007302        0x6 ./Middlewares/ST/STM32_USB_Device_Library/Core/Src/usbd_core.o
                0x08007302                USBD_LL_SetSpeed
 .text.USBD_LL_Suspend
                0x08007308       0x18 ./Middlewares/ST/STM32_USB_Device_Library/Core/Src/usbd_core.o
                0x08007308                USBD_LL_Suspend
 .text.USBD_LL_Resume
                0x08007320       0x18 ./Middlewares/ST/STM32_USB_Device_Library/Core/Src/usbd_core.o
                0x08007320                USBD_LL_Resume
 .text.USBD_LL_SOF
                0x08007338       0x1e ./Middlewares/ST/STM32_USB_Device_Library/Core/Src/usbd_core.o
                0x08007338                USBD_LL_SOF
 .text.USBD_CtlError.constprop.0
                0x08007356       0x14 ./Middlewares/ST/STM32_USB_Device_Library/Core/Src/usbd_ctlreq.o
 *fill*         0x0800736a        0x2 
 .text.USBD_StdDevReq
                0x0800736c      0x280 ./Middlewares/ST/STM32_USB_Device_Library/Core/Src/usbd_ctlreq.o
                0x0800736c                USBD_StdDevReq
 .text.USBD_StdItfReq
                0x080075ec       0x50 ./Middlewares/ST/STM32_USB_Device_Library/Core/Src/usbd_ctlreq.o
                0x080075ec                USBD_StdItfReq
 .text.USBD_StdEPReq
                0x0800763c      0x128 ./Middlewares/ST/STM32_USB_Device_Library/Core/Src/usbd_ctlreq.o
                0x0800763c                USBD_StdEPReq
 .text.USBD_ParseSetupRequest
                0x08007764       0x28 ./Middlewares/ST/STM32_USB_Device_Library/Core/Src/usbd_ctlreq.o
                0x08007764                USBD_ParseSetupRequest
 .text.USBD_CtlError
                0x0800778c       0x14 ./Middlewares/ST/STM32_USB_Device_Library/Core/Src/usbd_ctlreq.o
                0x0800778c                USBD_CtlError
 .text.USBD_GetString
                0x080077a0       0x3a ./Middlewares/ST/STM32_USB_Device_Library/Core/Src/usbd_ctlreq.o
                0x080077a0                USBD_GetString
 .text.USBD_CtlSendData
                0x080077da       0x1c ./Middlewares/ST/STM32_USB_Device_Library/Core/Src/usbd_ioreq.o
                0x080077da                USBD_CtlSendData
 .text.USBD_CtlContinueSendData
                0x080077f6       0x10 ./Middlewares/ST/STM32_USB_Device_Library/Core/Src/usbd_ioreq.o
                0x080077f6                USBD_CtlContinueSendData
 .text.USBD_CtlPrepareRx
                0x08007806       0x20 ./Middlewares/ST/STM32_USB_Device_Library/Core/Src/usbd_ioreq.o
                0x08007806                USBD_CtlPrepareRx
 .text.USBD_CtlContinueRx
                0x08007826       0x10 ./Middlewares/ST/STM32_USB_Device_Library/Core/Src/usbd_ioreq.o
                0x08007826                USBD_CtlContinueRx
 .text.USBD_CtlSendStatus
                0x08007836       0x18 ./Middlewares/ST/STM32_USB_Device_Library/Core/Src/usbd_ioreq.o
                0x08007836                USBD_CtlSendStatus
 .text.USBD_CtlReceiveStatus
                0x0800784e       0x18 ./Middlewares/ST/STM32_USB_Device_Library/Core/Src/usbd_ioreq.o
                0x0800784e                USBD_CtlReceiveStatus
 *fill*         0x08007866        0x2 
 .text.MX_USB_DEVICE_Init
                0x08007868       0x58 ./USB_DEVICE/App/usb_device.o
                0x08007868                MX_USB_DEVICE_Init
 .text.CDC_DeInit_FS
                0x080078c0        0x4 ./USB_DEVICE/App/usbd_cdc_if.o
 .text.CDC_Control_FS
                0x080078c4        0x4 ./USB_DEVICE/App/usbd_cdc_if.o
 .text.CDC_Receive_FS
                0x080078c8       0x50 ./USB_DEVICE/App/usbd_cdc_if.o
 .text.CDC_Init_FS
                0x08007918       0x28 ./USB_DEVICE/App/usbd_cdc_if.o
 .text.CDC_Transmit_FS
                0x08007940       0x2c ./USB_DEVICE/App/usbd_cdc_if.o
                0x08007940                CDC_Transmit_FS
 .text.USBD_FS_DeviceDescriptor
                0x0800796c        0xc ./USB_DEVICE/App/usbd_desc.o
                0x0800796c                USBD_FS_DeviceDescriptor
 .text.USBD_FS_LangIDStrDescriptor
                0x08007978        0xc ./USB_DEVICE/App/usbd_desc.o
                0x08007978                USBD_FS_LangIDStrDescriptor
 .text.IntToUnicode
                0x08007984       0x24 ./USB_DEVICE/App/usbd_desc.o
 .text.USBD_FS_SerialStrDescriptor
                0x080079a8       0x48 ./USB_DEVICE/App/usbd_desc.o
                0x080079a8                USBD_FS_SerialStrDescriptor
 .text.USBD_FS_ManufacturerStrDescriptor
                0x080079f0       0x1c ./USB_DEVICE/App/usbd_desc.o
                0x080079f0                USBD_FS_ManufacturerStrDescriptor
 .text.USBD_FS_ProductStrDescriptor
                0x08007a0c       0x1c ./USB_DEVICE/App/usbd_desc.o
                0x08007a0c                USBD_FS_ProductStrDescriptor
 .text.USBD_FS_ConfigStrDescriptor
                0x08007a28       0x1c ./USB_DEVICE/App/usbd_desc.o
                0x08007a28                USBD_FS_ConfigStrDescriptor
 .text.USBD_FS_InterfaceStrDescriptor
                0x08007a44       0x1c ./USB_DEVICE/App/usbd_desc.o
                0x08007a44                USBD_FS_InterfaceStrDescriptor
 .text.USBD_Get_USB_Status
                0x08007a60        0xe ./USB_DEVICE/Target/usbd_conf.o
 *fill*         0x08007a6e        0x2 
 .text.HAL_PCD_MspInit
                0x08007a70       0x38 ./USB_DEVICE/Target/usbd_conf.o
                0x08007a70                HAL_PCD_MspInit
 .text.HAL_PCD_SetupStageCallback
                0x08007aa8       0x12 ./USB_DEVICE/Target/usbd_conf.o
                0x08007aa8                HAL_PCD_SetupStageCallback
 .text.HAL_PCD_DataOutStageCallback
                0x08007aba       0x18 ./USB_DEVICE/Target/usbd_conf.o
                0x08007aba                HAL_PCD_DataOutStageCallback
 .text.HAL_PCD_DataInStageCallback
                0x08007ad2       0x16 ./USB_DEVICE/Target/usbd_conf.o
                0x08007ad2                HAL_PCD_DataInStageCallback
 .text.HAL_PCD_SOFCallback
                0x08007ae8        0xe ./USB_DEVICE/Target/usbd_conf.o
                0x08007ae8                HAL_PCD_SOFCallback
 .text.HAL_PCD_ResetCallback
                0x08007af6       0x22 ./USB_DEVICE/Target/usbd_conf.o
                0x08007af6                HAL_PCD_ResetCallback
 .text.HAL_PCD_SuspendCallback
                0x08007b18       0x24 ./USB_DEVICE/Target/usbd_conf.o
                0x08007b18                HAL_PCD_SuspendCallback
 .text.HAL_PCD_ResumeCallback
                0x08007b3c       0x28 ./USB_DEVICE/Target/usbd_conf.o
                0x08007b3c                HAL_PCD_ResumeCallback
 .text.USBD_LL_Init
                0x08007b64       0x80 ./USB_DEVICE/Target/usbd_conf.o
                0x08007b64                USBD_LL_Init
 .text.USBD_LL_Start
                0x08007be4       0x12 ./USB_DEVICE/Target/usbd_conf.o
                0x08007be4                USBD_LL_Start
 .text.USBD_LL_OpenEP
                0x08007bf6       0x18 ./USB_DEVICE/Target/usbd_conf.o
                0x08007bf6                USBD_LL_OpenEP
 .text.USBD_LL_CloseEP
                0x08007c0e       0x12 ./USB_DEVICE/Target/usbd_conf.o
                0x08007c0e                USBD_LL_CloseEP
 .text.USBD_LL_StallEP
                0x08007c20       0x12 ./USB_DEVICE/Target/usbd_conf.o
                0x08007c20                USBD_LL_StallEP
 .text.USBD_LL_ClearStallEP
                0x08007c32       0x12 ./USB_DEVICE/Target/usbd_conf.o
                0x08007c32                USBD_LL_ClearStallEP
 .text.USBD_LL_IsStallEP
                0x08007c44       0x26 ./USB_DEVICE/Target/usbd_conf.o
                0x08007c44                USBD_LL_IsStallEP
 .text.USBD_LL_SetUSBAddress
                0x08007c6a       0x12 ./USB_DEVICE/Target/usbd_conf.o
                0x08007c6a                USBD_LL_SetUSBAddress
 .text.USBD_LL_Transmit
                0x08007c7c       0x12 ./USB_DEVICE/Target/usbd_conf.o
                0x08007c7c                USBD_LL_Transmit
 .text.USBD_LL_PrepareReceive
                0x08007c8e       0x12 ./USB_DEVICE/Target/usbd_conf.o
                0x08007c8e                USBD_LL_PrepareReceive
 .text.USBD_LL_GetRxDataSize
                0x08007ca0        0xe ./USB_DEVICE/Target/usbd_conf.o
                0x08007ca0                USBD_LL_GetRxDataSize
 *fill*         0x08007cae        0x2 
 .text.USBD_static_malloc
                0x08007cb0        0x8 ./USB_DEVICE/Target/usbd_conf.o
                0x08007cb0                USBD_static_malloc
 .text.USBD_static_free
                0x08007cb8        0x2 ./USB_DEVICE/Target/usbd_conf.o
                0x08007cb8                USBD_static_free
 .text.memset   0x08007cba       0x10 /opt/st/stm32cubeide_1.19.0/plugins/com.st.stm32cube.ide.mcu.externaltools.gnu-tools-for-stm32.13.3.rel1.linux64_1.0.0.202410170706/tools/bin/../lib/gcc/arm-none-eabi/13.3.1/../../../../arm-none-eabi/lib/thumb/v6-m/nofp/libc_nano.a(libc_a-memset.o)
                0x08007cba                memset
 *fill*         0x08007cca        0x2 
 .text.__libc_init_array
                0x08007ccc       0x48 /opt/st/stm32cubeide_1.19.0/plugins/com.st.stm32cube.ide.mcu.externaltools.gnu-tools-for-stm32.13.3.rel1.linux64_1.0.0.202410170706/tools/bin/../lib/gcc/arm-none-eabi/13.3.1/../../../../arm-none-eabi/lib/thumb/v6-m/nofp/libc_nano.a(libc_a-init.o)
                0x08007ccc                __libc_init_array
 .text.memcpy   0x08007d14       0x12 /opt/st/stm32cubeide_1.19.0/plugins/com.st.stm32cube.ide.mcu.externaltools.gnu-tools-for-stm32.13.3.rel1.linux64_1.0.0.202410170706/tools/bin/../lib/gcc/arm-none-eabi/13.3.1/../../../../arm-none-eabi/lib/thumb/v6-m/nofp/libc_nano.a(libc_a-memcpy-stub.o)
                0x08007d14                memcpy
 *(.glue_7)
 .glue_7        0x08007d26        0x0 linker stubs
 *(.glue_7t)
 .glue_7t       0x08007d26        0x0 linker stubs
 *(.eh_frame)
 *fill*         0x08007d26        0x2 
 .eh_frame      0x08007d28        0x0 /opt/st/stm32cubeide_1.19.0/plugins/com.st.stm32cube.ide.mcu.externaltools.gnu-tools-for-stm32.13.3.rel1.linux64_1.0.0.202410170706/tools/bin/../lib/gcc/arm-none-eabi/13.3.1/thumb/v6-m/nofp/crtbegin.o
 *(.init)
 .init          0x08007d28        0x4 /opt/st/stm32cubeide_1.19.0/plugins/com.st.stm32cube.ide.mcu.externaltools.gnu-tools-for-stm32.13.3.rel1.linux64_1.0.0.202410170706/tools/bin/../lib/gcc/arm-none-eabi/13.3.1/thumb/v6-m/nofp/crti.o
                0x08007d28                _init
 .init          0x08007d2c        0x8 /opt/st/stm32cubeide_1.19.0/plugins/com.st.stm32cube.ide.mcu.externaltools.gnu-tools-for-stm32.13.3.rel1.linux64_1.0.0.202410170706/tools/bin/../lib/gcc/arm-none-eabi/13.3.1/thumb/v6-m/nofp/crtn.o
 *(.fini)
 .fini          0x08007d34        0x4 /opt/st/stm32cubeide_1.19.0/plugins/com.st.stm32cube.ide.mcu.externaltools.gnu-tools-for-stm32.13.3.rel1.linux64_1.0.0.202410170706/tools/bin/../lib/gcc/arm-none-eabi/13.3.1/thumb/v6-m/nofp/crti.o
                0x08007d34                _fini
 .fini          0x08007d38        0x8 /opt/st/stm32cubeide_1.19.0/plugins/com.st.stm32cube.ide.mcu.externaltools.gnu-tools-for-stm32.13.3.rel1.linux64_1.0.0.202410170706/tools/bin/../lib/gcc/arm-none-eabi/13.3.1/thumb/v6-m/nofp/crtn.o
                0x08007d40                        . = ALIGN (0x4)
                0x08007d40                        _etext = .

.vfp11_veneer   0x08007d40        0x0
 .vfp11_veneer  0x08007d40        0x0 linker stubs

.v4_bx          0x08007d40        0x0
 .v4_bx         0x08007d40        0x0 linker stubs

.iplt           0x08007d40        0x0
 .iplt          0x08007d40        0x0 /opt/st/stm32cubeide_1.19.0/plugins/com.st.stm32cube.ide.mcu.externaltools.gnu-tools-for-stm32.13.3.rel1.linux64_1.0.0.202410170706/tools/bin/../lib/gcc/arm-none-eabi/13.3.1/thumb/v6-m/nofp/crtbegin.o

.rodata         0x08007d40       0xe4
                0x08007d40                        . = ALIGN (0x4)
 *(.rodata)
 .rodata        0x08007d40       0x7c /opt/st/stm32cubeide_1.19.0/plugins/com.st.stm32cube.ide.mcu.externaltools.gnu-tools-for-stm32.13.3.rel1.linux64_1.0.0.202410170706/tools/bin/../lib/gcc/arm-none-eabi/13.3.1/thumb/v6-m/nofp/libgcc.a(divsf3.o)
 *(.rodata*)
 .rodata.FAC_eeprom_init.cst1
                0x08007dbc        0x1 ./Core/Src/FAC_Code/fac_eeprom.o
 *fill*         0x08007dbd        0x1 
 .rodata.FAC_motor_SET_speed.cst2
                0x08007dbe        0x2 ./Core/Src/FAC_Code/fac_motors.o
 .rodata.FAC_servo_set_position.cst2
                0x08007dc0        0x2 ./Core/Src/FAC_Code/fac_servo.o
 .rodata.FAC_std_receiver_new_channel_value.cst2
                0x08007dc0        0x2 ./Core/Src/FAC_Code/fac_std_receiver.o
 .rodata.APBPrescTable
                0x08007dc0        0x8 ./Core/Src/system_stm32f0xx.o
                0x08007dc0                APBPrescTable
 .rodata.AHBPrescTable
                0x08007dc8       0x10 ./Core/Src/system_stm32f0xx.o
                0x08007dc8                AHBPrescTable
 .rodata.aPredivFactorTable.0
                0x08007dd8       0x10 ./Drivers/STM32F0xx_HAL_Driver/Src/stm32f0xx_hal_rcc.o
 .rodata.aPLLMULFactorTable.1
                0x08007de8       0x10 ./Drivers/STM32F0xx_HAL_Driver/Src/stm32f0xx_hal_rcc.o
 .rodata.USBD_FS_ManufacturerStrDescriptor.str1.1
                0x08007df8       0x2b ./USB_DEVICE/App/usbd_desc.o
                                  0xb (size before relaxing)
 .rodata.USBD_FS_ProductStrDescriptor.str1.1
                0x08007e23        0x7 ./USB_DEVICE/App/usbd_desc.o
 .rodata.USBD_FS_ConfigStrDescriptor.str1.1
                0x08007e23        0xb ./USB_DEVICE/App/usbd_desc.o
 .rodata.USBD_FS_InterfaceStrDescriptor.str1.1
                0x08007e23        0xe ./USB_DEVICE/App/usbd_desc.o
                0x08007e34                        . = ALIGN (0x4)
 *fill*         0x08007e23        0x1 

.ARM.extab      0x08007e24        0x0
                0x08007e24                        . = ALIGN (0x4)
 *(.ARM.extab* .gnu.linkonce.armextab.*)
                0x08007e24                        . = ALIGN (0x4)

.ARM            0x08007e24        0x8
                0x08007e24                        . = ALIGN (0x4)
                0x08007e24                        __exidx_start = .
 *(.ARM.exidx*)
 .ARM.exidx     0x08007e24        0x8 /opt/st/stm32cubeide_1.19.0/plugins/com.st.stm32cube.ide.mcu.externaltools.gnu-tools-for-stm32.13.3.rel1.linux64_1.0.0.202410170706/tools/bin/../lib/gcc/arm-none-eabi/13.3.1/thumb/v6-m/nofp/libgcc.a(_udivmoddi4.o)
 .ARM.exidx     0x08007e2c        0x0 /opt/st/stm32cubeide_1.19.0/plugins/com.st.stm32cube.ide.mcu.externaltools.gnu-tools-for-stm32.13.3.rel1.linux64_1.0.0.202410170706/tools/bin/../lib/gcc/arm-none-eabi/13.3.1/thumb/v6-m/nofp/libgcc.a(_divdi3.o)
                                  0x8 (size before relaxing)
                0x08007e2c                        __exidx_end = .
                0x08007e2c                        . = ALIGN (0x4)

.preinit_array  0x08007e2c        0x0
                0x08007e2c                        . = ALIGN (0x4)
                0x08007e2c                        PROVIDE (__preinit_array_start = .)
 *(.preinit_array*)
                0x08007e2c                        PROVIDE (__preinit_array_end = .)
                0x08007e2c                        . = ALIGN (0x4)

.init_array     0x08007e2c        0x4
                0x08007e2c                        . = ALIGN (0x4)
                0x08007e2c                        PROVIDE (__init_array_start = .)
 *(SORT_BY_NAME(.init_array.*))
 *(.init_array*)
 .init_array    0x08007e2c        0x4 /opt/st/stm32cubeide_1.19.0/plugins/com.st.stm32cube.ide.mcu.externaltools.gnu-tools-for-stm32.13.3.rel1.linux64_1.0.0.202410170706/tools/bin/../lib/gcc/arm-none-eabi/13.3.1/thumb/v6-m/nofp/crtbegin.o
                0x08007e30                        PROVIDE (__init_array_end = .)
                0x08007e30                        . = ALIGN (0x4)

.fini_array     0x08007e30        0x4
                0x08007e30                        . = ALIGN (0x4)
                [!provide]                        PROVIDE (__fini_array_start = .)
 *(SORT_BY_NAME(.fini_array.*))
 *(.fini_array*)
 .fini_array    0x08007e30        0x4 /opt/st/stm32cubeide_1.19.0/plugins/com.st.stm32cube.ide.mcu.externaltools.gnu-tools-for-stm32.13.3.rel1.linux64_1.0.0.202410170706/tools/bin/../lib/gcc/arm-none-eabi/13.3.1/thumb/v6-m/nofp/crtbegin.o
                [!provide]                        PROVIDE (__fini_array_end = .)
                0x08007e34                        . = ALIGN (0x4)
                0x08007e34                        _sidata = LOADADDR (.data)

.rel.dyn        0x08007e34        0x0
 .rel.iplt      0x08007e34        0x0 /opt/st/stm32cubeide_1.19.0/plugins/com.st.stm32cube.ide.mcu.externaltools.gnu-tools-for-stm32.13.3.rel1.linux64_1.0.0.202410170706/tools/bin/../lib/gcc/arm-none-eabi/13.3.1/thumb/v6-m/nofp/crtbegin.o

.data           0x20000000      0x374 load address 0x08007e34
                0x20000000                        . = ALIGN (0x4)
                0x20000000                        _sdata = .
 *(.data)
 *(.data*)
 .data.settings
                0x20000000      0x1f8 ./Core/Src/FAC_Code/fac_settings.o
 .data.SystemCoreClock
                0x200001f8        0x4 ./Core/Src/system_stm32f0xx.o
                0x200001f8                SystemCoreClock
 .data.uwTickFreq
                0x200001fc        0x1 ./Drivers/STM32F0xx_HAL_Driver/Src/stm32f0xx_hal.o
                0x200001fc                uwTickFreq
 *fill*         0x200001fd        0x3 
 .data.uwTickPrio
                0x20000200        0x4 ./Drivers/STM32F0xx_HAL_Driver/Src/stm32f0xx_hal.o
                0x20000200                uwTickPrio
 .data.USBD_CDC_OtherSpeedCfgDesc
                0x20000204       0x43 ./Middlewares/ST/STM32_USB_Device_Library/Class/CDC/Src/usbd_cdc.o
                0x20000204                USBD_CDC_OtherSpeedCfgDesc
 *fill*         0x20000247        0x1 
 .data.USBD_CDC_CfgFSDesc
                0x20000248       0x43 ./Middlewares/ST/STM32_USB_Device_Library/Class/CDC/Src/usbd_cdc.o
                0x20000248                USBD_CDC_CfgFSDesc
 *fill*         0x2000028b        0x1 
 .data.USBD_CDC_CfgHSDesc
                0x2000028c       0x43 ./Middlewares/ST/STM32_USB_Device_Library/Class/CDC/Src/usbd_cdc.o
                0x2000028c                USBD_CDC_CfgHSDesc
 *fill*         0x200002cf        0x1 
 .data.USBD_CDC
                0x200002d0       0x38 ./Middlewares/ST/STM32_USB_Device_Library/Class/CDC/Src/usbd_cdc.o
                0x200002d0                USBD_CDC
 .data.USBD_CDC_DeviceQualifierDesc
                0x20000308        0xa ./Middlewares/ST/STM32_USB_Device_Library/Class/CDC/Src/usbd_cdc.o
 *fill*         0x20000312        0x2 
 .data.USBD_Interface_fops_FS
                0x20000314       0x10 ./USB_DEVICE/App/usbd_cdc_if.o
                0x20000314                USBD_Interface_fops_FS
 .data.USBD_StringSerial
                0x20000324       0x1a ./USB_DEVICE/App/usbd_desc.o
                0x20000324                USBD_StringSerial
 *fill*         0x2000033e        0x2 
 .data.USBD_LangIDDesc
                0x20000340        0x4 ./USB_DEVICE/App/usbd_desc.o
                0x20000340                USBD_LangIDDesc
 .data.USBD_FS_DeviceDesc
                0x20000344       0x12 ./USB_DEVICE/App/usbd_desc.o
                0x20000344                USBD_FS_DeviceDesc
 *fill*         0x20000356        0x2 
 .data.FS_Desc  0x20000358       0x1c ./USB_DEVICE/App/usbd_desc.o
                0x20000358                FS_Desc
 *(.RamFunc)
 *(.RamFunc*)
                0x20000374                        . = ALIGN (0x4)
                0x20000374                        _edata = .

.igot.plt       0x20000374        0x0 load address 0x080081a8
 .igot.plt      0x20000374        0x0 /opt/st/stm32cubeide_1.19.0/plugins/com.st.stm32cube.ide.mcu.externaltools.gnu-tools-for-stm32.13.3.rel1.linux64_1.0.0.202410170706/tools/bin/../lib/gcc/arm-none-eabi/13.3.1/thumb/v6-m/nofp/crtbegin.o
                0x20000374                        . = ALIGN (0x4)

.bss            0x20000374     0x267c load address 0x080081a8
                0x20000374                        _sbss = .
                0x20000374                        __bss_start__ = _sbss
 *(.bss)
 .bss           0x20000374       0x1c /opt/st/stm32cubeide_1.19.0/plugins/com.st.stm32cube.ide.mcu.externaltools.gnu-tools-for-stm32.13.3.rel1.linux64_1.0.0.202410170706/tools/bin/../lib/gcc/arm-none-eabi/13.3.1/thumb/v6-m/nofp/crtbegin.o
 *(.bss*)
 .bss.ADC_values
                0x20000390        0x4 ./Core/Src/FAC_Code/fac_adc.o
 .bss.adc       0x20000394        0x8 ./Core/Src/FAC_Code/fac_adc.o
 .bss.time.0    0x2000039c        0x4 ./Core/Src/FAC_Code/fac_app.o
 .bss.newComSerialReceived
                0x200003a0        0x1 ./Core/Src/FAC_Code/fac_app.o
                0x200003a0                newComSerialReceived
 *fill*         0x200003a1        0x1 
 .bss.battery   0x200003a2        0xa ./Core/Src/FAC_Code/fac_battery.o
 .bss.eeprom    0x200003ac        0x1 ./Core/Src/FAC_Code/fac_eeprom.o
 *fill*         0x200003ad        0x3 
 .bss.motors    0x200003b0        0xc ./Core/Src/FAC_Code/fac_motors.o
 .bss.motor3    0x200003bc        0xa ./Core/Src/FAC_Code/fac_motors.o
 .bss.motor2    0x200003c6        0xa ./Core/Src/FAC_Code/fac_motors.o
 .bss.motor1    0x200003d0        0xa ./Core/Src/FAC_Code/fac_motors.o
 *fill*         0x200003da        0x2 
 .bss.ppmReceiver
                0x200003dc       0x18 ./Core/Src/FAC_Code/fac_ppm_receiver.o
 .bss.pwmReceiver
                0x200003f4       0x20 ./Core/Src/FAC_Code/fac_pwm_receiver.o
 .bss.servos    0x20000414        0x8 ./Core/Src/FAC_Code/fac_servo.o
 .bss.servo2    0x2000041c        0xc ./Core/Src/FAC_Code/fac_servo.o
 .bss.servo1    0x20000428        0xc ./Core/Src/FAC_Code/fac_servo.o
 .bss.comSerialBuffer
                0x20000434       0x40 ./Core/Src/FAC_Code/fac_settings.o
                0x20000434                comSerialBuffer
 .bss.receiver  0x20000474       0x12 ./Core/Src/FAC_Code/fac_std_receiver.o
                0x20000474                receiver
 *fill*         0x20000486        0x2 
 .bss.sFunctions
                0x20000488       0xb4 ./Core/Src/FAC_Code/mixes_functions/fac_functions.o
                0x20000488                sFunctions
 .bss.mixes     0x2000053c       0x5c ./Core/Src/FAC_Code/mixes_functions/fac_mixes.o
 .bss.dataA     0x20000598      0xfa0 ./Core/Src/Libraries/DMApwm.o
 .bss.hdma_adc  0x20001538       0x44 ./Core/Src/adc.o
                0x20001538                hdma_adc
 .bss.hadc      0x2000157c       0x40 ./Core/Src/adc.o
                0x2000157c                hadc
 .bss.hi2c1     0x200015bc       0x54 ./Core/Src/i2c.o
                0x200015bc                hi2c1
 .bss.chs       0x20001610       0x10 ./Core/Src/main.o
                0x20001610                chs
 .bss.hspi2     0x20001620       0x64 ./Core/Src/spi.o
                0x20001620                hspi2
 .bss.hdma_tim1_up
                0x20001684       0x44 ./Core/Src/tim.o
                0x20001684                hdma_tim1_up
 .bss.htim3     0x200016c8       0x48 ./Core/Src/tim.o
                0x200016c8                htim3
 .bss.htim2     0x20001710       0x48 ./Core/Src/tim.o
                0x20001710                htim2
 .bss.htim1     0x20001758       0x48 ./Core/Src/tim.o
                0x20001758                htim1
 .bss.huart1    0x200017a0       0x88 ./Core/Src/usart.o
                0x200017a0                huart1
 .bss.uwTick    0x20001828        0x4 ./Drivers/STM32F0xx_HAL_Driver/Src/stm32f0xx_hal.o
                0x20001828                uwTick
 .bss.cfgidx.0  0x2000182c        0x1 ./Middlewares/ST/STM32_USB_Device_Library/Core/Src/usbd_ctlreq.o
 *fill*         0x2000182d        0x3 
 .bss.hUsbDeviceFS
                0x20001830      0x2c4 ./USB_DEVICE/App/usb_device.o
                0x20001830                hUsbDeviceFS
 .bss.UserTxBufferFS
                0x20001af4      0x400 ./USB_DEVICE/App/usbd_cdc_if.o
                0x20001af4                UserTxBufferFS
 .bss.UserRxBufferFS
                0x20001ef4      0x400 ./USB_DEVICE/App/usbd_cdc_if.o
                0x20001ef4                UserRxBufferFS
 .bss.USBD_StrDesc
                0x200022f4      0x200 ./USB_DEVICE/App/usbd_desc.o
                0x200022f4                USBD_StrDesc
 .bss.mem.0     0x200024f4      0x220 ./USB_DEVICE/Target/usbd_conf.o
 .bss.hpcd_USB_FS
                0x20002714      0x2dc ./USB_DEVICE/Target/usbd_conf.o
                0x20002714                hpcd_USB_FS
 *(COMMON)
                0x200029f0                        . = ALIGN (0x4)
                0x200029f0                        _ebss = .
                0x200029f0                        __bss_end__ = _ebss

._user_heap_stack
                0x200029f0      0x600 load address 0x080081a8
                0x200029f0                        . = ALIGN (0x8)
                [!provide]                        PROVIDE (end = .)
                0x200029f0                        PROVIDE (_end = .)
                0x20002bf0                        . = (. + _Min_Heap_Size)
 *fill*         0x200029f0      0x200 
                0x20002ff0                        . = (. + _Min_Stack_Size)
 *fill*         0x20002bf0      0x400 
                0x20002ff0                        . = ALIGN (0x8)

/DISCARD/
 libc.a(*)
 libm.a(*)
 libgcc.a(*)

.ARM.attributes
                0x00000000       0x28
 *(.ARM.attributes)
 .ARM.attributes
                0x00000000       0x1e /opt/st/stm32cubeide_1.19.0/plugins/com.st.stm32cube.ide.mcu.externaltools.gnu-tools-for-stm32.13.3.rel1.linux64_1.0.0.202410170706/tools/bin/../lib/gcc/arm-none-eabi/13.3.1/thumb/v6-m/nofp/crti.o
 .ARM.attributes
                0x0000001e       0x2c /opt/st/stm32cubeide_1.19.0/plugins/com.st.stm32cube.ide.mcu.externaltools.gnu-tools-for-stm32.13.3.rel1.linux64_1.0.0.202410170706/tools/bin/../lib/gcc/arm-none-eabi/13.3.1/thumb/v6-m/nofp/crtbegin.o
 .ARM.attributes
                0x0000004a       0x2c ./Core/Src/FAC_Code/fac_adc.o
 .ARM.attributes
                0x00000076       0x2c ./Core/Src/FAC_Code/fac_app.o
 .ARM.attributes
                0x000000a2       0x2c ./Core/Src/FAC_Code/fac_battery.o
 .ARM.attributes
                0x000000ce       0x2c ./Core/Src/FAC_Code/fac_eeprom.o
 .ARM.attributes
                0x000000fa       0x2c ./Core/Src/FAC_Code/fac_mapper.o
 .ARM.attributes
                0x00000126       0x2c ./Core/Src/FAC_Code/fac_motors.o
 .ARM.attributes
                0x00000152       0x2c ./Core/Src/FAC_Code/fac_ppm_receiver.o
 .ARM.attributes
                0x0000017e       0x2c ./Core/Src/FAC_Code/fac_pwm_receiver.o
 .ARM.attributes
                0x000001aa       0x2c ./Core/Src/FAC_Code/fac_servo.o
 .ARM.attributes
                0x000001d6       0x2c ./Core/Src/FAC_Code/fac_settings.o
 .ARM.attributes
                0x00000202       0x2c ./Core/Src/FAC_Code/fac_std_receiver.o
 .ARM.attributes
                0x0000022e       0x2c ./Core/Src/FAC_Code/mixes_functions/fac_functions.o
 .ARM.attributes
                0x0000025a       0x2c ./Core/Src/FAC_Code/mixes_functions/fac_mixes.o
 .ARM.attributes
                0x00000286       0x2c ./Core/Src/FAC_Code/mixes_functions/functions/fac_direct_link_function.o
 .ARM.attributes
                0x000002b2       0x2c ./Core/Src/FAC_Code/mixes_functions/mixes/fac_simple_tank_mix.o
 .ARM.attributes
                0x000002de       0x2c ./Core/Src/Libraries/DMApwm.o
 .ARM.attributes
                0x0000030a       0x2c ./Core/Src/adc.o
 .ARM.attributes
                0x00000336       0x2c ./Core/Src/dma.o
 .ARM.attributes
                0x00000362       0x2c ./Core/Src/gpio.o
 .ARM.attributes
                0x0000038e       0x2c ./Core/Src/i2c.o
 .ARM.attributes
                0x000003ba       0x2c ./Core/Src/main.o
 .ARM.attributes
                0x000003e6       0x2c ./Core/Src/spi.o
 .ARM.attributes
                0x00000412       0x2c ./Core/Src/stm32f0xx_it.o
 .ARM.attributes
                0x0000043e       0x2c ./Core/Src/system_stm32f0xx.o
 .ARM.attributes
                0x0000046a       0x2c ./Core/Src/tim.o
 .ARM.attributes
                0x00000496       0x2c ./Core/Src/usart.o
 .ARM.attributes
                0x000004c2       0x21 ./Core/Startup/startup_stm32f072cbtx.o
 .ARM.attributes
                0x000004e3       0x2c ./Drivers/STM32F0xx_HAL_Driver/Src/stm32f0xx_hal.o
 .ARM.attributes
                0x0000050f       0x2c ./Drivers/STM32F0xx_HAL_Driver/Src/stm32f0xx_hal_adc.o
 .ARM.attributes
                0x0000053b       0x2c ./Drivers/STM32F0xx_HAL_Driver/Src/stm32f0xx_hal_adc_ex.o
 .ARM.attributes
                0x00000567       0x2c ./Drivers/STM32F0xx_HAL_Driver/Src/stm32f0xx_hal_cortex.o
 .ARM.attributes
                0x00000593       0x2c ./Drivers/STM32F0xx_HAL_Driver/Src/stm32f0xx_hal_dma.o
 .ARM.attributes
                0x000005bf       0x2c ./Drivers/STM32F0xx_HAL_Driver/Src/stm32f0xx_hal_gpio.o
 .ARM.attributes
                0x000005eb       0x2c ./Drivers/STM32F0xx_HAL_Driver/Src/stm32f0xx_hal_i2c.o
 .ARM.attributes
                0x00000617       0x2c ./Drivers/STM32F0xx_HAL_Driver/Src/stm32f0xx_hal_i2c_ex.o
 .ARM.attributes
                0x00000643       0x2c ./Drivers/STM32F0xx_HAL_Driver/Src/stm32f0xx_hal_pcd.o
 .ARM.attributes
                0x0000066f       0x2c ./Drivers/STM32F0xx_HAL_Driver/Src/stm32f0xx_hal_pcd_ex.o
 .ARM.attributes
                0x0000069b       0x2c ./Drivers/STM32F0xx_HAL_Driver/Src/stm32f0xx_hal_rcc.o
 .ARM.attributes
                0x000006c7       0x2c ./Drivers/STM32F0xx_HAL_Driver/Src/stm32f0xx_hal_rcc_ex.o
 .ARM.attributes
                0x000006f3       0x2c ./Drivers/STM32F0xx_HAL_Driver/Src/stm32f0xx_hal_spi.o
 .ARM.attributes
                0x0000071f       0x2c ./Drivers/STM32F0xx_HAL_Driver/Src/stm32f0xx_hal_tim.o
 .ARM.attributes
                0x0000074b       0x2c ./Drivers/STM32F0xx_HAL_Driver/Src/stm32f0xx_hal_tim_ex.o
 .ARM.attributes
                0x00000777       0x2c ./Drivers/STM32F0xx_HAL_Driver/Src/stm32f0xx_hal_uart.o
 .ARM.attributes
                0x000007a3       0x2c ./Drivers/STM32F0xx_HAL_Driver/Src/stm32f0xx_ll_usb.o
 .ARM.attributes
                0x000007cf       0x2c ./Middlewares/ST/STM32_USB_Device_Library/Class/CDC/Src/usbd_cdc.o
 .ARM.attributes
                0x000007fb       0x2c ./Middlewares/ST/STM32_USB_Device_Library/Core/Src/usbd_core.o
 .ARM.attributes
                0x00000827       0x2c ./Middlewares/ST/STM32_USB_Device_Library/Core/Src/usbd_ctlreq.o
 .ARM.attributes
                0x00000853       0x2c ./Middlewares/ST/STM32_USB_Device_Library/Core/Src/usbd_ioreq.o
 .ARM.attributes
                0x0000087f       0x2c ./USB_DEVICE/App/usb_device.o
 .ARM.attributes
                0x000008ab       0x2c ./USB_DEVICE/App/usbd_cdc_if.o
 .ARM.attributes
                0x000008d7       0x2c ./USB_DEVICE/App/usbd_desc.o
 .ARM.attributes
                0x00000903       0x2c ./USB_DEVICE/Target/usbd_conf.o
 .ARM.attributes
                0x0000092f       0x2c /opt/st/stm32cubeide_1.19.0/plugins/com.st.stm32cube.ide.mcu.externaltools.gnu-tools-for-stm32.13.3.rel1.linux64_1.0.0.202410170706/tools/bin/../lib/gcc/arm-none-eabi/13.3.1/../../../../arm-none-eabi/lib/thumb/v6-m/nofp/libc_nano.a(libc_a-memset.o)
 .ARM.attributes
                0x0000095b       0x2c /opt/st/stm32cubeide_1.19.0/plugins/com.st.stm32cube.ide.mcu.externaltools.gnu-tools-for-stm32.13.3.rel1.linux64_1.0.0.202410170706/tools/bin/../lib/gcc/arm-none-eabi/13.3.1/../../../../arm-none-eabi/lib/thumb/v6-m/nofp/libc_nano.a(libc_a-init.o)
 .ARM.attributes
                0x00000987       0x2c /opt/st/stm32cubeide_1.19.0/plugins/com.st.stm32cube.ide.mcu.externaltools.gnu-tools-for-stm32.13.3.rel1.linux64_1.0.0.202410170706/tools/bin/../lib/gcc/arm-none-eabi/13.3.1/../../../../arm-none-eabi/lib/thumb/v6-m/nofp/libc_nano.a(libc_a-memcpy-stub.o)
 .ARM.attributes
                0x000009b3       0x1c /opt/st/stm32cubeide_1.19.0/plugins/com.st.stm32cube.ide.mcu.externaltools.gnu-tools-for-stm32.13.3.rel1.linux64_1.0.0.202410170706/tools/bin/../lib/gcc/arm-none-eabi/13.3.1/../../../../arm-none-eabi/lib/thumb/v6-m/nofp/libc_nano.a(libc_a-strlen.o)
 .ARM.attributes
                0x000009cf       0x1e /opt/st/stm32cubeide_1.19.0/plugins/com.st.stm32cube.ide.mcu.externaltools.gnu-tools-for-stm32.13.3.rel1.linux64_1.0.0.202410170706/tools/bin/../lib/gcc/arm-none-eabi/13.3.1/thumb/v6-m/nofp/libgcc.a(_thumb1_case_sqi.o)
 .ARM.attributes
                0x000009ed       0x1e /opt/st/stm32cubeide_1.19.0/plugins/com.st.stm32cube.ide.mcu.externaltools.gnu-tools-for-stm32.13.3.rel1.linux64_1.0.0.202410170706/tools/bin/../lib/gcc/arm-none-eabi/13.3.1/thumb/v6-m/nofp/libgcc.a(_thumb1_case_uqi.o)
 .ARM.attributes
                0x00000a0b       0x1e /opt/st/stm32cubeide_1.19.0/plugins/com.st.stm32cube.ide.mcu.externaltools.gnu-tools-for-stm32.13.3.rel1.linux64_1.0.0.202410170706/tools/bin/../lib/gcc/arm-none-eabi/13.3.1/thumb/v6-m/nofp/libgcc.a(_thumb1_case_shi.o)
 .ARM.attributes
                0x00000a29       0x1e /opt/st/stm32cubeide_1.19.0/plugins/com.st.stm32cube.ide.mcu.externaltools.gnu-tools-for-stm32.13.3.rel1.linux64_1.0.0.202410170706/tools/bin/../lib/gcc/arm-none-eabi/13.3.1/thumb/v6-m/nofp/libgcc.a(_udivsi3.o)
 .ARM.attributes
                0x00000a47       0x1e /opt/st/stm32cubeide_1.19.0/plugins/com.st.stm32cube.ide.mcu.externaltools.gnu-tools-for-stm32.13.3.rel1.linux64_1.0.0.202410170706/tools/bin/../lib/gcc/arm-none-eabi/13.3.1/thumb/v6-m/nofp/libgcc.a(_divsi3.o)
 .ARM.attributes
                0x00000a65       0x1e /opt/st/stm32cubeide_1.19.0/plugins/com.st.stm32cube.ide.mcu.externaltools.gnu-tools-for-stm32.13.3.rel1.linux64_1.0.0.202410170706/tools/bin/../lib/gcc/arm-none-eabi/13.3.1/thumb/v6-m/nofp/libgcc.a(_dvmd_tls.o)
 .ARM.attributes
                0x00000a83       0x1e /opt/st/stm32cubeide_1.19.0/plugins/com.st.stm32cube.ide.mcu.externaltools.gnu-tools-for-stm32.13.3.rel1.linux64_1.0.0.202410170706/tools/bin/../lib/gcc/arm-none-eabi/13.3.1/thumb/v6-m/nofp/libgcc.a(_arm_cmpsf2.o)
 .ARM.attributes
                0x00000aa1       0x1e /opt/st/stm32cubeide_1.19.0/plugins/com.st.stm32cube.ide.mcu.externaltools.gnu-tools-for-stm32.13.3.rel1.linux64_1.0.0.202410170706/tools/bin/../lib/gcc/arm-none-eabi/13.3.1/thumb/v6-m/nofp/libgcc.a(_aeabi_ldivmod.o)
 .ARM.attributes
                0x00000abf       0x1e /opt/st/stm32cubeide_1.19.0/plugins/com.st.stm32cube.ide.mcu.externaltools.gnu-tools-for-stm32.13.3.rel1.linux64_1.0.0.202410170706/tools/bin/../lib/gcc/arm-none-eabi/13.3.1/thumb/v6-m/nofp/libgcc.a(_aeabi_uldivmod.o)
 .ARM.attributes
                0x00000add       0x2c /opt/st/stm32cubeide_1.19.0/plugins/com.st.stm32cube.ide.mcu.externaltools.gnu-tools-for-stm32.13.3.rel1.linux64_1.0.0.202410170706/tools/bin/../lib/gcc/arm-none-eabi/13.3.1/thumb/v6-m/nofp/libgcc.a(_muldi3.o)
 .ARM.attributes
                0x00000b09       0x2c /opt/st/stm32cubeide_1.19.0/plugins/com.st.stm32cube.ide.mcu.externaltools.gnu-tools-for-stm32.13.3.rel1.linux64_1.0.0.202410170706/tools/bin/../lib/gcc/arm-none-eabi/13.3.1/thumb/v6-m/nofp/libgcc.a(_fixunssfsi.o)
 .ARM.attributes
                0x00000b35       0x2c /opt/st/stm32cubeide_1.19.0/plugins/com.st.stm32cube.ide.mcu.externaltools.gnu-tools-for-stm32.13.3.rel1.linux64_1.0.0.202410170706/tools/bin/../lib/gcc/arm-none-eabi/13.3.1/thumb/v6-m/nofp/libgcc.a(_udivmoddi4.o)
 .ARM.attributes
                0x00000b61       0x2c /opt/st/stm32cubeide_1.19.0/plugins/com.st.stm32cube.ide.mcu.externaltools.gnu-tools-for-stm32.13.3.rel1.linux64_1.0.0.202410170706/tools/bin/../lib/gcc/arm-none-eabi/13.3.1/thumb/v6-m/nofp/libgcc.a(bpabi.o)
 .ARM.attributes
                0x00000b8d       0x2c /opt/st/stm32cubeide_1.19.0/plugins/com.st.stm32cube.ide.mcu.externaltools.gnu-tools-for-stm32.13.3.rel1.linux64_1.0.0.202410170706/tools/bin/../lib/gcc/arm-none-eabi/13.3.1/thumb/v6-m/nofp/libgcc.a(addsf3.o)
 .ARM.attributes
                0x00000bb9       0x2c /opt/st/stm32cubeide_1.19.0/plugins/com.st.stm32cube.ide.mcu.externaltools.gnu-tools-for-stm32.13.3.rel1.linux64_1.0.0.202410170706/tools/bin/../lib/gcc/arm-none-eabi/13.3.1/thumb/v6-m/nofp/libgcc.a(divsf3.o)
 .ARM.attributes
                0x00000be5       0x2c /opt/st/stm32cubeide_1.19.0/plugins/com.st.stm32cube.ide.mcu.externaltools.gnu-tools-for-stm32.13.3.rel1.linux64_1.0.0.202410170706/tools/bin/../lib/gcc/arm-none-eabi/13.3.1/thumb/v6-m/nofp/libgcc.a(eqsf2.o)
 .ARM.attributes
                0x00000c11       0x2c /opt/st/stm32cubeide_1.19.0/plugins/com.st.stm32cube.ide.mcu.externaltools.gnu-tools-for-stm32.13.3.rel1.linux64_1.0.0.202410170706/tools/bin/../lib/gcc/arm-none-eabi/13.3.1/thumb/v6-m/nofp/libgcc.a(gesf2.o)
 .ARM.attributes
                0x00000c3d       0x2c /opt/st/stm32cubeide_1.19.0/plugins/com.st.stm32cube.ide.mcu.externaltools.gnu-tools-for-stm32.13.3.rel1.linux64_1.0.0.202410170706/tools/bin/../lib/gcc/arm-none-eabi/13.3.1/thumb/v6-m/nofp/libgcc.a(lesf2.o)
 .ARM.attributes
                0x00000c69       0x2c /opt/st/stm32cubeide_1.19.0/plugins/com.st.stm32cube.ide.mcu.externaltools.gnu-tools-for-stm32.13.3.rel1.linux64_1.0.0.202410170706/tools/bin/../lib/gcc/arm-none-eabi/13.3.1/thumb/v6-m/nofp/libgcc.a(mulsf3.o)
 .ARM.attributes
                0x00000c95       0x2c /opt/st/stm32cubeide_1.19.0/plugins/com.st.stm32cube.ide.mcu.externaltools.gnu-tools-for-stm32.13.3.rel1.linux64_1.0.0.202410170706/tools/bin/../lib/gcc/arm-none-eabi/13.3.1/thumb/v6-m/nofp/libgcc.a(subsf3.o)
 .ARM.attributes
                0x00000cc1       0x2c /opt/st/stm32cubeide_1.19.0/plugins/com.st.stm32cube.ide.mcu.externaltools.gnu-tools-for-stm32.13.3.rel1.linux64_1.0.0.202410170706/tools/bin/../lib/gcc/arm-none-eabi/13.3.1/thumb/v6-m/nofp/libgcc.a(fixsfsi.o)
 .ARM.attributes
                0x00000ced       0x2c /opt/st/stm32cubeide_1.19.0/plugins/com.st.stm32cube.ide.mcu.externaltools.gnu-tools-for-stm32.13.3.rel1.linux64_1.0.0.202410170706/tools/bin/../lib/gcc/arm-none-eabi/13.3.1/thumb/v6-m/nofp/libgcc.a(floatunsisf.o)
 .ARM.attributes
                0x00000d19       0x1e /opt/st/stm32cubeide_1.19.0/plugins/com.st.stm32cube.ide.mcu.externaltools.gnu-tools-for-stm32.13.3.rel1.linux64_1.0.0.202410170706/tools/bin/../lib/gcc/arm-none-eabi/13.3.1/thumb/v6-m/nofp/libgcc.a(_clzsi2.o)
 .ARM.attributes
                0x00000d37       0x1e /opt/st/stm32cubeide_1.19.0/plugins/com.st.stm32cube.ide.mcu.externaltools.gnu-tools-for-stm32.13.3.rel1.linux64_1.0.0.202410170706/tools/bin/../lib/gcc/arm-none-eabi/13.3.1/thumb/v6-m/nofp/libgcc.a(_clzdi2.o)
 .ARM.attributes
                0x00000d55       0x2c /opt/st/stm32cubeide_1.19.0/plugins/com.st.stm32cube.ide.mcu.externaltools.gnu-tools-for-stm32.13.3.rel1.linux64_1.0.0.202410170706/tools/bin/../lib/gcc/arm-none-eabi/13.3.1/thumb/v6-m/nofp/libgcc.a(_divdi3.o)
 .ARM.attributes
                0x00000d81       0x1e /opt/st/stm32cubeide_1.19.0/plugins/com.st.stm32cube.ide.mcu.externaltools.gnu-tools-for-stm32.13.3.rel1.linux64_1.0.0.202410170706/tools/bin/../lib/gcc/arm-none-eabi/13.3.1/thumb/v6-m/nofp/crtn.o
OUTPUT(FAC Firmware V2.elf elf32-littlearm)
LOAD linker stubs
LOAD /opt/st/stm32cubeide_1.19.0/plugins/com.st.stm32cube.ide.mcu.externaltools.gnu-tools-for-stm32.13.3.rel1.linux64_1.0.0.202410170706/tools/bin/../lib/gcc/arm-none-eabi/13.3.1/../../../../arm-none-eabi/lib/thumb/v6-m/nofp/libc.a
LOAD /opt/st/stm32cubeide_1.19.0/plugins/com.st.stm32cube.ide.mcu.externaltools.gnu-tools-for-stm32.13.3.rel1.linux64_1.0.0.202410170706/tools/bin/../lib/gcc/arm-none-eabi/13.3.1/../../../../arm-none-eabi/lib/thumb/v6-m/nofp/libm.a
LOAD /opt/st/stm32cubeide_1.19.0/plugins/com.st.stm32cube.ide.mcu.externaltools.gnu-tools-for-stm32.13.3.rel1.linux64_1.0.0.202410170706/tools/bin/../lib/gcc/arm-none-eabi/13.3.1/thumb/v6-m/nofp/libgcc.a

.debug_info     0x00000000    0x2c6ac
 .debug_info    0x00000000      0x6ca ./Core/Src/FAC_Code/fac_adc.o
 .debug_info    0x000006ca      0x552 ./Core/Src/FAC_Code/fac_app.o
 .debug_info    0x00000c1c      0x500 ./Core/Src/FAC_Code/fac_battery.o
 .debug_info    0x0000111c      0xa8c ./Core/Src/FAC_Code/fac_eeprom.o