../Core/Src/FAC_Code/fac_motors.c:64:13:FAC_motor_apply_settings	16	static
../Core/Src/FAC_Code/fac_motors.c:32:9:FAC_motor_GET_direction	0	static
../Core/Src/FAC_Code/fac_motors.c:36:10:FAC_motor_GET_speed	0	static
../Core/Src/FAC_Code/fac_motors.c:40:9:FAC_motor_GET_brake_en	0	static
../Core/Src/FAC_Code/fac_motors.c:107:6:FAC_motor_enable_brake	0	static
../Core/Src/FAC_Code/fac_motors.c:115:6:FAC_motor_disable_brake	0	static
../Core/Src/FAC_Code/fac_motors.c:124:6:FAC_motor_set_speed_direction	16	static
../Core/Src/FAC_Code/fac_motors.c:135:6:FAC_motor_make_noise	40	static
../Core/Src/FAC_Code/fac_motors.c:159:6:FAC_motor_Init	8	static
