Archive member included to satisfy reference by file (symbol)

C:/ST/STM32CubeIDE_1.9.0/STM32CubeIDE/plugins/com.st.stm32cube.ide.mcu.externaltools.gnu-tools-for-stm32.12.3.rel1.win32_1.1.0.202410251130/tools/bin/../lib/gcc/arm-none-eabi/12.3.1/../../../../arm-none-eabi/lib/thumb/v6-m/nofp\libc_nano.a(libc_a-atoi.o)
                              ./Core/Src/settings.o (atoi)
C:/ST/STM32CubeIDE_1.9.0/STM32CubeIDE/plugins/com.st.stm32cube.ide.mcu.externaltools.gnu-tools-for-stm32.12.3.rel1.win32_1.1.0.202410251130/tools/bin/../lib/gcc/arm-none-eabi/12.3.1/../../../../arm-none-eabi/lib/thumb/v6-m/nofp\libc_nano.a(libc_a-exit.o)
                              C:/ST/STM32CubeIDE_1.9.0/STM32CubeIDE/plugins/com.st.stm32cube.ide.mcu.externaltools.gnu-tools-for-stm32.12.3.rel1.win32_1.1.0.202410251130/tools/bin/../lib/gcc/arm-none-eabi/12.3.1/../../../../arm-none-eabi/lib/thumb/v6-m/nofp/crt0.o (exit)
C:/ST/STM32CubeIDE_1.9.0/STM32CubeIDE/plugins/com.st.stm32cube.ide.mcu.externaltools.gnu-tools-for-stm32.12.3.rel1.win32_1.1.0.202410251130/tools/bin/../lib/gcc/arm-none-eabi/12.3.1/../../../../arm-none-eabi/lib/thumb/v6-m/nofp\libc_nano.a(libc_a-strtol.o)
                              C:/ST/STM32CubeIDE_1.9.0/STM32CubeIDE/plugins/com.st.stm32cube.ide.mcu.externaltools.gnu-tools-for-stm32.12.3.rel1.win32_1.1.0.202410251130/tools/bin/../lib/gcc/arm-none-eabi/12.3.1/../../../../arm-none-eabi/lib/thumb/v6-m/nofp\libc_nano.a(libc_a-atoi.o) (_strtol_r)
C:/ST/STM32CubeIDE_1.9.0/STM32CubeIDE/plugins/com.st.stm32cube.ide.mcu.externaltools.gnu-tools-for-stm32.12.3.rel1.win32_1.1.0.202410251130/tools/bin/../lib/gcc/arm-none-eabi/12.3.1/../../../../arm-none-eabi/lib/thumb/v6-m/nofp\libc_nano.a(libc_a-ctype_.o)
                              C:/ST/STM32CubeIDE_1.9.0/STM32CubeIDE/plugins/com.st.stm32cube.ide.mcu.externaltools.gnu-tools-for-stm32.12.3.rel1.win32_1.1.0.202410251130/tools/bin/../lib/gcc/arm-none-eabi/12.3.1/../../../../arm-none-eabi/lib/thumb/v6-m/nofp\libc_nano.a(libc_a-strtol.o) (_ctype_)
C:/ST/STM32CubeIDE_1.9.0/STM32CubeIDE/plugins/com.st.stm32cube.ide.mcu.externaltools.gnu-tools-for-stm32.12.3.rel1.win32_1.1.0.202410251130/tools/bin/../lib/gcc/arm-none-eabi/12.3.1/../../../../arm-none-eabi/lib/thumb/v6-m/nofp\libc_nano.a(libc_a-findfp.o)
                              C:/ST/STM32CubeIDE_1.9.0/STM32CubeIDE/plugins/com.st.stm32cube.ide.mcu.externaltools.gnu-tools-for-stm32.12.3.rel1.win32_1.1.0.202410251130/tools/bin/../lib/gcc/arm-none-eabi/12.3.1/../../../../arm-none-eabi/lib/thumb/v6-m/nofp\libc_nano.a(libc_a-exit.o) (__stdio_exit_handler)
C:/ST/STM32CubeIDE_1.9.0/STM32CubeIDE/plugins/com.st.stm32cube.ide.mcu.externaltools.gnu-tools-for-stm32.12.3.rel1.win32_1.1.0.202410251130/tools/bin/../lib/gcc/arm-none-eabi/12.3.1/../../../../arm-none-eabi/lib/thumb/v6-m/nofp\libc_nano.a(libc_a-fwalk.o)
                              C:/ST/STM32CubeIDE_1.9.0/STM32CubeIDE/plugins/com.st.stm32cube.ide.mcu.externaltools.gnu-tools-for-stm32.12.3.rel1.win32_1.1.0.202410251130/tools/bin/../lib/gcc/arm-none-eabi/12.3.1/../../../../arm-none-eabi/lib/thumb/v6-m/nofp\libc_nano.a(libc_a-findfp.o) (_fwalk_sglue)
C:/ST/STM32CubeIDE_1.9.0/STM32CubeIDE/plugins/com.st.stm32cube.ide.mcu.externaltools.gnu-tools-for-stm32.12.3.rel1.win32_1.1.0.202410251130/tools/bin/../lib/gcc/arm-none-eabi/12.3.1/../../../../arm-none-eabi/lib/thumb/v6-m/nofp\libc_nano.a(libc_a-sprintf.o)
                              ./Core/Src/settings.o (sprintf)
C:/ST/STM32CubeIDE_1.9.0/STM32CubeIDE/plugins/com.st.stm32cube.ide.mcu.externaltools.gnu-tools-for-stm32.12.3.rel1.win32_1.1.0.202410251130/tools/bin/../lib/gcc/arm-none-eabi/12.3.1/../../../../arm-none-eabi/lib/thumb/v6-m/nofp\libc_nano.a(libc_a-stdio.o)
                              C:/ST/STM32CubeIDE_1.9.0/STM32CubeIDE/plugins/com.st.stm32cube.ide.mcu.externaltools.gnu-tools-for-stm32.12.3.rel1.win32_1.1.0.202410251130/tools/bin/../lib/gcc/arm-none-eabi/12.3.1/../../../../arm-none-eabi/lib/thumb/v6-m/nofp\libc_nano.a(libc_a-findfp.o) (__sread)
C:/ST/STM32CubeIDE_1.9.0/STM32CubeIDE/plugins/com.st.stm32cube.ide.mcu.externaltools.gnu-tools-for-stm32.12.3.rel1.win32_1.1.0.202410251130/tools/bin/../lib/gcc/arm-none-eabi/12.3.1/../../../../arm-none-eabi/lib/thumb/v6-m/nofp\libc_nano.a(libc_a-memset.o)
                              C:/ST/STM32CubeIDE_1.9.0/STM32CubeIDE/plugins/com.st.stm32cube.ide.mcu.externaltools.gnu-tools-for-stm32.12.3.rel1.win32_1.1.0.202410251130/tools/bin/../lib/gcc/arm-none-eabi/12.3.1/../../../../arm-none-eabi/lib/thumb/v6-m/nofp/crt0.o (memset)
C:/ST/STM32CubeIDE_1.9.0/STM32CubeIDE/plugins/com.st.stm32cube.ide.mcu.externaltools.gnu-tools-for-stm32.12.3.rel1.win32_1.1.0.202410251130/tools/bin/../lib/gcc/arm-none-eabi/12.3.1/../../../../arm-none-eabi/lib/thumb/v6-m/nofp\libc_nano.a(libc_a-strtok.o)
                              ./Core/Src/settings.o (strtok)
[...]
Memory Configuration

Name             Origin             Length             Attributes
RAM              0x20000000         0x00004000         xrw
FLASH            0x08000000         0x00020000         xr
*default*        0x00000000         0xffffffff

Linker script and memory map

LOAD C:/ST/STM32CubeIDE_1.9.0/STM32CubeIDE/plugins/com.st.stm32cube.ide.mcu.externaltools.gnu-tools-for-stm32.12.3.rel1.win32_1.1.0.202410251130/tools/bin/../lib/gcc/arm-none-eabi/12.3.1/thumb/v6-m/nofp/crti.o
LOAD C:/ST/STM32CubeIDE_1.9.0/STM32CubeIDE/plugins/com.st.stm32cube.ide.mcu.externaltools.gnu-tools-for-stm32.12.3.rel1.win32_1.1.0.202410251130/tools/bin/../lib/gcc/arm-none-eabi/12.3.1/thumb/v6-m/nofp/crtbegin.o
LOAD C:/ST/STM32CubeIDE_1.9.0/STM32CubeIDE/plugins/com.st.stm32cube.ide.mcu.externaltools.gnu-tools-for-stm32.12.3.rel1.win32_1.1.0.202410251130/tools/bin/../lib/gcc/arm-none-eabi/12.3.1/../../../../arm-none-eabi/lib/thumb/v6-m/nofp/crt0.o
LOAD ./Core/Src/DMApwm.o
LOAD ./Core/Src/battery.o
LOAD ./Core/Src/main.o
LOAD ./Core/Src/motor.o
LOAD ./Core/Src/reciever.o
LOAD ./Core/Src/servo.o
LOAD ./Core/Src/settings.o
LOAD ./Core/Src/stm32f0xx_hal_msp.o
LOAD ./Core/Src/stm32f0xx_it.o
LOAD ./Core/Src/syscalls.o
LOAD ./Core/Src/sysmem.o
LOAD ./Core/Src/system_stm32f0xx.o
LOAD ./Core/Startup/startup_stm32f070cbtx.o
LOAD ./Drivers/STM32F0xx_HAL_Driver/Src/stm32f0xx_hal.o
LOAD ./Drivers/STM32F0xx_HAL_Driver/Src/stm32f0xx_hal_adc.o
LOAD ./Drivers/STM32F0xx_HAL_Driver/Src/stm32f0xx_hal_adc_ex.o
LOAD ./Drivers/STM32F0xx_HAL_Driver/Src/stm32f0xx_hal_cortex.o
LOAD ./Drivers/STM32F0xx_HAL_Driver/Src/stm32f0xx_hal_dma.o
LOAD ./Drivers/STM32F0xx_HAL_Driver/Src/stm32f0xx_hal_exti.o
LOAD ./Drivers/STM32F0xx_HAL_Driver/Src/stm32f0xx_hal_flash.o
LOAD ./Drivers/STM32F0xx_HAL_Driver/Src/stm32f0xx_hal_flash_ex.o
LOAD ./Drivers/STM32F0xx_HAL_Driver/Src/stm32f0xx_hal_gpio.o
LOAD ./Drivers/STM32F0xx_HAL_Driver/Src/stm32f0xx_hal_i2c.o
LOAD ./Drivers/STM32F0xx_HAL_Driver/Src/stm32f0xx_hal_i2c_ex.o
LOAD ./Drivers/STM32F0xx_HAL_Driver/Src/stm32f0xx_hal_pcd.o
LOAD ./Drivers/STM32F0xx_HAL_Driver/Src/stm32f0xx_hal_pcd_ex.o
LOAD ./Drivers/STM32F0xx_HAL_Driver/Src/stm32f0xx_hal_pwr.o
LOAD ./Drivers/STM32F0xx_HAL_Driver/Src/stm32f0xx_hal_pwr_ex.o
LOAD ./Drivers/STM32F0xx_HAL_Driver/Src/stm32f0xx_hal_rcc.o
LOAD ./Drivers/STM32F0xx_HAL_Driver/Src/stm32f0xx_hal_rcc_ex.o
LOAD ./Drivers/STM32F0xx_HAL_Driver/Src/stm32f0xx_hal_tim.o
LOAD ./Drivers/STM32F0xx_HAL_Driver/Src/stm32f0xx_hal_tim_ex.o
LOAD ./Drivers/STM32F0xx_HAL_Driver/Src/stm32f0xx_ll_usb.o
LOAD ./Middlewares/ST/STM32_USB_Device_Library/Class/CDC/Src/usbd_cdc.o
LOAD ./Middlewares/ST/STM32_USB_Device_Library/Core/Src/usbd_core.o
LOAD ./Middlewares/ST/STM32_USB_Device_Library/Core/Src/usbd_ctlreq.o
LOAD ./Middlewares/ST/STM32_USB_Device_Library/Core/Src/usbd_ioreq.o
LOAD ./USB_DEVICE/App/usb_device.o
LOAD ./USB_DEVICE/App/usbd_cdc_if.o
LOAD ./USB_DEVICE/App/usbd_desc.o
LOAD ./USB_DEVICE/Target/usbd_conf.o
START GROUP
LOAD C:/ST/STM32CubeIDE_1.9.0/STM32CubeIDE/plugins/com.st.stm32cube.ide.mcu.externaltools.gnu-tools-for-stm32.12.3.rel1.win32_1.1.0.202410251130/tools/bin/../lib/gcc/arm-none-eabi/12.3.1/../../../../arm-none-eabi/lib/thumb/v6-m/nofp\libc_nano.a
LOAD C:/ST/STM32CubeIDE_1.9.0/STM32CubeIDE/plugins/com.st.stm32cube.ide.mcu.externaltools.gnu-tools-for-stm32.12.3.rel1.win32_1.1.0.202410251130/tools/bin/../lib/gcc/arm-none-eabi/12.3.1/../../../../arm-none-eabi/lib/thumb/v6-m/nofp\libm.a
END GROUP
START GROUP
LOAD C:/ST/STM32CubeIDE_1.9.0/STM32CubeIDE/plugins/com.st.stm32cube.ide.mcu.externaltools.gnu-tools-for-stm32.12.3.rel1.win32_1.1.0.202410251130/tools/bin/../lib/gcc/arm-none-eabi/12.3.1/thumb/v6-m/nofp\libgcc.a
LOAD C:/ST/STM32CubeIDE_1.9.0/STM32CubeIDE/plugins/com.st.stm32cube.ide.mcu.externaltools.gnu-tools-for-stm32.12.3.rel1.win32_1.1.0.202410251130/tools/bin/../lib/gcc/arm-none-eabi/12.3.1/../../../../arm-none-eabi/lib/thumb/v6-m/nofp\libc_nano.a
END GROUP
START GROUP
LOAD C:/ST/STM32CubeIDE_1.9.0/STM32CubeIDE/plugins/com.st.stm32cube.ide.mcu.externaltools.gnu-tools-for-stm32.12.3.rel1.win32_1.1.0.202410251130/tools/bin/../lib/gcc/arm-none-eabi/12.3.1/thumb/v6-m/nofp\libgcc.a
LOAD C:/ST/STM32CubeIDE_1.9.0/STM32CubeIDE/plugins/com.st.stm32cube.ide.mcu.externaltools.gnu-tools-for-stm32.12.3.rel1.win32_1.1.0.202410251130/tools/bin/../lib/gcc/arm-none-eabi/12.3.1/../../../../arm-none-eabi/lib/thumb/v6-m/nofp\libc_nano.a
LOAD C:/ST/STM32CubeIDE_1.9.0/STM32CubeIDE/plugins/com.st.stm32cube.ide.mcu.externaltools.gnu-tools-for-stm32.12.3.rel1.win32_1.1.0.202410251130/tools/bin/../lib/gcc/arm-none-eabi/12.3.1/../../../../arm-none-eabi/lib/thumb/v6-m/nofp\libnosys.a
END GROUP
START GROUP
LOAD C:/ST/STM32CubeIDE_1.9.0/STM32CubeIDE/plugins/com.st.stm32cube.ide.mcu.externaltools.gnu-tools-for-stm32.12.3.rel1.win32_1.1.0.202410251130/tools/bin/../lib/gcc/arm-none-eabi/12.3.1/thumb/v6-m/nofp\libgcc.a
LOAD C:/ST/STM32CubeIDE_1.9.0/STM32CubeIDE/plugins/com.st.stm32cube.ide.mcu.externaltools.gnu-tools-for-stm32.12.3.rel1.win32_1.1.0.202410251130/tools/bin/../lib/gcc/arm-none-eabi/12.3.1/../../../../arm-none-eabi/lib/thumb/v6-m/nofp\libc_nano.a
LOAD C:/ST/STM32CubeIDE_1.9.0/STM32CubeIDE/plugins/com.st.stm32cube.ide.mcu.externaltools.gnu-tools-for-stm32.12.3.rel1.win32_1.1.0.202410251130/tools/bin/../lib/gcc/arm-none-eabi/12.3.1/../../../../arm-none-eabi/lib/thumb/v6-m/nofp\libnosys.a
END GROUP
LOAD C:/ST/STM32CubeIDE_1.9.0/STM32CubeIDE/plugins/com.st.stm32cube.ide.mcu.externaltools.gnu-tools-for-stm32.12.3.rel1.win32_1.1.0.202410251130/tools/bin/../lib/gcc/arm-none-eabi/12.3.1/thumb/v6-m/nofp/crtend.o
LOAD C:/ST/STM32CubeIDE_1.9.0/STM32CubeIDE/plugins/com.st.stm32cube.ide.mcu.externaltools.gnu-tools-for-stm32.12.3.rel1.win32_1.1.0.202410251130/tools/bin/../lib/gcc/arm-none-eabi/12.3.1/thumb/v6-m/nofp/crtn.o
                0x20004000                        _estack = (ORIGIN (RAM) + LENGTH (RAM))
                0x00000200                        _Min_Heap_Size = 0x200
                0x00000400                        _Min_Stack_Size = 0x400

.isr_vector     0x08000000       0xc0
                0x08000000                        . = ALIGN (0x4)
 *(.isr_vector)
 .isr_vector    0x08000000       0xc0 ./Core/Startup/startup_stm32f070cbtx.o
                0x08000000                g_pfnVectors
                0x080000c0                        . = ALIGN (0x4)

.text           0x080000c0     0x77e4
                0x080000c0                        . = ALIGN (0x4)
 *(.text)
 .text          0x080000c0       0x48 C:/ST/STM32CubeIDE_1.9.0/STM32CubeIDE/plugins/com.st.stm32cube.ide.mcu.externaltools.gnu-tools-for-stm32.12.3.rel1.win32_1.1.0.202410251130/tools/bin/../lib/gcc/arm-none-eabi/12.3.1/thumb/v6-m/nofp/crtbegin.o
 .text          0x08000108       0x14 C:/ST/STM32CubeIDE_1.9.0/STM32CubeIDE/plugins/com.st.stm32cube.ide.mcu.externaltools.gnu-tools-for-stm32.12.3.rel1.win32_1.1.0.202410251130/tools/bin/../lib/gcc/arm-none-eabi/12.3.1/../../../../arm-none-eabi/lib/thumb/v6-m/nofp\libc_nano.a(libc_a-strcmp.o)
                0x08000108                strcmp
 .text          0x0800011c        0xe C:/ST/STM32CubeIDE_1.9.0/STM32CubeIDE/plugins/com.st.stm32cube.ide.mcu.externaltools.gnu-tools-for-stm32.12.3.rel1.win32_1.1.0.202410251130/tools/bin/../lib/gcc/arm-none-eabi/12.3.1/../../../../arm-none-eabi/lib/thumb/v6-m/nofp\libc_nano.a(libc_a-strlen.o)
                0x0800011c                strlen
 *fill*         0x0800012a        0x2 
 .text          0x0800012c       0x14 C:/ST/STM32CubeIDE_1.9.0/STM32CubeIDE/plugins/com.st.stm32cube.ide.mcu.externaltools.gnu-tools-for-stm32.12.3.rel1.win32_1.1.0.202410251130/tools/bin/../lib/gcc/arm-none-eabi/12.3.1/thumb/v6-m/nofp\libgcc.a(_thumb1_case_uqi.o)
                0x0800012c                __gnu_thumb1_case_uqi
 .text          0x08000140       0x14 C:/ST/STM32CubeIDE_1.9.0/STM32CubeIDE/plugins/com.st.stm32cube.ide.mcu.externaltools.gnu-tools-for-stm32.12.3.rel1.win32_1.1.0.202410251130/tools/bin/../lib/gcc/arm-none-eabi/12.3.1/thumb/v6-m/nofp\libgcc.a(_thumb1_case_shi.o)
                0x08000140                __gnu_thumb1_case_shi
 .text          0x08000154       0x14 C:/ST/STM32CubeIDE_1.9.0/STM32CubeIDE/plugins/com.st.stm32cube.ide.mcu.externaltools.gnu-tools-for-stm32.12.3.rel1.win32_1.1.0.202410251130/tools/bin/../lib/gcc/arm-none-eabi/12.3.1/thumb/v6-m/nofp\libgcc.a(_thumb1_case_uhi.o)
                0x08000154                __gnu_thumb1_case_uhi
 .text          0x08000168      0x114 C:/ST/STM32CubeIDE_1.9.0/STM32CubeIDE/plugins/com.st.stm32cube.ide.mcu.externaltools.gnu-tools-for-stm32.12.3.rel1.win32_1.1.0.202410251130/tools/bin/../lib/gcc/arm-none-eabi/12.3.1/thumb/v6-m/nofp\libgcc.a(_udivsi3.o)
                0x08000168                __aeabi_uidiv
                0x08000168                __udivsi3
                0x08000274                __aeabi_uidivmod
 .text          0x0800027c      0x1d4 C:/ST/STM32CubeIDE_1.9.0/STM32CubeIDE/plugins/com.st.stm32cube.ide.mcu.externaltools.gnu-tools-for-stm32.12.3.rel1.win32_1.1.0.202410251130/tools/bin/../lib/gcc/arm-none-eabi/12.3.1/thumb/v6-m/nofp\libgcc.a(_divsi3.o)
                0x0800027c                __divsi3
                0x0800027c                __aeabi_idiv
                0x08000448                __aeabi_idivmod
 .text          0x08000450        0x4 C:/ST/STM32CubeIDE_1.9.0/STM32CubeIDE/plugins/com.st.stm32cube.ide.mcu.externaltools.gnu-tools-for-stm32.12.3.rel1.win32_1.1.0.202410251130/tools/bin/../lib/gcc/arm-none-eabi/12.3.1/thumb/v6-m/nofp\libgcc.a(_dvmd_tls.o)
                0x08000450                __aeabi_idiv0
                0x08000450                __aeabi_ldiv0
 *(.text*)
 .text.setSoftPWM
                0x08000454       0x24 ./Core/Src/DMApwm.o
                0x08000454                setSoftPWM
 .text.setDMApwmDuty
                0x08000478       0x34 ./Core/Src/DMApwm.o
                0x08000478                setDMApwmDuty
 .text.zeroSoftPWM
                0x080004ac        0xe ./Core/Src/DMApwm.o
                0x080004ac                zeroSoftPWM
 *fill*         0x080004ba        0x2 
 .text.initDMApwm
                0x080004bc       0x88 ./Core/Src/DMApwm.o
                0x080004bc                initDMApwm
 .text.getADCValue
                0x08000544       0x20 ./Core/Src/battery.o
                0x08000544                getADCValue
 .text.initBattery
                0x08000564       0x14 ./Core/Src/battery.o
                0x08000564                initBattery
 .text.getBattVoltage
                0x08000578       0x20 ./Core/Src/battery.o
                0x08000578                getBattVoltage
 .text.getBatteryConfiguration
                0x08000598       0x34 ./Core/Src/battery.o
                0x08000598                getBatteryConfiguration
 .text.SystemClock_Config
                0x080005cc       0x8c ./Core/Src/main.o
                0x080005cc                SystemClock_Config
 .text.startup.main
                0x08000658      0x7dc ./Core/Src/main.o
                0x08000658                main
 .text.map      0x08000e34       0x1c ./Core/Src/main.o
                0x08000e34                map
 .text.Error_Handler
                0x08000e50        0x4 ./Core/Src/main.o
                0x08000e50                Error_Handler
 .text.initMotors
                0x08000e54        0x8 ./Core/Src/motor.o
                0x08000e54                initMotors
 .text.getMotorRev
                0x08000e5c       0x2c ./Core/Src/motor.o
                0x08000e5c                getMotorRev
 .text.calculateSpeedWithDeadZoneDouble
                0x08000e88       0x10 ./Core/Src/motor.o
                0x08000e88                calculateSpeedWithDeadZoneDouble
 .text.setMotorSpeedBidirectional
                0x08000e98      0x100 ./Core/Src/motor.o
                0x08000e98                setMotorSpeedBidirectional
 .text.setTankMotor
                0x08000f98       0x28 ./Core/Src/motor.o
                0x08000f98                setTankMotor
 .text.disableMotor
                0x08000fc0       0x30 ./Core/Src/motor.o
                0x08000fc0                disableMotor
 .text.enableMotor
                0x08000ff0       0x30 ./Core/Src/motor.o
                0x08000ff0                enableMotor
 .text.setMotorSpeedUnidirectional
                0x08001020       0x12 ./Core/Src/motor.o
                0x08001020                setMotorSpeedUnidirectional
 *fill*         0x08001032        0x2 
 .text.makeSound
                0x08001034       0x48 ./Core/Src/motor.o
                0x08001034                makeSound
 .text.getChannelValuePercentage
                0x0800107c       0x38 ./Core/Src/reciever.o
                0x0800107c                getChannelValuePercentage
 .text.initReciever
                0x080010b4        0x8 ./Core/Src/reciever.o
                0x080010b4                initReciever
 .text.HAL_GPIO_EXTI_Callback
                0x080010bc      0x14c ./Core/Src/reciever.o
                0x080010bc                HAL_GPIO_EXTI_Callback
 .text.tankMix  0x08001208       0x54 ./Core/Src/reciever.o
                0x08001208                tankMix
 .text.getServoRev
                0x0800125c       0x20 ./Core/Src/servo.o
                0x0800125c                getServoRev
 .text.setServoAngle
                0x0800127c       0x70 ./Core/Src/servo.o
                0x0800127c                setServoAngle
 .text.setServoIsEnable
                0x080012ec       0x18 ./Core/Src/servo.o
                0x080012ec                setServoIsEnable
 .text.remove_all_chars
                0x08001304       0x1c ./Core/Src/settings.o
                0x08001304                remove_all_chars
 .text.decodeCommand
                0x08001320       0x70 ./Core/Src/settings.o
                0x08001320                decodeCommand
 .text.serialPrintString
                0x08001390       0x12 ./Core/Src/settings.o
                0x08001390                serialPrintString
 *fill*         0x080013a2        0x2 
 .text.read_byte_eeprom
                0x080013a4       0x2c ./Core/Src/settings.o
                0x080013a4                read_byte_eeprom
 .text.readSettingsFromEeprom
                0x080013d0      0x12c ./Core/Src/settings.o
                0x080013d0                readSettingsFromEeprom
 .text.loadSettingsFromEeprom
                0x080014fc        0x8 ./Core/Src/settings.o
                0x080014fc                loadSettingsFromEeprom
 .text.write_byte_eeprom
                0x08001504       0x30 ./Core/Src/settings.o
                0x08001504                write_byte_eeprom
 .text.storeSettingsToEeprom
                0x08001534      0x128 ./Core/Src/settings.o
                0x08001534                storeSettingsToEeprom
 .text.serialPrintStatus
                0x0800165c       0xd0 ./Core/Src/settings.o
                0x0800165c                serialPrintStatus
 .text.serialPrintSettings
                0x0800172c      0x174 ./Core/Src/settings.o
                0x0800172c                serialPrintSettings
 .text.modifySettingsWithCommand
                0x080018a0      0x400 ./Core/Src/settings.o
                0x080018a0                modifySettingsWithCommand
 .text.HAL_MspInit
                0x08001ca0       0x30 ./Core/Src/stm32f0xx_hal_msp.o
                0x08001ca0                HAL_MspInit
 .text.HAL_ADC_MspInit
                0x08001cd0       0x5c ./Core/Src/stm32f0xx_hal_msp.o
                0x08001cd0                HAL_ADC_MspInit
 .text.HAL_I2C_MspInit
                0x08001d2c       0x6c ./Core/Src/stm32f0xx_hal_msp.o
                0x08001d2c                HAL_I2C_MspInit
 .text.HAL_TIM_Base_MspInit
                0x08001d98      0x124 ./Core/Src/stm32f0xx_hal_msp.o
                0x08001d98                HAL_TIM_Base_MspInit
 .text.HAL_TIM_MspPostInit
                0x08001ebc       0x74 ./Core/Src/stm32f0xx_hal_msp.o
                0x08001ebc                HAL_TIM_MspPostInit
 .text.NMI_Handler
                0x08001f30        0x2 ./Core/Src/stm32f0xx_it.o
                0x08001f30                NMI_Handler
 .text.HardFault_Handler
                0x08001f32        0x2 ./Core/Src/stm32f0xx_it.o
                0x08001f32                HardFault_Handler
 .text.SVC_Handler
                0x08001f34        0x2 ./Core/Src/stm32f0xx_it.o
                0x08001f34                SVC_Handler
 .text.PendSV_Handler
                0x08001f36        0x2 ./Core/Src/stm32f0xx_it.o
                0x08001f36                PendSV_Handler
 .text.SysTick_Handler
                0x08001f38        0x8 ./Core/Src/stm32f0xx_it.o
                0x08001f38                SysTick_Handler
 .text.EXTI0_1_IRQHandler
                0x08001f40       0x10 ./Core/Src/stm32f0xx_it.o
                0x08001f40                EXTI0_1_IRQHandler
 .text.EXTI2_3_IRQHandler
                0x08001f50       0x10 ./Core/Src/stm32f0xx_it.o
                0x08001f50                EXTI2_3_IRQHandler
 .text.DMA1_Channel2_3_IRQHandler
                0x08001f60       0x10 ./Core/Src/stm32f0xx_it.o
                0x08001f60                DMA1_Channel2_3_IRQHandler
 .text.DMA1_Channel4_5_IRQHandler
                0x08001f70       0x10 ./Core/Src/stm32f0xx_it.o
                0x08001f70                DMA1_Channel4_5_IRQHandler
 .text.USB_IRQHandler
                0x08001f80       0x10 ./Core/Src/stm32f0xx_it.o
                0x08001f80                USB_IRQHandler
 .text._getpid  0x08001f90        0x4 ./Core/Src/syscalls.o
                0x08001f90                _getpid
 .text._kill    0x08001f94       0x10 ./Core/Src/syscalls.o
                0x08001f94                _kill
 .text._exit    0x08001fa4        0xc ./Core/Src/syscalls.o
                0x08001fa4                _exit
 .text._read    0x08001fb0       0x1a ./Core/Src/syscalls.o
                0x08001fb0                _read
 .text._write   0x08001fca       0x1a ./Core/Src/syscalls.o
                0x08001fca                _write
 .text._close   0x08001fe4        0x6 ./Core/Src/syscalls.o
                0x08001fe4                _close
 .text._fstat   0x08001fea        0xa ./Core/Src/syscalls.o
                0x08001fea                _fstat
 .text._isatty  0x08001ff4        0x4 ./Core/Src/syscalls.o
                0x08001ff4                _isatty
 .text._lseek   0x08001ff8        0x4 ./Core/Src/syscalls.o
                0x08001ff8                _lseek
 .text._sbrk    0x08001ffc       0x40 ./Core/Src/sysmem.o
                0x08001ffc                _sbrk
 .text.SystemInit
                0x0800203c        0x2 ./Core/Src/system_stm32f0xx.o
                0x0800203c                SystemInit
 *fill*         0x0800203e        0x2 
 .text.Reset_Handler
                0x08002040       0x50 ./Core/Startup/startup_stm32f070cbtx.o
                0x08002040                Reset_Handler
 .text.Default_Handler
                0x08002090        0x2 ./Core/Startup/startup_stm32f070cbtx.o
                0x08002090                TIM1_CC_IRQHandler
                0x08002090                TIM6_IRQHandler
                0x08002090                I2C1_IRQHandler
                0x08002090                SPI1_IRQHandler
                0x08002090                USART3_4_IRQHandler
                0x08002090                ADC1_IRQHandler
                0x08002090                I2C2_IRQHandler
                0x08002090                TIM17_IRQHandler
                0x08002090                RTC_IRQHandler
                0x08002090                TIM16_IRQHandler
                0x08002090                TIM3_IRQHandler
                0x08002090                EXTI4_15_IRQHandler
                0x08002090                RCC_IRQHandler
                0x08002090                DMA1_Channel1_IRQHandler
                0x08002090                Default_Handler
                0x08002090                TIM14_IRQHandler
                0x08002090                TIM7_IRQHandler
                0x08002090                TIM15_IRQHandler
                0x08002090                SPI2_IRQHandler
                0x08002090                WWDG_IRQHandler
                0x08002090                USART2_IRQHandler
                0x08002090                FLASH_IRQHandler
                0x08002090                USART1_IRQHandler
                0x08002090                TIM1_BRK_UP_TRG_COM_IRQHandler
 *fill*         0x08002092        0x2 
 .text.HAL_InitTick
                0x08002094       0x48 ./Drivers/STM32F0xx_HAL_Driver/Src/stm32f0xx_hal.o
                0x08002094                HAL_InitTick
 .text.HAL_Init
                0x080020dc       0x20 ./Drivers/STM32F0xx_HAL_Driver/Src/stm32f0xx_hal.o
                0x080020dc                HAL_Init
 .text.HAL_IncTick
                0x080020fc       0x18 ./Drivers/STM32F0xx_HAL_Driver/Src/stm32f0xx_hal.o
                0x080020fc                HAL_IncTick
 .text.HAL_GetTick
                0x08002114        0xc ./Drivers/STM32F0xx_HAL_Driver/Src/stm32f0xx_hal.o
                0x08002114                HAL_GetTick
 .text.HAL_Delay
                0x08002120       0x24 ./Drivers/STM32F0xx_HAL_Driver/Src/stm32f0xx_hal.o
                0x08002120                HAL_Delay
 .text.ADC_ConversionStop
                0x08002144       0x5a ./Drivers/STM32F0xx_HAL_Driver/Src/stm32f0xx_hal_adc.o
 .text.ADC_Disable
                0x0800219e       0x78 ./Drivers/STM32F0xx_HAL_Driver/Src/stm32f0xx_hal_adc.o
 *fill*         0x08002216        0x2 
 .text.ADC_Enable.constprop.0
                0x08002218       0xa0 ./Drivers/STM32F0xx_HAL_Driver/Src/stm32f0xx_hal_adc.o
 .text.HAL_ADC_Init
                0x080022b8      0x144 ./Drivers/STM32F0xx_HAL_Driver/Src/stm32f0xx_hal_adc.o
                0x080022b8                HAL_ADC_Init
 .text.HAL_ADC_Start
                0x080023fc       0x58 ./Drivers/STM32F0xx_HAL_Driver/Src/stm32f0xx_hal_adc.o
                0x080023fc                HAL_ADC_Start
 .text.HAL_ADC_Stop
                0x08002454       0x3c ./Drivers/STM32F0xx_HAL_Driver/Src/stm32f0xx_hal_adc.o
                0x08002454                HAL_ADC_Stop
 .text.HAL_ADC_GetValue
                0x08002490        0x6 ./Drivers/STM32F0xx_HAL_Driver/Src/stm32f0xx_hal_adc.o
                0x08002490                HAL_ADC_GetValue
 *fill*         0x08002496        0x2 
 .text.HAL_ADC_ConfigChannel
                0x08002498       0xe0 ./Drivers/STM32F0xx_HAL_Driver/Src/stm32f0xx_hal_adc.o
                0x08002498                HAL_ADC_ConfigChannel
 .text.HAL_NVIC_SetPriority
                0x08002578       0x54 ./Drivers/STM32F0xx_HAL_Driver/Src/stm32f0xx_hal_cortex.o
                0x08002578                HAL_NVIC_SetPriority
 .text.HAL_NVIC_EnableIRQ
                0x080025cc       0x18 ./Drivers/STM32F0xx_HAL_Driver/Src/stm32f0xx_hal_cortex.o
                0x080025cc                HAL_NVIC_EnableIRQ
 .text.HAL_SYSTICK_Config
                0x080025e4       0x34 ./Drivers/STM32F0xx_HAL_Driver/Src/stm32f0xx_hal_cortex.o
                0x080025e4                HAL_SYSTICK_Config
 .text.HAL_DMA_Init
                0x08002618       0x64 ./Drivers/STM32F0xx_HAL_Driver/Src/stm32f0xx_hal_dma.o
                0x08002618                HAL_DMA_Init
 .text.HAL_DMA_Start
                0x0800267c       0x5c ./Drivers/STM32F0xx_HAL_Driver/Src/stm32f0xx_hal_dma.o
                0x0800267c                HAL_DMA_Start
 .text.HAL_DMA_IRQHandler
                0x080026d8       0x92 ./Drivers/STM32F0xx_HAL_Driver/Src/stm32f0xx_hal_dma.o
                0x080026d8                HAL_DMA_IRQHandler
 *fill*         0x0800276a        0x2 
 .text.HAL_GPIO_Init
                0x0800276c      0x170 ./Drivers/STM32F0xx_HAL_Driver/Src/stm32f0xx_hal_gpio.o
                0x0800276c                HAL_GPIO_Init
 .text.HAL_GPIO_ReadPin
                0x080028dc        0xc ./Drivers/STM32F0xx_HAL_Driver/Src/stm32f0xx_hal_gpio.o
                0x080028dc                HAL_GPIO_ReadPin
 .text.HAL_GPIO_WritePin
                0x080028e8        0xc ./Drivers/STM32F0xx_HAL_Driver/Src/stm32f0xx_hal_gpio.o
                0x080028e8                HAL_GPIO_WritePin
 .text.HAL_GPIO_TogglePin
                0x080028f4       0x10 ./Drivers/STM32F0xx_HAL_Driver/Src/stm32f0xx_hal_gpio.o
                0x080028f4                HAL_GPIO_TogglePin
 .text.HAL_GPIO_EXTI_IRQHandler
                0x08002904       0x18 ./Drivers/STM32F0xx_HAL_Driver/Src/stm32f0xx_hal_gpio.o
                0x08002904                HAL_GPIO_EXTI_IRQHandler
 .text.I2C_Flush_TXDR
                0x0800291c       0x1c ./Drivers/STM32F0xx_HAL_Driver/Src/stm32f0xx_hal_i2c.o
 .text.I2C_TransferConfig
                0x08002938       0x2c ./Drivers/STM32F0xx_HAL_Driver/Src/stm32f0xx_hal_i2c.o
 .text.I2C_IsErrorOccurred
                0x08002964       0xfc ./Drivers/STM32F0xx_HAL_Driver/Src/stm32f0xx_hal_i2c.o
 .text.I2C_WaitOnTXISFlagUntilTimeout
                0x08002a60       0x5c ./Drivers/STM32F0xx_HAL_Driver/Src/stm32f0xx_hal_i2c.o
 .text.I2C_WaitOnFlagUntilTimeout
                0x08002abc       0x6e ./Drivers/STM32F0xx_HAL_Driver/Src/stm32f0xx_hal_i2c.o
 .text.I2C_WaitOnSTOPFlagUntilTimeout
                0x08002b2a       0x54 ./Drivers/STM32F0xx_HAL_Driver/Src/stm32f0xx_hal_i2c.o
 *fill*         0x08002b7e        0x2 
 .text.HAL_I2C_Init
                0x08002b80       0xbc ./Drivers/STM32F0xx_HAL_Driver/Src/stm32f0xx_hal_i2c.o
                0x08002b80                HAL_I2C_Init
 .text.HAL_I2C_Mem_Write
                0x08002c3c      0x1b4 ./Drivers/STM32F0xx_HAL_Driver/Src/stm32f0xx_hal_i2c.o
                0x08002c3c                HAL_I2C_Mem_Write
 .text.HAL_I2C_Mem_Read
                0x08002df0      0x1bc ./Drivers/STM32F0xx_HAL_Driver/Src/stm32f0xx_hal_i2c.o
                0x08002df0                HAL_I2C_Mem_Read
 .text.HAL_I2CEx_ConfigAnalogFilter
                0x08002fac       0x4c ./Drivers/STM32F0xx_HAL_Driver/Src/stm32f0xx_hal_i2c_ex.o
                0x08002fac                HAL_I2CEx_ConfigAnalogFilter
 .text.HAL_I2CEx_ConfigDigitalFilter
                0x08002ff8       0x48 ./Drivers/STM32F0xx_HAL_Driver/Src/stm32f0xx_hal_i2c_ex.o
                0x08002ff8                HAL_I2CEx_ConfigDigitalFilter
 .text.HAL_PCD_Init
                0x08003040       0x98 ./Drivers/STM32F0xx_HAL_Driver/Src/stm32f0xx_hal_pcd.o
                0x08003040                HAL_PCD_Init
 .text.HAL_PCD_Start
                0x080030d8       0x26 ./Drivers/STM32F0xx_HAL_Driver/Src/stm32f0xx_hal_pcd.o
                0x080030d8                HAL_PCD_Start
 .text.HAL_PCD_SetAddress
                0x080030fe       0x22 ./Drivers/STM32F0xx_HAL_Driver/Src/stm32f0xx_hal_pcd.o
                0x080030fe                HAL_PCD_SetAddress
 .text.HAL_PCD_IRQHandler
                0x08003120      0x9cc ./Drivers/STM32F0xx_HAL_Driver/Src/stm32f0xx_hal_pcd.o
                0x08003120                HAL_PCD_IRQHandler
 .text.HAL_PCD_EP_Open
                0x08003aec       0x58 ./Drivers/STM32F0xx_HAL_Driver/Src/stm32f0xx_hal_pcd.o
                0x08003aec                HAL_PCD_EP_Open
 .text.HAL_PCD_EP_Close
                0x08003b44       0x4c ./Drivers/STM32F0xx_HAL_Driver/Src/stm32f0xx_hal_pcd.o
                0x08003b44                HAL_PCD_EP_Close
 .text.HAL_PCD_EP_Receive
                0x08003b90       0x36 ./Drivers/STM32F0xx_HAL_Driver/Src/stm32f0xx_hal_pcd.o
                0x08003b90                HAL_PCD_EP_Receive
 .text.HAL_PCD_EP_GetRxCount
                0x08003bc6       0x10 ./Drivers/STM32F0xx_HAL_Driver/Src/stm32f0xx_hal_pcd.o
                0x08003bc6                HAL_PCD_EP_GetRxCount
 .text.HAL_PCD_EP_Transmit
                0x08003bd6       0x30 ./Drivers/STM32F0xx_HAL_Driver/Src/stm32f0xx_hal_pcd.o
                0x08003bd6                HAL_PCD_EP_Transmit
 .text.HAL_PCD_EP_SetStall
                0x08003c06       0x5c ./Drivers/STM32F0xx_HAL_Driver/Src/stm32f0xx_hal_pcd.o
                0x08003c06                HAL_PCD_EP_SetStall
 .text.HAL_PCD_EP_ClrStall
                0x08003c62       0x5c ./Drivers/STM32F0xx_HAL_Driver/Src/stm32f0xx_hal_pcd.o
                0x08003c62                HAL_PCD_EP_ClrStall
 .text.HAL_PCDEx_PMAConfig
                0x08003cbe       0x30 ./Drivers/STM32F0xx_HAL_Driver/Src/stm32f0xx_hal_pcd_ex.o
                0x08003cbe                HAL_PCDEx_PMAConfig
 .text.HAL_PCDEx_ActivateLPM
                0x08003cee       0x28 ./Drivers/STM32F0xx_HAL_Driver/Src/stm32f0xx_hal_pcd_ex.o
                0x08003cee                HAL_PCDEx_ActivateLPM
 .text.HAL_PCDEx_LPM_Callback
                0x08003d16        0x2 ./Drivers/STM32F0xx_HAL_Driver/Src/stm32f0xx_hal_pcd_ex.o
                0x08003d16                HAL_PCDEx_LPM_Callback
 .text.HAL_RCC_OscConfig
                0x08003d18      0x410 ./Drivers/STM32F0xx_HAL_Driver/Src/stm32f0xx_hal_rcc.o
                0x08003d18                HAL_RCC_OscConfig
 .text.HAL_RCC_GetSysClockFreq
                0x08004128       0x40 ./Drivers/STM32F0xx_HAL_Driver/Src/stm32f0xx_hal_rcc.o
                0x08004128                HAL_RCC_GetSysClockFreq
 .text.HAL_RCC_ClockConfig
                0x08004168      0x108 ./Drivers/STM32F0xx_HAL_Driver/Src/stm32f0xx_hal_rcc.o
                0x08004168                HAL_RCC_ClockConfig
 .text.HAL_RCCEx_PeriphCLKConfig
                0x08004270      0x120 ./Drivers/STM32F0xx_HAL_Driver/Src/stm32f0xx_hal_rcc_ex.o
                0x08004270                HAL_RCCEx_PeriphCLKConfig
 .text.TIM_OC1_SetConfig
                0x08004390       0x88 ./Drivers/STM32F0xx_HAL_Driver/Src/stm32f0xx_hal_tim.o
 .text.TIM_OC3_SetConfig
                0x08004418       0x88 ./Drivers/STM32F0xx_HAL_Driver/Src/stm32f0xx_hal_tim.o
 .text.TIM_OC4_SetConfig
                0x080044a0       0x74 ./Drivers/STM32F0xx_HAL_Driver/Src/stm32f0xx_hal_tim.o
 .text.HAL_TIM_Base_Start
                0x08004514       0x50 ./Drivers/STM32F0xx_HAL_Driver/Src/stm32f0xx_hal_tim.o
                0x08004514                HAL_TIM_Base_Start
 .text.HAL_TIM_PWM_MspInit
                0x08004564        0x2 ./Drivers/STM32F0xx_HAL_Driver/Src/stm32f0xx_hal_tim.o
                0x08004564                HAL_TIM_PWM_MspInit
 *fill*         0x08004566        0x2 
 .text.TIM_Base_SetConfig
                0x08004568       0x9c ./Drivers/STM32F0xx_HAL_Driver/Src/stm32f0xx_hal_tim.o
                0x08004568                TIM_Base_SetConfig
 .text.HAL_TIM_Base_Init
                0x08004604       0x50 ./Drivers/STM32F0xx_HAL_Driver/Src/stm32f0xx_hal_tim.o
                0x08004604                HAL_TIM_Base_Init
 .text.HAL_TIM_PWM_Init
                0x08004654       0x50 ./Drivers/STM32F0xx_HAL_Driver/Src/stm32f0xx_hal_tim.o
                0x08004654                HAL_TIM_PWM_Init
 .text.TIM_OC2_SetConfig
                0x080046a4       0x80 ./Drivers/STM32F0xx_HAL_Driver/Src/stm32f0xx_hal_tim.o
                0x080046a4                TIM_OC2_SetConfig
 .text.HAL_TIM_PWM_ConfigChannel
                0x08004724       0xc0 ./Drivers/STM32F0xx_HAL_Driver/Src/stm32f0xx_hal_tim.o
                0x08004724                HAL_TIM_PWM_ConfigChannel
 .text.TIM_ETR_SetConfig
                0x080047e4       0x18 ./Drivers/STM32F0xx_HAL_Driver/Src/stm32f0xx_hal_tim.o
                0x080047e4                TIM_ETR_SetConfig
 .text.HAL_TIM_ConfigClockSource
                0x080047fc      0x12c ./Drivers/STM32F0xx_HAL_Driver/Src/stm32f0xx_hal_tim.o
                0x080047fc                HAL_TIM_ConfigClockSource
 .text.TIM_CCxNChannelCmd
                0x08004928       0x1a ./Drivers/STM32F0xx_HAL_Driver/Src/stm32f0xx_hal_tim_ex.o
 *fill*         0x08004942        0x2 
 .text.HAL_TIMEx_OCN_Start
                0x08004944       0x78 ./Drivers/STM32F0xx_HAL_Driver/Src/stm32f0xx_hal_tim_ex.o
                0x08004944                HAL_TIMEx_OCN_Start
 .text.HAL_TIMEx_OCN_Stop
                0x080049bc       0x6c ./Drivers/STM32F0xx_HAL_Driver/Src/stm32f0xx_hal_tim_ex.o
                0x080049bc                HAL_TIMEx_OCN_Stop
 .text.HAL_TIMEx_PWMN_Start
                0x08004a28        0x8 ./Drivers/STM32F0xx_HAL_Driver/Src/stm32f0xx_hal_tim_ex.o
                0x08004a28                HAL_TIMEx_PWMN_Start
 .text.HAL_TIMEx_PWMN_Stop
                0x08004a30        0x8 ./Drivers/STM32F0xx_HAL_Driver/Src/stm32f0xx_hal_tim_ex.o
                0x08004a30                HAL_TIMEx_PWMN_Stop
 .text.HAL_TIMEx_MasterConfigSynchronization
                0x08004a38       0x5c ./Drivers/STM32F0xx_HAL_Driver/Src/stm32f0xx_hal_tim_ex.o
                0x08004a38                HAL_TIMEx_MasterConfigSynchronization
 .text.HAL_TIMEx_ConfigBreakDeadTime
                0x08004a94       0x64 ./Drivers/STM32F0xx_HAL_Driver/Src/stm32f0xx_hal_tim_ex.o
                0x08004a94                HAL_TIMEx_ConfigBreakDeadTime
 .text.USB_EnableGlobalInt
                0x08004af8       0x14 ./Drivers/STM32F0xx_HAL_Driver/Src/stm32f0xx_ll_usb.o
                0x08004af8                USB_EnableGlobalInt
 .text.USB_DisableGlobalInt
                0x08004b0c       0x14 ./Drivers/STM32F0xx_HAL_Driver/Src/stm32f0xx_ll_usb.o
                0x08004b0c                USB_DisableGlobalInt
 .text.USB_DevInit
                0x08004b20       0x1a ./Drivers/STM32F0xx_HAL_Driver/Src/stm32f0xx_ll_usb.o
                0x08004b20                USB_DevInit
 *fill*         0x08004b3a        0x2 
 .text.USB_ActivateEndpoint
                0x08004b3c      0x220 ./Drivers/STM32F0xx_HAL_Driver/Src/stm32f0xx_ll_usb.o
                0x08004b3c                USB_ActivateEndpoint
 .text.USB_DeactivateEndpoint
                0x08004d5c       0xf4 ./Drivers/STM32F0xx_HAL_Driver/Src/stm32f0xx_ll_usb.o
                0x08004d5c                USB_DeactivateEndpoint
 .text.USB_EPSetStall
                0x08004e50       0x40 ./Drivers/STM32F0xx_HAL_Driver/Src/stm32f0xx_ll_usb.o
                0x08004e50                USB_EPSetStall
 .text.USB_EPClearStall
                0x08004e90       0x74 ./Drivers/STM32F0xx_HAL_Driver/Src/stm32f0xx_ll_usb.o
                0x08004e90                USB_EPClearStall
 .text.USB_SetDevAddress
                0x08004f04        0xe ./Drivers/STM32F0xx_HAL_Driver/Src/stm32f0xx_ll_usb.o
                0x08004f04                USB_SetDevAddress
 .text.USB_DevConnect
                0x08004f12       0x10 ./Drivers/STM32F0xx_HAL_Driver/Src/stm32f0xx_ll_usb.o
                0x08004f12                USB_DevConnect
 .text.USB_ReadInterrupts
                0x08004f22        0x8 ./Drivers/STM32F0xx_HAL_Driver/Src/stm32f0xx_ll_usb.o
                0x08004f22                USB_ReadInterrupts
 .text.USB_WritePMA
                0x08004f2a       0x2a ./Drivers/STM32F0xx_HAL_Driver/Src/stm32f0xx_ll_usb.o
                0x08004f2a                USB_WritePMA
 .text.USB_EPStartXfer
                0x08004f54      0x464 ./Drivers/STM32F0xx_HAL_Driver/Src/stm32f0xx_ll_usb.o
                0x08004f54                USB_EPStartXfer
 .text.USB_ReadPMA
                0x080053b8       0x36 ./Drivers/STM32F0xx_HAL_Driver/Src/stm32f0xx_ll_usb.o
                0x080053b8                USB_ReadPMA
 *fill*         0x080053ee        0x2 
 .text.USBD_CDC_EP0_RxReady
                0x080053f0       0x34 ./Middlewares/ST/STM32_USB_Device_Library/Class/CDC/Src/usbd_cdc.o
 .text.USBD_CDC_GetFSCfgDesc
                0x08005424        0xc ./Middlewares/ST/STM32_USB_Device_Library/Class/CDC/Src/usbd_cdc.o
 .text.USBD_CDC_GetHSCfgDesc
                0x08005430        0xc ./Middlewares/ST/STM32_USB_Device_Library/Class/CDC/Src/usbd_cdc.o
 .text.USBD_CDC_GetOtherSpeedCfgDesc
                0x0800543c        0xc ./Middlewares/ST/STM32_USB_Device_Library/Class/CDC/Src/usbd_cdc.o
 .text.USBD_CDC_GetDeviceQualifierDescriptor
                0x08005448        0xc ./Middlewares/ST/STM32_USB_Device_Library/Class/CDC/Src/usbd_cdc.o
                0x08005448                USBD_CDC_GetDeviceQualifierDescriptor
 .text.USBD_CDC_DataOut
                0x08005454       0x34 ./Middlewares/ST/STM32_USB_Device_Library/Class/CDC/Src/usbd_cdc.o
 .text.USBD_CDC_DataIn
                0x08005488       0x4c ./Middlewares/ST/STM32_USB_Device_Library/Class/CDC/Src/usbd_cdc.o
 .text.USBD_CDC_Setup
                0x080054d4       0xbc ./Middlewares/ST/STM32_USB_Device_Library/Class/CDC/Src/usbd_cdc.o
 .text.USBD_CDC_DeInit
                0x08005590       0x46 ./Middlewares/ST/STM32_USB_Device_Library/Class/CDC/Src/usbd_cdc.o
 .text.USBD_CDC_Init
                0x080055d6       0x96 ./Middlewares/ST/STM32_USB_Device_Library/Class/CDC/Src/usbd_cdc.o
 .text.USBD_CDC_RegisterInterface
                0x0800566c       0x12 ./Middlewares/ST/STM32_USB_Device_Library/Class/CDC/Src/usbd_cdc.o
                0x0800566c                USBD_CDC_RegisterInterface
 .text.USBD_CDC_SetTxBuffer
                0x0800567e       0x16 ./Middlewares/ST/STM32_USB_Device_Library/Class/CDC/Src/usbd_cdc.o
                0x0800567e                USBD_CDC_SetTxBuffer
 .text.USBD_CDC_SetRxBuffer
                0x08005694        0xe ./Middlewares/ST/STM32_USB_Device_Library/Class/CDC/Src/usbd_cdc.o
                0x08005694                USBD_CDC_SetRxBuffer
 .text.USBD_CDC_TransmitPacket
                0x080056a2       0x38 ./Middlewares/ST/STM32_USB_Device_Library/Class/CDC/Src/usbd_cdc.o
                0x080056a2                USBD_CDC_TransmitPacket
 .text.USBD_CDC_ReceivePacket
                0x080056da       0x2e ./Middlewares/ST/STM32_USB_Device_Library/Class/CDC/Src/usbd_cdc.o
                0x080056da                USBD_CDC_ReceivePacket
 .text.USBD_Init
                0x08005708       0x34 ./Middlewares/ST/STM32_USB_Device_Library/Core/Src/usbd_core.o
                0x08005708                USBD_Init
 .text.USBD_RegisterClass
                0x0800573c       0x12 ./Middlewares/ST/STM32_USB_Device_Library/Core/Src/usbd_core.o
                0x0800573c                USBD_RegisterClass
 .text.USBD_Start
                0x0800574e        0xa ./Middlewares/ST/STM32_USB_Device_Library/Core/Src/usbd_core.o
                0x0800574e                USBD_Start
 .text.USBD_SetClassConfig
                0x08005758       0x1c ./Middlewares/ST/STM32_USB_Device_Library/Core/Src/usbd_core.o
                0x08005758                USBD_SetClassConfig
 .text.USBD_ClrClassConfig
                0x08005774       0x10 ./Middlewares/ST/STM32_USB_Device_Library/Core/Src/usbd_core.o
                0x08005774                USBD_ClrClassConfig
 .text.USBD_LL_SetupStage
                0x08005784       0x64 ./Middlewares/ST/STM32_USB_Device_Library/Core/Src/usbd_core.o
                0x08005784                USBD_LL_SetupStage
 .text.USBD_LL_DataOutStage
                0x080057e8       0x86 ./Middlewares/ST/STM32_USB_Device_Library/Core/Src/usbd_core.o
                0x080057e8                USBD_LL_DataOutStage
 .text.USBD_LL_DataInStage
                0x0800586e       0xc8 ./Middlewares/ST/STM32_USB_Device_Library/Core/Src/usbd_core.o
                0x0800586e                USBD_LL_DataInStage
 .text.USBD_LL_Reset
                0x08005936       0x54 ./Middlewares/ST/STM32_USB_Device_Library/Core/Src/usbd_core.o
                0x08005936                USBD_LL_Reset
 .text.USBD_LL_SetSpeed
                0x0800598a        0x6 ./Middlewares/ST/STM32_USB_Device_Library/Core/Src/usbd_core.o
                0x0800598a                USBD_LL_SetSpeed
 .text.USBD_LL_Suspend
                0x08005990       0x18 ./Middlewares/ST/STM32_USB_Device_Library/Core/Src/usbd_core.o
                0x08005990                USBD_LL_Suspend
 .text.USBD_LL_Resume
                0x080059a8       0x18 ./Middlewares/ST/STM32_USB_Device_Library/Core/Src/usbd_core.o
                0x080059a8                USBD_LL_Resume
 .text.USBD_LL_SOF
                0x080059c0       0x1e ./Middlewares/ST/STM32_USB_Device_Library/Core/Src/usbd_core.o
                0x080059c0                USBD_LL_SOF
 .text.USBD_CtlError.constprop.0
                0x080059de       0x14 ./Middlewares/ST/STM32_USB_Device_Library/Core/Src/usbd_ctlreq.o
 *fill*         0x080059f2        0x2 
 .text.USBD_StdDevReq
                0x080059f4      0x26c ./Middlewares/ST/STM32_USB_Device_Library/Core/Src/usbd_ctlreq.o
                0x080059f4                USBD_StdDevReq
 .text.USBD_StdItfReq
                0x08005c60       0x50 ./Middlewares/ST/STM32_USB_Device_Library/Core/Src/usbd_ctlreq.o
                0x08005c60                USBD_StdItfReq
 .text.USBD_StdEPReq
                0x08005cb0      0x124 ./Middlewares/ST/STM32_USB_Device_Library/Core/Src/usbd_ctlreq.o
                0x08005cb0                USBD_StdEPReq
 .text.USBD_ParseSetupRequest
                0x08005dd4       0x28 ./Middlewares/ST/STM32_USB_Device_Library/Core/Src/usbd_ctlreq.o
                0x08005dd4                USBD_ParseSetupRequest
 .text.USBD_CtlError
                0x08005dfc       0x14 ./Middlewares/ST/STM32_USB_Device_Library/Core/Src/usbd_ctlreq.o
                0x08005dfc                USBD_CtlError
 .text.USBD_GetString
                0x08005e10       0x3a ./Middlewares/ST/STM32_USB_Device_Library/Core/Src/usbd_ctlreq.o
                0x08005e10                USBD_GetString
 .text.USBD_CtlSendData
                0x08005e4a       0x1c ./Middlewares/ST/STM32_USB_Device_Library/Core/Src/usbd_ioreq.o
                0x08005e4a                USBD_CtlSendData
 .text.USBD_CtlContinueSendData
                0x08005e66       0x10 ./Middlewares/ST/STM32_USB_Device_Library/Core/Src/usbd_ioreq.o
                0x08005e66                USBD_CtlContinueSendData
 .text.USBD_CtlPrepareRx
                0x08005e76       0x20 ./Middlewares/ST/STM32_USB_Device_Library/Core/Src/usbd_ioreq.o
                0x08005e76                USBD_CtlPrepareRx
 .text.USBD_CtlContinueRx
                0x08005e96       0x10 ./Middlewares/ST/STM32_USB_Device_Library/Core/Src/usbd_ioreq.o
                0x08005e96                USBD_CtlContinueRx
 .text.USBD_CtlSendStatus
                0x08005ea6       0x18 ./Middlewares/ST/STM32_USB_Device_Library/Core/Src/usbd_ioreq.o
                0x08005ea6                USBD_CtlSendStatus
 .text.USBD_CtlReceiveStatus
                0x08005ebe       0x18 ./Middlewares/ST/STM32_USB_Device_Library/Core/Src/usbd_ioreq.o
                0x08005ebe                USBD_CtlReceiveStatus
 *fill*         0x08005ed6        0x2 
 .text.MX_USB_DEVICE_Init
                0x08005ed8       0x58 ./USB_DEVICE/App/usb_device.o
                0x08005ed8                MX_USB_DEVICE_Init
 .text.CDC_DeInit_FS
                0x08005f30        0x4 ./USB_DEVICE/App/usbd_cdc_if.o
 .text.CDC_Control_FS
                0x08005f34        0x4 ./USB_DEVICE/App/usbd_cdc_if.o
 .text.CDC_Receive_FS
                0x08005f38       0x50 ./USB_DEVICE/App/usbd_cdc_if.o
 .text.CDC_Init_FS
                0x08005f88       0x28 ./USB_DEVICE/App/usbd_cdc_if.o
 .text.CDC_Transmit_FS
                0x08005fb0       0x2c ./USB_DEVICE/App/usbd_cdc_if.o
                0x08005fb0                CDC_Transmit_FS
 .text.USBD_FS_DeviceDescriptor
                0x08005fdc        0xc ./USB_DEVICE/App/usbd_desc.o
                0x08005fdc                USBD_FS_DeviceDescriptor
 .text.USBD_FS_LangIDStrDescriptor
                0x08005fe8        0xc ./USB_DEVICE/App/usbd_desc.o
                0x08005fe8                USBD_FS_LangIDStrDescriptor
 .text.IntToUnicode
                0x08005ff4       0x26 ./USB_DEVICE/App/usbd_desc.o
 *fill*         0x0800601a        0x2 
 .text.USBD_FS_SerialStrDescriptor
                0x0800601c       0x48 ./USB_DEVICE/App/usbd_desc.o
                0x0800601c                USBD_FS_SerialStrDescriptor
 .text.USBD_FS_ManufacturerStrDescriptor
                0x08006064       0x1c ./USB_DEVICE/App/usbd_desc.o
                0x08006064                USBD_FS_ManufacturerStrDescriptor
 .text.USBD_FS_ProductStrDescriptor
                0x08006080       0x1c ./USB_DEVICE/App/usbd_desc.o
                0x08006080                USBD_FS_ProductStrDescriptor
 .text.USBD_FS_ConfigStrDescriptor
                0x0800609c       0x1c ./USB_DEVICE/App/usbd_desc.o
                0x0800609c                USBD_FS_ConfigStrDescriptor
 .text.USBD_FS_InterfaceStrDescriptor
                0x080060b8       0x1c ./USB_DEVICE/App/usbd_desc.o
                0x080060b8                USBD_FS_InterfaceStrDescriptor
 .text.USBD_Get_USB_Status
                0x080060d4        0xe ./USB_DEVICE/Target/usbd_conf.o
 *fill*         0x080060e2        0x2 
 .text.HAL_PCD_MspInit
                0x080060e4       0x38 ./USB_DEVICE/Target/usbd_conf.o
                0x080060e4                HAL_PCD_MspInit
 .text.HAL_PCD_SetupStageCallback
                0x0800611c       0x12 ./USB_DEVICE/Target/usbd_conf.o
                0x0800611c                HAL_PCD_SetupStageCallback
 .text.HAL_PCD_DataOutStageCallback
                0x0800612e       0x18 ./USB_DEVICE/Target/usbd_conf.o
                0x0800612e                HAL_PCD_DataOutStageCallback
 .text.HAL_PCD_DataInStageCallback
                0x08006146       0x16 ./USB_DEVICE/Target/usbd_conf.o
                0x08006146                HAL_PCD_DataInStageCallback
 .text.HAL_PCD_SOFCallback
                0x0800615c        0xe ./USB_DEVICE/Target/usbd_conf.o
                0x0800615c                HAL_PCD_SOFCallback
 .text.HAL_PCD_ResetCallback
                0x0800616a       0x22 ./USB_DEVICE/Target/usbd_conf.o
                0x0800616a                HAL_PCD_ResetCallback
 .text.HAL_PCD_SuspendCallback
                0x0800618c       0x24 ./USB_DEVICE/Target/usbd_conf.o
                0x0800618c                HAL_PCD_SuspendCallback
 .text.HAL_PCD_ResumeCallback
                0x080061b0       0x28 ./USB_DEVICE/Target/usbd_conf.o
                0x080061b0                HAL_PCD_ResumeCallback
 .text.USBD_LL_Init
                0x080061d8       0x80 ./USB_DEVICE/Target/usbd_conf.o
                0x080061d8                USBD_LL_Init
 .text.USBD_LL_Start
                0x08006258       0x12 ./USB_DEVICE/Target/usbd_conf.o
                0x08006258                USBD_LL_Start
 .text.USBD_LL_OpenEP
                0x0800626a       0x18 ./USB_DEVICE/Target/usbd_conf.o
                0x0800626a                USBD_LL_OpenEP
 .text.USBD_LL_CloseEP
                0x08006282       0x12 ./USB_DEVICE/Target/usbd_conf.o
                0x08006282                USBD_LL_CloseEP
 .text.USBD_LL_StallEP
                0x08006294       0x12 ./USB_DEVICE/Target/usbd_conf.o
                0x08006294                USBD_LL_StallEP
 .text.USBD_LL_ClearStallEP
                0x080062a6       0x12 ./USB_DEVICE/Target/usbd_conf.o
                0x080062a6                USBD_LL_ClearStallEP
 .text.USBD_LL_IsStallEP
                0x080062b8       0x26 ./USB_DEVICE/Target/usbd_conf.o
                0x080062b8                USBD_LL_IsStallEP
 .text.USBD_LL_SetUSBAddress
                0x080062de       0x12 ./USB_DEVICE/Target/usbd_conf.o
                0x080062de                USBD_LL_SetUSBAddress
 .text.USBD_LL_Transmit
                0x080062f0       0x12 ./USB_DEVICE/Target/usbd_conf.o
                0x080062f0                USBD_LL_Transmit
 .text.USBD_LL_PrepareReceive
                0x08006302       0x12 ./USB_DEVICE/Target/usbd_conf.o
                0x08006302                USBD_LL_PrepareReceive
 .text.USBD_LL_GetRxDataSize
                0x08006314        0xe ./USB_DEVICE/Target/usbd_conf.o
                0x08006314                USBD_LL_GetRxDataSize
 *fill*         0x08006322        0x2 
 .text.USBD_static_malloc
                0x08006324        0x8 ./USB_DEVICE/Target/usbd_conf.o
                0x08006324                USBD_static_malloc
 .text.USBD_static_free
                0x0800632c        0x2 ./USB_DEVICE/Target/usbd_conf.o
                0x0800632c                USBD_static_free
 .text.atoi     0x0800632e        0xc C:/ST/STM32CubeIDE_1.9.0/STM32CubeIDE/plugins/com.st.stm32cube.ide.mcu.externaltools.gnu-tools-for-stm32.12.3.rel1.win32_1.1.0.202410251130/tools/bin/../lib/gcc/arm-none-eabi/12.3.1/../../../../arm-none-eabi/lib/thumb/v6-m/nofp\libc_nano.a(libc_a-atoi.o)
                0x0800632e                atoi
 *fill*         0x0800633a        0x2 
 .text._strtol_l.constprop.0
                0x0800633c      0x114 C:/ST/STM32CubeIDE_1.9.0/STM32CubeIDE/plugins/com.st.stm32cube.ide.mcu.externaltools.gnu-tools-for-stm32.12.3.rel1.win32_1.1.0.202410251130/tools/bin/../lib/gcc/arm-none-eabi/12.3.1/../../../../arm-none-eabi/lib/thumb/v6-m/nofp\libc_nano.a(libc_a-strtol.o)
 .text.strtol   0x08006450       0x18 C:/ST/STM32CubeIDE_1.9.0/STM32CubeIDE/plugins/com.st.stm32cube.ide.mcu.externaltools.gnu-tools-for-stm32.12.3.rel1.win32_1.1.0.202410251130/tools/bin/../lib/gcc/arm-none-eabi/12.3.1/../../../../arm-none-eabi/lib/thumb/v6-m/nofp\libc_nano.a(libc_a-strtol.o)
                0x08006450                strtol
 .text.std      0x08006468       0x6c C:/ST/STM32CubeIDE_1.9.0/STM32CubeIDE/plugins/com.st.stm32cube.ide.mcu.externaltools.gnu-tools-for-stm32.12.3.rel1.win32_1.1.0.202410251130/tools/bin/../lib/gcc/arm-none-eabi/12.3.1/../../../../arm-none-eabi/lib/thumb/v6-m/nofp\libc_nano.a(libc_a-findfp.o)
 .text.stdio_exit_handler
                0x080064d4       0x1c C:/ST/STM32CubeIDE_1.9.0/STM32CubeIDE/plugins/com.st.stm32cube.ide.mcu.externaltools.gnu-tools-for-stm32.12.3.rel1.win32_1.1.0.202410251130/tools/bin/../lib/gcc/arm-none-eabi/12.3.1/../../../../arm-none-eabi/lib/thumb/v6-m/nofp\libc_nano.a(libc_a-findfp.o)
 .text.cleanup_stdio
                0x080064f0       0x3c C:/ST/STM32CubeIDE_1.9.0/STM32CubeIDE/plugins/com.st.stm32cube.ide.mcu.externaltools.gnu-tools-for-stm32.12.3.rel1.win32_1.1.0.202410251130/tools/bin/../lib/gcc/arm-none-eabi/12.3.1/../../../../arm-none-eabi/lib/thumb/v6-m/nofp\libc_nano.a(libc_a-findfp.o)
 .text.global_stdio_init.part.0
                0x0800652c       0x3c C:/ST/STM32CubeIDE_1.9.0/STM32CubeIDE/plugins/com.st.stm32cube.ide.mcu.externaltools.gnu-tools-for-stm32.12.3.rel1.win32_1.1.0.202410251130/tools/bin/../lib/gcc/arm-none-eabi/12.3.1/../../../../arm-none-eabi/lib/thumb/v6-m/nofp\libc_nano.a(libc_a-findfp.o)
 .text.__sfp_lock_acquire
                0x08006568       0x10 C:/ST/STM32CubeIDE_1.9.0/STM32CubeIDE/plugins/com.st.stm32cube.ide.mcu.externaltools.gnu-tools-for-stm32.12.3.rel1.win32_1.1.0.202410251130/tools/bin/../lib/gcc/arm-none-eabi/12.3.1/../../../../arm-none-eabi/lib/thumb/v6-m/nofp\libc_nano.a(libc_a-findfp.o)
                0x08006568                __sfp_lock_acquire
 .text.__sfp_lock_release
                0x08006578       0x10 C:/ST/STM32CubeIDE_1.9.0/STM32CubeIDE/plugins/com.st.stm32cube.ide.mcu.externaltools.gnu-tools-for-stm32.12.3.rel1.win32_1.1.0.202410251130/tools/bin/../lib/gcc/arm-none-eabi/12.3.1/../../../../arm-none-eabi/lib/thumb/v6-m/nofp\libc_nano.a(libc_a-findfp.o)
                0x08006578                __sfp_lock_release
 .text.__sinit  0x08006588       0x30 C:/ST/STM32CubeIDE_1.9.0/STM32CubeIDE/plugins/com.st.stm32cube.ide.mcu.externaltools.gnu-tools-for-stm32.12.3.rel1.win32_1.1.0.202410251130/tools/bin/../lib/gcc/arm-none-eabi/12.3.1/../../../../arm-none-eabi/lib/thumb/v6-m/nofp\libc_nano.a(libc_a-findfp.o)
                0x08006588                __sinit
 .text._fwalk_sglue
                0x080065b8       0x38 C:/ST/STM32CubeIDE_1.9.0/STM32CubeIDE/plugins/com.st.stm32cube.ide.mcu.externaltools.gnu-tools-for-stm32.12.3.rel1.win32_1.1.0.202410251130/tools/bin/../lib/gcc/arm-none-eabi/12.3.1/../../../../arm-none-eabi/lib/thumb/v6-m/nofp\libc_nano.a(libc_a-fwalk.o)
                0x080065b8                _fwalk_sglue
 .text.sprintf  0x080065f0       0x40 C:/ST/STM32CubeIDE_1.9.0/STM32CubeIDE/plugins/com.st.stm32cube.ide.mcu.externaltools.gnu-tools-for-stm32.12.3.rel1.win32_1.1.0.202410251130/tools/bin/../lib/gcc/arm-none-eabi/12.3.1/../../../../arm-none-eabi/lib/thumb/v6-m/nofp\libc_nano.a(libc_a-sprintf.o)
                0x080065f0                siprintf
                0x080065f0                sprintf
 .text.__sread  0x08006630       0x28 C:/ST/STM32CubeIDE_1.9.0/STM32CubeIDE/plugins/com.st.stm32cube.ide.mcu.externaltools.gnu-tools-for-stm32.12.3.rel1.win32_1.1.0.202410251130/tools/bin/../lib/gcc/arm-none-eabi/12.3.1/../../../../arm-none-eabi/lib/thumb/v6-m/nofp\libc_nano.a(libc_a-stdio.o)
                0x08006630                __sread
 .text.__swrite
                0x08006658       0x38 C:/ST/STM32CubeIDE_1.9.0/STM32CubeIDE/plugins/com.st.stm32cube.ide.mcu.externaltools.gnu-tools-for-stm32.12.3.rel1.win32_1.1.0.202410251130/tools/bin/../lib/gcc/arm-none-eabi/12.3.1/../../../../arm-none-eabi/lib/thumb/v6-m/nofp\libc_nano.a(libc_a-stdio.o)
                0x08006658                __swrite
 .text.__sseek  0x08006690       0x2c C:/ST/STM32CubeIDE_1.9.0/STM32CubeIDE/plugins/com.st.stm32cube.ide.mcu.externaltools.gnu-tools-for-stm32.12.3.rel1.win32_1.1.0.202410251130/tools/bin/../lib/gcc/arm-none-eabi/12.3.1/../../../../arm-none-eabi/lib/thumb/v6-m/nofp\libc_nano.a(libc_a-stdio.o)
                0x08006690                __sseek
 .text.__sclose
                0x080066bc        0xc C:/ST/STM32CubeIDE_1.9.0/STM32CubeIDE/plugins/com.st.stm32cube.ide.mcu.externaltools.gnu-tools-for-stm32.12.3.rel1.win32_1.1.0.202410251130/tools/bin/../lib/gcc/arm-none-eabi/12.3.1/../../../../arm-none-eabi/lib/thumb/v6-m/nofp\libc_nano.a(libc_a-stdio.o)
                0x080066bc                __sclose
 .text.memset   0x080066c8       0x10 C:/ST/STM32CubeIDE_1.9.0/STM32CubeIDE/plugins/com.st.stm32cube.ide.mcu.externaltools.gnu-tools-for-stm32.12.3.rel1.win32_1.1.0.202410251130/tools/bin/../lib/gcc/arm-none-eabi/12.3.1/../../../../arm-none-eabi/lib/thumb/v6-m/nofp\libc_nano.a(libc_a-memset.o)
                0x080066c8                memset
 .text.strtok   0x080066d8       0x68 C:/ST/STM32CubeIDE_1.9.0/STM32CubeIDE/plugins/com.st.stm32cube.ide.mcu.externaltools.gnu-tools-for-stm32.12.3.rel1.win32_1.1.0.202410251130/tools/bin/../lib/gcc/arm-none-eabi/12.3.1/../../../../arm-none-eabi/lib/thumb/v6-m/nofp\libc_nano.a(libc_a-strtok.o)
                0x080066d8                strtok
 .text.__strtok_r
                0x08006740       0x58 C:/ST/STM32CubeIDE_1.9.0/STM32CubeIDE/plugins/com.st.stm32cube.ide.mcu.externaltools.gnu-tools-for-stm32.12.3.rel1.win32_1.1.0.202410251130/tools/bin/../lib/gcc/arm-none-eabi/12.3.1/../../../../arm-none-eabi/lib/thumb/v6-m/nofp\libc_nano.a(libc_a-strtok_r.o)
                0x08006740                __strtok_r
 .text._close_r
                0x08006798       0x24 C:/ST/STM32CubeIDE_1.9.0/STM32CubeIDE/plugins/com.st.stm32cube.ide.mcu.externaltools.gnu-tools-for-stm32.12.3.rel1.win32_1.1.0.202410251130/tools/bin/../lib/gcc/arm-none-eabi/12.3.1/../../../../arm-none-eabi/lib/thumb/v6-m/nofp\libc_nano.a(libc_a-closer.o)
                0x08006798                _close_r
 .text._lseek_r
                0x080067bc       0x28 C:/ST/STM32CubeIDE_1.9.0/STM32CubeIDE/plugins/com.st.stm32cube.ide.mcu.externaltools.gnu-tools-for-stm32.12.3.rel1.win32_1.1.0.202410251130/tools/bin/../lib/gcc/arm-none-eabi/12.3.1/../../../../arm-none-eabi/lib/thumb/v6-m/nofp\libc_nano.a(libc_a-lseekr.o)
                0x080067bc                _lseek_r
 .text._read_r  0x080067e4       0x28 C:/ST/STM32CubeIDE_1.9.0/STM32CubeIDE/plugins/com.st.stm32cube.ide.mcu.externaltools.gnu-tools-for-stm32.12.3.rel1.win32_1.1.0.202410251130/tools/bin/../lib/gcc/arm-none-eabi/12.3.1/../../../../arm-none-eabi/lib/thumb/v6-m/nofp\libc_nano.a(libc_a-readr.o)
                0x080067e4                _read_r
 .text._write_r
                0x0800680c       0x28 C:/ST/STM32CubeIDE_1.9.0/STM32CubeIDE/plugins/com.st.stm32cube.ide.mcu.externaltools.gnu-tools-for-stm32.12.3.rel1.win32_1.1.0.202410251130/tools/bin/../lib/gcc/arm-none-eabi/12.3.1/../../../../arm-none-eabi/lib/thumb/v6-m/nofp\libc_nano.a(libc_a-writer.o)
                0x0800680c                _write_r
 .text.__errno  0x08006834        0xc C:/ST/STM32CubeIDE_1.9.0/STM32CubeIDE/plugins/com.st.stm32cube.ide.mcu.externaltools.gnu-tools-for-stm32.12.3.rel1.win32_1.1.0.202410251130/tools/bin/../lib/gcc/arm-none-eabi/12.3.1/../../../../arm-none-eabi/lib/thumb/v6-m/nofp\libc_nano.a(libc_a-errno.o)
                0x08006834                __errno
 .text.__libc_init_array
                0x08006840       0x48 C:/ST/STM32CubeIDE_1.9.0/STM32CubeIDE/plugins/com.st.stm32cube.ide.mcu.externaltools.gnu-tools-for-stm32.12.3.rel1.win32_1.1.0.202410251130/tools/bin/../lib/gcc/arm-none-eabi/12.3.1/../../../../arm-none-eabi/lib/thumb/v6-m/nofp\libc_nano.a(libc_a-init.o)
                0x08006840                __libc_init_array
 .text.__retarget_lock_init_recursive
                0x08006888        0x2 C:/ST/STM32CubeIDE_1.9.0/STM32CubeIDE/plugins/com.st.stm32cube.ide.mcu.externaltools.gnu-tools-for-stm32.12.3.rel1.win32_1.1.0.202410251130/tools/bin/../lib/gcc/arm-none-eabi/12.3.1/../../../../arm-none-eabi/lib/thumb/v6-m/nofp\libc_nano.a(libc_a-lock.o)
                0x08006888                __retarget_lock_init_recursive
 .text.__retarget_lock_acquire_recursive
                0x0800688a        0x2 C:/ST/STM32CubeIDE_1.9.0/STM32CubeIDE/plugins/com.st.stm32cube.ide.mcu.externaltools.gnu-tools-for-stm32.12.3.rel1.win32_1.1.0.202410251130/tools/bin/../lib/gcc/arm-none-eabi/12.3.1/../../../../arm-none-eabi/lib/thumb/v6-m/nofp\libc_nano.a(libc_a-lock.o)
                0x0800688a                __retarget_lock_acquire_recursive
 .text.__retarget_lock_release_recursive
                0x0800688c        0x2 C:/ST/STM32CubeIDE_1.9.0/STM32CubeIDE/plugins/com.st.stm32cube.ide.mcu.externaltools.gnu-tools-for-stm32.12.3.rel1.win32_1.1.0.202410251130/tools/bin/../lib/gcc/arm-none-eabi/12.3.1/../../../../arm-none-eabi/lib/thumb/v6-m/nofp\libc_nano.a(libc_a-lock.o)
                0x0800688c                __retarget_lock_release_recursive
 .text.strcpy   0x0800688e       0x10 C:/ST/STM32CubeIDE_1.9.0/STM32CubeIDE/plugins/com.st.stm32cube.ide.mcu.externaltools.gnu-tools-for-stm32.12.3.rel1.win32_1.1.0.202410251130/tools/bin/../lib/gcc/arm-none-eabi/12.3.1/../../../../arm-none-eabi/lib/thumb/v6-m/nofp\libc_nano.a(libc_a-strcpy.o)
                0x0800688e                strcpy
 .text.memcpy   0x0800689e       0x12 C:/ST/STM32CubeIDE_1.9.0/STM32CubeIDE/plugins/com.st.stm32cube.ide.mcu.externaltools.gnu-tools-for-stm32.12.3.rel1.win32_1.1.0.202410251130/tools/bin/../lib/gcc/arm-none-eabi/12.3.1/../../../../arm-none-eabi/lib/thumb/v6-m/nofp\libc_nano.a(libc_a-memcpy-stub.o)
                0x0800689e                memcpy
 .text.__assert_func
                0x080068b0       0x3c C:/ST/STM32CubeIDE_1.9.0/STM32CubeIDE/plugins/com.st.stm32cube.ide.mcu.externaltools.gnu-tools-for-stm32.12.3.rel1.win32_1.1.0.202410251130/tools/bin/../lib/gcc/arm-none-eabi/12.3.1/../../../../arm-none-eabi/lib/thumb/v6-m/nofp\libc_nano.a(libc_a-assert.o)
                0x080068b0                __assert_func
 .text._free_r  0x080068ec       0x94 C:/ST/STM32CubeIDE_1.9.0/STM32CubeIDE/plugins/com.st.stm32cube.ide.mcu.externaltools.gnu-tools-for-stm32.12.3.rel1.win32_1.1.0.202410251130/tools/bin/../lib/gcc/arm-none-eabi/12.3.1/../../../../arm-none-eabi/lib/thumb/v6-m/nofp\libc_nano.a(libc_a-freer.o)
                0x080068ec                _free_r
 .text.malloc   0x08006980       0x14 C:/ST/STM32CubeIDE_1.9.0/STM32CubeIDE/plugins/com.st.stm32cube.ide.mcu.externaltools.gnu-tools-for-stm32.12.3.rel1.win32_1.1.0.202410251130/tools/bin/../lib/gcc/arm-none-eabi/12.3.1/../../../../arm-none-eabi/lib/thumb/v6-m/nofp\libc_nano.a(libc_a-malloc.o)
                0x08006980                malloc
 .text.sbrk_aligned
                0x08006994       0x44 C:/ST/STM32CubeIDE_1.9.0/STM32CubeIDE/plugins/com.st.stm32cube.ide.mcu.externaltools.gnu-tools-for-stm32.12.3.rel1.win32_1.1.0.202410251130/tools/bin/../lib/gcc/arm-none-eabi/12.3.1/../../../../arm-none-eabi/lib/thumb/v6-m/nofp\libc_nano.a(libc_a-mallocr.o)
 .text._malloc_r
                0x080069d8      0x100 C:/ST/STM32CubeIDE_1.9.0/STM32CubeIDE/plugins/com.st.stm32cube.ide.mcu.externaltools.gnu-tools-for-stm32.12.3.rel1.win32_1.1.0.202410251130/tools/bin/../lib/gcc/arm-none-eabi/12.3.1/../../../../arm-none-eabi/lib/thumb/v6-m/nofp\libc_nano.a(libc_a-mallocr.o)
                0x080069d8                _malloc_r
 .text.__malloc_lock
                0x08006ad8       0x10 C:/ST/STM32CubeIDE_1.9.0/STM32CubeIDE/plugins/com.st.stm32cube.ide.mcu.externaltools.gnu-tools-for-stm32.12.3.rel1.win32_1.1.0.202410251130/tools/bin/../lib/gcc/arm-none-eabi/12.3.1/../../../../arm-none-eabi/lib/thumb/v6-m/nofp\libc_nano.a(libc_a-mlock.o)
                0x08006ad8                __malloc_lock
 .text.__malloc_unlock
                0x08006ae8       0x10 C:/ST/STM32CubeIDE_1.9.0/STM32CubeIDE/plugins/com.st.stm32cube.ide.mcu.externaltools.gnu-tools-for-stm32.12.3.rel1.win32_1.1.0.202410251130/tools/bin/../lib/gcc/arm-none-eabi/12.3.1/../../../../arm-none-eabi/lib/thumb/v6-m/nofp\libc_nano.a(libc_a-mlock.o)
                0x08006ae8                __malloc_unlock
 .text.__ssputs_r
                0x08006af8       0xc0 C:/ST/STM32CubeIDE_1.9.0/STM32CubeIDE/plugins/com.st.stm32cube.ide.mcu.externaltools.gnu-tools-for-stm32.12.3.rel1.win32_1.1.0.202410251130/tools/bin/../lib/gcc/arm-none-eabi/12.3.1/../../../../arm-none-eabi/lib/thumb/v6-m/nofp\libc_nano.a(libc_a-nano-svfprintf.o)
                0x08006af8                __ssputs_r
 .text._svfprintf_r
                0x08006bb8      0x1fc C:/ST/STM32CubeIDE_1.9.0/STM32CubeIDE/plugins/com.st.stm32cube.ide.mcu.externaltools.gnu-tools-for-stm32.12.3.rel1.win32_1.1.0.202410251130/tools/bin/../lib/gcc/arm-none-eabi/12.3.1/../../../../arm-none-eabi/lib/thumb/v6-m/nofp\libc_nano.a(libc_a-nano-svfprintf.o)
                0x08006bb8                _svfiprintf_r
                0x08006bb8                _svfprintf_r
 .text._printf_common
                0x08006db4       0xde C:/ST/STM32CubeIDE_1.9.0/STM32CubeIDE/plugins/com.st.stm32cube.ide.mcu.externaltools.gnu-tools-for-stm32.12.3.rel1.win32_1.1.0.202410251130/tools/bin/../lib/gcc/arm-none-eabi/12.3.1/../../../../arm-none-eabi/lib/thumb/v6-m/nofp\libc_nano.a(libc_a-nano-vfprintf_i.o)
                0x08006db4                _printf_common
 *fill*         0x08006e92        0x2 
 .text._printf_i
                0x08006e94      0x21c C:/ST/STM32CubeIDE_1.9.0/STM32CubeIDE/plugins/com.st.stm32cube.ide.mcu.externaltools.gnu-tools-for-stm32.12.3.rel1.win32_1.1.0.202410251130/tools/bin/../lib/gcc/arm-none-eabi/12.3.1/../../../../arm-none-eabi/lib/thumb/v6-m/nofp\libc_nano.a(libc_a-nano-vfprintf_i.o)
                0x08006e94                _printf_i
 .text.__sflush_r
                0x080070b0      0x10c C:/ST/STM32CubeIDE_1.9.0/STM32CubeIDE/plugins/com.st.stm32cube.ide.mcu.externaltools.gnu-tools-for-stm32.12.3.rel1.win32_1.1.0.202410251130/tools/bin/../lib/gcc/arm-none-eabi/12.3.1/../../../../arm-none-eabi/lib/thumb/v6-m/nofp\libc_nano.a(libc_a-fflush.o)
                0x080070b0                __sflush_r
 .text._fflush_r
                0x080071bc       0x56 C:/ST/STM32CubeIDE_1.9.0/STM32CubeIDE/plugins/com.st.stm32cube.ide.mcu.externaltools.gnu-tools-for-stm32.12.3.rel1.win32_1.1.0.202410251130/tools/bin/../lib/gcc/arm-none-eabi/12.3.1/../../../../arm-none-eabi/lib/thumb/v6-m/nofp\libc_nano.a(libc_a-fflush.o)
                0x080071bc                _fflush_r
 *fill*         0x08007212        0x2 
 .text.fprintf  0x08007214       0x20 C:/ST/STM32CubeIDE_1.9.0/STM32CubeIDE/plugins/com.st.stm32cube.ide.mcu.externaltools.gnu-tools-for-stm32.12.3.rel1.win32_1.1.0.202410251130/tools/bin/../lib/gcc/arm-none-eabi/12.3.1/../../../../arm-none-eabi/lib/thumb/v6-m/nofp\libc_nano.a(libc_a-fprintf.o)
                0x08007214                fiprintf
                0x08007214                fprintf
 .text.memmove  0x08007234       0x26 C:/ST/STM32CubeIDE_1.9.0/STM32CubeIDE/plugins/com.st.stm32cube.ide.mcu.externaltools.gnu-tools-for-stm32.12.3.rel1.win32_1.1.0.202410251130/tools/bin/../lib/gcc/arm-none-eabi/12.3.1/../../../../arm-none-eabi/lib/thumb/v6-m/nofp\libc_nano.a(libc_a-memmove.o)
                0x08007234                memmove
 *fill*         0x0800725a        0x2 
 .text._sbrk_r  0x0800725c       0x24 C:/ST/STM32CubeIDE_1.9.0/STM32CubeIDE/plugins/com.st.stm32cube.ide.mcu.externaltools.gnu-tools-for-stm32.12.3.rel1.win32_1.1.0.202410251130/tools/bin/../lib/gcc/arm-none-eabi/12.3.1/../../../../arm-none-eabi/lib/thumb/v6-m/nofp\libc_nano.a(libc_a-sbrkr.o)
                0x0800725c                _sbrk_r
 .text.memchr   0x08007280       0x16 C:/ST/STM32CubeIDE_1.9.0/STM32CubeIDE/plugins/com.st.stm32cube.ide.mcu.externaltools.gnu-tools-for-stm32.12.3.rel1.win32_1.1.0.202410251130/tools/bin/../lib/gcc/arm-none-eabi/12.3.1/../../../../arm-none-eabi/lib/thumb/v6-m/nofp\libc_nano.a(libc_a-memchr-stub.o)
                0x08007280                memchr
 .text.abort    0x08007296        0xe C:/ST/STM32CubeIDE_1.9.0/STM32CubeIDE/plugins/com.st.stm32cube.ide.mcu.externaltools.gnu-tools-for-stm32.12.3.rel1.win32_1.1.0.202410251130/tools/bin/../lib/gcc/arm-none-eabi/12.3.1/../../../../arm-none-eabi/lib/thumb/v6-m/nofp\libc_nano.a(libc_a-abort.o)
                0x08007296                abort
 .text._realloc_r
                0x080072a4       0x5e C:/ST/STM32CubeIDE_1.9.0/STM32CubeIDE/plugins/com.st.stm32cube.ide.mcu.externaltools.gnu-tools-for-stm32.12.3.rel1.win32_1.1.0.202410251130/tools/bin/../lib/gcc/arm-none-eabi/12.3.1/../../../../arm-none-eabi/lib/thumb/v6-m/nofp\libc_nano.a(libc_a-reallocr.o)
                0x080072a4                _realloc_r
 .text.__sfputc_r
                0x08007302       0x2a C:/ST/STM32CubeIDE_1.9.0/STM32CubeIDE/plugins/com.st.stm32cube.ide.mcu.externaltools.gnu-tools-for-stm32.12.3.rel1.win32_1.1.0.202410251130/tools/bin/../lib/gcc/arm-none-eabi/12.3.1/../../../../arm-none-eabi/lib/thumb/v6-m/nofp\libc_nano.a(libc_a-nano-vfprintf.o)
 .text.__sfputs_r
                0x0800732c       0x24 C:/ST/STM32CubeIDE_1.9.0/STM32CubeIDE/plugins/com.st.stm32cube.ide.mcu.externaltools.gnu-tools-for-stm32.12.3.rel1.win32_1.1.0.202410251130/tools/bin/../lib/gcc/arm-none-eabi/12.3.1/../../../../arm-none-eabi/lib/thumb/v6-m/nofp\libc_nano.a(libc_a-nano-vfprintf.o)
                0x0800732c                __sfputs_r
 .text._vfprintf_r
                0x08007350      0x238 C:/ST/STM32CubeIDE_1.9.0/STM32CubeIDE/plugins/com.st.stm32cube.ide.mcu.externaltools.gnu-tools-for-stm32.12.3.rel1.win32_1.1.0.202410251130/tools/bin/../lib/gcc/arm-none-eabi/12.3.1/../../../../arm-none-eabi/lib/thumb/v6-m/nofp\libc_nano.a(libc_a-nano-vfprintf.o)
                0x08007350                _vfprintf_r
                0x08007350                _vfiprintf_r
 .text.__swbuf_r
                0x08007588       0x84 C:/ST/STM32CubeIDE_1.9.0/STM32CubeIDE/plugins/com.st.stm32cube.ide.mcu.externaltools.gnu-tools-for-stm32.12.3.rel1.win32_1.1.0.202410251130/tools/bin/../lib/gcc/arm-none-eabi/12.3.1/../../../../arm-none-eabi/lib/thumb/v6-m/nofp\libc_nano.a(libc_a-wbuf.o)
                0x08007588                __swbuf_r
 .text.__swsetup_r
                0x0800760c       0xbc C:/ST/STM32CubeIDE_1.9.0/STM32CubeIDE/plugins/com.st.stm32cube.ide.mcu.externaltools.gnu-tools-for-stm32.12.3.rel1.win32_1.1.0.202410251130/tools/bin/../lib/gcc/arm-none-eabi/12.3.1/../../../../arm-none-eabi/lib/thumb/v6-m/nofp\libc_nano.a(libc_a-wsetup.o)
                0x0800760c                __swsetup_r
 .text._raise_r
                0x080076c8       0x52 C:/ST/STM32CubeIDE_1.9.0/STM32CubeIDE/plugins/com.st.stm32cube.ide.mcu.externaltools.gnu-tools-for-stm32.12.3.rel1.win32_1.1.0.202410251130/tools/bin/../lib/gcc/arm-none-eabi/12.3.1/../../../../arm-none-eabi/lib/thumb/v6-m/nofp\libc_nano.a(libc_a-signal.o)
                0x080076c8                _raise_r
 *fill*         0x0800771a        0x2 
 .text.raise    0x0800771c       0x14 C:/ST/STM32CubeIDE_1.9.0/STM32CubeIDE/plugins/com.st.stm32cube.ide.mcu.externaltools.gnu-tools-for-stm32.12.3.rel1.win32_1.1.0.202410251130/tools/bin/../lib/gcc/arm-none-eabi/12.3.1/../../../../arm-none-eabi/lib/thumb/v6-m/nofp\libc_nano.a(libc_a-signal.o)
                0x0800771c                raise
 .text._kill_r  0x08007730       0x24 C:/ST/STM32CubeIDE_1.9.0/STM32CubeIDE/plugins/com.st.stm32cube.ide.mcu.externaltools.gnu-tools-for-stm32.12.3.rel1.win32_1.1.0.202410251130/tools/bin/../lib/gcc/arm-none-eabi/12.3.1/../../../../arm-none-eabi/lib/thumb/v6-m/nofp\libc_nano.a(libc_a-signalr.o)
                0x08007730                _kill_r
 .text._getpid_r
                0x08007754        0x8 C:/ST/STM32CubeIDE_1.9.0/STM32CubeIDE/plugins/com.st.stm32cube.ide.mcu.externaltools.gnu-tools-for-stm32.12.3.rel1.win32_1.1.0.202410251130/tools/bin/../lib/gcc/arm-none-eabi/12.3.1/../../../../arm-none-eabi/lib/thumb/v6-m/nofp\libc_nano.a(libc_a-signalr.o)
                0x08007754                _getpid_r
 .text._malloc_usable_size_r
                0x0800775c       0x10 C:/ST/STM32CubeIDE_1.9.0/STM32CubeIDE/plugins/com.st.stm32cube.ide.mcu.externaltools.gnu-tools-for-stm32.12.3.rel1.win32_1.1.0.202410251130/tools/bin/../lib/gcc/arm-none-eabi/12.3.1/../../../../arm-none-eabi/lib/thumb/v6-m/nofp\libc_nano.a(libc_a-msizer.o)
                0x0800775c                _malloc_usable_size_r
 .text.__swhatbuf_r
                0x0800776c       0x54 C:/ST/STM32CubeIDE_1.9.0/STM32CubeIDE/plugins/com.st.stm32cube.ide.mcu.externaltools.gnu-tools-for-stm32.12.3.rel1.win32_1.1.0.202410251130/tools/bin/../lib/gcc/arm-none-eabi/12.3.1/../../../../arm-none-eabi/lib/thumb/v6-m/nofp\libc_nano.a(libc_a-makebuf.o)
                0x0800776c                __swhatbuf_r
 .text.__smakebuf_r
                0x080077c0       0x82 C:/ST/STM32CubeIDE_1.9.0/STM32CubeIDE/plugins/com.st.stm32cube.ide.mcu.externaltools.gnu-tools-for-stm32.12.3.rel1.win32_1.1.0.202410251130/tools/bin/../lib/gcc/arm-none-eabi/12.3.1/../../../../arm-none-eabi/lib/thumb/v6-m/nofp\libc_nano.a(libc_a-makebuf.o)
                0x080077c0                __smakebuf_r
 *fill*         0x08007842        0x2 
 .text._fstat_r
                0x08007844       0x24 C:/ST/STM32CubeIDE_1.9.0/STM32CubeIDE/plugins/com.st.stm32cube.ide.mcu.externaltools.gnu-tools-for-stm32.12.3.rel1.win32_1.1.0.202410251130/tools/bin/../lib/gcc/arm-none-eabi/12.3.1/../../../../arm-none-eabi/lib/thumb/v6-m/nofp\libc_nano.a(libc_a-fstatr.o)
                0x08007844                _fstat_r
 .text._isatty_r
                0x08007868       0x24 C:/ST/STM32CubeIDE_1.9.0/STM32CubeIDE/plugins/com.st.stm32cube.ide.mcu.externaltools.gnu-tools-for-stm32.12.3.rel1.win32_1.1.0.202410251130/tools/bin/../lib/gcc/arm-none-eabi/12.3.1/../../../../arm-none-eabi/lib/thumb/v6-m/nofp\libc_nano.a(libc_a-isattyr.o)
                0x08007868                _isatty_r
 *(.glue_7)
 .glue_7        0x0800788c        0x0 linker stubs
 *(.glue_7t)
 .glue_7t       0x0800788c        0x0 linker stubs
 *(.eh_frame)
 .eh_frame      0x0800788c        0x0 C:/ST/STM32CubeIDE_1.9.0/STM32CubeIDE/plugins/com.st.stm32cube.ide.mcu.externaltools.gnu-tools-for-stm32.12.3.rel1.win32_1.1.0.202410251130/tools/bin/../lib/gcc/arm-none-eabi/12.3.1/thumb/v6-m/nofp/crtbegin.o
 *(.init)
 .init          0x0800788c        0x4 C:/ST/STM32CubeIDE_1.9.0/STM32CubeIDE/plugins/com.st.stm32cube.ide.mcu.externaltools.gnu-tools-for-stm32.12.3.rel1.win32_1.1.0.202410251130/tools/bin/../lib/gcc/arm-none-eabi/12.3.1/thumb/v6-m/nofp/crti.o
                0x0800788c                _init
 .init          0x08007890        0x8 C:/ST/STM32CubeIDE_1.9.0/STM32CubeIDE/plugins/com.st.stm32cube.ide.mcu.externaltools.gnu-tools-for-stm32.12.3.rel1.win32_1.1.0.202410251130/tools/bin/../lib/gcc/arm-none-eabi/12.3.1/thumb/v6-m/nofp/crtn.o
 *(.fini)
 .fini          0x08007898        0x4 C:/ST/STM32CubeIDE_1.9.0/STM32CubeIDE/plugins/com.st.stm32cube.ide.mcu.externaltools.gnu-tools-for-stm32.12.3.rel1.win32_1.1.0.202410251130/tools/bin/../lib/gcc/arm-none-eabi/12.3.1/thumb/v6-m/nofp/crti.o
                0x08007898                _fini
 .fini          0x0800789c        0x8 C:/ST/STM32CubeIDE_1.9.0/STM32CubeIDE/plugins/com.st.stm32cube.ide.mcu.externaltools.gnu-tools-for-stm32.12.3.rel1.win32_1.1.0.202410251130/tools/bin/../lib/gcc/arm-none-eabi/12.3.1/thumb/v6-m/nofp/crtn.o
                0x080078a4                        . = ALIGN (0x4)
                0x080078a4                        _etext = .

.vfp11_veneer   0x080078a4        0x0
 .vfp11_veneer  0x080078a4        0x0 linker stubs

.v4_bx          0x080078a4        0x0
 .v4_bx         0x080078a4        0x0 linker stubs

.iplt           0x080078a4        0x0
 .iplt          0x080078a4        0x0 C:/ST/STM32CubeIDE_1.9.0/STM32CubeIDE/plugins/com.st.stm32cube.ide.mcu.externaltools.gnu-tools-for-stm32.12.3.rel1.win32_1.1.0.202410251130/tools/bin/../lib/gcc/arm-none-eabi/12.3.1/thumb/v6-m/nofp/crtbegin.o

.rodata         0x080078a4      0x3f4
                0x080078a4                        . = ALIGN (0x4)
 *(.rodata)
 .rodata        0x080078a4       0x50 ./Core/Src/settings.o
 *(.rodata*)
 .rodata.main.str1.1
                0x080078f4        0xe ./Core/Src/main.o
 .rodata.tankMix.cst2
                0x08007902        0x2 ./Core/Src/reciever.o
 .rodata.decodeCommand.str1.1
                0x08007904        0x2 ./Core/Src/settings.o
 .rodata.serialPrintStatus.str1.1
                0x08007906       0x34 ./Core/Src/settings.o
                                 0x3f (size before relaxing)
 .rodata.serialPrintSettings.str1.1
                0x0800793a       0x67 ./Core/Src/settings.o
 .rodata.modifySettingsWithCommand.str1.1
                0x080079a1       0xa1 ./Core/Src/settings.o
 .rodata.AHBPrescTable
                0x08007a42       0x10 ./Core/Src/system_stm32f0xx.o
                0x08007a42                AHBPrescTable
 .rodata.aPredivFactorTable.0
                0x08007a52       0x10 ./Drivers/STM32F0xx_HAL_Driver/Src/stm32f0xx_hal_rcc.o
 .rodata.aPLLMULFactorTable.1
                0x08007a62       0x10 ./Drivers/STM32F0xx_HAL_Driver/Src/stm32f0xx_hal_rcc.o
 .rodata.USBD_FS_ManufacturerStrDescriptor.str1.1
                0x08007a72       0x13 ./USB_DEVICE/App/usbd_desc.o
 .rodata.USBD_FS_ProductStrDescriptor.str1.1
                0x08007a85       0x16 ./USB_DEVICE/App/usbd_desc.o
 .rodata.USBD_FS_ConfigStrDescriptor.str1.1
                0x08007a9b        0xb ./USB_DEVICE/App/usbd_desc.o
 .rodata.USBD_FS_InterfaceStrDescriptor.str1.1
                0x08007aa6        0xe ./USB_DEVICE/App/usbd_desc.o
 .rodata._ctype_
                0x08007ab4      0x101 C:/ST/STM32CubeIDE_1.9.0/STM32CubeIDE/plugins/com.st.stm32cube.ide.mcu.externaltools.gnu-tools-for-stm32.12.3.rel1.win32_1.1.0.202410251130/tools/bin/../lib/gcc/arm-none-eabi/12.3.1/../../../../arm-none-eabi/lib/thumb/v6-m/nofp\libc_nano.a(libc_a-ctype_.o)
                0x08007ab4                _ctype_
 .rodata.strtok.str1.1
                0x08007bb5       0x71 C:/ST/STM32CubeIDE_1.9.0/STM32CubeIDE/plugins/com.st.stm32cube.ide.mcu.externaltools.gnu-tools-for-stm32.12.3.rel1.win32_1.1.0.202410251130/tools/bin/../lib/gcc/arm-none-eabi/12.3.1/../../../../arm-none-eabi/lib/thumb/v6-m/nofp\libc_nano.a(libc_a-strtok.o)
 .rodata.__assert_func.str1.1
                0x08007c26       0x3c C:/ST/STM32CubeIDE_1.9.0/STM32CubeIDE/plugins/com.st.stm32cube.ide.mcu.externaltools.gnu-tools-for-stm32.12.3.rel1.win32_1.1.0.202410251130/tools/bin/../lib/gcc/arm-none-eabi/12.3.1/../../../../arm-none-eabi/lib/thumb/v6-m/nofp\libc_nano.a(libc_a-assert.o)
                                 0x3d (size before relaxing)
 .rodata._svfprintf_r.str1.1
                0x08007c62       0x11 C:/ST/STM32CubeIDE_1.9.0/STM32CubeIDE/plugins/com.st.stm32cube.ide.mcu.externaltools.gnu-tools-for-stm32.12.3.rel1.win32_1.1.0.202410251130/tools/bin/../lib/gcc/arm-none-eabi/12.3.1/../../../../arm-none-eabi/lib/thumb/v6-m/nofp\libc_nano.a(libc_a-nano-svfprintf.o)
 .rodata._printf_i.str1.1
                0x08007c73       0x22 C:/ST/STM32CubeIDE_1.9.0/STM32CubeIDE/plugins/com.st.stm32cube.ide.mcu.externaltools.gnu-tools-for-stm32.12.3.rel1.win32_1.1.0.202410251130/tools/bin/../lib/gcc/arm-none-eabi/12.3.1/../../../../arm-none-eabi/lib/thumb/v6-m/nofp\libc_nano.a(libc_a-nano-vfprintf_i.o)
 .rodata._vfprintf_r.str1.1
                0x08007c95       0x11 C:/ST/STM32CubeIDE_1.9.0/STM32CubeIDE/plugins/com.st.stm32cube.ide.mcu.externaltools.gnu-tools-for-stm32.12.3.rel1.win32_1.1.0.202410251130/tools/bin/../lib/gcc/arm-none-eabi/12.3.1/../../../../arm-none-eabi/lib/thumb/v6-m/nofp\libc_nano.a(libc_a-nano-vfprintf.o)
                0x08007ca8                        . = ALIGN (0x4)
 *fill*         0x08007c95        0x3 

.ARM.extab      0x08007c98        0x0
                0x08007c98                        . = ALIGN (0x4)
 *(.ARM.extab* .gnu.linkonce.armextab.*)
                0x08007c98                        . = ALIGN (0x4)

.ARM            0x08007c98        0x0
                0x08007c98                        . = ALIGN (0x4)
                0x08007c98                        __exidx_start = .
 *(.ARM.exidx*)
                0x08007c98                        __exidx_end = .
                0x08007c98                        . = ALIGN (0x4)

.preinit_array  0x08007c98        0x0
                0x08007c98                        . = ALIGN (0x4)
                0x08007c98                        PROVIDE (__preinit_array_start = .)
 *(.preinit_array*)
                0x08007c98                        PROVIDE (__preinit_array_end = .)
                0x08007c98                        . = ALIGN (0x4)

.init_array     0x08007c98        0x4
                0x08007c98                        . = ALIGN (0x4)
                0x08007c98                        PROVIDE (__init_array_start = .)
 *(SORT_BY_NAME(.init_array.*))
 *(.init_array*)
 .init_array    0x08007c98        0x4 C:/ST/STM32CubeIDE_1.9.0/STM32CubeIDE/plugins/com.st.stm32cube.ide.mcu.externaltools.gnu-tools-for-stm32.12.3.rel1.win32_1.1.0.202410251130/tools/bin/../lib/gcc/arm-none-eabi/12.3.1/thumb/v6-m/nofp/crtbegin.o
                0x08007c9c                        PROVIDE (__init_array_end = .)
                0x08007c9c                        . = ALIGN (0x4)

.fini_array     0x08007c9c        0x4
                0x08007c9c                        . = ALIGN (0x4)
                [!provide]                        PROVIDE (__fini_array_start = .)
 *(SORT_BY_NAME(.fini_array.*))
 *(.fini_array*)
 .fini_array    0x08007c9c        0x4 C:/ST/STM32CubeIDE_1.9.0/STM32CubeIDE/plugins/com.st.stm32cube.ide.mcu.externaltools.gnu-tools-for-stm32.12.3.rel1.win32_1.1.0.202410251130/tools/bin/../lib/gcc/arm-none-eabi/12.3.1/thumb/v6-m/nofp/crtbegin.o
                [!provide]                        PROVIDE (__fini_array_end = .)
                0x08007ca0                        . = ALIGN (0x4)
                0x08007ca0                        _sidata = LOADADDR (.data)

.rel.dyn        0x08007ca0        0x0
 .rel.iplt      0x08007ca0        0x0 C:/ST/STM32CubeIDE_1.9.0/STM32CubeIDE/plugins/com.st.stm32cube.ide.mcu.externaltools.gnu-tools-for-stm32.12.3.rel1.win32_1.1.0.202410251130/tools/bin/../lib/gcc/arm-none-eabi/12.3.1/thumb/v6-m/nofp/crtbegin.o

.data           0x20000000      0x1ec load address 0x08007ca0
                0x20000000                        . = ALIGN (0x4)
                0x20000000                        _sdata = .
 *(.data)
 *(.data*)
 .data.recieverIsPWM
                0x20000000        0x4 ./Core/Src/main.o
                0x20000000                recieverIsPWM
 .data.cutOffVoltage
                0x20000004        0x1 ./Core/Src/main.o
                0x20000004                cutOffVoltage
 .data.limitVoltage
                0x20000005        0x1 ./Core/Src/main.o
                0x20000005                limitVoltage
 .data.noDisarm
                0x20000006        0x1 ./Core/Src/main.o
                0x20000006                noDisarm
 .data.tankMixIsON
                0x20000007        0x1 ./Core/Src/main.o
                0x20000007                tankMixIsON
 .data.mWeapon  0x20000008        0x1 ./Core/Src/main.o
                0x20000008                mWeapon
 .data.mRight   0x20000009        0x1 ./Core/Src/main.o
                0x20000009                mRight
 .data.m2Rev    0x2000000a        0x1 ./Core/Src/main.o
                0x2000000a                m2Rev
 .data.m1Rev    0x2000000b        0x1 ./Core/Src/main.o
                0x2000000b                m1Rev
 .data.armChannel
                0x2000000c        0x1 ./Core/Src/main.o
                0x2000000c                armChannel
 .data.s2Channel
                0x2000000d        0x1 ./Core/Src/main.o
                0x2000000d                s2Channel
 .data.s1Channel
                0x2000000e        0x1 ./Core/Src/main.o
                0x2000000e                s1Channel
 .data.wpChannel
                0x2000000f        0x1 ./Core/Src/main.o
                0x2000000f                wpChannel
 .data.stChannel
                0x20000010        0x1 ./Core/Src/main.o
                0x20000010                stChannel
 .data.thChannel
                0x20000011        0x1 ./Core/Src/main.o
                0x20000011                thChannel
 .data.channelToRead
                0x20000012        0x1 ./Core/Src/reciever.o
                0x20000012                channelToRead
 *fill*         0x20000013        0x1 
 .data.SystemCoreClock
                0x20000014        0x4 ./Core/Src/system_stm32f0xx.o
                0x20000014                SystemCoreClock
 .data.uwTickFreq
                0x20000018        0x1 ./Drivers/STM32F0xx_HAL_Driver/Src/stm32f0xx_hal.o
                0x20000018                uwTickFreq
 *fill*         0x20000019        0x3 
 .data.uwTickPrio
                0x2000001c        0x4 ./Drivers/STM32F0xx_HAL_Driver/Src/stm32f0xx_hal.o
                0x2000001c                uwTickPrio
 .data.USBD_CDC_OtherSpeedCfgDesc
                0x20000020       0x43 ./Middlewares/ST/STM32_USB_Device_Library/Class/CDC/Src/usbd_cdc.o
                0x20000020                USBD_CDC_OtherSpeedCfgDesc
 *fill*         0x20000063        0x1 
 .data.USBD_CDC_CfgFSDesc
                0x20000064       0x43 ./Middlewares/ST/STM32_USB_Device_Library/Class/CDC/Src/usbd_cdc.o
                0x20000064                USBD_CDC_CfgFSDesc
 *fill*         0x200000a7        0x1 
 .data.USBD_CDC_CfgHSDesc
                0x200000a8       0x43 ./Middlewares/ST/STM32_USB_Device_Library/Class/CDC/Src/usbd_cdc.o
                0x200000a8                USBD_CDC_CfgHSDesc
 *fill*         0x200000eb        0x1 
 .data.USBD_CDC
                0x200000ec       0x38 ./Middlewares/ST/STM32_USB_Device_Library/Class/CDC/Src/usbd_cdc.o
                0x200000ec                USBD_CDC
 .data.USBD_CDC_DeviceQualifierDesc
                0x20000124        0xa ./Middlewares/ST/STM32_USB_Device_Library/Class/CDC/Src/usbd_cdc.o
 *fill*         0x2000012e        0x2 
 .data.USBD_Interface_fops_FS
                0x20000130       0x10 ./USB_DEVICE/App/usbd_cdc_if.o
                0x20000130                USBD_Interface_fops_FS
 .data.USBD_StringSerial
                0x20000140       0x1a ./USB_DEVICE/App/usbd_desc.o
                0x20000140                USBD_StringSerial
 *fill*         0x2000015a        0x2 
 .data.USBD_LangIDDesc
                0x2000015c        0x4 ./USB_DEVICE/App/usbd_desc.o
                0x2000015c                USBD_LangIDDesc
 .data.USBD_FS_DeviceDesc
                0x20000160       0x12 ./USB_DEVICE/App/usbd_desc.o
                0x20000160                USBD_FS_DeviceDesc
 *fill*         0x20000172        0x2 
 .data.FS_Desc  0x20000174       0x1c ./USB_DEVICE/App/usbd_desc.o
                0x20000174                FS_Desc
 .data.__sglue  0x20000190        0xc C:/ST/STM32CubeIDE_1.9.0/STM32CubeIDE/plugins/com.st.stm32cube.ide.mcu.externaltools.gnu-tools-for-stm32.12.3.rel1.win32_1.1.0.202410251130/tools/bin/../lib/gcc/arm-none-eabi/12.3.1/../../../../arm-none-eabi/lib/thumb/v6-m/nofp\libc_nano.a(libc_a-findfp.o)
                0x20000190                __sglue
 .data._impure_ptr
                0x2000019c        0x4 C:/ST/STM32CubeIDE_1.9.0/STM32CubeIDE/plugins/com.st.stm32cube.ide.mcu.externaltools.gnu-tools-for-stm32.12.3.rel1.win32_1.1.0.202410251130/tools/bin/../lib/gcc/arm-none-eabi/12.3.1/../../../../arm-none-eabi/lib/thumb/v6-m/nofp\libc_nano.a(libc_a-impure.o)
                0x2000019c                _impure_ptr
 .data._impure_data
                0x200001a0       0x4c C:/ST/STM32CubeIDE_1.9.0/STM32CubeIDE/plugins/com.st.stm32cube.ide.mcu.externaltools.gnu-tools-for-stm32.12.3.rel1.win32_1.1.0.202410251130/tools/bin/../lib/gcc/arm-none-eabi/12.3.1/../../../../arm-none-eabi/lib/thumb/v6-m/nofp\libc_nano.a(libc_a-impure.o)
                0x200001a0                _impure_data
 *(.RamFunc)
 *(.RamFunc*)
                0x200001ec                        . = ALIGN (0x4)
                0x200001ec                        _edata = .

.igot.plt       0x200001ec        0x0 load address 0x08007e8c
 .igot.plt      0x200001ec        0x0 C:/ST/STM32CubeIDE_1.9.0/STM32CubeIDE/plugins/com.st.stm32cube.ide.mcu.externaltools.gnu-tools-for-stm32.12.3.rel1.win32_1.1.0.202410251130/tools/bin/../lib/gcc/arm-none-eabi/12.3.1/thumb/v6-m/nofp/crtbegin.o
                0x200001ec                        . = ALIGN (0x4)

.bss            0x200001ec     0x195c load address 0x08007e8c
                0x200001ec                        _sbss = .
                0x200001ec                        __bss_start__ = _sbss
 *(.bss)
 .bss           0x200001ec       0x1c C:/ST/STM32CubeIDE_1.9.0/STM32CubeIDE/plugins/com.st.stm32cube.ide.mcu.externaltools.gnu-tools-for-stm32.12.3.rel1.win32_1.1.0.202410251130/tools/bin/../lib/gcc/arm-none-eabi/12.3.1/thumb/v6-m/nofp/crtbegin.o
 *(.bss*)
 .bss.dataB     0x20000208      0x190 ./Core/Src/DMApwm.o
                0x20000208                dataB
 .bss.dataA     0x20000398      0x190 ./Core/Src/DMApwm.o
                0x20000398                dataA
 .bss.recievedString
                0x20000528       0x14 ./Core/Src/main.o
                0x20000528                recievedString
 .bss.ccr3      0x2000053c        0x2 ./Core/Src/main.o
                0x2000053c                ccr3
 .bss.ccr2      0x2000053e        0x2 ./Core/Src/main.o
                0x2000053e                ccr2
 .bss.ccr1      0x20000540        0x2 ./Core/Src/main.o
                0x20000540                ccr1
 .bss.weaponDoubleDirection
                0x20000542        0x1 ./Core/Src/main.o
                0x20000542                weaponDoubleDirection
 .bss.mLeft     0x20000543        0x1 ./Core/Src/main.o
                0x20000543                mLeft
 .bss.s2Rev     0x20000544        0x1 ./Core/Src/main.o
                0x20000544                s2Rev
 .bss.s1Rev     0x20000545        0x1 ./Core/Src/main.o
                0x20000545                s1Rev
 .bss.m3Rev     0x20000546        0x1 ./Core/Src/main.o
                0x20000546                m3Rev
 .bss.armed     0x20000547        0x1 ./Core/Src/main.o
                0x20000547                armed
 .bss.batteryConfiguration
                0x20000548        0x1 ./Core/Src/main.o
                0x20000548                batteryConfiguration
 .bss.limit     0x20000549        0x1 ./Core/Src/main.o
                0x20000549                limit
 .bss.cutoff    0x2000054a        0x1 ./Core/Src/main.o
                0x2000054a                cutoff
 *fill*         0x2000054b        0x1 
 .bss.batteryVoltage
                0x2000054c        0x2 ./Core/Src/main.o
                0x2000054c                batteryVoltage
 .bss.commandRecieved
                0x2000054e        0x1 ./Core/Src/main.o
                0x2000054e                commandRecieved
 .bss.tank      0x2000054f        0x2 ./Core/Src/main.o
                0x2000054f                tank
 *fill*         0x20000551        0x3 
 .bss.hdma_tim3_ch4_up
                0x20000554       0x44 ./Core/Src/main.o
                0x20000554                hdma_tim3_ch4_up
 .bss.hdma_tim1_ch3_up
                0x20000598       0x44 ./Core/Src/main.o
                0x20000598                hdma_tim1_ch3_up
 .bss.htim17    0x200005dc       0x48 ./Core/Src/main.o
                0x200005dc                htim17
 .bss.htim16    0x20000624       0x48 ./Core/Src/main.o
                0x20000624                htim16
 .bss.htim6     0x2000066c       0x48 ./Core/Src/main.o
                0x2000066c                htim6
 .bss.htim3     0x200006b4       0x48 ./Core/Src/main.o
                0x200006b4                htim3
 .bss.htim1     0x200006fc       0x48 ./Core/Src/main.o
                0x200006fc                htim1
 .bss.hi2c1     0x20000744       0x54 ./Core/Src/main.o
                0x20000744                hi2c1
 .bss.hadc      0x20000798       0x40 ./Core/Src/main.o
                0x20000798                hadc
 .bss.aligned   0x200007d8        0x1 ./Core/Src/reciever.o
                0x200007d8                aligned
 *fill*         0x200007d9        0x1 
 .bss.reciever_channels
                0x200007da       0x12 ./Core/Src/reciever.o
                0x200007da                reciever_channels
 .bss.usWidth   0x200007ec        0x2 ./Core/Src/reciever.o
                0x200007ec                usWidth
 .bss.buffer    0x200007ee       0x40 ./Core/Src/settings.o
                0x200007ee                buffer
 *fill*         0x2000082e        0x2 
 .bss.__sbrk_heap_end
                0x20000830        0x4 ./Core/Src/sysmem.o
 .bss.uwTick    0x20000834        0x4 ./Drivers/STM32F0xx_HAL_Driver/Src/stm32f0xx_hal.o
                0x20000834                uwTick
 .bss.cfgidx.0  0x20000838        0x1 ./Middlewares/ST/STM32_USB_Device_Library/Core/Src/usbd_ctlreq.o
 *fill*         0x20000839        0x3 
 .bss.hUsbDeviceFS
                0x2000083c      0x2c4 ./USB_DEVICE/App/usb_device.o
                0x2000083c                hUsbDeviceFS
 .bss.UserTxBufferFS
                0x20000b00      0x400 ./USB_DEVICE/App/usbd_cdc_if.o
                0x20000b00                UserTxBufferFS
 .bss.UserRxBufferFS
                0x20000f00      0x400 ./USB_DEVICE/App/usbd_cdc_if.o
                0x20000f00                UserRxBufferFS
 .bss.USBD_StrDesc
                0x20001300      0x200 ./USB_DEVICE/App/usbd_desc.o
                0x20001300                USBD_StrDesc
 .bss.mem.0     0x20001500      0x220 ./USB_DEVICE/Target/usbd_conf.o
 .bss.hpcd_USB_FS
                0x20001720      0x2dc ./USB_DEVICE/Target/usbd_conf.o
                0x20001720                hpcd_USB_FS
 .bss.__sf      0x200019fc      0x138 C:/ST/STM32CubeIDE_1.9.0/STM32CubeIDE/plugins/com.st.stm32cube.ide.mcu.externaltools.gnu-tools-for-stm32.12.3.rel1.win32_1.1.0.202410251130/tools/bin/../lib/gcc/arm-none-eabi/12.3.1/../../../../arm-none-eabi/lib/thumb/v6-m/nofp\libc_nano.a(libc_a-findfp.o)
                0x200019fc                __sf
 .bss.__stdio_exit_handler
                0x20001b34        0x4 C:/ST/STM32CubeIDE_1.9.0/STM32CubeIDE/plugins/com.st.stm32cube.ide.mcu.externaltools.gnu-tools-for-stm32.12.3.rel1.win32_1.1.0.202410251130/tools/bin/../lib/gcc/arm-none-eabi/12.3.1/../../../../arm-none-eabi/lib/thumb/v6-m/nofp\libc_nano.a(libc_a-findfp.o)
                0x20001b34                __stdio_exit_handler
 .bss.errno     0x20001b38        0x4 C:/ST/STM32CubeIDE_1.9.0/STM32CubeIDE/plugins/com.st.stm32cube.ide.mcu.externaltools.gnu-tools-for-stm32.12.3.rel1.win32_1.1.0.202410251130/tools/bin/../lib/gcc/arm-none-eabi/12.3.1/../../../../arm-none-eabi/lib/thumb/v6-m/nofp\libc_nano.a(libc_a-reent.o)
                0x20001b38                errno
 .bss.__lock___malloc_recursive_mutex
                0x20001b3c        0x1 C:/ST/STM32CubeIDE_1.9.0/STM32CubeIDE/plugins/com.st.stm32cube.ide.mcu.externaltools.gnu-tools-for-stm32.12.3.rel1.win32_1.1.0.202410251130/tools/bin/../lib/gcc/arm-none-eabi/12.3.1/../../../../arm-none-eabi/lib/thumb/v6-m/nofp\libc_nano.a(libc_a-lock.o)
                0x20001b3c                __lock___malloc_recursive_mutex
 .bss.__lock___sfp_recursive_mutex
                0x20001b3d        0x1 C:/ST/STM32CubeIDE_1.9.0/STM32CubeIDE/plugins/com.st.stm32cube.ide.mcu.externaltools.gnu-tools-for-stm32.12.3.rel1.win32_1.1.0.202410251130/tools/bin/../lib/gcc/arm-none-eabi/12.3.1/../../../../arm-none-eabi/lib/thumb/v6-m/nofp\libc_nano.a(libc_a-lock.o)
                0x20001b3d                __lock___sfp_recursive_mutex
 *fill*         0x20001b3e        0x2 
 .bss.__malloc_sbrk_start
                0x20001b40        0x4 C:/ST/STM32CubeIDE_1.9.0/STM32CubeIDE/plugins/com.st.stm32cube.ide.mcu.externaltools.gnu-tools-for-stm32.12.3.rel1.win32_1.1.0.202410251130/tools/bin/../lib/gcc/arm-none-eabi/12.3.1/../../../../arm-none-eabi/lib/thumb/v6-m/nofp\libc_nano.a(libc_a-mallocr.o)
                0x20001b40                __malloc_sbrk_start
 .bss.__malloc_free_list
                0x20001b44        0x4 C:/ST/STM32CubeIDE_1.9.0/STM32CubeIDE/plugins/com.st.stm32cube.ide.mcu.externaltools.gnu-tools-for-stm32.12.3.rel1.win32_1.1.0.202410251130/tools/bin/../lib/gcc/arm-none-eabi/12.3.1/../../../../arm-none-eabi/lib/thumb/v6-m/nofp\libc_nano.a(libc_a-mallocr.o)
                0x20001b44                __malloc_free_list
 *(COMMON)
                0x20001b48                        . = ALIGN (0x4)
                0x20001b48                        _ebss = .
                0x20001b48                        __bss_end__ = _ebss

._user_heap_stack
                0x20001b48      0x600 load address 0x08007e8c
                0x20001b48                        . = ALIGN (0x8)
                [!provide]                        PROVIDE (end = .)
                0x20001b48                        PROVIDE (_end = .)
                0x20001d48                        . = (. + _Min_Heap_Size)
 *fill*         0x20001b48      0x200 
                0x20002148                        . = (. + _Min_Stack_Size)
 *fill*         0x20001d48      0x400 
                0x20002148                        . = ALIGN (0x8)

/DISCARD/
 libc.a(*)
 libm.a(*)
 libgcc.a(*)

.ARM.attributes
                0x00000000       0x28
 *(.ARM.attributes)
 .ARM.attributes
                0x00000000       0x1e C:/ST/STM32CubeIDE_1.9.0/STM32CubeIDE/plugins/com.st.stm32cube.ide.mcu.externaltools.gnu-tools-for-stm32.12.3.rel1.win32_1.1.0.202410251130/tools/bin/../lib/gcc/arm-none-eabi/12.3.1/thumb/v6-m/nofp/crti.o
 .ARM.attributes