../Core/Src/stm32f0xx_it.c:70:6:NMI_Handler	0	static
../Core/Src/stm32f0xx_it.c:85:6:HardFault_Handler	0	static
../Core/Src/stm32f0xx_it.c:100:6:SVC_Handler	0	static
../Core/Src/stm32f0xx_it.c:113:6:PendSV_Handler	0	static
../Core/Src/stm32f0xx_it.c:126:6:SysTick_Handler	8	static
../Core/Src/stm32f0xx_it.c:147:6:EXTI2_3_IRQHandler	8	static
../Core/Src/stm32f0xx_it.c:161:6:EXTI4_15_IRQHandler	8	static
../Core/Src/stm32f0xx_it.c:177:6:DMA1_Channel1_IRQHandler	8	static
../Core/Src/stm32f0xx_it.c:191:6:DMA1_Channel4_5_6_7_IRQHandler	8	static
