../Core/Src/settings.c:206:9:decodeCommand	48	dynamic
../Core/Src/settings.c:222:6:remove_all_chars	8	static
../Core/Src/settings.c:231:6:serialPrintString	8	static
../Core/Src/settings.c:235:6:storeSettingsToEeprom	72	static
../Core/Src/settings.c:300:6:readSettingsFromEeprom	72	static
../Core/Src/settings.c:362:6:loadSettingsFromEeprom	8	static
../Core/Src/settings.c:366:9:read_byte_eeprom	40	static
../Core/Src/settings.c:372:6:write_byte_eeprom	32	static
../Core/Src/settings.c:378:6:serialPrintStatus	48	static
../Core/Src/settings.c:414:6:serialPrintSettings	168	static
../Core/Src/settings.c:60:5:modifySettingsWithCommand	40	static
